[2025-10-08T23:42:22.362+0000] {local_task_job_runner.py:123} INFO - ::group::Pre task execution logs
[2025-10-08T23:42:22.375+0000] {taskinstance.py:2612} INFO - Dependencies all met for dep_context=non-requeueable deps ti=<TaskInstance: weather_pipelinee.get_data manual__2025-10-08T23:42:19.726601+00:00 [queued]>
[2025-10-08T23:42:22.381+0000] {taskinstance.py:2612} INFO - Dependencies all met for dep_context=requeueable deps ti=<TaskInstance: weather_pipelinee.get_data manual__2025-10-08T23:42:19.726601+00:00 [queued]>
[2025-10-08T23:42:22.382+0000] {taskinstance.py:2865} INFO - Starting attempt 1 of 1
[2025-10-08T23:42:22.393+0000] {taskinstance.py:2888} INFO - Executing <Task(PythonOperator): get_data> on 2025-10-08 23:42:19.726601+00:00
[2025-10-08T23:42:22.401+0000] {warnings.py:112} WARNING - /home/***/.local/lib/python3.12/site-packages/***/task/task_runner/standard_task_runner.py:70: DeprecationWarning: This process (pid=78) is multi-threaded, use of fork() may lead to deadlocks in the child.
  pid = os.fork()

[2025-10-08T23:42:22.402+0000] {standard_task_runner.py:72} INFO - Started process 80 to run task
[2025-10-08T23:42:22.403+0000] {standard_task_runner.py:104} INFO - Running: ['***', 'tasks', 'run', 'weather_pipelinee', 'get_data', 'manual__2025-10-08T23:42:19.726601+00:00', '--job-id', '9', '--raw', '--subdir', 'DAGS_FOLDER/WeatherDB.py', '--cfg-path', '/tmp/tmpxebduqf3']
[2025-10-08T23:42:22.404+0000] {standard_task_runner.py:105} INFO - Job 9: Subtask get_data
[2025-10-08T23:42:22.449+0000] {task_command.py:467} INFO - Running <TaskInstance: weather_pipelinee.get_data manual__2025-10-08T23:42:19.726601+00:00 [running]> on host c584039bb03a
[2025-10-08T23:42:22.528+0000] {taskinstance.py:3131} INFO - Exporting env vars: AIRFLOW_CTX_DAG_OWNER='***' AIRFLOW_CTX_DAG_ID='weather_pipelinee' AIRFLOW_CTX_TASK_ID='get_data' AIRFLOW_CTX_EXECUTION_DATE='2025-10-08T23:42:19.726601+00:00' AIRFLOW_CTX_TRY_NUMBER='1' AIRFLOW_CTX_DAG_RUN_ID='manual__2025-10-08T23:42:19.726601+00:00'
[2025-10-08T23:42:22.530+0000] {logging_mixin.py:190} INFO - Task instance is in running state
[2025-10-08T23:42:22.530+0000] {logging_mixin.py:190} INFO -  Previous state of the Task instance: queued
[2025-10-08T23:42:22.530+0000] {logging_mixin.py:190} INFO - Current task name:get_data state:running start_date:2025-10-08 23:42:22.376019+00:00
[2025-10-08T23:42:22.531+0000] {logging_mixin.py:190} INFO - Dag name:weather_pipelinee and current dag run status:running
[2025-10-08T23:42:22.531+0000] {taskinstance.py:731} INFO - ::endgroup::
[2025-10-08T23:42:28.011+0000] {python.py:240} INFO - Done. Returned value was: None
[2025-10-08T23:42:28.021+0000] {taskinstance.py:340} INFO - ::group::Post task execution logs
[2025-10-08T23:42:28.022+0000] {taskinstance.py:352} INFO - Marking task as SUCCESS. dag_id=weather_pipelinee, task_id=get_data, run_id=manual__2025-10-08T23:42:19.726601+00:00, execution_date=20251008T234219, start_date=20251008T234222, end_date=20251008T234228
[2025-10-08T23:42:28.031+0000] {logging_mixin.py:190} INFO - Task instance in success state
[2025-10-08T23:42:28.032+0000] {logging_mixin.py:190} INFO -  Previous state of the Task instance: running
[2025-10-08T23:42:28.032+0000] {logging_mixin.py:190} INFO - Dag name:weather_pipelinee queued_at:2025-10-08 23:42:19.758984+00:00
[2025-10-08T23:42:28.033+0000] {logging_mixin.py:190} INFO - Task hostname:c584039bb03a operator:PythonOperator
[2025-10-08T23:42:28.066+0000] {local_task_job_runner.py:266} INFO - Task exited with return code 0
[2025-10-08T23:42:28.099+0000] {taskinstance.py:3900} INFO - 0 downstream tasks scheduled from follow-on schedule check
[2025-10-08T23:42:28.105+0000] {local_task_job_runner.py:245} INFO - ::endgroup::
