[2025-10-02T21:12:49.249+0000] {local_task_job_runner.py:123} INFO - ::group::Pre task execution logs
[2025-10-02T21:12:49.267+0000] {taskinstance.py:2612} INFO - Dependencies all met for dep_context=non-requeueable deps ti=<TaskInstance: weather_pipeline.fetch_weather scheduled__2025-10-02T21:08:00+00:00 [queued]>
[2025-10-02T21:12:49.275+0000] {taskinstance.py:2612} INFO - Dependencies all met for dep_context=requeueable deps ti=<TaskInstance: weather_pipeline.fetch_weather scheduled__2025-10-02T21:08:00+00:00 [queued]>
[2025-10-02T21:12:49.276+0000] {taskinstance.py:2865} INFO - Starting attempt 1 of 1
[2025-10-02T21:12:49.297+0000] {taskinstance.py:2888} INFO - Executing <Task(PythonOperator): fetch_weather> on 2025-10-02 21:08:00+00:00
[2025-10-02T21:12:49.306+0000] {warnings.py:112} WARNING - /home/***/.local/lib/python3.12/site-packages/***/task/task_runner/standard_task_runner.py:70: DeprecationWarning: This process (pid=61) is multi-threaded, use of fork() may lead to deadlocks in the child.
  pid = os.fork()

[2025-10-02T21:12:49.309+0000] {standard_task_runner.py:104} INFO - Running: ['***', 'tasks', 'run', 'weather_pipeline', 'fetch_weather', 'scheduled__2025-10-02T21:08:00+00:00', '--job-id', '496', '--raw', '--subdir', 'DAGS_FOLDER/project.py', '--cfg-path', '/tmp/tmp57q87xaq']
[2025-10-02T21:12:49.311+0000] {standard_task_runner.py:72} INFO - Started process 63 to run task
[2025-10-02T21:12:49.311+0000] {standard_task_runner.py:105} INFO - Job 496: Subtask fetch_weather
[2025-10-02T21:12:49.370+0000] {task_command.py:467} INFO - Running <TaskInstance: weather_pipeline.fetch_weather scheduled__2025-10-02T21:08:00+00:00 [running]> on host 632d05d6cd2f
[2025-10-02T21:12:49.461+0000] {taskinstance.py:3131} INFO - Exporting env vars: AIRFLOW_CTX_DAG_OWNER='***' AIRFLOW_CTX_DAG_ID='weather_pipeline' AIRFLOW_CTX_TASK_ID='fetch_weather' AIRFLOW_CTX_EXECUTION_DATE='2025-10-02T21:08:00+00:00' AIRFLOW_CTX_TRY_NUMBER='1' AIRFLOW_CTX_DAG_RUN_ID='scheduled__2025-10-02T21:08:00+00:00'
[2025-10-02T21:12:49.464+0000] {logging_mixin.py:190} INFO - Task instance is in running state
[2025-10-02T21:12:49.465+0000] {logging_mixin.py:190} INFO -  Previous state of the Task instance: queued
[2025-10-02T21:12:49.465+0000] {logging_mixin.py:190} INFO - Current task name:fetch_weather state:running start_date:2025-10-02 21:12:49.267622+00:00
[2025-10-02T21:12:49.465+0000] {logging_mixin.py:190} INFO - Dag name:weather_pipeline and current dag run status:running
[2025-10-02T21:12:49.466+0000] {taskinstance.py:731} INFO - ::endgroup::
[2025-10-02T21:12:54.245+0000] {python.py:240} INFO - Done. Returned value was: None
[2025-10-02T21:12:54.256+0000] {taskinstance.py:340} INFO - ::group::Post task execution logs
[2025-10-02T21:12:54.257+0000] {taskinstance.py:352} INFO - Marking task as SUCCESS. dag_id=weather_pipeline, task_id=fetch_weather, run_id=scheduled__2025-10-02T21:08:00+00:00, execution_date=20251002T210800, start_date=20251002T211249, end_date=20251002T211254
[2025-10-02T21:12:54.269+0000] {logging_mixin.py:190} INFO - Task instance in success state
[2025-10-02T21:12:54.269+0000] {logging_mixin.py:190} INFO -  Previous state of the Task instance: running
[2025-10-02T21:12:54.270+0000] {logging_mixin.py:190} INFO - Dag name:weather_pipeline queued_at:2025-10-02 21:12:39.175806+00:00
[2025-10-02T21:12:54.270+0000] {logging_mixin.py:190} INFO - Task hostname:632d05d6cd2f operator:PythonOperator
[2025-10-02T21:12:54.301+0000] {local_task_job_runner.py:266} INFO - Task exited with return code 0
[2025-10-02T21:12:54.315+0000] {standard_task_runner.py:217} INFO - Process not found (most likely exited), stop collecting metrics
[2025-10-02T21:12:54.317+0000] {taskinstance.py:3900} INFO - 0 downstream tasks scheduled from follow-on schedule check
[2025-10-02T21:12:54.319+0000] {local_task_job_runner.py:245} INFO - ::endgroup::
