[2025-10-08T20:54:20.626+0000] {local_task_job_runner.py:123} INFO - ::group::Pre task execution logs
[2025-10-08T20:54:20.674+0000] {taskinstance.py:2612} INFO - Dependencies all met for dep_context=non-requeueable deps ti=<TaskInstance: weather_pipeline.get_data scheduled__2025-10-08T20:51:00+00:00 [queued]>
[2025-10-08T20:54:20.707+0000] {taskinstance.py:2612} INFO - Dependencies all met for dep_context=requeueable deps ti=<TaskInstance: weather_pipeline.get_data scheduled__2025-10-08T20:51:00+00:00 [queued]>
[2025-10-08T20:54:20.709+0000] {taskinstance.py:2865} INFO - Starting attempt 1 of 1
[2025-10-08T20:54:20.766+0000] {taskinstance.py:2888} INFO - Executing <Task(PythonOperator): get_data> on 2025-10-08 20:51:00+00:00
[2025-10-08T20:54:20.797+0000] {warnings.py:112} WARNING - /home/***/.local/lib/python3.12/site-packages/***/task/task_runner/standard_task_runner.py:70: DeprecationWarning: This process (pid=146) is multi-threaded, use of fork() may lead to deadlocks in the child.
  pid = os.fork()

[2025-10-08T20:54:20.804+0000] {standard_task_runner.py:72} INFO - Started process 155 to run task
[2025-10-08T20:54:20.805+0000] {standard_task_runner.py:104} INFO - Running: ['***', 'tasks', 'run', 'weather_pipeline', 'get_data', 'scheduled__2025-10-08T20:51:00+00:00', '--job-id', '226', '--raw', '--subdir', 'DAGS_FOLDER/Weather.py', '--cfg-path', '/tmp/tmplptwh5qx']
[2025-10-08T20:54:20.808+0000] {standard_task_runner.py:105} INFO - Job 226: Subtask get_data
[2025-10-08T20:54:21.103+0000] {task_command.py:467} INFO - Running <TaskInstance: weather_pipeline.get_data scheduled__2025-10-08T20:51:00+00:00 [running]> on host afef8cd523eb
[2025-10-08T20:54:23.449+0000] {taskinstance.py:3131} INFO - Exporting env vars: AIRFLOW_CTX_DAG_OWNER='***' AIRFLOW_CTX_DAG_ID='weather_pipeline' AIRFLOW_CTX_TASK_ID='get_data' AIRFLOW_CTX_EXECUTION_DATE='2025-10-08T20:51:00+00:00' AIRFLOW_CTX_TRY_NUMBER='1' AIRFLOW_CTX_DAG_RUN_ID='scheduled__2025-10-08T20:51:00+00:00'
[2025-10-08T20:54:23.455+0000] {logging_mixin.py:190} INFO - Task instance is in running state
[2025-10-08T20:54:23.460+0000] {logging_mixin.py:190} INFO -  Previous state of the Task instance: queued
[2025-10-08T20:54:23.462+0000] {logging_mixin.py:190} INFO - Current task name:get_data state:running start_date:2025-10-08 20:54:20.676112+00:00
[2025-10-08T20:54:23.464+0000] {logging_mixin.py:190} INFO - Dag name:weather_pipeline and current dag run status:running
[2025-10-08T20:54:23.465+0000] {taskinstance.py:731} INFO - ::endgroup::
[2025-10-08T20:55:26.448+0000] {python.py:240} INFO - Done. Returned value was: None
[2025-10-08T20:55:26.488+0000] {taskinstance.py:340} INFO - ::group::Post task execution logs
[2025-10-08T20:55:26.489+0000] {taskinstance.py:352} INFO - Marking task as SUCCESS. dag_id=weather_pipeline, task_id=get_data, run_id=scheduled__2025-10-08T20:51:00+00:00, execution_date=20251008T205100, start_date=20251008T205420, end_date=20251008T205526
[2025-10-08T20:55:26.529+0000] {logging_mixin.py:190} INFO - Task instance in success state
[2025-10-08T20:55:26.531+0000] {logging_mixin.py:190} INFO -  Previous state of the Task instance: running
[2025-10-08T20:55:26.533+0000] {logging_mixin.py:190} INFO - Dag name:weather_pipeline queued_at:2025-10-08 20:54:00.527833+00:00
[2025-10-08T20:55:26.534+0000] {logging_mixin.py:190} INFO - Task hostname:afef8cd523eb operator:PythonOperator
[2025-10-08T20:55:26.618+0000] {local_task_job_runner.py:266} INFO - Task exited with return code 0
[2025-10-08T20:55:26.672+0000] {taskinstance.py:3900} INFO - 0 downstream tasks scheduled from follow-on schedule check
[2025-10-08T20:55:26.681+0000] {local_task_job_runner.py:245} INFO - ::endgroup::
