[2025-10-08T21:17:52.712+0000] {local_task_job_runner.py:123} INFO - ::group::Pre task execution logs
[2025-10-08T21:17:52.861+0000] {taskinstance.py:2612} INFO - Dependencies all met for dep_context=non-requeueable deps ti=<TaskInstance: weather_pipeline.process_Alexandria manual__2025-10-08T21:09:16.917709+00:00 [queued]>
[2025-10-08T21:17:52.891+0000] {taskinstance.py:2612} INFO - Dependencies all met for dep_context=requeueable deps ti=<TaskInstance: weather_pipeline.process_Alexandria manual__2025-10-08T21:09:16.917709+00:00 [queued]>
[2025-10-08T21:17:52.894+0000] {taskinstance.py:2865} INFO - Starting attempt 2 of 2
[2025-10-08T21:17:52.994+0000] {taskinstance.py:2888} INFO - Executing <Task(PythonOperator): process_Alexandria> on 2025-10-08 21:09:16.917709+00:00
[2025-10-08T21:17:53.045+0000] {warnings.py:112} WARNING - /home/***/.local/lib/python3.12/site-packages/***/task/task_runner/standard_task_runner.py:70: DeprecationWarning: This process (pid=368) is multi-threaded, use of fork() may lead to deadlocks in the child.
  pid = os.fork()

[2025-10-08T21:17:53.051+0000] {standard_task_runner.py:72} INFO - Started process 398 to run task
[2025-10-08T21:17:53.063+0000] {standard_task_runner.py:104} INFO - Running: ['***', 'tasks', 'run', 'weather_pipeline', 'process_Alexandria', 'manual__2025-10-08T21:09:16.917709+00:00', '--job-id', '242', '--raw', '--subdir', 'DAGS_FOLDER/Weather.py', '--cfg-path', '/tmp/tmp2_ssp8l1']
[2025-10-08T21:17:53.071+0000] {standard_task_runner.py:105} INFO - Job 242: Subtask process_Alexandria
[2025-10-08T21:17:53.487+0000] {task_command.py:467} INFO - Running <TaskInstance: weather_pipeline.process_Alexandria manual__2025-10-08T21:09:16.917709+00:00 [running]> on host afef8cd523eb
[2025-10-08T21:17:54.484+0000] {taskinstance.py:3131} INFO - Exporting env vars: AIRFLOW_CTX_DAG_OWNER='omar' AIRFLOW_CTX_DAG_ID='weather_pipeline' AIRFLOW_CTX_TASK_ID='process_Alexandria' AIRFLOW_CTX_EXECUTION_DATE='2025-10-08T21:09:16.917709+00:00' AIRFLOW_CTX_TRY_NUMBER='2' AIRFLOW_CTX_DAG_RUN_ID='manual__2025-10-08T21:09:16.917709+00:00'
[2025-10-08T21:17:54.512+0000] {logging_mixin.py:190} INFO - Task instance is in running state
[2025-10-08T21:17:54.516+0000] {logging_mixin.py:190} INFO -  Previous state of the Task instance: queued
[2025-10-08T21:17:54.520+0000] {logging_mixin.py:190} INFO - Current task name:process_Alexandria state:running start_date:2025-10-08 21:17:52.862913+00:00
[2025-10-08T21:17:54.537+0000] {logging_mixin.py:190} INFO - Dag name:weather_pipeline and current dag run status:running
[2025-10-08T21:17:54.539+0000] {taskinstance.py:731} INFO - ::endgroup::
[2025-10-08T21:17:57.043+0000] {Weather.py:198} ERROR - ❌ Error in Alexandria: ('The SQL contains 5 parameter markers, but 4 parameters were supplied', 'HY000')
[2025-10-08T21:17:57.048+0000] {python.py:240} INFO - Done. Returned value was: None
[2025-10-08T21:17:57.119+0000] {taskinstance.py:340} INFO - ::group::Post task execution logs
[2025-10-08T21:17:57.126+0000] {taskinstance.py:352} INFO - Marking task as SUCCESS. dag_id=weather_pipeline, task_id=process_Alexandria, run_id=manual__2025-10-08T21:09:16.917709+00:00, execution_date=20251008T210916, start_date=20251008T211752, end_date=20251008T211757
[2025-10-08T21:17:57.225+0000] {logging_mixin.py:190} INFO - Task instance in success state
[2025-10-08T21:17:57.227+0000] {logging_mixin.py:190} INFO -  Previous state of the Task instance: running
[2025-10-08T21:17:57.228+0000] {logging_mixin.py:190} INFO - Dag name:weather_pipeline queued_at:2025-10-08 21:09:17.007830+00:00
[2025-10-08T21:17:57.230+0000] {logging_mixin.py:190} INFO - Task hostname:afef8cd523eb operator:PythonOperator
[2025-10-08T21:17:57.307+0000] {local_task_job_runner.py:266} INFO - Task exited with return code 0
[2025-10-08T21:17:57.415+0000] {taskinstance.py:3900} INFO - 0 downstream tasks scheduled from follow-on schedule check
[2025-10-08T21:17:57.426+0000] {local_task_job_runner.py:245} INFO - ::endgroup::
