[2025-10-02T20:21:02.871+0000] {local_task_job_runner.py:123} INFO - ::group::Pre task execution logs
[2025-10-02T20:21:02.889+0000] {taskinstance.py:2612} INFO - Dependencies all met for dep_context=non-requeueable deps ti=<TaskInstance: weather_pipeline.fetch_weather scheduled__2025-10-02T20:18:00+00:00 [queued]>
[2025-10-02T20:21:02.896+0000] {taskinstance.py:2612} INFO - Dependencies all met for dep_context=requeueable deps ti=<TaskInstance: weather_pipeline.fetch_weather scheduled__2025-10-02T20:18:00+00:00 [queued]>
[2025-10-02T20:21:02.896+0000] {taskinstance.py:2865} INFO - Starting attempt 1 of 1
[2025-10-02T20:21:02.909+0000] {taskinstance.py:2888} INFO - Executing <Task(PythonOperator): fetch_weather> on 2025-10-02 20:18:00+00:00
[2025-10-02T20:21:02.917+0000] {warnings.py:112} WARNING - /home/***/.local/lib/python3.12/site-packages/***/task/task_runner/standard_task_runner.py:70: DeprecationWarning: This process (pid=181) is multi-threaded, use of fork() may lead to deadlocks in the child.
  pid = os.fork()

[2025-10-02T20:21:02.919+0000] {standard_task_runner.py:72} INFO - Started process 183 to run task
[2025-10-02T20:21:02.920+0000] {standard_task_runner.py:104} INFO - Running: ['***', 'tasks', 'run', 'weather_pipeline', 'fetch_weather', 'scheduled__2025-10-02T20:18:00+00:00', '--job-id', '466', '--raw', '--subdir', 'DAGS_FOLDER/project.py', '--cfg-path', '/tmp/tmpfx496rgg']
[2025-10-02T20:21:02.921+0000] {standard_task_runner.py:105} INFO - Job 466: Subtask fetch_weather
[2025-10-02T20:21:02.977+0000] {task_command.py:467} INFO - Running <TaskInstance: weather_pipeline.fetch_weather scheduled__2025-10-02T20:18:00+00:00 [running]> on host 632d05d6cd2f
[2025-10-02T20:21:03.064+0000] {taskinstance.py:3131} INFO - Exporting env vars: AIRFLOW_CTX_DAG_OWNER='***' AIRFLOW_CTX_DAG_ID='weather_pipeline' AIRFLOW_CTX_TASK_ID='fetch_weather' AIRFLOW_CTX_EXECUTION_DATE='2025-10-02T20:18:00+00:00' AIRFLOW_CTX_TRY_NUMBER='1' AIRFLOW_CTX_DAG_RUN_ID='scheduled__2025-10-02T20:18:00+00:00'
[2025-10-02T20:21:03.066+0000] {logging_mixin.py:190} INFO - Task instance is in running state
[2025-10-02T20:21:03.066+0000] {logging_mixin.py:190} INFO -  Previous state of the Task instance: queued
[2025-10-02T20:21:03.067+0000] {logging_mixin.py:190} INFO - Current task name:fetch_weather state:running start_date:2025-10-02 20:21:02.890356+00:00
[2025-10-02T20:21:03.067+0000] {logging_mixin.py:190} INFO - Dag name:weather_pipeline and current dag run status:running
[2025-10-02T20:21:03.068+0000] {taskinstance.py:731} INFO - ::endgroup::
[2025-10-02T20:21:08.543+0000] {python.py:240} INFO - Done. Returned value was: None
[2025-10-02T20:21:08.558+0000] {taskinstance.py:340} INFO - ::group::Post task execution logs
[2025-10-02T20:21:08.559+0000] {taskinstance.py:352} INFO - Marking task as SUCCESS. dag_id=weather_pipeline, task_id=fetch_weather, run_id=scheduled__2025-10-02T20:18:00+00:00, execution_date=20251002T201800, start_date=20251002T202102, end_date=20251002T202108
[2025-10-02T20:21:08.572+0000] {logging_mixin.py:190} INFO - Task instance in success state
[2025-10-02T20:21:08.575+0000] {logging_mixin.py:190} INFO -  Previous state of the Task instance: running
[2025-10-02T20:21:08.575+0000] {logging_mixin.py:190} INFO - Dag name:weather_pipeline queued_at:2025-10-02 20:21:00.801375+00:00
[2025-10-02T20:21:08.576+0000] {logging_mixin.py:190} INFO - Task hostname:632d05d6cd2f operator:PythonOperator
[2025-10-02T20:21:08.616+0000] {local_task_job_runner.py:266} INFO - Task exited with return code 0
[2025-10-02T20:21:08.631+0000] {taskinstance.py:3900} INFO - 0 downstream tasks scheduled from follow-on schedule check
[2025-10-02T20:21:08.632+0000] {local_task_job_runner.py:245} INFO - ::endgroup::
