[2025-10-08T21:20:58.800+0000] {local_task_job_runner.py:123} INFO - ::group::Pre task execution logs
[2025-10-08T21:20:58.836+0000] {taskinstance.py:2612} INFO - Dependencies all met for dep_context=non-requeueable deps ti=<TaskInstance: weather_pipeline.get_data scheduled__2025-10-08T21:15:00+00:00 [queued]>
[2025-10-08T21:20:58.853+0000] {taskinstance.py:2612} INFO - Dependencies all met for dep_context=requeueable deps ti=<TaskInstance: weather_pipeline.get_data scheduled__2025-10-08T21:15:00+00:00 [queued]>
[2025-10-08T21:20:58.854+0000] {taskinstance.py:2865} INFO - Starting attempt 1 of 1
[2025-10-08T21:20:58.896+0000] {taskinstance.py:2888} INFO - Executing <Task(PythonOperator): get_data> on 2025-10-08 21:15:00+00:00
[2025-10-08T21:20:58.957+0000] {standard_task_runner.py:104} INFO - Running: ['***', 'tasks', 'run', 'weather_pipeline', 'get_data', 'scheduled__2025-10-08T21:15:00+00:00', '--job-id', '245', '--raw', '--subdir', 'DAGS_FOLDER/Weather.py', '--cfg-path', '/tmp/tmpcjkirh9p']
[2025-10-08T21:20:58.942+0000] {warnings.py:112} WARNING - /home/***/.local/lib/python3.12/site-packages/***/task/task_runner/standard_task_runner.py:70: DeprecationWarning: This process (pid=433) is multi-threaded, use of fork() may lead to deadlocks in the child.
  pid = os.fork()

[2025-10-08T21:20:58.963+0000] {standard_task_runner.py:105} INFO - Job 245: Subtask get_data
[2025-10-08T21:20:58.964+0000] {standard_task_runner.py:72} INFO - Started process 435 to run task
[2025-10-08T21:20:59.460+0000] {task_command.py:467} INFO - Running <TaskInstance: weather_pipeline.get_data scheduled__2025-10-08T21:15:00+00:00 [running]> on host afef8cd523eb
[2025-10-08T21:20:59.917+0000] {taskinstance.py:3131} INFO - Exporting env vars: AIRFLOW_CTX_DAG_OWNER='***' AIRFLOW_CTX_DAG_ID='weather_pipeline' AIRFLOW_CTX_TASK_ID='get_data' AIRFLOW_CTX_EXECUTION_DATE='2025-10-08T21:15:00+00:00' AIRFLOW_CTX_TRY_NUMBER='1' AIRFLOW_CTX_DAG_RUN_ID='scheduled__2025-10-08T21:15:00+00:00'
[2025-10-08T21:20:59.948+0000] {logging_mixin.py:190} INFO - Task instance is in running state
[2025-10-08T21:20:59.949+0000] {logging_mixin.py:190} INFO -  Previous state of the Task instance: queued
[2025-10-08T21:20:59.951+0000] {logging_mixin.py:190} INFO - Current task name:get_data state:running start_date:2025-10-08 21:20:58.837690+00:00
[2025-10-08T21:20:59.952+0000] {logging_mixin.py:190} INFO - Dag name:weather_pipeline and current dag run status:running
[2025-10-08T21:20:59.954+0000] {taskinstance.py:731} INFO - ::endgroup::
[2025-10-08T21:21:13.663+0000] {python.py:240} INFO - Done. Returned value was: None
[2025-10-08T21:21:13.705+0000] {taskinstance.py:340} INFO - ::group::Post task execution logs
[2025-10-08T21:21:13.706+0000] {taskinstance.py:352} INFO - Marking task as SUCCESS. dag_id=weather_pipeline, task_id=get_data, run_id=scheduled__2025-10-08T21:15:00+00:00, execution_date=20251008T211500, start_date=20251008T212058, end_date=20251008T212113
[2025-10-08T21:21:13.736+0000] {logging_mixin.py:190} INFO - Task instance in success state
[2025-10-08T21:21:13.737+0000] {logging_mixin.py:190} INFO -  Previous state of the Task instance: running
[2025-10-08T21:21:13.739+0000] {logging_mixin.py:190} INFO - Dag name:weather_pipeline queued_at:2025-10-08 21:20:50.077591+00:00
[2025-10-08T21:21:13.740+0000] {logging_mixin.py:190} INFO - Task hostname:afef8cd523eb operator:PythonOperator
[2025-10-08T21:21:13.784+0000] {local_task_job_runner.py:266} INFO - Task exited with return code 0
[2025-10-08T21:21:13.834+0000] {taskinstance.py:3900} INFO - 0 downstream tasks scheduled from follow-on schedule check
[2025-10-08T21:21:13.840+0000] {local_task_job_runner.py:245} INFO - ::endgroup::
