[2025-10-09T11:50:32.322+0000] {local_task_job_runner.py:123} INFO - ::group::Pre task execution logs
[2025-10-09T11:50:32.342+0000] {taskinstance.py:2612} INFO - Dependencies all met for dep_context=non-requeueable deps ti=<TaskInstance: weather_pipeline.get_data manual__2025-10-09T11:50:28.887665+00:00 [queued]>
[2025-10-09T11:50:32.351+0000] {taskinstance.py:2612} INFO - Dependencies all met for dep_context=requeueable deps ti=<TaskInstance: weather_pipeline.get_data manual__2025-10-09T11:50:28.887665+00:00 [queued]>
[2025-10-09T11:50:32.352+0000] {taskinstance.py:2865} INFO - Starting attempt 1 of 2
[2025-10-09T11:50:32.366+0000] {taskinstance.py:2888} INFO - Executing <Task(PythonOperator): get_data> on 2025-10-09 11:50:28.887665+00:00
[2025-10-09T11:50:32.382+0000] {warnings.py:112} WARNING - /home/***/.local/lib/python3.12/site-packages/***/task/task_runner/standard_task_runner.py:70: DeprecationWarning: This process (pid=538) is multi-threaded, use of fork() may lead to deadlocks in the child.
  pid = os.fork()

[2025-10-09T11:50:32.384+0000] {standard_task_runner.py:72} INFO - Started process 547 to run task
[2025-10-09T11:50:32.384+0000] {standard_task_runner.py:104} INFO - Running: ['***', 'tasks', 'run', 'weather_pipeline', 'get_data', 'manual__2025-10-09T11:50:28.887665+00:00', '--job-id', '311', '--raw', '--subdir', 'DAGS_FOLDER/Weather.py', '--cfg-path', '/tmp/tmp84vyu0r9']
[2025-10-09T11:50:32.386+0000] {standard_task_runner.py:105} INFO - Job 311: Subtask get_data
[2025-10-09T11:50:32.468+0000] {task_command.py:467} INFO - Running <TaskInstance: weather_pipeline.get_data manual__2025-10-09T11:50:28.887665+00:00 [running]> on host afef8cd523eb
[2025-10-09T11:50:32.583+0000] {taskinstance.py:3131} INFO - Exporting env vars: AIRFLOW_CTX_DAG_OWNER='omar' AIRFLOW_CTX_DAG_ID='weather_pipeline' AIRFLOW_CTX_TASK_ID='get_data' AIRFLOW_CTX_EXECUTION_DATE='2025-10-09T11:50:28.887665+00:00' AIRFLOW_CTX_TRY_NUMBER='1' AIRFLOW_CTX_DAG_RUN_ID='manual__2025-10-09T11:50:28.887665+00:00'
[2025-10-09T11:50:32.586+0000] {logging_mixin.py:190} INFO - Task instance is in running state
[2025-10-09T11:50:32.588+0000] {logging_mixin.py:190} INFO -  Previous state of the Task instance: queued
[2025-10-09T11:50:32.589+0000] {logging_mixin.py:190} INFO - Current task name:get_data state:running start_date:2025-10-09 11:50:32.343541+00:00
[2025-10-09T11:50:32.589+0000] {logging_mixin.py:190} INFO - Dag name:weather_pipeline and current dag run status:running
[2025-10-09T11:50:32.590+0000] {taskinstance.py:731} INFO - ::endgroup::
[2025-10-09T11:50:43.647+0000] {python.py:240} INFO - Done. Returned value was: None
[2025-10-09T11:50:43.661+0000] {taskinstance.py:340} INFO - ::group::Post task execution logs
[2025-10-09T11:50:43.662+0000] {taskinstance.py:352} INFO - Marking task as SUCCESS. dag_id=weather_pipeline, task_id=get_data, run_id=manual__2025-10-09T11:50:28.887665+00:00, execution_date=20251009T115028, start_date=20251009T115032, end_date=20251009T115043
[2025-10-09T11:50:43.678+0000] {logging_mixin.py:190} INFO - Task instance in success state
[2025-10-09T11:50:43.679+0000] {logging_mixin.py:190} INFO -  Previous state of the Task instance: running
[2025-10-09T11:50:43.680+0000] {logging_mixin.py:190} INFO - Dag name:weather_pipeline queued_at:2025-10-09 11:50:29.017957+00:00
[2025-10-09T11:50:43.682+0000] {logging_mixin.py:190} INFO - Task hostname:afef8cd523eb operator:PythonOperator
[2025-10-09T11:50:43.723+0000] {local_task_job_runner.py:266} INFO - Task exited with return code 0
[2025-10-09T11:50:43.742+0000] {taskinstance.py:3900} INFO - 0 downstream tasks scheduled from follow-on schedule check
[2025-10-09T11:50:43.745+0000] {local_task_job_runner.py:245} INFO - ::endgroup::
