[2025-10-08T23:22:38.670+0000] {local_task_job_runner.py:123} INFO - ::group::Pre task execution logs
[2025-10-08T23:22:38.695+0000] {taskinstance.py:2612} INFO - Dependencies all met for dep_context=non-requeueable deps ti=<TaskInstance: weather_pipelinee.get_data scheduled__2025-10-08T23:18:00+00:00 [queued]>
[2025-10-08T23:22:38.709+0000] {taskinstance.py:2612} INFO - Dependencies all met for dep_context=requeueable deps ti=<TaskInstance: weather_pipelinee.get_data scheduled__2025-10-08T23:18:00+00:00 [queued]>
[2025-10-08T23:22:38.709+0000] {taskinstance.py:2865} INFO - Starting attempt 1 of 1
[2025-10-08T23:22:38.773+0000] {taskinstance.py:2888} INFO - Executing <Task(PythonOperator): get_data> on 2025-10-08 23:18:00+00:00
[2025-10-08T23:22:38.782+0000] {warnings.py:112} WARNING - /home/***/.local/lib/python3.12/site-packages/***/task/task_runner/standard_task_runner.py:70: DeprecationWarning: This process (pid=65) is multi-threaded, use of fork() may lead to deadlocks in the child.
  pid = os.fork()

[2025-10-08T23:22:38.784+0000] {standard_task_runner.py:72} INFO - Started process 67 to run task
[2025-10-08T23:22:38.785+0000] {standard_task_runner.py:104} INFO - Running: ['***', 'tasks', 'run', 'weather_pipelinee', 'get_data', 'scheduled__2025-10-08T23:18:00+00:00', '--job-id', '3', '--raw', '--subdir', 'DAGS_FOLDER/WeatherDB.py', '--cfg-path', '/tmp/tmp9b0sdkpd']
[2025-10-08T23:22:38.786+0000] {standard_task_runner.py:105} INFO - Job 3: Subtask get_data
[2025-10-08T23:22:38.876+0000] {task_command.py:467} INFO - Running <TaskInstance: weather_pipelinee.get_data scheduled__2025-10-08T23:18:00+00:00 [running]> on host 98563fc95c03
[2025-10-08T23:22:39.253+0000] {taskinstance.py:3131} INFO - Exporting env vars: AIRFLOW_CTX_DAG_OWNER='***' AIRFLOW_CTX_DAG_ID='weather_pipelinee' AIRFLOW_CTX_TASK_ID='get_data' AIRFLOW_CTX_EXECUTION_DATE='2025-10-08T23:18:00+00:00' AIRFLOW_CTX_TRY_NUMBER='1' AIRFLOW_CTX_DAG_RUN_ID='scheduled__2025-10-08T23:18:00+00:00'
[2025-10-08T23:22:39.255+0000] {logging_mixin.py:190} INFO - Task instance is in running state
[2025-10-08T23:22:39.255+0000] {logging_mixin.py:190} INFO -  Previous state of the Task instance: queued
[2025-10-08T23:22:39.256+0000] {logging_mixin.py:190} INFO - Current task name:get_data state:running start_date:2025-10-08 23:22:38.696770+00:00
[2025-10-08T23:22:39.256+0000] {logging_mixin.py:190} INFO - Dag name:weather_pipelinee and current dag run status:running
[2025-10-08T23:22:39.256+0000] {taskinstance.py:731} INFO - ::endgroup::
[2025-10-08T23:22:45.497+0000] {python.py:240} INFO - Done. Returned value was: None
[2025-10-08T23:22:45.509+0000] {taskinstance.py:340} INFO - ::group::Post task execution logs
[2025-10-08T23:22:45.510+0000] {taskinstance.py:352} INFO - Marking task as SUCCESS. dag_id=weather_pipelinee, task_id=get_data, run_id=scheduled__2025-10-08T23:18:00+00:00, execution_date=20251008T231800, start_date=20251008T232238, end_date=20251008T232245
[2025-10-08T23:22:45.526+0000] {logging_mixin.py:190} INFO - Task instance in success state
[2025-10-08T23:22:45.527+0000] {logging_mixin.py:190} INFO -  Previous state of the Task instance: running
[2025-10-08T23:22:45.527+0000] {logging_mixin.py:190} INFO - Dag name:weather_pipelinee queued_at:2025-10-08 23:22:32.518064+00:00
[2025-10-08T23:22:45.527+0000] {logging_mixin.py:190} INFO - Task hostname:98563fc95c03 operator:PythonOperator
[2025-10-08T23:22:45.564+0000] {local_task_job_runner.py:266} INFO - Task exited with return code 0
[2025-10-08T23:22:45.577+0000] {taskinstance.py:3900} INFO - 0 downstream tasks scheduled from follow-on schedule check
[2025-10-08T23:22:45.581+0000] {local_task_job_runner.py:245} INFO - ::endgroup::
