[2025-10-08T23:42:01.601+0000] {local_task_job_runner.py:123} INFO - ::group::Pre task execution logs
[2025-10-08T23:42:01.616+0000] {taskinstance.py:2612} INFO - Dependencies all met for dep_context=non-requeueable deps ti=<TaskInstance: weather_pipelinee.get_data scheduled__2025-10-08T23:39:00+00:00 [queued]>
[2025-10-08T23:42:01.622+0000] {taskinstance.py:2612} INFO - Dependencies all met for dep_context=requeueable deps ti=<TaskInstance: weather_pipelinee.get_data scheduled__2025-10-08T23:39:00+00:00 [queued]>
[2025-10-08T23:42:01.623+0000] {taskinstance.py:2865} INFO - Starting attempt 1 of 1
[2025-10-08T23:42:01.636+0000] {taskinstance.py:2888} INFO - Executing <Task(PythonOperator): get_data> on 2025-10-08 23:39:00+00:00
[2025-10-08T23:42:01.644+0000] {warnings.py:112} WARNING - /home/***/.local/lib/python3.12/site-packages/***/task/task_runner/standard_task_runner.py:70: DeprecationWarning: This process (pid=66) is multi-threaded, use of fork() may lead to deadlocks in the child.
  pid = os.fork()

[2025-10-08T23:42:01.646+0000] {standard_task_runner.py:72} INFO - Started process 68 to run task
[2025-10-08T23:42:01.649+0000] {standard_task_runner.py:104} INFO - Running: ['***', 'tasks', 'run', 'weather_pipelinee', 'get_data', 'scheduled__2025-10-08T23:39:00+00:00', '--job-id', '8', '--raw', '--subdir', 'DAGS_FOLDER/WeatherDB.py', '--cfg-path', '/tmp/tmpr1af00xq']
[2025-10-08T23:42:01.653+0000] {standard_task_runner.py:105} INFO - Job 8: Subtask get_data
[2025-10-08T23:42:01.717+0000] {task_command.py:467} INFO - Running <TaskInstance: weather_pipelinee.get_data scheduled__2025-10-08T23:39:00+00:00 [running]> on host c584039bb03a
[2025-10-08T23:42:01.796+0000] {taskinstance.py:3131} INFO - Exporting env vars: AIRFLOW_CTX_DAG_OWNER='***' AIRFLOW_CTX_DAG_ID='weather_pipelinee' AIRFLOW_CTX_TASK_ID='get_data' AIRFLOW_CTX_EXECUTION_DATE='2025-10-08T23:39:00+00:00' AIRFLOW_CTX_TRY_NUMBER='1' AIRFLOW_CTX_DAG_RUN_ID='scheduled__2025-10-08T23:39:00+00:00'
[2025-10-08T23:42:01.799+0000] {logging_mixin.py:190} INFO - Task instance is in running state
[2025-10-08T23:42:01.800+0000] {logging_mixin.py:190} INFO -  Previous state of the Task instance: queued
[2025-10-08T23:42:01.800+0000] {logging_mixin.py:190} INFO - Current task name:get_data state:running start_date:2025-10-08 23:42:01.616608+00:00
[2025-10-08T23:42:01.801+0000] {logging_mixin.py:190} INFO - Dag name:weather_pipelinee and current dag run status:running
[2025-10-08T23:42:01.801+0000] {taskinstance.py:731} INFO - ::endgroup::
[2025-10-08T23:42:07.056+0000] {python.py:240} INFO - Done. Returned value was: None
[2025-10-08T23:42:07.066+0000] {taskinstance.py:340} INFO - ::group::Post task execution logs
[2025-10-08T23:42:07.067+0000] {taskinstance.py:352} INFO - Marking task as SUCCESS. dag_id=weather_pipelinee, task_id=get_data, run_id=scheduled__2025-10-08T23:39:00+00:00, execution_date=20251008T233900, start_date=20251008T234201, end_date=20251008T234207
[2025-10-08T23:42:07.076+0000] {logging_mixin.py:190} INFO - Task instance in success state
[2025-10-08T23:42:07.079+0000] {logging_mixin.py:190} INFO -  Previous state of the Task instance: running
[2025-10-08T23:42:07.079+0000] {logging_mixin.py:190} INFO - Dag name:weather_pipelinee queued_at:2025-10-08 23:42:00.181029+00:00
[2025-10-08T23:42:07.080+0000] {logging_mixin.py:190} INFO - Task hostname:c584039bb03a operator:PythonOperator
[2025-10-08T23:42:07.121+0000] {local_task_job_runner.py:266} INFO - Task exited with return code 0
[2025-10-08T23:42:07.135+0000] {taskinstance.py:3900} INFO - 0 downstream tasks scheduled from follow-on schedule check
[2025-10-08T23:42:07.137+0000] {local_task_job_runner.py:245} INFO - ::endgroup::
