[2025-10-08T20:30:03.182+0000] {local_task_job_runner.py:123} INFO - ::group::Pre task execution logs
[2025-10-08T20:30:03.199+0000] {taskinstance.py:2612} INFO - Dependencies all met for dep_context=non-requeueable deps ti=<TaskInstance: weather_pipeline.get_data scheduled__2025-10-08T20:27:00+00:00 [queued]>
[2025-10-08T20:30:03.207+0000] {taskinstance.py:2612} INFO - Dependencies all met for dep_context=requeueable deps ti=<TaskInstance: weather_pipeline.get_data scheduled__2025-10-08T20:27:00+00:00 [queued]>
[2025-10-08T20:30:03.208+0000] {taskinstance.py:2865} INFO - Starting attempt 1 of 1
[2025-10-08T20:30:03.222+0000] {taskinstance.py:2888} INFO - Executing <Task(PythonOperator): get_data> on 2025-10-08 20:27:00+00:00
[2025-10-08T20:30:03.233+0000] {warnings.py:112} WARNING - /home/***/.local/lib/python3.12/site-packages/***/task/task_runner/standard_task_runner.py:70: DeprecationWarning: This process (pid=304) is multi-threaded, use of fork() may lead to deadlocks in the child.
  pid = os.fork()

[2025-10-08T20:30:03.238+0000] {standard_task_runner.py:72} INFO - Started process 306 to run task
[2025-10-08T20:30:03.237+0000] {standard_task_runner.py:104} INFO - Running: ['***', 'tasks', 'run', 'weather_pipeline', 'get_data', 'scheduled__2025-10-08T20:27:00+00:00', '--job-id', '185', '--raw', '--subdir', 'DAGS_FOLDER/Weather.py', '--cfg-path', '/tmp/tmp391cxz62']
[2025-10-08T20:30:03.239+0000] {standard_task_runner.py:105} INFO - Job 185: Subtask get_data
[2025-10-08T20:30:03.313+0000] {task_command.py:467} INFO - Running <TaskInstance: weather_pipeline.get_data scheduled__2025-10-08T20:27:00+00:00 [running]> on host afef8cd523eb
[2025-10-08T20:30:03.404+0000] {taskinstance.py:3131} INFO - Exporting env vars: AIRFLOW_CTX_DAG_OWNER='***' AIRFLOW_CTX_DAG_ID='weather_pipeline' AIRFLOW_CTX_TASK_ID='get_data' AIRFLOW_CTX_EXECUTION_DATE='2025-10-08T20:27:00+00:00' AIRFLOW_CTX_TRY_NUMBER='1' AIRFLOW_CTX_DAG_RUN_ID='scheduled__2025-10-08T20:27:00+00:00'
[2025-10-08T20:30:03.406+0000] {logging_mixin.py:190} INFO - Task instance is in running state
[2025-10-08T20:30:03.407+0000] {logging_mixin.py:190} INFO -  Previous state of the Task instance: queued
[2025-10-08T20:30:03.407+0000] {logging_mixin.py:190} INFO - Current task name:get_data state:running start_date:2025-10-08 20:30:03.200020+00:00
[2025-10-08T20:30:03.408+0000] {logging_mixin.py:190} INFO - Dag name:weather_pipeline and current dag run status:running
[2025-10-08T20:30:03.408+0000] {taskinstance.py:731} INFO - ::endgroup::
[2025-10-08T20:30:08.571+0000] {python.py:240} INFO - Done. Returned value was: None
[2025-10-08T20:30:08.583+0000] {taskinstance.py:340} INFO - ::group::Post task execution logs
[2025-10-08T20:30:08.584+0000] {taskinstance.py:352} INFO - Marking task as SUCCESS. dag_id=weather_pipeline, task_id=get_data, run_id=scheduled__2025-10-08T20:27:00+00:00, execution_date=20251008T202700, start_date=20251008T203003, end_date=20251008T203008
[2025-10-08T20:30:08.596+0000] {logging_mixin.py:190} INFO - Task instance in success state
[2025-10-08T20:30:08.597+0000] {logging_mixin.py:190} INFO -  Previous state of the Task instance: running
[2025-10-08T20:30:08.597+0000] {logging_mixin.py:190} INFO - Dag name:weather_pipeline queued_at:2025-10-08 20:30:00.696739+00:00
[2025-10-08T20:30:08.598+0000] {logging_mixin.py:190} INFO - Task hostname:afef8cd523eb operator:PythonOperator
[2025-10-08T20:30:08.633+0000] {local_task_job_runner.py:266} INFO - Task exited with return code 0
[2025-10-08T20:30:08.649+0000] {taskinstance.py:3900} INFO - 0 downstream tasks scheduled from follow-on schedule check
[2025-10-08T20:30:08.651+0000] {local_task_job_runner.py:245} INFO - ::endgroup::
