[2025-10-08T23:21:52.568+0000] {processor.py:186} INFO - Started process (PID=62) to work on /opt/airflow/dags/WeatherDB.py
[2025-10-08T23:21:52.570+0000] {processor.py:914} INFO - Processing file /opt/airflow/dags/WeatherDB.py for tasks to queue
[2025-10-08T23:21:52.574+0000] {logging_mixin.py:190} INFO - [2025-10-08T23:21:52.573+0000] {dagbag.py:588} INFO - Filling up the DagBag from /opt/airflow/dags/WeatherDB.py
[2025-10-08T23:21:52.693+0000] {processor.py:925} INFO - DAG(s) 'weather_pipelinee' retrieved from /opt/airflow/dags/WeatherDB.py
[2025-10-08T23:21:53.423+0000] {logging_mixin.py:190} INFO - [2025-10-08T23:21:53.422+0000] {override.py:1900} INFO - Created Permission View: can delete on DAG:weather_pipelinee
[2025-10-08T23:21:53.478+0000] {logging_mixin.py:190} INFO - [2025-10-08T23:21:53.476+0000] {override.py:1900} INFO - Created Permission View: can edit on DAG:weather_pipelinee
[2025-10-08T23:21:53.527+0000] {logging_mixin.py:190} INFO - [2025-10-08T23:21:53.526+0000] {override.py:1900} INFO - Created Permission View: can read on DAG:weather_pipelinee
[2025-10-08T23:21:53.568+0000] {logging_mixin.py:190} INFO - [2025-10-08T23:21:53.567+0000] {override.py:1900} INFO - Created Permission View: can delete on DAG Run:weather_pipelinee
[2025-10-08T23:21:53.578+0000] {logging_mixin.py:190} INFO - [2025-10-08T23:21:53.577+0000] {override.py:1900} INFO - Created Permission View: can create on DAG Run:weather_pipelinee
[2025-10-08T23:21:53.591+0000] {logging_mixin.py:190} INFO - [2025-10-08T23:21:53.590+0000] {override.py:1900} INFO - Created Permission View: menu access on DAG Run:weather_pipelinee
[2025-10-08T23:21:53.601+0000] {logging_mixin.py:190} INFO - [2025-10-08T23:21:53.601+0000] {override.py:1900} INFO - Created Permission View: can read on DAG Run:weather_pipelinee
[2025-10-08T23:21:53.602+0000] {logging_mixin.py:190} INFO - [2025-10-08T23:21:53.602+0000] {dag.py:3239} INFO - Sync 1 DAGs
[2025-10-08T23:21:53.626+0000] {logging_mixin.py:190} INFO - [2025-10-08T23:21:53.625+0000] {dag.py:3262} INFO - Creating ORM DAG for weather_pipelinee
[2025-10-08T23:21:53.661+0000] {logging_mixin.py:190} INFO - [2025-10-08T23:21:53.661+0000] {dag.py:4180} INFO - Setting next_dagrun for weather_pipelinee to 2025-10-08 23:18:00+00:00, run_after=2025-10-08 23:21:00+00:00
[2025-10-08T23:21:53.692+0000] {processor.py:208} INFO - Processing /opt/airflow/dags/WeatherDB.py took 1.133 seconds
[2025-10-08T23:22:24.310+0000] {processor.py:186} INFO - Started process (PID=125) to work on /opt/airflow/dags/WeatherDB.py
[2025-10-08T23:22:24.312+0000] {processor.py:914} INFO - Processing file /opt/airflow/dags/WeatherDB.py for tasks to queue
[2025-10-08T23:22:24.326+0000] {logging_mixin.py:190} INFO - [2025-10-08T23:22:24.325+0000] {dagbag.py:588} INFO - Filling up the DagBag from /opt/airflow/dags/WeatherDB.py
[2025-10-08T23:22:24.425+0000] {processor.py:925} INFO - DAG(s) 'weather_pipelinee' retrieved from /opt/airflow/dags/WeatherDB.py
[2025-10-08T23:22:24.462+0000] {logging_mixin.py:190} INFO - [2025-10-08T23:22:24.461+0000] {dag.py:3239} INFO - Sync 1 DAGs
[2025-10-08T23:22:24.551+0000] {logging_mixin.py:190} INFO - [2025-10-08T23:22:24.551+0000] {dag.py:4180} INFO - Setting next_dagrun for weather_pipelinee to 2025-10-08 23:18:00+00:00, run_after=2025-10-08 23:21:00+00:00
[2025-10-08T23:22:24.572+0000] {processor.py:208} INFO - Processing /opt/airflow/dags/WeatherDB.py took 0.549 seconds
[2025-10-08T23:22:54.940+0000] {processor.py:186} INFO - Started process (PID=188) to work on /opt/airflow/dags/WeatherDB.py
[2025-10-08T23:22:54.941+0000] {processor.py:914} INFO - Processing file /opt/airflow/dags/WeatherDB.py for tasks to queue
[2025-10-08T23:22:54.947+0000] {logging_mixin.py:190} INFO - [2025-10-08T23:22:54.947+0000] {dagbag.py:588} INFO - Filling up the DagBag from /opt/airflow/dags/WeatherDB.py
[2025-10-08T23:22:55.027+0000] {processor.py:925} INFO - DAG(s) 'weather_pipelinee' retrieved from /opt/airflow/dags/WeatherDB.py
[2025-10-08T23:22:55.047+0000] {logging_mixin.py:190} INFO - [2025-10-08T23:22:55.047+0000] {dag.py:3239} INFO - Sync 1 DAGs
[2025-10-08T23:22:55.083+0000] {logging_mixin.py:190} INFO - [2025-10-08T23:22:55.082+0000] {dag.py:4180} INFO - Setting next_dagrun for weather_pipelinee to 2025-10-08 23:21:00+00:00, run_after=2025-10-08 23:24:00+00:00
[2025-10-08T23:22:55.103+0000] {processor.py:208} INFO - Processing /opt/airflow/dags/WeatherDB.py took 0.174 seconds
