[2025-10-02T21:19:10.886+0000] {local_task_job_runner.py:123} INFO - ::group::Pre task execution logs
[2025-10-02T21:19:10.903+0000] {taskinstance.py:2612} INFO - Dependencies all met for dep_context=non-requeueable deps ti=<TaskInstance: weather_pipeline.fetch_weather scheduled__2025-10-02T21:12:00+00:00 [queued]>
[2025-10-02T21:19:10.910+0000] {taskinstance.py:2612} INFO - Dependencies all met for dep_context=requeueable deps ti=<TaskInstance: weather_pipeline.fetch_weather scheduled__2025-10-02T21:12:00+00:00 [queued]>
[2025-10-02T21:19:10.911+0000] {taskinstance.py:2865} INFO - Starting attempt 1 of 1
[2025-10-02T21:19:10.925+0000] {taskinstance.py:2888} INFO - Executing <Task(PythonOperator): fetch_weather> on 2025-10-02 21:12:00+00:00
[2025-10-02T21:19:10.933+0000] {warnings.py:112} WARNING - /home/***/.local/lib/python3.12/site-packages/***/task/task_runner/standard_task_runner.py:70: DeprecationWarning: This process (pid=58) is multi-threaded, use of fork() may lead to deadlocks in the child.
  pid = os.fork()

[2025-10-02T21:19:10.935+0000] {standard_task_runner.py:72} INFO - Started process 60 to run task
[2025-10-02T21:19:10.939+0000] {standard_task_runner.py:104} INFO - Running: ['***', 'tasks', 'run', 'weather_pipeline', 'fetch_weather', 'scheduled__2025-10-02T21:12:00+00:00', '--job-id', '500', '--raw', '--subdir', 'DAGS_FOLDER/project.py', '--cfg-path', '/tmp/tmpk9c8sixd']
[2025-10-02T21:19:10.941+0000] {standard_task_runner.py:105} INFO - Job 500: Subtask fetch_weather
[2025-10-02T21:19:10.998+0000] {task_command.py:467} INFO - Running <TaskInstance: weather_pipeline.fetch_weather scheduled__2025-10-02T21:12:00+00:00 [running]> on host 632d05d6cd2f
[2025-10-02T21:19:11.101+0000] {taskinstance.py:3131} INFO - Exporting env vars: AIRFLOW_CTX_DAG_OWNER='***' AIRFLOW_CTX_DAG_ID='weather_pipeline' AIRFLOW_CTX_TASK_ID='fetch_weather' AIRFLOW_CTX_EXECUTION_DATE='2025-10-02T21:12:00+00:00' AIRFLOW_CTX_TRY_NUMBER='1' AIRFLOW_CTX_DAG_RUN_ID='scheduled__2025-10-02T21:12:00+00:00'
[2025-10-02T21:19:11.103+0000] {logging_mixin.py:190} INFO - Task instance is in running state
[2025-10-02T21:19:11.104+0000] {logging_mixin.py:190} INFO -  Previous state of the Task instance: queued
[2025-10-02T21:19:11.104+0000] {logging_mixin.py:190} INFO - Current task name:fetch_weather state:running start_date:2025-10-02 21:19:10.904479+00:00
[2025-10-02T21:19:11.105+0000] {logging_mixin.py:190} INFO - Dag name:weather_pipeline and current dag run status:running
[2025-10-02T21:19:11.105+0000] {taskinstance.py:731} INFO - ::endgroup::
[2025-10-02T21:19:17.311+0000] {python.py:240} INFO - Done. Returned value was: None
[2025-10-02T21:19:17.322+0000] {taskinstance.py:340} INFO - ::group::Post task execution logs
[2025-10-02T21:19:17.323+0000] {taskinstance.py:352} INFO - Marking task as SUCCESS. dag_id=weather_pipeline, task_id=fetch_weather, run_id=scheduled__2025-10-02T21:12:00+00:00, execution_date=20251002T211200, start_date=20251002T211910, end_date=20251002T211917
[2025-10-02T21:19:17.334+0000] {logging_mixin.py:190} INFO - Task instance in success state
[2025-10-02T21:19:17.337+0000] {logging_mixin.py:190} INFO -  Previous state of the Task instance: running
[2025-10-02T21:19:17.337+0000] {logging_mixin.py:190} INFO - Dag name:weather_pipeline queued_at:2025-10-02 21:19:02.201316+00:00
[2025-10-02T21:19:17.338+0000] {logging_mixin.py:190} INFO - Task hostname:632d05d6cd2f operator:PythonOperator
[2025-10-02T21:19:17.370+0000] {local_task_job_runner.py:266} INFO - Task exited with return code 0
[2025-10-02T21:19:17.385+0000] {taskinstance.py:3900} INFO - 0 downstream tasks scheduled from follow-on schedule check
[2025-10-02T21:19:17.387+0000] {local_task_job_runner.py:245} INFO - ::endgroup::
