[2025-10-08T20:16:48.554+0000] {local_task_job_runner.py:123} INFO - ::group::Pre task execution logs
[2025-10-08T20:16:48.578+0000] {taskinstance.py:2612} INFO - Dependencies all met for dep_context=non-requeueable deps ti=<TaskInstance: weather_pipeline.get_data scheduled__2025-10-08T20:12:00+00:00 [queued]>
[2025-10-08T20:16:48.591+0000] {taskinstance.py:2612} INFO - Dependencies all met for dep_context=requeueable deps ti=<TaskInstance: weather_pipeline.get_data scheduled__2025-10-08T20:12:00+00:00 [queued]>
[2025-10-08T20:16:48.592+0000] {taskinstance.py:2865} INFO - Starting attempt 1 of 1
[2025-10-08T20:16:48.610+0000] {taskinstance.py:2888} INFO - Executing <Task(PythonOperator): get_data> on 2025-10-08 20:12:00+00:00
[2025-10-08T20:16:48.624+0000] {warnings.py:112} WARNING - /home/***/.local/lib/python3.12/site-packages/***/task/task_runner/standard_task_runner.py:70: DeprecationWarning: This process (pid=143) is multi-threaded, use of fork() may lead to deadlocks in the child.
  pid = os.fork()

[2025-10-08T20:16:48.626+0000] {standard_task_runner.py:72} INFO - Started process 145 to run task
[2025-10-08T20:16:48.626+0000] {standard_task_runner.py:104} INFO - Running: ['***', 'tasks', 'run', 'weather_pipeline', 'get_data', 'scheduled__2025-10-08T20:12:00+00:00', '--job-id', '181', '--raw', '--subdir', 'DAGS_FOLDER/Weather.py', '--cfg-path', '/tmp/tmpd7gl2uw8']
[2025-10-08T20:16:48.627+0000] {standard_task_runner.py:105} INFO - Job 181: Subtask get_data
[2025-10-08T20:16:48.721+0000] {task_command.py:467} INFO - Running <TaskInstance: weather_pipeline.get_data scheduled__2025-10-08T20:12:00+00:00 [running]> on host afef8cd523eb
[2025-10-08T20:16:48.891+0000] {taskinstance.py:3131} INFO - Exporting env vars: AIRFLOW_CTX_DAG_OWNER='***' AIRFLOW_CTX_DAG_ID='weather_pipeline' AIRFLOW_CTX_TASK_ID='get_data' AIRFLOW_CTX_EXECUTION_DATE='2025-10-08T20:12:00+00:00' AIRFLOW_CTX_TRY_NUMBER='1' AIRFLOW_CTX_DAG_RUN_ID='scheduled__2025-10-08T20:12:00+00:00'
[2025-10-08T20:16:48.894+0000] {logging_mixin.py:190} INFO - Task instance is in running state
[2025-10-08T20:16:48.895+0000] {logging_mixin.py:190} INFO -  Previous state of the Task instance: queued
[2025-10-08T20:16:48.896+0000] {logging_mixin.py:190} INFO - Current task name:get_data state:running start_date:2025-10-08 20:16:48.578943+00:00
[2025-10-08T20:16:48.897+0000] {logging_mixin.py:190} INFO - Dag name:weather_pipeline and current dag run status:running
[2025-10-08T20:16:48.898+0000] {taskinstance.py:731} INFO - ::endgroup::
[2025-10-08T20:17:06.489+0000] {python.py:240} INFO - Done. Returned value was: None
[2025-10-08T20:17:06.554+0000] {taskinstance.py:340} INFO - ::group::Post task execution logs
[2025-10-08T20:17:06.555+0000] {taskinstance.py:352} INFO - Marking task as SUCCESS. dag_id=weather_pipeline, task_id=get_data, run_id=scheduled__2025-10-08T20:12:00+00:00, execution_date=20251008T201200, start_date=20251008T201648, end_date=20251008T201706
[2025-10-08T20:17:06.586+0000] {logging_mixin.py:190} INFO - Task instance in success state
[2025-10-08T20:17:06.589+0000] {logging_mixin.py:190} INFO -  Previous state of the Task instance: running
[2025-10-08T20:17:06.590+0000] {logging_mixin.py:190} INFO - Dag name:weather_pipeline queued_at:2025-10-08 20:16:16.416326+00:00
[2025-10-08T20:17:06.591+0000] {logging_mixin.py:190} INFO - Task hostname:afef8cd523eb operator:PythonOperator
[2025-10-08T20:17:06.652+0000] {local_task_job_runner.py:266} INFO - Task exited with return code 0
[2025-10-08T20:17:06.679+0000] {taskinstance.py:3900} INFO - 0 downstream tasks scheduled from follow-on schedule check
[2025-10-08T20:17:06.689+0000] {local_task_job_runner.py:245} INFO - ::endgroup::
