[2025-10-08T21:06:06.871+0000] {local_task_job_runner.py:123} INFO - ::group::Pre task execution logs
[2025-10-08T21:06:06.949+0000] {taskinstance.py:2612} INFO - Dependencies all met for dep_context=non-requeueable deps ti=<TaskInstance: weather_pipeline.process_Cairo scheduled__2025-10-08T18:00:00+00:00 [queued]>
[2025-10-08T21:06:06.967+0000] {taskinstance.py:2612} INFO - Dependencies all met for dep_context=requeueable deps ti=<TaskInstance: weather_pipeline.process_Cairo scheduled__2025-10-08T18:00:00+00:00 [queued]>
[2025-10-08T21:06:06.970+0000] {taskinstance.py:2865} INFO - Starting attempt 2 of 2
[2025-10-08T21:06:07.029+0000] {taskinstance.py:2888} INFO - Executing <Task(PythonOperator): process_Cairo> on 2025-10-08 18:00:00+00:00
[2025-10-08T21:06:07.057+0000] {warnings.py:112} WARNING - /home/***/.local/lib/python3.12/site-packages/***/task/task_runner/standard_task_runner.py:70: DeprecationWarning: This process (pid=260) is multi-threaded, use of fork() may lead to deadlocks in the child.
  pid = os.fork()

[2025-10-08T21:06:07.061+0000] {standard_task_runner.py:72} INFO - Started process 274 to run task
[2025-10-08T21:06:07.064+0000] {standard_task_runner.py:104} INFO - Running: ['***', 'tasks', 'run', 'weather_pipeline', 'process_Cairo', 'scheduled__2025-10-08T18:00:00+00:00', '--job-id', '228', '--raw', '--subdir', 'DAGS_FOLDER/Weather.py', '--cfg-path', '/tmp/tmpuu2jj85o']
[2025-10-08T21:06:07.067+0000] {standard_task_runner.py:105} INFO - Job 228: Subtask process_Cairo
[2025-10-08T21:06:07.243+0000] {task_command.py:467} INFO - Running <TaskInstance: weather_pipeline.process_Cairo scheduled__2025-10-08T18:00:00+00:00 [running]> on host afef8cd523eb
[2025-10-08T21:06:07.565+0000] {taskinstance.py:3131} INFO - Exporting env vars: AIRFLOW_CTX_DAG_OWNER='omar' AIRFLOW_CTX_DAG_ID='weather_pipeline' AIRFLOW_CTX_TASK_ID='process_Cairo' AIRFLOW_CTX_EXECUTION_DATE='2025-10-08T18:00:00+00:00' AIRFLOW_CTX_TRY_NUMBER='2' AIRFLOW_CTX_DAG_RUN_ID='scheduled__2025-10-08T18:00:00+00:00'
[2025-10-08T21:06:07.575+0000] {logging_mixin.py:190} INFO - Task instance is in running state
[2025-10-08T21:06:07.577+0000] {logging_mixin.py:190} INFO -  Previous state of the Task instance: queued
[2025-10-08T21:06:07.578+0000] {logging_mixin.py:190} INFO - Current task name:process_Cairo state:running start_date:2025-10-08 21:06:06.950906+00:00
[2025-10-08T21:06:07.579+0000] {logging_mixin.py:190} INFO - Dag name:weather_pipeline and current dag run status:running
[2025-10-08T21:06:07.581+0000] {taskinstance.py:731} INFO - ::endgroup::
[2025-10-08T21:06:07.583+0000] {logging_mixin.py:190} INFO - Processing weather data for: Cairo
[2025-10-08T21:06:07.586+0000] {python.py:240} INFO - Done. Returned value was: None
[2025-10-08T21:06:07.625+0000] {taskinstance.py:340} INFO - ::group::Post task execution logs
[2025-10-08T21:06:07.628+0000] {taskinstance.py:352} INFO - Marking task as SUCCESS. dag_id=weather_pipeline, task_id=process_Cairo, run_id=scheduled__2025-10-08T18:00:00+00:00, execution_date=20251008T180000, start_date=20251008T210606, end_date=20251008T210607
[2025-10-08T21:06:07.663+0000] {logging_mixin.py:190} INFO - Task instance in success state
[2025-10-08T21:06:07.664+0000] {logging_mixin.py:190} INFO -  Previous state of the Task instance: running
[2025-10-08T21:06:07.666+0000] {logging_mixin.py:190} INFO - Dag name:weather_pipeline queued_at:2025-10-08 21:02:06.602732+00:00
[2025-10-08T21:06:07.667+0000] {logging_mixin.py:190} INFO - Task hostname:afef8cd523eb operator:PythonOperator
[2025-10-08T21:06:07.726+0000] {local_task_job_runner.py:266} INFO - Task exited with return code 0
[2025-10-08T21:06:07.847+0000] {taskinstance.py:3900} INFO - 0 downstream tasks scheduled from follow-on schedule check
[2025-10-08T21:06:07.856+0000] {local_task_job_runner.py:245} INFO - ::endgroup::
