[2025-10-08T23:41:49.968+0000] {local_task_job_runner.py:123} INFO - ::group::Pre task execution logs
[2025-10-08T23:41:49.982+0000] {taskinstance.py:2612} INFO - Dependencies all met for dep_context=non-requeueable deps ti=<TaskInstance: weather_pipelinee.get_data scheduled__2025-10-08T23:36:00+00:00 [queued]>
[2025-10-08T23:41:49.988+0000] {taskinstance.py:2612} INFO - Dependencies all met for dep_context=requeueable deps ti=<TaskInstance: weather_pipelinee.get_data scheduled__2025-10-08T23:36:00+00:00 [queued]>
[2025-10-08T23:41:49.989+0000] {taskinstance.py:2865} INFO - Starting attempt 1 of 1
[2025-10-08T23:41:50.000+0000] {taskinstance.py:2888} INFO - Executing <Task(PythonOperator): get_data> on 2025-10-08 23:36:00+00:00
[2025-10-08T23:41:50.008+0000] {warnings.py:112} WARNING - /home/***/.local/lib/python3.12/site-packages/***/task/task_runner/standard_task_runner.py:70: DeprecationWarning: This process (pid=62) is multi-threaded, use of fork() may lead to deadlocks in the child.
  pid = os.fork()

[2025-10-08T23:41:50.009+0000] {standard_task_runner.py:72} INFO - Started process 64 to run task
[2025-10-08T23:41:50.010+0000] {standard_task_runner.py:104} INFO - Running: ['***', 'tasks', 'run', 'weather_pipelinee', 'get_data', 'scheduled__2025-10-08T23:36:00+00:00', '--job-id', '7', '--raw', '--subdir', 'DAGS_FOLDER/WeatherDB.py', '--cfg-path', '/tmp/tmp0d4zfc_i']
[2025-10-08T23:41:50.011+0000] {standard_task_runner.py:105} INFO - Job 7: Subtask get_data
[2025-10-08T23:41:50.060+0000] {task_command.py:467} INFO - Running <TaskInstance: weather_pipelinee.get_data scheduled__2025-10-08T23:36:00+00:00 [running]> on host c584039bb03a
[2025-10-08T23:41:50.146+0000] {taskinstance.py:3131} INFO - Exporting env vars: AIRFLOW_CTX_DAG_OWNER='***' AIRFLOW_CTX_DAG_ID='weather_pipelinee' AIRFLOW_CTX_TASK_ID='get_data' AIRFLOW_CTX_EXECUTION_DATE='2025-10-08T23:36:00+00:00' AIRFLOW_CTX_TRY_NUMBER='1' AIRFLOW_CTX_DAG_RUN_ID='scheduled__2025-10-08T23:36:00+00:00'
[2025-10-08T23:41:50.147+0000] {logging_mixin.py:190} INFO - Task instance is in running state
[2025-10-08T23:41:50.148+0000] {logging_mixin.py:190} INFO -  Previous state of the Task instance: queued
[2025-10-08T23:41:50.148+0000] {logging_mixin.py:190} INFO - Current task name:get_data state:running start_date:2025-10-08 23:41:49.983180+00:00
[2025-10-08T23:41:50.149+0000] {logging_mixin.py:190} INFO - Dag name:weather_pipelinee and current dag run status:running
[2025-10-08T23:41:50.149+0000] {taskinstance.py:731} INFO - ::endgroup::
[2025-10-08T23:41:55.274+0000] {python.py:240} INFO - Done. Returned value was: None
[2025-10-08T23:41:55.287+0000] {taskinstance.py:340} INFO - ::group::Post task execution logs
[2025-10-08T23:41:55.288+0000] {taskinstance.py:352} INFO - Marking task as SUCCESS. dag_id=weather_pipelinee, task_id=get_data, run_id=scheduled__2025-10-08T23:36:00+00:00, execution_date=20251008T233600, start_date=20251008T234149, end_date=20251008T234155
[2025-10-08T23:41:55.301+0000] {logging_mixin.py:190} INFO - Task instance in success state
[2025-10-08T23:41:55.302+0000] {logging_mixin.py:190} INFO -  Previous state of the Task instance: running
[2025-10-08T23:41:55.303+0000] {logging_mixin.py:190} INFO - Dag name:weather_pipelinee queued_at:2025-10-08 23:41:48.036465+00:00
[2025-10-08T23:41:55.304+0000] {logging_mixin.py:190} INFO - Task hostname:c584039bb03a operator:PythonOperator
[2025-10-08T23:41:55.351+0000] {local_task_job_runner.py:266} INFO - Task exited with return code 0
[2025-10-08T23:41:55.364+0000] {taskinstance.py:3900} INFO - 0 downstream tasks scheduled from follow-on schedule check
[2025-10-08T23:41:55.366+0000] {local_task_job_runner.py:245} INFO - ::endgroup::
