[2025-10-09T00:25:07.695+0000] {processor.py:186} INFO - Started process (PID=9196) to work on /opt/airflow/dags/Weather.py
[2025-10-09T00:25:07.696+0000] {processor.py:914} INFO - Processing file /opt/airflow/dags/Weather.py for tasks to queue
[2025-10-09T00:25:07.698+0000] {logging_mixin.py:190} INFO - [2025-10-09T00:25:07.697+0000] {dagbag.py:588} INFO - Filling up the DagBag from /opt/airflow/dags/Weather.py
[2025-10-09T00:25:07.808+0000] {processor.py:925} INFO - DAG(s) 'weather_pipeline' retrieved from /opt/airflow/dags/Weather.py
[2025-10-09T00:25:07.997+0000] {logging_mixin.py:190} INFO - [2025-10-09T00:25:07.996+0000] {dag.py:3239} INFO - Sync 1 DAGs
[2025-10-09T00:25:14.195+0000] {processor.py:208} INFO - Processing /opt/airflow/dags/Weather.py took 6.323 seconds
[2025-10-09T00:25:58.448+0000] {processor.py:186} INFO - Started process (PID=9264) to work on /opt/airflow/dags/Weather.py
[2025-10-09T00:25:58.451+0000] {processor.py:914} INFO - Processing file /opt/airflow/dags/Weather.py for tasks to queue
[2025-10-09T00:25:58.453+0000] {logging_mixin.py:190} INFO - [2025-10-09T00:25:58.452+0000] {dagbag.py:588} INFO - Filling up the DagBag from /opt/airflow/dags/Weather.py
[2025-10-09T00:25:58.517+0000] {processor.py:925} INFO - DAG(s) 'weather_pipeline' retrieved from /opt/airflow/dags/Weather.py
[2025-10-09T00:25:58.546+0000] {logging_mixin.py:190} INFO - [2025-10-09T00:25:58.546+0000] {dag.py:3239} INFO - Sync 1 DAGs
[2025-10-09T00:25:58.627+0000] {processor.py:208} INFO - Processing /opt/airflow/dags/Weather.py took 0.192 seconds
[2025-10-09T11:03:31.508+0000] {processor.py:186} INFO - Started process (PID=70) to work on /opt/airflow/dags/Weather.py
[2025-10-09T11:03:31.536+0000] {processor.py:914} INFO - Processing file /opt/airflow/dags/Weather.py for tasks to queue
[2025-10-09T11:03:31.553+0000] {logging_mixin.py:190} INFO - [2025-10-09T11:03:31.549+0000] {dagbag.py:588} INFO - Filling up the DagBag from /opt/airflow/dags/Weather.py
[2025-10-09T11:03:31.679+0000] {processor.py:925} INFO - DAG(s) 'weather_pipeline' retrieved from /opt/airflow/dags/Weather.py
[2025-10-09T11:03:31.829+0000] {logging_mixin.py:190} INFO - [2025-10-09T11:03:31.828+0000] {dag.py:3239} INFO - Sync 1 DAGs
[2025-10-09T11:03:31.999+0000] {processor.py:208} INFO - Processing /opt/airflow/dags/Weather.py took 0.526 seconds
[2025-10-09T11:03:41.775+0000] {processor.py:186} INFO - Started process (PID=93) to work on /opt/airflow/dags/Weather.py
[2025-10-09T11:03:41.779+0000] {processor.py:914} INFO - Processing file /opt/airflow/dags/Weather.py for tasks to queue
[2025-10-09T11:03:41.787+0000] {logging_mixin.py:190} INFO - [2025-10-09T11:03:41.787+0000] {dagbag.py:588} INFO - Filling up the DagBag from /opt/airflow/dags/Weather.py
[2025-10-09T11:03:41.856+0000] {processor.py:925} INFO - DAG(s) 'weather_pipeline' retrieved from /opt/airflow/dags/Weather.py
[2025-10-09T11:03:41.931+0000] {logging_mixin.py:190} INFO - [2025-10-09T11:03:41.931+0000] {taskinstance.py:3312} ERROR - {'DAG Id': 'weather_pipeline', 'Task Id': 'get_data', 'Run Id': 'scheduled__2025-10-08T21:00:00+00:00', 'Hostname': 'afef8cd523eb', 'External Executor Id': 'cbd7ccb4-52cf-4e71-a7ab-3491f623bb2c'}
[2025-10-09T11:03:42.098+0000] {logging_mixin.py:190} INFO - Task instance in failure state
[2025-10-09T11:03:42.099+0000] {logging_mixin.py:190} INFO - Task start:2025-10-09 00:26:39.250708+00:00 end:2025-10-09 11:03:42.097315+00:00 duration:38222.846607
[2025-10-09T11:03:42.101+0000] {logging_mixin.py:190} INFO - Task:<Task(PythonOperator): get_data> dag:<DAG: weather_pipeline> dagrun:<DagRun weather_pipeline @ 2025-10-08 21:00:00+00:00: scheduled__2025-10-08T21:00:00+00:00, state:running, queued_at: 2025-10-09 00:25:12.018923+00:00. externally triggered: False>
[2025-10-09T11:03:42.102+0000] {logging_mixin.py:190} INFO - Failure caused by {'DAG Id': 'weather_pipeline', 'Task Id': 'get_data', 'Run Id': 'scheduled__2025-10-08T21:00:00+00:00', 'Hostname': 'afef8cd523eb', 'External Executor Id': 'cbd7ccb4-52cf-4e71-a7ab-3491f623bb2c'}
[2025-10-09T11:03:42.103+0000] {logging_mixin.py:190} INFO - [2025-10-09T11:03:42.103+0000] {taskinstance.py:1225} INFO - Marking task as UP_FOR_RETRY. dag_id=weather_pipeline, task_id=get_data, run_id=scheduled__2025-10-08T21:00:00+00:00, execution_date=20251008T210000, start_date=20251009T002639, end_date=20251009T110342
[2025-10-09T11:03:42.186+0000] {logging_mixin.py:190} INFO - [2025-10-09T11:03:42.186+0000] {processor.py:876} INFO - Executed callback for <TaskInstance: weather_pipeline.get_data scheduled__2025-10-08T21:00:00+00:00 [up_for_retry]> in state up_for_retry
[2025-10-09T11:03:42.250+0000] {logging_mixin.py:190} INFO - [2025-10-09T11:03:42.250+0000] {dag.py:3239} INFO - Sync 1 DAGs
[2025-10-09T11:03:42.305+0000] {processor.py:208} INFO - Processing /opt/airflow/dags/Weather.py took 0.550 seconds
[2025-10-09T11:04:20.527+0000] {processor.py:186} INFO - Started process (PID=139) to work on /opt/airflow/dags/Weather.py
[2025-10-09T11:04:20.534+0000] {processor.py:914} INFO - Processing file /opt/airflow/dags/Weather.py for tasks to queue
[2025-10-09T11:04:20.547+0000] {logging_mixin.py:190} INFO - [2025-10-09T11:04:20.546+0000] {dagbag.py:588} INFO - Filling up the DagBag from /opt/airflow/dags/Weather.py
[2025-10-09T11:04:20.638+0000] {processor.py:925} INFO - DAG(s) 'weather_pipeline' retrieved from /opt/airflow/dags/Weather.py
[2025-10-09T11:04:20.720+0000] {logging_mixin.py:190} INFO - [2025-10-09T11:04:20.719+0000] {dag.py:3239} INFO - Sync 1 DAGs
[2025-10-09T11:04:20.885+0000] {processor.py:208} INFO - Processing /opt/airflow/dags/Weather.py took 0.375 seconds
[2025-10-09T11:04:51.228+0000] {processor.py:186} INFO - Started process (PID=202) to work on /opt/airflow/dags/Weather.py
[2025-10-09T11:04:51.233+0000] {processor.py:914} INFO - Processing file /opt/airflow/dags/Weather.py for tasks to queue
[2025-10-09T11:04:51.244+0000] {logging_mixin.py:190} INFO - [2025-10-09T11:04:51.243+0000] {dagbag.py:588} INFO - Filling up the DagBag from /opt/airflow/dags/Weather.py
[2025-10-09T11:04:51.306+0000] {processor.py:925} INFO - DAG(s) 'weather_pipeline' retrieved from /opt/airflow/dags/Weather.py
[2025-10-09T11:04:51.466+0000] {logging_mixin.py:190} INFO - [2025-10-09T11:04:51.466+0000] {dag.py:3239} INFO - Sync 1 DAGs
[2025-10-09T11:04:51.798+0000] {processor.py:208} INFO - Processing /opt/airflow/dags/Weather.py took 0.594 seconds
[2025-10-09T11:05:45.128+0000] {processor.py:186} INFO - Started process (PID=251) to work on /opt/airflow/dags/Weather.py
[2025-10-09T11:05:45.129+0000] {processor.py:914} INFO - Processing file /opt/airflow/dags/Weather.py for tasks to queue
[2025-10-09T11:05:45.133+0000] {logging_mixin.py:190} INFO - [2025-10-09T11:05:45.133+0000] {dagbag.py:588} INFO - Filling up the DagBag from /opt/airflow/dags/Weather.py
[2025-10-09T11:05:45.187+0000] {processor.py:925} INFO - DAG(s) 'weather_pipeline' retrieved from /opt/airflow/dags/Weather.py
[2025-10-09T11:05:45.258+0000] {logging_mixin.py:190} INFO - [2025-10-09T11:05:45.257+0000] {dag.py:3239} INFO - Sync 1 DAGs
[2025-10-09T11:05:45.411+0000] {processor.py:208} INFO - Processing /opt/airflow/dags/Weather.py took 0.293 seconds
[2025-10-09T11:06:15.918+0000] {processor.py:186} INFO - Started process (PID=310) to work on /opt/airflow/dags/Weather.py
[2025-10-09T11:06:15.919+0000] {processor.py:914} INFO - Processing file /opt/airflow/dags/Weather.py for tasks to queue
[2025-10-09T11:06:15.922+0000] {logging_mixin.py:190} INFO - [2025-10-09T11:06:15.922+0000] {dagbag.py:588} INFO - Filling up the DagBag from /opt/airflow/dags/Weather.py
[2025-10-09T11:06:17.064+0000] {processor.py:925} INFO - DAG(s) 'weather_pipeline' retrieved from /opt/airflow/dags/Weather.py
[2025-10-09T11:06:17.092+0000] {logging_mixin.py:190} INFO - [2025-10-09T11:06:17.092+0000] {dag.py:3239} INFO - Sync 1 DAGs
[2025-10-09T11:06:17.270+0000] {processor.py:208} INFO - Processing /opt/airflow/dags/Weather.py took 1.359 seconds
[2025-10-09T11:06:47.524+0000] {processor.py:186} INFO - Started process (PID=372) to work on /opt/airflow/dags/Weather.py
[2025-10-09T11:06:47.526+0000] {processor.py:914} INFO - Processing file /opt/airflow/dags/Weather.py for tasks to queue
[2025-10-09T11:06:47.529+0000] {logging_mixin.py:190} INFO - [2025-10-09T11:06:47.528+0000] {dagbag.py:588} INFO - Filling up the DagBag from /opt/airflow/dags/Weather.py
[2025-10-09T11:06:47.552+0000] {processor.py:925} INFO - DAG(s) 'weather_pipeline' retrieved from /opt/airflow/dags/Weather.py
[2025-10-09T11:06:47.575+0000] {logging_mixin.py:190} INFO - [2025-10-09T11:06:47.574+0000] {dag.py:3239} INFO - Sync 1 DAGs
[2025-10-09T11:06:47.627+0000] {processor.py:208} INFO - Processing /opt/airflow/dags/Weather.py took 0.109 seconds
[2025-10-09T11:07:18.192+0000] {processor.py:186} INFO - Started process (PID=435) to work on /opt/airflow/dags/Weather.py
[2025-10-09T11:07:18.194+0000] {processor.py:914} INFO - Processing file /opt/airflow/dags/Weather.py for tasks to queue
[2025-10-09T11:07:18.199+0000] {logging_mixin.py:190} INFO - [2025-10-09T11:07:18.199+0000] {dagbag.py:588} INFO - Filling up the DagBag from /opt/airflow/dags/Weather.py
[2025-10-09T11:07:18.251+0000] {processor.py:925} INFO - DAG(s) 'weather_pipeline' retrieved from /opt/airflow/dags/Weather.py
[2025-10-09T11:07:18.301+0000] {logging_mixin.py:190} INFO - [2025-10-09T11:07:18.300+0000] {dag.py:3239} INFO - Sync 1 DAGs
[2025-10-09T11:07:18.390+0000] {processor.py:208} INFO - Processing /opt/airflow/dags/Weather.py took 0.207 seconds
[2025-10-09T11:07:49.114+0000] {processor.py:186} INFO - Started process (PID=498) to work on /opt/airflow/dags/Weather.py
[2025-10-09T11:07:49.118+0000] {processor.py:914} INFO - Processing file /opt/airflow/dags/Weather.py for tasks to queue
[2025-10-09T11:07:49.132+0000] {logging_mixin.py:190} INFO - [2025-10-09T11:07:49.131+0000] {dagbag.py:588} INFO - Filling up the DagBag from /opt/airflow/dags/Weather.py
[2025-10-09T11:07:49.204+0000] {processor.py:925} INFO - DAG(s) 'weather_pipeline' retrieved from /opt/airflow/dags/Weather.py
[2025-10-09T11:07:49.270+0000] {logging_mixin.py:190} INFO - [2025-10-09T11:07:49.269+0000] {dag.py:3239} INFO - Sync 1 DAGs
[2025-10-09T11:07:49.410+0000] {processor.py:208} INFO - Processing /opt/airflow/dags/Weather.py took 0.309 seconds
[2025-10-09T11:08:19.533+0000] {processor.py:186} INFO - Started process (PID=561) to work on /opt/airflow/dags/Weather.py
[2025-10-09T11:08:19.535+0000] {processor.py:914} INFO - Processing file /opt/airflow/dags/Weather.py for tasks to queue
[2025-10-09T11:08:19.541+0000] {logging_mixin.py:190} INFO - [2025-10-09T11:08:19.541+0000] {dagbag.py:588} INFO - Filling up the DagBag from /opt/airflow/dags/Weather.py
[2025-10-09T11:08:19.586+0000] {processor.py:925} INFO - DAG(s) 'weather_pipeline' retrieved from /opt/airflow/dags/Weather.py
[2025-10-09T11:08:19.624+0000] {logging_mixin.py:190} INFO - [2025-10-09T11:08:19.623+0000] {dag.py:3239} INFO - Sync 1 DAGs
[2025-10-09T11:08:19.727+0000] {logging_mixin.py:190} INFO - [2025-10-09T11:08:19.726+0000] {dag.py:4180} INFO - Setting next_dagrun for weather_pipeline to 2025-10-09 09:00:00+00:00, run_after=2025-10-09 12:00:00+00:00
[2025-10-09T11:08:19.838+0000] {processor.py:208} INFO - Processing /opt/airflow/dags/Weather.py took 0.316 seconds
[2025-10-09T11:08:51.609+0000] {processor.py:186} INFO - Started process (PID=623) to work on /opt/airflow/dags/Weather.py
[2025-10-09T11:08:51.612+0000] {processor.py:914} INFO - Processing file /opt/airflow/dags/Weather.py for tasks to queue
[2025-10-09T11:08:51.620+0000] {logging_mixin.py:190} INFO - [2025-10-09T11:08:51.618+0000] {dagbag.py:588} INFO - Filling up the DagBag from /opt/airflow/dags/Weather.py
[2025-10-09T11:08:51.689+0000] {processor.py:925} INFO - DAG(s) 'weather_pipeline' retrieved from /opt/airflow/dags/Weather.py
[2025-10-09T11:08:51.740+0000] {logging_mixin.py:190} INFO - [2025-10-09T11:08:51.739+0000] {dag.py:3239} INFO - Sync 1 DAGs
[2025-10-09T11:08:51.822+0000] {logging_mixin.py:190} INFO - [2025-10-09T11:08:51.822+0000] {dag.py:4180} INFO - Setting next_dagrun for weather_pipeline to 2025-10-09 09:00:00+00:00, run_after=2025-10-09 12:00:00+00:00
[2025-10-09T11:08:51.878+0000] {processor.py:208} INFO - Processing /opt/airflow/dags/Weather.py took 0.282 seconds
[2025-10-09T11:09:22.716+0000] {processor.py:186} INFO - Started process (PID=685) to work on /opt/airflow/dags/Weather.py
[2025-10-09T11:09:22.719+0000] {processor.py:914} INFO - Processing file /opt/airflow/dags/Weather.py for tasks to queue
[2025-10-09T11:09:22.725+0000] {logging_mixin.py:190} INFO - [2025-10-09T11:09:22.724+0000] {dagbag.py:588} INFO - Filling up the DagBag from /opt/airflow/dags/Weather.py
[2025-10-09T11:09:22.794+0000] {processor.py:925} INFO - DAG(s) 'weather_pipeline' retrieved from /opt/airflow/dags/Weather.py
[2025-10-09T11:09:22.865+0000] {logging_mixin.py:190} INFO - [2025-10-09T11:09:22.863+0000] {dag.py:3239} INFO - Sync 1 DAGs
[2025-10-09T11:09:22.919+0000] {logging_mixin.py:190} INFO - [2025-10-09T11:09:22.918+0000] {dag.py:4180} INFO - Setting next_dagrun for weather_pipeline to 2025-10-09 09:00:00+00:00, run_after=2025-10-09 12:00:00+00:00
[2025-10-09T11:09:22.961+0000] {processor.py:208} INFO - Processing /opt/airflow/dags/Weather.py took 0.260 seconds
[2025-10-09T11:09:53.772+0000] {processor.py:186} INFO - Started process (PID=748) to work on /opt/airflow/dags/Weather.py
[2025-10-09T11:09:53.773+0000] {processor.py:914} INFO - Processing file /opt/airflow/dags/Weather.py for tasks to queue
[2025-10-09T11:09:53.776+0000] {logging_mixin.py:190} INFO - [2025-10-09T11:09:53.775+0000] {dagbag.py:588} INFO - Filling up the DagBag from /opt/airflow/dags/Weather.py
[2025-10-09T11:09:53.813+0000] {processor.py:925} INFO - DAG(s) 'weather_pipeline' retrieved from /opt/airflow/dags/Weather.py
[2025-10-09T11:09:53.837+0000] {logging_mixin.py:190} INFO - [2025-10-09T11:09:53.837+0000] {dag.py:3239} INFO - Sync 1 DAGs
[2025-10-09T11:09:53.870+0000] {logging_mixin.py:190} INFO - [2025-10-09T11:09:53.870+0000] {dag.py:4180} INFO - Setting next_dagrun for weather_pipeline to 2025-10-09 09:00:00+00:00, run_after=2025-10-09 12:00:00+00:00
[2025-10-09T11:09:53.900+0000] {processor.py:208} INFO - Processing /opt/airflow/dags/Weather.py took 0.136 seconds
[2025-10-09T11:10:24.018+0000] {processor.py:186} INFO - Started process (PID=811) to work on /opt/airflow/dags/Weather.py
[2025-10-09T11:10:24.019+0000] {processor.py:914} INFO - Processing file /opt/airflow/dags/Weather.py for tasks to queue
[2025-10-09T11:10:24.023+0000] {logging_mixin.py:190} INFO - [2025-10-09T11:10:24.022+0000] {dagbag.py:588} INFO - Filling up the DagBag from /opt/airflow/dags/Weather.py
[2025-10-09T11:10:24.059+0000] {processor.py:925} INFO - DAG(s) 'weather_pipeline' retrieved from /opt/airflow/dags/Weather.py
[2025-10-09T11:10:24.094+0000] {logging_mixin.py:190} INFO - [2025-10-09T11:10:24.094+0000] {dag.py:3239} INFO - Sync 1 DAGs
[2025-10-09T11:10:24.138+0000] {logging_mixin.py:190} INFO - [2025-10-09T11:10:24.138+0000] {dag.py:4180} INFO - Setting next_dagrun for weather_pipeline to 2025-10-09 09:00:00+00:00, run_after=2025-10-09 12:00:00+00:00
[2025-10-09T11:10:24.176+0000] {processor.py:208} INFO - Processing /opt/airflow/dags/Weather.py took 0.167 seconds
[2025-10-09T11:10:54.967+0000] {processor.py:186} INFO - Started process (PID=874) to work on /opt/airflow/dags/Weather.py
[2025-10-09T11:10:54.968+0000] {processor.py:914} INFO - Processing file /opt/airflow/dags/Weather.py for tasks to queue
[2025-10-09T11:10:54.971+0000] {logging_mixin.py:190} INFO - [2025-10-09T11:10:54.970+0000] {dagbag.py:588} INFO - Filling up the DagBag from /opt/airflow/dags/Weather.py
[2025-10-09T11:10:54.994+0000] {processor.py:925} INFO - DAG(s) 'weather_pipeline' retrieved from /opt/airflow/dags/Weather.py
[2025-10-09T11:10:55.017+0000] {logging_mixin.py:190} INFO - [2025-10-09T11:10:55.016+0000] {dag.py:3239} INFO - Sync 1 DAGs
[2025-10-09T11:10:55.045+0000] {logging_mixin.py:190} INFO - [2025-10-09T11:10:55.044+0000] {dag.py:4180} INFO - Setting next_dagrun for weather_pipeline to 2025-10-09 09:00:00+00:00, run_after=2025-10-09 12:00:00+00:00
[2025-10-09T11:10:55.075+0000] {processor.py:208} INFO - Processing /opt/airflow/dags/Weather.py took 0.114 seconds
[2025-10-09T11:11:25.457+0000] {processor.py:186} INFO - Started process (PID=937) to work on /opt/airflow/dags/Weather.py
[2025-10-09T11:11:25.459+0000] {processor.py:914} INFO - Processing file /opt/airflow/dags/Weather.py for tasks to queue
[2025-10-09T11:11:25.464+0000] {logging_mixin.py:190} INFO - [2025-10-09T11:11:25.463+0000] {dagbag.py:588} INFO - Filling up the DagBag from /opt/airflow/dags/Weather.py
[2025-10-09T11:11:25.507+0000] {processor.py:925} INFO - DAG(s) 'weather_pipeline' retrieved from /opt/airflow/dags/Weather.py
[2025-10-09T11:11:25.535+0000] {logging_mixin.py:190} INFO - [2025-10-09T11:11:25.534+0000] {dag.py:3239} INFO - Sync 1 DAGs
[2025-10-09T11:11:25.566+0000] {logging_mixin.py:190} INFO - [2025-10-09T11:11:25.565+0000] {dag.py:4180} INFO - Setting next_dagrun for weather_pipeline to 2025-10-09 09:00:00+00:00, run_after=2025-10-09 12:00:00+00:00
[2025-10-09T11:11:25.592+0000] {processor.py:208} INFO - Processing /opt/airflow/dags/Weather.py took 0.151 seconds
[2025-10-09T11:11:55.830+0000] {processor.py:186} INFO - Started process (PID=1000) to work on /opt/airflow/dags/Weather.py
[2025-10-09T11:11:55.831+0000] {processor.py:914} INFO - Processing file /opt/airflow/dags/Weather.py for tasks to queue
[2025-10-09T11:11:55.834+0000] {logging_mixin.py:190} INFO - [2025-10-09T11:11:55.834+0000] {dagbag.py:588} INFO - Filling up the DagBag from /opt/airflow/dags/Weather.py
[2025-10-09T11:11:55.856+0000] {processor.py:925} INFO - DAG(s) 'weather_pipeline' retrieved from /opt/airflow/dags/Weather.py
[2025-10-09T11:11:55.878+0000] {logging_mixin.py:190} INFO - [2025-10-09T11:11:55.878+0000] {dag.py:3239} INFO - Sync 1 DAGs
[2025-10-09T11:11:55.905+0000] {logging_mixin.py:190} INFO - [2025-10-09T11:11:55.905+0000] {dag.py:4180} INFO - Setting next_dagrun for weather_pipeline to 2025-10-09 09:00:00+00:00, run_after=2025-10-09 12:00:00+00:00
[2025-10-09T11:11:55.936+0000] {processor.py:208} INFO - Processing /opt/airflow/dags/Weather.py took 0.112 seconds
[2025-10-09T11:12:16.090+0000] {processor.py:186} INFO - Started process (PID=1030) to work on /opt/airflow/dags/Weather.py
[2025-10-09T11:12:16.092+0000] {processor.py:914} INFO - Processing file /opt/airflow/dags/Weather.py for tasks to queue
[2025-10-09T11:12:16.096+0000] {logging_mixin.py:190} INFO - [2025-10-09T11:12:16.095+0000] {dagbag.py:588} INFO - Filling up the DagBag from /opt/airflow/dags/Weather.py
[2025-10-09T11:12:16.172+0000] {processor.py:925} INFO - DAG(s) 'weather_pipeline' retrieved from /opt/airflow/dags/Weather.py
[2025-10-09T11:12:16.204+0000] {logging_mixin.py:190} INFO - [2025-10-09T11:12:16.204+0000] {dag.py:3239} INFO - Sync 1 DAGs
[2025-10-09T11:12:16.235+0000] {logging_mixin.py:190} INFO - [2025-10-09T11:12:16.235+0000] {dag.py:4180} INFO - Setting next_dagrun for weather_pipeline to 2025-10-09 09:00:00+00:00, run_after=2025-10-09 12:00:00+00:00
[2025-10-09T11:12:16.283+0000] {processor.py:208} INFO - Processing /opt/airflow/dags/Weather.py took 0.204 seconds
[2025-10-09T11:12:46.536+0000] {processor.py:186} INFO - Started process (PID=1090) to work on /opt/airflow/dags/Weather.py
[2025-10-09T11:12:46.537+0000] {processor.py:914} INFO - Processing file /opt/airflow/dags/Weather.py for tasks to queue
[2025-10-09T11:12:46.542+0000] {logging_mixin.py:190} INFO - [2025-10-09T11:12:46.541+0000] {dagbag.py:588} INFO - Filling up the DagBag from /opt/airflow/dags/Weather.py
[2025-10-09T11:12:46.584+0000] {processor.py:925} INFO - DAG(s) 'weather_pipeline' retrieved from /opt/airflow/dags/Weather.py
[2025-10-09T11:12:46.624+0000] {logging_mixin.py:190} INFO - [2025-10-09T11:12:46.623+0000] {dag.py:3239} INFO - Sync 1 DAGs
[2025-10-09T11:12:46.709+0000] {processor.py:208} INFO - Processing /opt/airflow/dags/Weather.py took 0.183 seconds
[2025-10-09T11:13:17.249+0000] {processor.py:186} INFO - Started process (PID=1153) to work on /opt/airflow/dags/Weather.py
[2025-10-09T11:13:17.250+0000] {processor.py:914} INFO - Processing file /opt/airflow/dags/Weather.py for tasks to queue
[2025-10-09T11:13:17.254+0000] {logging_mixin.py:190} INFO - [2025-10-09T11:13:17.253+0000] {dagbag.py:588} INFO - Filling up the DagBag from /opt/airflow/dags/Weather.py
[2025-10-09T11:13:17.285+0000] {processor.py:925} INFO - DAG(s) 'weather_pipeline' retrieved from /opt/airflow/dags/Weather.py
[2025-10-09T11:13:17.311+0000] {logging_mixin.py:190} INFO - [2025-10-09T11:13:17.310+0000] {dag.py:3239} INFO - Sync 1 DAGs
[2025-10-09T11:13:17.363+0000] {processor.py:208} INFO - Processing /opt/airflow/dags/Weather.py took 0.121 seconds
[2025-10-09T11:13:48.159+0000] {processor.py:186} INFO - Started process (PID=1216) to work on /opt/airflow/dags/Weather.py
[2025-10-09T11:13:48.160+0000] {processor.py:914} INFO - Processing file /opt/airflow/dags/Weather.py for tasks to queue
[2025-10-09T11:13:48.164+0000] {logging_mixin.py:190} INFO - [2025-10-09T11:13:48.163+0000] {dagbag.py:588} INFO - Filling up the DagBag from /opt/airflow/dags/Weather.py
[2025-10-09T11:13:48.202+0000] {processor.py:925} INFO - DAG(s) 'weather_pipeline' retrieved from /opt/airflow/dags/Weather.py
[2025-10-09T11:13:48.228+0000] {logging_mixin.py:190} INFO - [2025-10-09T11:13:48.227+0000] {dag.py:3239} INFO - Sync 1 DAGs
[2025-10-09T11:13:48.279+0000] {processor.py:208} INFO - Processing /opt/airflow/dags/Weather.py took 0.128 seconds
[2025-10-09T11:14:18.408+0000] {processor.py:186} INFO - Started process (PID=1279) to work on /opt/airflow/dags/Weather.py
[2025-10-09T11:14:18.410+0000] {processor.py:914} INFO - Processing file /opt/airflow/dags/Weather.py for tasks to queue
[2025-10-09T11:14:18.413+0000] {logging_mixin.py:190} INFO - [2025-10-09T11:14:18.413+0000] {dagbag.py:588} INFO - Filling up the DagBag from /opt/airflow/dags/Weather.py
[2025-10-09T11:14:18.458+0000] {processor.py:925} INFO - DAG(s) 'weather_pipeline' retrieved from /opt/airflow/dags/Weather.py
[2025-10-09T11:14:18.489+0000] {logging_mixin.py:190} INFO - [2025-10-09T11:14:18.488+0000] {dag.py:3239} INFO - Sync 1 DAGs
[2025-10-09T11:14:18.548+0000] {processor.py:208} INFO - Processing /opt/airflow/dags/Weather.py took 0.150 seconds
[2025-10-09T11:14:48.968+0000] {processor.py:186} INFO - Started process (PID=1337) to work on /opt/airflow/dags/Weather.py
[2025-10-09T11:14:48.997+0000] {processor.py:914} INFO - Processing file /opt/airflow/dags/Weather.py for tasks to queue
[2025-10-09T11:14:49.004+0000] {logging_mixin.py:190} INFO - [2025-10-09T11:14:49.003+0000] {dagbag.py:588} INFO - Filling up the DagBag from /opt/airflow/dags/Weather.py
[2025-10-09T11:14:49.153+0000] {processor.py:925} INFO - DAG(s) 'weather_pipeline' retrieved from /opt/airflow/dags/Weather.py
[2025-10-09T11:14:49.250+0000] {logging_mixin.py:190} INFO - [2025-10-09T11:14:49.250+0000] {dag.py:3239} INFO - Sync 1 DAGs
[2025-10-09T11:14:49.416+0000] {logging_mixin.py:190} INFO - [2025-10-09T11:14:49.415+0000] {dag.py:4180} INFO - Setting next_dagrun for weather_pipeline to 2025-10-09 09:00:00+00:00, run_after=2025-10-09 12:00:00+00:00
[2025-10-09T11:14:49.541+0000] {processor.py:208} INFO - Processing /opt/airflow/dags/Weather.py took 0.580 seconds
[2025-10-09T11:15:20.188+0000] {processor.py:186} INFO - Started process (PID=1401) to work on /opt/airflow/dags/Weather.py
[2025-10-09T11:15:20.190+0000] {processor.py:914} INFO - Processing file /opt/airflow/dags/Weather.py for tasks to queue
[2025-10-09T11:15:20.193+0000] {logging_mixin.py:190} INFO - [2025-10-09T11:15:20.193+0000] {dagbag.py:588} INFO - Filling up the DagBag from /opt/airflow/dags/Weather.py
[2025-10-09T11:15:20.250+0000] {processor.py:925} INFO - DAG(s) 'weather_pipeline' retrieved from /opt/airflow/dags/Weather.py
[2025-10-09T11:15:20.286+0000] {logging_mixin.py:190} INFO - [2025-10-09T11:15:20.285+0000] {dag.py:3239} INFO - Sync 1 DAGs
[2025-10-09T11:15:20.326+0000] {logging_mixin.py:190} INFO - [2025-10-09T11:15:20.325+0000] {dag.py:4180} INFO - Setting next_dagrun for weather_pipeline to 2025-10-09 09:00:00+00:00, run_after=2025-10-09 12:00:00+00:00
[2025-10-09T11:15:20.360+0000] {processor.py:208} INFO - Processing /opt/airflow/dags/Weather.py took 0.183 seconds
[2025-10-09T11:15:50.886+0000] {processor.py:186} INFO - Started process (PID=1465) to work on /opt/airflow/dags/Weather.py
[2025-10-09T11:15:50.888+0000] {processor.py:914} INFO - Processing file /opt/airflow/dags/Weather.py for tasks to queue
[2025-10-09T11:15:50.892+0000] {logging_mixin.py:190} INFO - [2025-10-09T11:15:50.891+0000] {dagbag.py:588} INFO - Filling up the DagBag from /opt/airflow/dags/Weather.py
[2025-10-09T11:15:50.933+0000] {processor.py:925} INFO - DAG(s) 'weather_pipeline' retrieved from /opt/airflow/dags/Weather.py
[2025-10-09T11:15:50.957+0000] {logging_mixin.py:190} INFO - [2025-10-09T11:15:50.957+0000] {dag.py:3239} INFO - Sync 1 DAGs
[2025-10-09T11:15:50.991+0000] {logging_mixin.py:190} INFO - [2025-10-09T11:15:50.991+0000] {dag.py:4180} INFO - Setting next_dagrun for weather_pipeline to 2025-10-09 09:00:00+00:00, run_after=2025-10-09 12:00:00+00:00
[2025-10-09T11:15:51.069+0000] {processor.py:208} INFO - Processing /opt/airflow/dags/Weather.py took 0.194 seconds
[2025-10-09T11:16:21.358+0000] {processor.py:186} INFO - Started process (PID=1528) to work on /opt/airflow/dags/Weather.py
[2025-10-09T11:16:21.359+0000] {processor.py:914} INFO - Processing file /opt/airflow/dags/Weather.py for tasks to queue
[2025-10-09T11:16:21.363+0000] {logging_mixin.py:190} INFO - [2025-10-09T11:16:21.362+0000] {dagbag.py:588} INFO - Filling up the DagBag from /opt/airflow/dags/Weather.py
[2025-10-09T11:16:21.755+0000] {processor.py:925} INFO - DAG(s) 'weather_pipeline' retrieved from /opt/airflow/dags/Weather.py
[2025-10-09T11:16:21.805+0000] {logging_mixin.py:190} INFO - [2025-10-09T11:16:21.805+0000] {dag.py:3239} INFO - Sync 1 DAGs
[2025-10-09T11:16:21.858+0000] {logging_mixin.py:190} INFO - [2025-10-09T11:16:21.858+0000] {dag.py:4180} INFO - Setting next_dagrun for weather_pipeline to 2025-10-09 09:00:00+00:00, run_after=2025-10-09 12:00:00+00:00
[2025-10-09T11:16:21.895+0000] {processor.py:208} INFO - Processing /opt/airflow/dags/Weather.py took 0.545 seconds
[2025-10-09T11:16:52.081+0000] {processor.py:186} INFO - Started process (PID=1593) to work on /opt/airflow/dags/Weather.py
[2025-10-09T11:16:52.083+0000] {processor.py:914} INFO - Processing file /opt/airflow/dags/Weather.py for tasks to queue
[2025-10-09T11:16:52.086+0000] {logging_mixin.py:190} INFO - [2025-10-09T11:16:52.086+0000] {dagbag.py:588} INFO - Filling up the DagBag from /opt/airflow/dags/Weather.py
[2025-10-09T11:16:52.151+0000] {processor.py:925} INFO - DAG(s) 'weather_pipeline' retrieved from /opt/airflow/dags/Weather.py
[2025-10-09T11:16:52.181+0000] {logging_mixin.py:190} INFO - [2025-10-09T11:16:52.180+0000] {dag.py:3239} INFO - Sync 1 DAGs
[2025-10-09T11:16:52.215+0000] {logging_mixin.py:190} INFO - [2025-10-09T11:16:52.214+0000] {dag.py:4180} INFO - Setting next_dagrun for weather_pipeline to 2025-10-09 09:00:00+00:00, run_after=2025-10-09 12:00:00+00:00
[2025-10-09T11:16:52.240+0000] {processor.py:208} INFO - Processing /opt/airflow/dags/Weather.py took 0.169 seconds
[2025-10-09T11:17:22.367+0000] {processor.py:186} INFO - Started process (PID=1656) to work on /opt/airflow/dags/Weather.py
[2025-10-09T11:17:22.369+0000] {processor.py:914} INFO - Processing file /opt/airflow/dags/Weather.py for tasks to queue
[2025-10-09T11:17:22.374+0000] {logging_mixin.py:190} INFO - [2025-10-09T11:17:22.374+0000] {dagbag.py:588} INFO - Filling up the DagBag from /opt/airflow/dags/Weather.py
[2025-10-09T11:17:22.452+0000] {processor.py:925} INFO - DAG(s) 'weather_pipeline' retrieved from /opt/airflow/dags/Weather.py
[2025-10-09T11:17:22.487+0000] {logging_mixin.py:190} INFO - [2025-10-09T11:17:22.486+0000] {dag.py:3239} INFO - Sync 1 DAGs
[2025-10-09T11:17:22.527+0000] {logging_mixin.py:190} INFO - [2025-10-09T11:17:22.526+0000] {dag.py:4180} INFO - Setting next_dagrun for weather_pipeline to 2025-10-09 09:00:00+00:00, run_after=2025-10-09 12:00:00+00:00
[2025-10-09T11:17:22.598+0000] {processor.py:208} INFO - Processing /opt/airflow/dags/Weather.py took 0.245 seconds
[2025-10-09T11:17:53.382+0000] {processor.py:186} INFO - Started process (PID=1719) to work on /opt/airflow/dags/Weather.py
[2025-10-09T11:17:53.384+0000] {processor.py:914} INFO - Processing file /opt/airflow/dags/Weather.py for tasks to queue
[2025-10-09T11:17:53.387+0000] {logging_mixin.py:190} INFO - [2025-10-09T11:17:53.387+0000] {dagbag.py:588} INFO - Filling up the DagBag from /opt/airflow/dags/Weather.py
[2025-10-09T11:17:53.432+0000] {processor.py:925} INFO - DAG(s) 'weather_pipeline' retrieved from /opt/airflow/dags/Weather.py
[2025-10-09T11:17:53.476+0000] {logging_mixin.py:190} INFO - [2025-10-09T11:17:53.475+0000] {dag.py:3239} INFO - Sync 1 DAGs
[2025-10-09T11:17:53.523+0000] {logging_mixin.py:190} INFO - [2025-10-09T11:17:53.523+0000] {dag.py:4180} INFO - Setting next_dagrun for weather_pipeline to 2025-10-09 09:00:00+00:00, run_after=2025-10-09 12:00:00+00:00
[2025-10-09T11:17:53.577+0000] {processor.py:208} INFO - Processing /opt/airflow/dags/Weather.py took 0.205 seconds
[2025-10-09T11:18:24.622+0000] {processor.py:186} INFO - Started process (PID=1775) to work on /opt/airflow/dags/Weather.py
[2025-10-09T11:18:24.631+0000] {processor.py:914} INFO - Processing file /opt/airflow/dags/Weather.py for tasks to queue
[2025-10-09T11:18:24.637+0000] {logging_mixin.py:190} INFO - [2025-10-09T11:18:24.636+0000] {dagbag.py:588} INFO - Filling up the DagBag from /opt/airflow/dags/Weather.py
[2025-10-09T11:18:24.713+0000] {processor.py:925} INFO - DAG(s) 'weather_pipeline' retrieved from /opt/airflow/dags/Weather.py
[2025-10-09T11:18:24.744+0000] {logging_mixin.py:190} INFO - [2025-10-09T11:18:24.744+0000] {dag.py:3239} INFO - Sync 1 DAGs
[2025-10-09T11:18:24.787+0000] {logging_mixin.py:190} INFO - [2025-10-09T11:18:24.787+0000] {dag.py:4180} INFO - Setting next_dagrun for weather_pipeline to 2025-10-09 09:00:00+00:00, run_after=2025-10-09 12:00:00+00:00
[2025-10-09T11:18:24.834+0000] {processor.py:208} INFO - Processing /opt/airflow/dags/Weather.py took 0.219 seconds
[2025-10-09T11:18:39.400+0000] {processor.py:186} INFO - Started process (PID=1803) to work on /opt/airflow/dags/Weather.py
[2025-10-09T11:18:39.402+0000] {processor.py:914} INFO - Processing file /opt/airflow/dags/Weather.py for tasks to queue
[2025-10-09T11:18:39.405+0000] {logging_mixin.py:190} INFO - [2025-10-09T11:18:39.405+0000] {dagbag.py:588} INFO - Filling up the DagBag from /opt/airflow/dags/Weather.py
[2025-10-09T11:18:39.609+0000] {processor.py:925} INFO - DAG(s) 'weather_pipeline' retrieved from /opt/airflow/dags/Weather.py
[2025-10-09T11:18:39.997+0000] {logging_mixin.py:190} INFO - [2025-10-09T11:18:39.997+0000] {dag.py:3239} INFO - Sync 1 DAGs
[2025-10-09T11:18:40.025+0000] {logging_mixin.py:190} INFO - [2025-10-09T11:18:40.025+0000] {dag.py:4180} INFO - Setting next_dagrun for weather_pipeline to 2025-10-09 09:00:00+00:00, run_after=2025-10-09 12:00:00+00:00
[2025-10-09T11:18:40.520+0000] {processor.py:208} INFO - Processing /opt/airflow/dags/Weather.py took 1.126 seconds
[2025-10-09T11:19:12.081+0000] {processor.py:186} INFO - Started process (PID=1866) to work on /opt/airflow/dags/Weather.py
[2025-10-09T11:19:12.082+0000] {processor.py:914} INFO - Processing file /opt/airflow/dags/Weather.py for tasks to queue
[2025-10-09T11:19:12.086+0000] {logging_mixin.py:190} INFO - [2025-10-09T11:19:12.085+0000] {dagbag.py:588} INFO - Filling up the DagBag from /opt/airflow/dags/Weather.py
[2025-10-09T11:19:12.140+0000] {processor.py:925} INFO - DAG(s) 'weather_pipeline' retrieved from /opt/airflow/dags/Weather.py
[2025-10-09T11:19:12.164+0000] {logging_mixin.py:190} INFO - [2025-10-09T11:19:12.164+0000] {dag.py:3239} INFO - Sync 1 DAGs
[2025-10-09T11:19:12.196+0000] {logging_mixin.py:190} INFO - [2025-10-09T11:19:12.196+0000] {dag.py:4180} INFO - Setting next_dagrun for weather_pipeline to 2025-10-09 09:00:00+00:00, run_after=2025-10-09 12:00:00+00:00
[2025-10-09T11:19:12.224+0000] {processor.py:208} INFO - Processing /opt/airflow/dags/Weather.py took 0.150 seconds
[2025-10-09T11:19:42.333+0000] {processor.py:186} INFO - Started process (PID=1927) to work on /opt/airflow/dags/Weather.py
[2025-10-09T11:19:42.334+0000] {processor.py:914} INFO - Processing file /opt/airflow/dags/Weather.py for tasks to queue
[2025-10-09T11:19:42.338+0000] {logging_mixin.py:190} INFO - [2025-10-09T11:19:42.337+0000] {dagbag.py:588} INFO - Filling up the DagBag from /opt/airflow/dags/Weather.py
[2025-10-09T11:19:43.322+0000] {processor.py:925} INFO - DAG(s) 'weather_pipeline' retrieved from /opt/airflow/dags/Weather.py
[2025-10-09T11:19:43.356+0000] {logging_mixin.py:190} INFO - [2025-10-09T11:19:43.355+0000] {dag.py:3239} INFO - Sync 1 DAGs
[2025-10-09T11:19:43.404+0000] {logging_mixin.py:190} INFO - [2025-10-09T11:19:43.404+0000] {dag.py:4180} INFO - Setting next_dagrun for weather_pipeline to 2025-10-09 09:00:00+00:00, run_after=2025-10-09 12:00:00+00:00
[2025-10-09T11:19:43.641+0000] {processor.py:208} INFO - Processing /opt/airflow/dags/Weather.py took 1.315 seconds
[2025-10-09T11:20:13.743+0000] {processor.py:186} INFO - Started process (PID=1991) to work on /opt/airflow/dags/Weather.py
[2025-10-09T11:20:13.744+0000] {processor.py:914} INFO - Processing file /opt/airflow/dags/Weather.py for tasks to queue
[2025-10-09T11:20:13.749+0000] {logging_mixin.py:190} INFO - [2025-10-09T11:20:13.748+0000] {dagbag.py:588} INFO - Filling up the DagBag from /opt/airflow/dags/Weather.py
[2025-10-09T11:20:13.785+0000] {processor.py:925} INFO - DAG(s) 'weather_pipeline' retrieved from /opt/airflow/dags/Weather.py
[2025-10-09T11:20:13.829+0000] {logging_mixin.py:190} INFO - [2025-10-09T11:20:13.829+0000] {dag.py:3239} INFO - Sync 1 DAGs
[2025-10-09T11:20:13.866+0000] {logging_mixin.py:190} INFO - [2025-10-09T11:20:13.866+0000] {dag.py:4180} INFO - Setting next_dagrun for weather_pipeline to 2025-10-09 09:00:00+00:00, run_after=2025-10-09 12:00:00+00:00
[2025-10-09T11:20:13.905+0000] {processor.py:208} INFO - Processing /opt/airflow/dags/Weather.py took 0.173 seconds
[2025-10-09T11:20:44.403+0000] {processor.py:186} INFO - Started process (PID=2053) to work on /opt/airflow/dags/Weather.py
[2025-10-09T11:20:44.405+0000] {processor.py:914} INFO - Processing file /opt/airflow/dags/Weather.py for tasks to queue
[2025-10-09T11:20:44.410+0000] {logging_mixin.py:190} INFO - [2025-10-09T11:20:44.410+0000] {dagbag.py:588} INFO - Filling up the DagBag from /opt/airflow/dags/Weather.py
[2025-10-09T11:20:44.456+0000] {processor.py:925} INFO - DAG(s) 'weather_pipeline' retrieved from /opt/airflow/dags/Weather.py
[2025-10-09T11:20:44.482+0000] {logging_mixin.py:190} INFO - [2025-10-09T11:20:44.482+0000] {dag.py:3239} INFO - Sync 1 DAGs
[2025-10-09T11:20:44.516+0000] {logging_mixin.py:190} INFO - [2025-10-09T11:20:44.515+0000] {dag.py:4180} INFO - Setting next_dagrun for weather_pipeline to 2025-10-09 09:00:00+00:00, run_after=2025-10-09 12:00:00+00:00
[2025-10-09T11:20:44.541+0000] {processor.py:208} INFO - Processing /opt/airflow/dags/Weather.py took 0.144 seconds
[2025-10-09T11:21:15.117+0000] {processor.py:186} INFO - Started process (PID=2116) to work on /opt/airflow/dags/Weather.py
[2025-10-09T11:21:15.119+0000] {processor.py:914} INFO - Processing file /opt/airflow/dags/Weather.py for tasks to queue
[2025-10-09T11:21:15.122+0000] {logging_mixin.py:190} INFO - [2025-10-09T11:21:15.121+0000] {dagbag.py:588} INFO - Filling up the DagBag from /opt/airflow/dags/Weather.py
[2025-10-09T11:21:15.207+0000] {processor.py:925} INFO - DAG(s) 'weather_pipeline' retrieved from /opt/airflow/dags/Weather.py
[2025-10-09T11:21:15.233+0000] {logging_mixin.py:190} INFO - [2025-10-09T11:21:15.233+0000] {dag.py:3239} INFO - Sync 1 DAGs
[2025-10-09T11:21:15.278+0000] {logging_mixin.py:190} INFO - [2025-10-09T11:21:15.277+0000] {dag.py:4180} INFO - Setting next_dagrun for weather_pipeline to 2025-10-09 09:00:00+00:00, run_after=2025-10-09 12:00:00+00:00
[2025-10-09T11:21:15.314+0000] {processor.py:208} INFO - Processing /opt/airflow/dags/Weather.py took 0.204 seconds
[2025-10-09T11:21:45.796+0000] {processor.py:186} INFO - Started process (PID=2179) to work on /opt/airflow/dags/Weather.py
[2025-10-09T11:21:45.798+0000] {processor.py:914} INFO - Processing file /opt/airflow/dags/Weather.py for tasks to queue
[2025-10-09T11:21:45.802+0000] {logging_mixin.py:190} INFO - [2025-10-09T11:21:45.802+0000] {dagbag.py:588} INFO - Filling up the DagBag from /opt/airflow/dags/Weather.py
[2025-10-09T11:21:45.859+0000] {processor.py:925} INFO - DAG(s) 'weather_pipeline' retrieved from /opt/airflow/dags/Weather.py
[2025-10-09T11:21:45.898+0000] {logging_mixin.py:190} INFO - [2025-10-09T11:21:45.898+0000] {dag.py:3239} INFO - Sync 1 DAGs
[2025-10-09T11:21:45.946+0000] {logging_mixin.py:190} INFO - [2025-10-09T11:21:45.946+0000] {dag.py:4180} INFO - Setting next_dagrun for weather_pipeline to 2025-10-09 09:00:00+00:00, run_after=2025-10-09 12:00:00+00:00
[2025-10-09T11:21:45.983+0000] {processor.py:208} INFO - Processing /opt/airflow/dags/Weather.py took 0.196 seconds
[2025-10-09T11:22:02.059+0000] {processor.py:186} INFO - Started process (PID=2236) to work on /opt/airflow/dags/Weather.py
[2025-10-09T11:22:02.061+0000] {processor.py:914} INFO - Processing file /opt/airflow/dags/Weather.py for tasks to queue
[2025-10-09T11:22:02.065+0000] {logging_mixin.py:190} INFO - [2025-10-09T11:22:02.065+0000] {dagbag.py:588} INFO - Filling up the DagBag from /opt/airflow/dags/Weather.py
[2025-10-09T11:22:02.138+0000] {processor.py:925} INFO - DAG(s) 'weather_pipeline' retrieved from /opt/airflow/dags/Weather.py
[2025-10-09T11:22:02.164+0000] {logging_mixin.py:190} INFO - [2025-10-09T11:22:02.163+0000] {dag.py:3239} INFO - Sync 1 DAGs
[2025-10-09T11:22:02.197+0000] {logging_mixin.py:190} INFO - [2025-10-09T11:22:02.196+0000] {dag.py:4180} INFO - Setting next_dagrun for weather_pipeline to 2025-10-09 09:00:00+00:00, run_after=2025-10-09 12:00:00+00:00
[2025-10-09T11:22:02.250+0000] {processor.py:208} INFO - Processing /opt/airflow/dags/Weather.py took 0.200 seconds
[2025-10-09T11:22:02.631+0000] {processor.py:186} INFO - Started process (PID=2242) to work on /opt/airflow/dags/Weather.py
[2025-10-09T11:22:02.632+0000] {processor.py:914} INFO - Processing file /opt/airflow/dags/Weather.py for tasks to queue
[2025-10-09T11:22:02.636+0000] {logging_mixin.py:190} INFO - [2025-10-09T11:22:02.636+0000] {dagbag.py:588} INFO - Filling up the DagBag from /opt/airflow/dags/Weather.py
[2025-10-09T11:22:02.675+0000] {processor.py:925} INFO - DAG(s) 'weather_pipeline' retrieved from /opt/airflow/dags/Weather.py
[2025-10-09T11:22:02.700+0000] {logging_mixin.py:190} INFO - [2025-10-09T11:22:02.699+0000] {dag.py:3239} INFO - Sync 1 DAGs
[2025-10-09T11:22:02.729+0000] {logging_mixin.py:190} INFO - [2025-10-09T11:22:02.729+0000] {dag.py:4180} INFO - Setting next_dagrun for weather_pipeline to 2025-10-09 09:00:00+00:00, run_after=2025-10-09 12:00:00+00:00
[2025-10-09T11:22:02.755+0000] {processor.py:208} INFO - Processing /opt/airflow/dags/Weather.py took 0.131 seconds
[2025-10-09T11:22:35.860+0000] {processor.py:186} INFO - Started process (PID=2288) to work on /opt/airflow/dags/Weather.py
[2025-10-09T11:22:35.862+0000] {processor.py:914} INFO - Processing file /opt/airflow/dags/Weather.py for tasks to queue
[2025-10-09T11:22:35.868+0000] {logging_mixin.py:190} INFO - [2025-10-09T11:22:35.867+0000] {dagbag.py:588} INFO - Filling up the DagBag from /opt/airflow/dags/Weather.py
[2025-10-09T11:22:35.986+0000] {processor.py:925} INFO - DAG(s) 'weather_pipeline' retrieved from /opt/airflow/dags/Weather.py
[2025-10-09T11:22:36.069+0000] {logging_mixin.py:190} INFO - [2025-10-09T11:22:36.069+0000] {dag.py:3239} INFO - Sync 1 DAGs
[2025-10-09T11:22:36.129+0000] {logging_mixin.py:190} INFO - [2025-10-09T11:22:36.128+0000] {dag.py:4180} INFO - Setting next_dagrun for weather_pipeline to 2025-10-09 09:00:00+00:00, run_after=2025-10-09 12:00:00+00:00
[2025-10-09T11:22:36.197+0000] {processor.py:208} INFO - Processing /opt/airflow/dags/Weather.py took 0.356 seconds
[2025-10-09T11:23:07.539+0000] {processor.py:186} INFO - Started process (PID=2342) to work on /opt/airflow/dags/Weather.py
[2025-10-09T11:23:07.541+0000] {processor.py:914} INFO - Processing file /opt/airflow/dags/Weather.py for tasks to queue
[2025-10-09T11:23:07.546+0000] {logging_mixin.py:190} INFO - [2025-10-09T11:23:07.545+0000] {dagbag.py:588} INFO - Filling up the DagBag from /opt/airflow/dags/Weather.py
[2025-10-09T11:23:07.592+0000] {processor.py:925} INFO - DAG(s) 'weather_pipeline' retrieved from /opt/airflow/dags/Weather.py
[2025-10-09T11:23:07.616+0000] {logging_mixin.py:190} INFO - [2025-10-09T11:23:07.616+0000] {dag.py:3239} INFO - Sync 1 DAGs
[2025-10-09T11:23:07.650+0000] {logging_mixin.py:190} INFO - [2025-10-09T11:23:07.650+0000] {dag.py:4180} INFO - Setting next_dagrun for weather_pipeline to 2025-10-09 09:00:00+00:00, run_after=2025-10-09 12:00:00+00:00
[2025-10-09T11:23:07.682+0000] {processor.py:208} INFO - Processing /opt/airflow/dags/Weather.py took 0.152 seconds
[2025-10-09T11:23:39.059+0000] {processor.py:186} INFO - Started process (PID=2405) to work on /opt/airflow/dags/Weather.py
[2025-10-09T11:23:39.060+0000] {processor.py:914} INFO - Processing file /opt/airflow/dags/Weather.py for tasks to queue
[2025-10-09T11:23:39.063+0000] {logging_mixin.py:190} INFO - [2025-10-09T11:23:39.062+0000] {dagbag.py:588} INFO - Filling up the DagBag from /opt/airflow/dags/Weather.py
[2025-10-09T11:23:39.096+0000] {processor.py:925} INFO - DAG(s) 'weather_pipeline' retrieved from /opt/airflow/dags/Weather.py
[2025-10-09T11:23:39.121+0000] {logging_mixin.py:190} INFO - [2025-10-09T11:23:39.121+0000] {dag.py:3239} INFO - Sync 1 DAGs
[2025-10-09T11:23:39.156+0000] {logging_mixin.py:190} INFO - [2025-10-09T11:23:39.155+0000] {dag.py:4180} INFO - Setting next_dagrun for weather_pipeline to 2025-10-09 09:00:00+00:00, run_after=2025-10-09 12:00:00+00:00
[2025-10-09T11:23:39.187+0000] {processor.py:208} INFO - Processing /opt/airflow/dags/Weather.py took 0.135 seconds
[2025-10-09T11:24:09.404+0000] {processor.py:186} INFO - Started process (PID=2464) to work on /opt/airflow/dags/Weather.py
[2025-10-09T11:24:09.405+0000] {processor.py:914} INFO - Processing file /opt/airflow/dags/Weather.py for tasks to queue
[2025-10-09T11:24:09.408+0000] {logging_mixin.py:190} INFO - [2025-10-09T11:24:09.407+0000] {dagbag.py:588} INFO - Filling up the DagBag from /opt/airflow/dags/Weather.py
[2025-10-09T11:24:09.448+0000] {processor.py:925} INFO - DAG(s) 'weather_pipeline' retrieved from /opt/airflow/dags/Weather.py
[2025-10-09T11:24:09.471+0000] {logging_mixin.py:190} INFO - [2025-10-09T11:24:09.470+0000] {dag.py:3239} INFO - Sync 1 DAGs
[2025-10-09T11:24:09.499+0000] {logging_mixin.py:190} INFO - [2025-10-09T11:24:09.499+0000] {dag.py:4180} INFO - Setting next_dagrun for weather_pipeline to 2025-10-09 09:00:00+00:00, run_after=2025-10-09 12:00:00+00:00
[2025-10-09T11:24:09.525+0000] {processor.py:208} INFO - Processing /opt/airflow/dags/Weather.py took 0.128 seconds
[2025-10-09T11:24:39.752+0000] {processor.py:186} INFO - Started process (PID=2525) to work on /opt/airflow/dags/Weather.py
[2025-10-09T11:24:39.753+0000] {processor.py:914} INFO - Processing file /opt/airflow/dags/Weather.py for tasks to queue
[2025-10-09T11:24:39.756+0000] {logging_mixin.py:190} INFO - [2025-10-09T11:24:39.756+0000] {dagbag.py:588} INFO - Filling up the DagBag from /opt/airflow/dags/Weather.py
[2025-10-09T11:24:39.789+0000] {processor.py:925} INFO - DAG(s) 'weather_pipeline' retrieved from /opt/airflow/dags/Weather.py
[2025-10-09T11:24:39.810+0000] {logging_mixin.py:190} INFO - [2025-10-09T11:24:39.810+0000] {dag.py:3239} INFO - Sync 1 DAGs
[2025-10-09T11:24:39.842+0000] {logging_mixin.py:190} INFO - [2025-10-09T11:24:39.842+0000] {dag.py:4180} INFO - Setting next_dagrun for weather_pipeline to 2025-10-09 09:00:00+00:00, run_after=2025-10-09 12:00:00+00:00
[2025-10-09T11:24:39.871+0000] {processor.py:208} INFO - Processing /opt/airflow/dags/Weather.py took 0.127 seconds
[2025-10-09T11:25:09.955+0000] {processor.py:186} INFO - Started process (PID=2588) to work on /opt/airflow/dags/Weather.py
[2025-10-09T11:25:09.957+0000] {processor.py:914} INFO - Processing file /opt/airflow/dags/Weather.py for tasks to queue
[2025-10-09T11:25:09.960+0000] {logging_mixin.py:190} INFO - [2025-10-09T11:25:09.960+0000] {dagbag.py:588} INFO - Filling up the DagBag from /opt/airflow/dags/Weather.py
[2025-10-09T11:25:09.992+0000] {processor.py:925} INFO - DAG(s) 'weather_pipeline' retrieved from /opt/airflow/dags/Weather.py
[2025-10-09T11:25:10.017+0000] {logging_mixin.py:190} INFO - [2025-10-09T11:25:10.016+0000] {dag.py:3239} INFO - Sync 1 DAGs
[2025-10-09T11:25:10.045+0000] {logging_mixin.py:190} INFO - [2025-10-09T11:25:10.045+0000] {dag.py:4180} INFO - Setting next_dagrun for weather_pipeline to 2025-10-09 09:00:00+00:00, run_after=2025-10-09 12:00:00+00:00
[2025-10-09T11:25:10.075+0000] {processor.py:208} INFO - Processing /opt/airflow/dags/Weather.py took 0.129 seconds
[2025-10-09T11:25:40.465+0000] {processor.py:186} INFO - Started process (PID=2651) to work on /opt/airflow/dags/Weather.py
[2025-10-09T11:25:40.466+0000] {processor.py:914} INFO - Processing file /opt/airflow/dags/Weather.py for tasks to queue
[2025-10-09T11:25:40.470+0000] {logging_mixin.py:190} INFO - [2025-10-09T11:25:40.470+0000] {dagbag.py:588} INFO - Filling up the DagBag from /opt/airflow/dags/Weather.py
[2025-10-09T11:25:40.522+0000] {processor.py:925} INFO - DAG(s) 'weather_pipeline' retrieved from /opt/airflow/dags/Weather.py
[2025-10-09T11:25:40.553+0000] {logging_mixin.py:190} INFO - [2025-10-09T11:25:40.553+0000] {dag.py:3239} INFO - Sync 1 DAGs
[2025-10-09T11:25:40.594+0000] {logging_mixin.py:190} INFO - [2025-10-09T11:25:40.594+0000] {dag.py:4180} INFO - Setting next_dagrun for weather_pipeline to 2025-10-09 09:00:00+00:00, run_after=2025-10-09 12:00:00+00:00
[2025-10-09T11:25:40.635+0000] {processor.py:208} INFO - Processing /opt/airflow/dags/Weather.py took 0.178 seconds
[2025-10-09T11:26:10.706+0000] {processor.py:186} INFO - Started process (PID=2714) to work on /opt/airflow/dags/Weather.py
[2025-10-09T11:26:10.707+0000] {processor.py:914} INFO - Processing file /opt/airflow/dags/Weather.py for tasks to queue
[2025-10-09T11:26:10.710+0000] {logging_mixin.py:190} INFO - [2025-10-09T11:26:10.710+0000] {dagbag.py:588} INFO - Filling up the DagBag from /opt/airflow/dags/Weather.py
[2025-10-09T11:26:10.750+0000] {processor.py:925} INFO - DAG(s) 'weather_pipeline' retrieved from /opt/airflow/dags/Weather.py
[2025-10-09T11:26:10.774+0000] {logging_mixin.py:190} INFO - [2025-10-09T11:26:10.774+0000] {dag.py:3239} INFO - Sync 1 DAGs
[2025-10-09T11:26:10.807+0000] {logging_mixin.py:190} INFO - [2025-10-09T11:26:10.807+0000] {dag.py:4180} INFO - Setting next_dagrun for weather_pipeline to 2025-10-09 09:00:00+00:00, run_after=2025-10-09 12:00:00+00:00
[2025-10-09T11:26:10.834+0000] {processor.py:208} INFO - Processing /opt/airflow/dags/Weather.py took 0.138 seconds
[2025-10-09T11:26:41.024+0000] {processor.py:186} INFO - Started process (PID=2778) to work on /opt/airflow/dags/Weather.py
[2025-10-09T11:26:41.025+0000] {processor.py:914} INFO - Processing file /opt/airflow/dags/Weather.py for tasks to queue
[2025-10-09T11:26:41.029+0000] {logging_mixin.py:190} INFO - [2025-10-09T11:26:41.028+0000] {dagbag.py:588} INFO - Filling up the DagBag from /opt/airflow/dags/Weather.py
[2025-10-09T11:26:41.065+0000] {processor.py:925} INFO - DAG(s) 'weather_pipeline' retrieved from /opt/airflow/dags/Weather.py
[2025-10-09T11:26:41.089+0000] {logging_mixin.py:190} INFO - [2025-10-09T11:26:41.089+0000] {dag.py:3239} INFO - Sync 1 DAGs
[2025-10-09T11:26:41.122+0000] {logging_mixin.py:190} INFO - [2025-10-09T11:26:41.121+0000] {dag.py:4180} INFO - Setting next_dagrun for weather_pipeline to 2025-10-09 09:00:00+00:00, run_after=2025-10-09 12:00:00+00:00
[2025-10-09T11:26:41.148+0000] {processor.py:208} INFO - Processing /opt/airflow/dags/Weather.py took 0.132 seconds
[2025-10-09T11:27:12.884+0000] {processor.py:186} INFO - Started process (PID=2840) to work on /opt/airflow/dags/Weather.py
[2025-10-09T11:27:12.886+0000] {processor.py:914} INFO - Processing file /opt/airflow/dags/Weather.py for tasks to queue
[2025-10-09T11:27:12.890+0000] {logging_mixin.py:190} INFO - [2025-10-09T11:27:12.889+0000] {dagbag.py:588} INFO - Filling up the DagBag from /opt/airflow/dags/Weather.py
[2025-10-09T11:27:12.925+0000] {processor.py:925} INFO - DAG(s) 'weather_pipeline' retrieved from /opt/airflow/dags/Weather.py
[2025-10-09T11:27:12.956+0000] {logging_mixin.py:190} INFO - [2025-10-09T11:27:12.955+0000] {dag.py:3239} INFO - Sync 1 DAGs
[2025-10-09T11:27:12.998+0000] {logging_mixin.py:190} INFO - [2025-10-09T11:27:12.998+0000] {dag.py:4180} INFO - Setting next_dagrun for weather_pipeline to 2025-10-09 09:00:00+00:00, run_after=2025-10-09 12:00:00+00:00
[2025-10-09T11:27:13.028+0000] {processor.py:208} INFO - Processing /opt/airflow/dags/Weather.py took 0.151 seconds
[2025-10-09T11:27:43.322+0000] {processor.py:186} INFO - Started process (PID=2897) to work on /opt/airflow/dags/Weather.py
[2025-10-09T11:27:43.324+0000] {processor.py:914} INFO - Processing file /opt/airflow/dags/Weather.py for tasks to queue
[2025-10-09T11:27:43.329+0000] {logging_mixin.py:190} INFO - [2025-10-09T11:27:43.329+0000] {dagbag.py:588} INFO - Filling up the DagBag from /opt/airflow/dags/Weather.py
[2025-10-09T11:27:43.372+0000] {processor.py:925} INFO - DAG(s) 'weather_pipeline' retrieved from /opt/airflow/dags/Weather.py
[2025-10-09T11:27:43.403+0000] {logging_mixin.py:190} INFO - [2025-10-09T11:27:43.403+0000] {dag.py:3239} INFO - Sync 1 DAGs
[2025-10-09T11:27:43.444+0000] {logging_mixin.py:190} INFO - [2025-10-09T11:27:43.444+0000] {dag.py:4180} INFO - Setting next_dagrun for weather_pipeline to 2025-10-09 09:00:00+00:00, run_after=2025-10-09 12:00:00+00:00
[2025-10-09T11:27:43.476+0000] {processor.py:208} INFO - Processing /opt/airflow/dags/Weather.py took 0.163 seconds
[2025-10-09T11:28:14.012+0000] {processor.py:186} INFO - Started process (PID=2959) to work on /opt/airflow/dags/Weather.py
[2025-10-09T11:28:14.013+0000] {processor.py:914} INFO - Processing file /opt/airflow/dags/Weather.py for tasks to queue
[2025-10-09T11:28:14.017+0000] {logging_mixin.py:190} INFO - [2025-10-09T11:28:14.017+0000] {dagbag.py:588} INFO - Filling up the DagBag from /opt/airflow/dags/Weather.py
[2025-10-09T11:28:14.048+0000] {processor.py:925} INFO - DAG(s) 'weather_pipeline' retrieved from /opt/airflow/dags/Weather.py
[2025-10-09T11:28:14.073+0000] {logging_mixin.py:190} INFO - [2025-10-09T11:28:14.073+0000] {dag.py:3239} INFO - Sync 1 DAGs
[2025-10-09T11:28:14.105+0000] {logging_mixin.py:190} INFO - [2025-10-09T11:28:14.104+0000] {dag.py:4180} INFO - Setting next_dagrun for weather_pipeline to 2025-10-09 09:00:00+00:00, run_after=2025-10-09 12:00:00+00:00
[2025-10-09T11:28:14.128+0000] {processor.py:208} INFO - Processing /opt/airflow/dags/Weather.py took 0.124 seconds
[2025-10-09T11:28:45.797+0000] {processor.py:186} INFO - Started process (PID=3022) to work on /opt/airflow/dags/Weather.py
[2025-10-09T11:28:45.799+0000] {processor.py:914} INFO - Processing file /opt/airflow/dags/Weather.py for tasks to queue
[2025-10-09T11:28:45.803+0000] {logging_mixin.py:190} INFO - [2025-10-09T11:28:45.803+0000] {dagbag.py:588} INFO - Filling up the DagBag from /opt/airflow/dags/Weather.py
[2025-10-09T11:28:45.886+0000] {processor.py:925} INFO - DAG(s) 'weather_pipeline' retrieved from /opt/airflow/dags/Weather.py
[2025-10-09T11:28:45.918+0000] {logging_mixin.py:190} INFO - [2025-10-09T11:28:45.918+0000] {dag.py:3239} INFO - Sync 1 DAGs
[2025-10-09T11:28:46.345+0000] {logging_mixin.py:190} INFO - [2025-10-09T11:28:46.345+0000] {dag.py:4180} INFO - Setting next_dagrun for weather_pipeline to 2025-10-09 09:00:00+00:00, run_after=2025-10-09 12:00:00+00:00
[2025-10-09T11:28:46.377+0000] {processor.py:208} INFO - Processing /opt/airflow/dags/Weather.py took 0.588 seconds
[2025-10-09T11:37:55.914+0000] {processor.py:186} INFO - Started process (PID=3043) to work on /opt/airflow/dags/Weather.py
[2025-10-09T11:37:55.916+0000] {processor.py:914} INFO - Processing file /opt/airflow/dags/Weather.py for tasks to queue
[2025-10-09T11:37:55.921+0000] {logging_mixin.py:190} INFO - [2025-10-09T11:37:55.920+0000] {dagbag.py:588} INFO - Filling up the DagBag from /opt/airflow/dags/Weather.py
[2025-10-09T11:37:57.715+0000] {processor.py:925} INFO - DAG(s) 'weather_pipeline' retrieved from /opt/airflow/dags/Weather.py
[2025-10-09T11:37:57.752+0000] {logging_mixin.py:190} INFO - [2025-10-09T11:37:57.751+0000] {dag.py:3239} INFO - Sync 1 DAGs
[2025-10-09T11:37:57.788+0000] {logging_mixin.py:190} INFO - [2025-10-09T11:37:57.787+0000] {dag.py:4180} INFO - Setting next_dagrun for weather_pipeline to 2025-10-09 09:00:00+00:00, run_after=2025-10-09 12:00:00+00:00
[2025-10-09T11:37:57.816+0000] {processor.py:208} INFO - Processing /opt/airflow/dags/Weather.py took 1.912 seconds
[2025-10-09T11:38:46.421+0000] {processor.py:186} INFO - Started process (PID=56) to work on /opt/airflow/dags/Weather.py
[2025-10-09T11:38:46.423+0000] {processor.py:914} INFO - Processing file /opt/airflow/dags/Weather.py for tasks to queue
[2025-10-09T11:38:46.428+0000] {logging_mixin.py:190} INFO - [2025-10-09T11:38:46.427+0000] {dagbag.py:588} INFO - Filling up the DagBag from /opt/airflow/dags/Weather.py
[2025-10-09T11:38:46.463+0000] {processor.py:925} INFO - DAG(s) 'weather_pipeline' retrieved from /opt/airflow/dags/Weather.py
[2025-10-09T11:38:46.519+0000] {logging_mixin.py:190} INFO - [2025-10-09T11:38:46.519+0000] {dag.py:3239} INFO - Sync 1 DAGs
[2025-10-09T11:38:46.551+0000] {logging_mixin.py:190} INFO - [2025-10-09T11:38:46.551+0000] {dag.py:4180} INFO - Setting next_dagrun for weather_pipeline to 2025-10-09 09:00:00+00:00, run_after=2025-10-09 12:00:00+00:00
[2025-10-09T11:38:46.581+0000] {processor.py:208} INFO - Processing /opt/airflow/dags/Weather.py took 0.169 seconds
[2025-10-09T11:39:17.422+0000] {processor.py:186} INFO - Started process (PID=119) to work on /opt/airflow/dags/Weather.py
[2025-10-09T11:39:17.424+0000] {processor.py:914} INFO - Processing file /opt/airflow/dags/Weather.py for tasks to queue
[2025-10-09T11:39:17.428+0000] {logging_mixin.py:190} INFO - [2025-10-09T11:39:17.428+0000] {dagbag.py:588} INFO - Filling up the DagBag from /opt/airflow/dags/Weather.py
[2025-10-09T11:39:17.462+0000] {processor.py:925} INFO - DAG(s) 'weather_pipeline' retrieved from /opt/airflow/dags/Weather.py
[2025-10-09T11:39:17.486+0000] {logging_mixin.py:190} INFO - [2025-10-09T11:39:17.486+0000] {dag.py:3239} INFO - Sync 1 DAGs
[2025-10-09T11:39:17.519+0000] {logging_mixin.py:190} INFO - [2025-10-09T11:39:17.519+0000] {dag.py:4180} INFO - Setting next_dagrun for weather_pipeline to 2025-10-09 09:00:00+00:00, run_after=2025-10-09 12:00:00+00:00
[2025-10-09T11:39:17.658+0000] {processor.py:208} INFO - Processing /opt/airflow/dags/Weather.py took 0.244 seconds
[2025-10-09T11:39:48.194+0000] {processor.py:186} INFO - Started process (PID=188) to work on /opt/airflow/dags/Weather.py
[2025-10-09T11:39:48.196+0000] {processor.py:914} INFO - Processing file /opt/airflow/dags/Weather.py for tasks to queue
[2025-10-09T11:39:48.201+0000] {logging_mixin.py:190} INFO - [2025-10-09T11:39:48.200+0000] {dagbag.py:588} INFO - Filling up the DagBag from /opt/airflow/dags/Weather.py
[2025-10-09T11:39:48.245+0000] {processor.py:925} INFO - DAG(s) 'weather_pipeline' retrieved from /opt/airflow/dags/Weather.py
[2025-10-09T11:39:48.283+0000] {logging_mixin.py:190} INFO - [2025-10-09T11:39:48.283+0000] {dag.py:3239} INFO - Sync 1 DAGs
[2025-10-09T11:39:48.319+0000] {logging_mixin.py:190} INFO - [2025-10-09T11:39:48.319+0000] {dag.py:4180} INFO - Setting next_dagrun for weather_pipeline to 2025-10-09 09:00:00+00:00, run_after=2025-10-09 12:00:00+00:00
[2025-10-09T11:39:48.379+0000] {processor.py:208} INFO - Processing /opt/airflow/dags/Weather.py took 0.197 seconds
[2025-10-09T11:40:19.175+0000] {processor.py:186} INFO - Started process (PID=251) to work on /opt/airflow/dags/Weather.py
[2025-10-09T11:40:19.177+0000] {processor.py:914} INFO - Processing file /opt/airflow/dags/Weather.py for tasks to queue
[2025-10-09T11:40:19.182+0000] {logging_mixin.py:190} INFO - [2025-10-09T11:40:19.181+0000] {dagbag.py:588} INFO - Filling up the DagBag from /opt/airflow/dags/Weather.py
[2025-10-09T11:40:19.219+0000] {processor.py:925} INFO - DAG(s) 'weather_pipeline' retrieved from /opt/airflow/dags/Weather.py
[2025-10-09T11:40:19.246+0000] {logging_mixin.py:190} INFO - [2025-10-09T11:40:19.246+0000] {dag.py:3239} INFO - Sync 1 DAGs
[2025-10-09T11:40:19.277+0000] {logging_mixin.py:190} INFO - [2025-10-09T11:40:19.277+0000] {dag.py:4180} INFO - Setting next_dagrun for weather_pipeline to 2025-10-09 09:00:00+00:00, run_after=2025-10-09 12:00:00+00:00
[2025-10-09T11:40:19.308+0000] {processor.py:208} INFO - Processing /opt/airflow/dags/Weather.py took 0.144 seconds
[2025-10-09T11:40:50.206+0000] {processor.py:186} INFO - Started process (PID=314) to work on /opt/airflow/dags/Weather.py
[2025-10-09T11:40:50.209+0000] {processor.py:914} INFO - Processing file /opt/airflow/dags/Weather.py for tasks to queue
[2025-10-09T11:40:50.237+0000] {logging_mixin.py:190} INFO - [2025-10-09T11:40:50.222+0000] {dagbag.py:588} INFO - Filling up the DagBag from /opt/airflow/dags/Weather.py
[2025-10-09T11:40:50.427+0000] {processor.py:925} INFO - DAG(s) 'weather_pipeline' retrieved from /opt/airflow/dags/Weather.py
[2025-10-09T11:40:50.519+0000] {logging_mixin.py:190} INFO - [2025-10-09T11:40:50.518+0000] {dag.py:3239} INFO - Sync 1 DAGs
[2025-10-09T11:40:50.640+0000] {logging_mixin.py:190} INFO - [2025-10-09T11:40:50.639+0000] {dag.py:4180} INFO - Setting next_dagrun for weather_pipeline to 2025-10-09 09:00:00+00:00, run_after=2025-10-09 12:00:00+00:00
[2025-10-09T11:40:50.749+0000] {processor.py:208} INFO - Processing /opt/airflow/dags/Weather.py took 0.575 seconds
[2025-10-09T11:41:21.049+0000] {processor.py:186} INFO - Started process (PID=378) to work on /opt/airflow/dags/Weather.py
[2025-10-09T11:41:21.052+0000] {processor.py:914} INFO - Processing file /opt/airflow/dags/Weather.py for tasks to queue
[2025-10-09T11:41:21.061+0000] {logging_mixin.py:190} INFO - [2025-10-09T11:41:21.060+0000] {dagbag.py:588} INFO - Filling up the DagBag from /opt/airflow/dags/Weather.py
[2025-10-09T11:41:21.119+0000] {processor.py:925} INFO - DAG(s) 'weather_pipeline' retrieved from /opt/airflow/dags/Weather.py
[2025-10-09T11:41:21.160+0000] {logging_mixin.py:190} INFO - [2025-10-09T11:41:21.160+0000] {dag.py:3239} INFO - Sync 1 DAGs
[2025-10-09T11:41:21.211+0000] {logging_mixin.py:190} INFO - [2025-10-09T11:41:21.211+0000] {dag.py:4180} INFO - Setting next_dagrun for weather_pipeline to 2025-10-09 09:00:00+00:00, run_after=2025-10-09 12:00:00+00:00
[2025-10-09T11:41:21.245+0000] {processor.py:208} INFO - Processing /opt/airflow/dags/Weather.py took 0.207 seconds
[2025-10-09T11:41:52.245+0000] {processor.py:186} INFO - Started process (PID=441) to work on /opt/airflow/dags/Weather.py
[2025-10-09T11:41:52.250+0000] {processor.py:914} INFO - Processing file /opt/airflow/dags/Weather.py for tasks to queue
[2025-10-09T11:41:52.261+0000] {logging_mixin.py:190} INFO - [2025-10-09T11:41:52.260+0000] {dagbag.py:588} INFO - Filling up the DagBag from /opt/airflow/dags/Weather.py
[2025-10-09T11:41:52.362+0000] {processor.py:925} INFO - DAG(s) 'weather_pipeline' retrieved from /opt/airflow/dags/Weather.py
[2025-10-09T11:41:52.428+0000] {logging_mixin.py:190} INFO - [2025-10-09T11:41:52.427+0000] {dag.py:3239} INFO - Sync 1 DAGs
[2025-10-09T11:41:52.494+0000] {logging_mixin.py:190} INFO - [2025-10-09T11:41:52.493+0000] {dag.py:4180} INFO - Setting next_dagrun for weather_pipeline to 2025-10-09 09:00:00+00:00, run_after=2025-10-09 12:00:00+00:00
[2025-10-09T11:41:52.560+0000] {processor.py:208} INFO - Processing /opt/airflow/dags/Weather.py took 0.339 seconds
[2025-10-09T11:42:23.053+0000] {processor.py:186} INFO - Started process (PID=504) to work on /opt/airflow/dags/Weather.py
[2025-10-09T11:42:23.056+0000] {processor.py:914} INFO - Processing file /opt/airflow/dags/Weather.py for tasks to queue
[2025-10-09T11:42:23.066+0000] {logging_mixin.py:190} INFO - [2025-10-09T11:42:23.064+0000] {dagbag.py:588} INFO - Filling up the DagBag from /opt/airflow/dags/Weather.py
[2025-10-09T11:42:23.155+0000] {processor.py:925} INFO - DAG(s) 'weather_pipeline' retrieved from /opt/airflow/dags/Weather.py
[2025-10-09T11:42:23.212+0000] {logging_mixin.py:190} INFO - [2025-10-09T11:42:23.212+0000] {dag.py:3239} INFO - Sync 1 DAGs
[2025-10-09T11:42:23.274+0000] {logging_mixin.py:190} INFO - [2025-10-09T11:42:23.272+0000] {dag.py:4180} INFO - Setting next_dagrun for weather_pipeline to 2025-10-09 09:00:00+00:00, run_after=2025-10-09 12:00:00+00:00
[2025-10-09T11:42:23.335+0000] {processor.py:208} INFO - Processing /opt/airflow/dags/Weather.py took 0.296 seconds
[2025-10-09T11:42:53.739+0000] {processor.py:186} INFO - Started process (PID=567) to work on /opt/airflow/dags/Weather.py
[2025-10-09T11:42:53.740+0000] {processor.py:914} INFO - Processing file /opt/airflow/dags/Weather.py for tasks to queue
[2025-10-09T11:42:53.743+0000] {logging_mixin.py:190} INFO - [2025-10-09T11:42:53.743+0000] {dagbag.py:588} INFO - Filling up the DagBag from /opt/airflow/dags/Weather.py
[2025-10-09T11:42:53.766+0000] {processor.py:925} INFO - DAG(s) 'weather_pipeline' retrieved from /opt/airflow/dags/Weather.py
[2025-10-09T11:42:53.790+0000] {logging_mixin.py:190} INFO - [2025-10-09T11:42:53.789+0000] {dag.py:3239} INFO - Sync 1 DAGs
[2025-10-09T11:42:53.818+0000] {logging_mixin.py:190} INFO - [2025-10-09T11:42:53.818+0000] {dag.py:4180} INFO - Setting next_dagrun for weather_pipeline to 2025-10-09 09:00:00+00:00, run_after=2025-10-09 12:00:00+00:00
[2025-10-09T11:42:53.849+0000] {processor.py:208} INFO - Processing /opt/airflow/dags/Weather.py took 0.117 seconds
[2025-10-09T11:43:24.265+0000] {processor.py:186} INFO - Started process (PID=631) to work on /opt/airflow/dags/Weather.py
[2025-10-09T11:43:24.266+0000] {processor.py:914} INFO - Processing file /opt/airflow/dags/Weather.py for tasks to queue
[2025-10-09T11:43:24.269+0000] {logging_mixin.py:190} INFO - [2025-10-09T11:43:24.269+0000] {dagbag.py:588} INFO - Filling up the DagBag from /opt/airflow/dags/Weather.py
[2025-10-09T11:43:24.291+0000] {processor.py:925} INFO - DAG(s) 'weather_pipeline' retrieved from /opt/airflow/dags/Weather.py
[2025-10-09T11:43:24.314+0000] {logging_mixin.py:190} INFO - [2025-10-09T11:43:24.313+0000] {dag.py:3239} INFO - Sync 1 DAGs
[2025-10-09T11:43:24.341+0000] {logging_mixin.py:190} INFO - [2025-10-09T11:43:24.341+0000] {dag.py:4180} INFO - Setting next_dagrun for weather_pipeline to 2025-10-09 09:00:00+00:00, run_after=2025-10-09 12:00:00+00:00
[2025-10-09T11:43:24.370+0000] {processor.py:208} INFO - Processing /opt/airflow/dags/Weather.py took 0.112 seconds
[2025-10-09T11:43:54.517+0000] {processor.py:186} INFO - Started process (PID=694) to work on /opt/airflow/dags/Weather.py
[2025-10-09T11:43:54.519+0000] {processor.py:914} INFO - Processing file /opt/airflow/dags/Weather.py for tasks to queue
[2025-10-09T11:43:54.522+0000] {logging_mixin.py:190} INFO - [2025-10-09T11:43:54.522+0000] {dagbag.py:588} INFO - Filling up the DagBag from /opt/airflow/dags/Weather.py
[2025-10-09T11:43:54.546+0000] {processor.py:925} INFO - DAG(s) 'weather_pipeline' retrieved from /opt/airflow/dags/Weather.py
[2025-10-09T11:43:54.677+0000] {logging_mixin.py:190} INFO - [2025-10-09T11:43:54.677+0000] {dag.py:3239} INFO - Sync 1 DAGs
[2025-10-09T11:43:54.707+0000] {logging_mixin.py:190} INFO - [2025-10-09T11:43:54.706+0000] {dag.py:4180} INFO - Setting next_dagrun for weather_pipeline to 2025-10-09 09:00:00+00:00, run_after=2025-10-09 12:00:00+00:00
[2025-10-09T11:43:54.730+0000] {processor.py:208} INFO - Processing /opt/airflow/dags/Weather.py took 0.223 seconds
[2025-10-09T11:44:24.808+0000] {processor.py:186} INFO - Started process (PID=757) to work on /opt/airflow/dags/Weather.py
[2025-10-09T11:44:24.809+0000] {processor.py:914} INFO - Processing file /opt/airflow/dags/Weather.py for tasks to queue
[2025-10-09T11:44:24.814+0000] {logging_mixin.py:190} INFO - [2025-10-09T11:44:24.814+0000] {dagbag.py:588} INFO - Filling up the DagBag from /opt/airflow/dags/Weather.py
[2025-10-09T11:44:24.843+0000] {processor.py:925} INFO - DAG(s) 'weather_pipeline' retrieved from /opt/airflow/dags/Weather.py
[2025-10-09T11:44:24.871+0000] {logging_mixin.py:190} INFO - [2025-10-09T11:44:24.870+0000] {dag.py:3239} INFO - Sync 1 DAGs
[2025-10-09T11:44:24.905+0000] {logging_mixin.py:190} INFO - [2025-10-09T11:44:24.905+0000] {dag.py:4180} INFO - Setting next_dagrun for weather_pipeline to 2025-10-09 09:00:00+00:00, run_after=2025-10-09 12:00:00+00:00
[2025-10-09T11:44:24.939+0000] {processor.py:208} INFO - Processing /opt/airflow/dags/Weather.py took 0.141 seconds
[2025-10-09T11:44:55.121+0000] {processor.py:186} INFO - Started process (PID=820) to work on /opt/airflow/dags/Weather.py
[2025-10-09T11:44:55.123+0000] {processor.py:914} INFO - Processing file /opt/airflow/dags/Weather.py for tasks to queue
[2025-10-09T11:44:55.126+0000] {logging_mixin.py:190} INFO - [2025-10-09T11:44:55.125+0000] {dagbag.py:588} INFO - Filling up the DagBag from /opt/airflow/dags/Weather.py
[2025-10-09T11:44:55.148+0000] {processor.py:925} INFO - DAG(s) 'weather_pipeline' retrieved from /opt/airflow/dags/Weather.py
[2025-10-09T11:44:55.182+0000] {logging_mixin.py:190} INFO - [2025-10-09T11:44:55.181+0000] {dag.py:3239} INFO - Sync 1 DAGs
[2025-10-09T11:44:55.221+0000] {logging_mixin.py:190} INFO - [2025-10-09T11:44:55.221+0000] {dag.py:4180} INFO - Setting next_dagrun for weather_pipeline to 2025-10-09 09:00:00+00:00, run_after=2025-10-09 12:00:00+00:00
[2025-10-09T11:44:55.248+0000] {processor.py:208} INFO - Processing /opt/airflow/dags/Weather.py took 0.133 seconds
[2025-10-09T11:45:25.545+0000] {processor.py:186} INFO - Started process (PID=883) to work on /opt/airflow/dags/Weather.py
[2025-10-09T11:45:25.546+0000] {processor.py:914} INFO - Processing file /opt/airflow/dags/Weather.py for tasks to queue
[2025-10-09T11:45:25.549+0000] {logging_mixin.py:190} INFO - [2025-10-09T11:45:25.549+0000] {dagbag.py:588} INFO - Filling up the DagBag from /opt/airflow/dags/Weather.py
[2025-10-09T11:45:25.572+0000] {processor.py:925} INFO - DAG(s) 'weather_pipeline' retrieved from /opt/airflow/dags/Weather.py
[2025-10-09T11:45:25.594+0000] {logging_mixin.py:190} INFO - [2025-10-09T11:45:25.594+0000] {dag.py:3239} INFO - Sync 1 DAGs
[2025-10-09T11:45:25.622+0000] {logging_mixin.py:190} INFO - [2025-10-09T11:45:25.622+0000] {dag.py:4180} INFO - Setting next_dagrun for weather_pipeline to 2025-10-09 09:00:00+00:00, run_after=2025-10-09 12:00:00+00:00
[2025-10-09T11:45:25.646+0000] {processor.py:208} INFO - Processing /opt/airflow/dags/Weather.py took 0.108 seconds
[2025-10-09T11:45:55.904+0000] {processor.py:186} INFO - Started process (PID=947) to work on /opt/airflow/dags/Weather.py
[2025-10-09T11:45:55.906+0000] {processor.py:914} INFO - Processing file /opt/airflow/dags/Weather.py for tasks to queue
[2025-10-09T11:45:55.910+0000] {logging_mixin.py:190} INFO - [2025-10-09T11:45:55.909+0000] {dagbag.py:588} INFO - Filling up the DagBag from /opt/airflow/dags/Weather.py
[2025-10-09T11:45:55.994+0000] {processor.py:925} INFO - DAG(s) 'weather_pipeline' retrieved from /opt/airflow/dags/Weather.py
[2025-10-09T11:45:56.079+0000] {logging_mixin.py:190} INFO - [2025-10-09T11:45:56.078+0000] {dag.py:3239} INFO - Sync 1 DAGs
[2025-10-09T11:45:56.199+0000] {logging_mixin.py:190} INFO - [2025-10-09T11:45:56.199+0000] {dag.py:4180} INFO - Setting next_dagrun for weather_pipeline to 2025-10-09 09:00:00+00:00, run_after=2025-10-09 12:00:00+00:00
[2025-10-09T11:45:56.270+0000] {processor.py:208} INFO - Processing /opt/airflow/dags/Weather.py took 0.374 seconds
[2025-10-09T11:46:26.488+0000] {processor.py:186} INFO - Started process (PID=1010) to work on /opt/airflow/dags/Weather.py
[2025-10-09T11:46:26.489+0000] {processor.py:914} INFO - Processing file /opt/airflow/dags/Weather.py for tasks to queue
[2025-10-09T11:46:26.492+0000] {logging_mixin.py:190} INFO - [2025-10-09T11:46:26.492+0000] {dagbag.py:588} INFO - Filling up the DagBag from /opt/airflow/dags/Weather.py
[2025-10-09T11:46:26.518+0000] {processor.py:925} INFO - DAG(s) 'weather_pipeline' retrieved from /opt/airflow/dags/Weather.py
[2025-10-09T11:46:26.545+0000] {logging_mixin.py:190} INFO - [2025-10-09T11:46:26.545+0000] {dag.py:3239} INFO - Sync 1 DAGs
[2025-10-09T11:46:26.581+0000] {logging_mixin.py:190} INFO - [2025-10-09T11:46:26.580+0000] {dag.py:4180} INFO - Setting next_dagrun for weather_pipeline to 2025-10-09 09:00:00+00:00, run_after=2025-10-09 12:00:00+00:00
[2025-10-09T11:46:26.608+0000] {processor.py:208} INFO - Processing /opt/airflow/dags/Weather.py took 0.128 seconds
[2025-10-09T11:46:56.783+0000] {processor.py:186} INFO - Started process (PID=1073) to work on /opt/airflow/dags/Weather.py
[2025-10-09T11:46:56.786+0000] {processor.py:914} INFO - Processing file /opt/airflow/dags/Weather.py for tasks to queue
[2025-10-09T11:46:56.790+0000] {logging_mixin.py:190} INFO - [2025-10-09T11:46:56.790+0000] {dagbag.py:588} INFO - Filling up the DagBag from /opt/airflow/dags/Weather.py
[2025-10-09T11:46:56.825+0000] {processor.py:925} INFO - DAG(s) 'weather_pipeline' retrieved from /opt/airflow/dags/Weather.py
[2025-10-09T11:46:56.852+0000] {logging_mixin.py:190} INFO - [2025-10-09T11:46:56.852+0000] {dag.py:3239} INFO - Sync 1 DAGs
[2025-10-09T11:46:56.886+0000] {logging_mixin.py:190} INFO - [2025-10-09T11:46:56.886+0000] {dag.py:4180} INFO - Setting next_dagrun for weather_pipeline to 2025-10-09 09:00:00+00:00, run_after=2025-10-09 12:00:00+00:00
[2025-10-09T11:46:56.914+0000] {processor.py:208} INFO - Processing /opt/airflow/dags/Weather.py took 0.141 seconds
[2025-10-09T11:47:27.362+0000] {processor.py:186} INFO - Started process (PID=1136) to work on /opt/airflow/dags/Weather.py
[2025-10-09T11:47:27.363+0000] {processor.py:914} INFO - Processing file /opt/airflow/dags/Weather.py for tasks to queue
[2025-10-09T11:47:27.366+0000] {logging_mixin.py:190} INFO - [2025-10-09T11:47:27.366+0000] {dagbag.py:588} INFO - Filling up the DagBag from /opt/airflow/dags/Weather.py
[2025-10-09T11:47:27.387+0000] {processor.py:925} INFO - DAG(s) 'weather_pipeline' retrieved from /opt/airflow/dags/Weather.py
[2025-10-09T11:47:27.419+0000] {logging_mixin.py:190} INFO - [2025-10-09T11:47:27.419+0000] {dag.py:3239} INFO - Sync 1 DAGs
[2025-10-09T11:47:27.446+0000] {logging_mixin.py:190} INFO - [2025-10-09T11:47:27.446+0000] {dag.py:4180} INFO - Setting next_dagrun for weather_pipeline to 2025-10-09 09:00:00+00:00, run_after=2025-10-09 12:00:00+00:00
[2025-10-09T11:47:27.471+0000] {processor.py:208} INFO - Processing /opt/airflow/dags/Weather.py took 0.117 seconds
[2025-10-09T11:47:40.938+0000] {processor.py:186} INFO - Started process (PID=1176) to work on /opt/airflow/dags/Weather.py
[2025-10-09T11:47:40.939+0000] {processor.py:914} INFO - Processing file /opt/airflow/dags/Weather.py for tasks to queue
[2025-10-09T11:47:40.942+0000] {logging_mixin.py:190} INFO - [2025-10-09T11:47:40.942+0000] {dagbag.py:588} INFO - Filling up the DagBag from /opt/airflow/dags/Weather.py
[2025-10-09T11:47:40.985+0000] {processor.py:925} INFO - DAG(s) 'weather_pipeline' retrieved from /opt/airflow/dags/Weather.py
[2025-10-09T11:47:41.007+0000] {logging_mixin.py:190} INFO - [2025-10-09T11:47:41.007+0000] {dag.py:3239} INFO - Sync 1 DAGs
[2025-10-09T11:47:41.034+0000] {logging_mixin.py:190} INFO - [2025-10-09T11:47:41.033+0000] {dag.py:4180} INFO - Setting next_dagrun for weather_pipeline to 2025-10-09 09:00:00+00:00, run_after=2025-10-09 12:00:00+00:00
[2025-10-09T11:47:41.061+0000] {processor.py:208} INFO - Processing /opt/airflow/dags/Weather.py took 0.130 seconds
[2025-10-09T11:48:05.487+0000] {processor.py:186} INFO - Started process (PID=1222) to work on /opt/airflow/dags/Weather.py
[2025-10-09T11:48:05.488+0000] {processor.py:914} INFO - Processing file /opt/airflow/dags/Weather.py for tasks to queue
[2025-10-09T11:48:05.492+0000] {logging_mixin.py:190} INFO - [2025-10-09T11:48:05.491+0000] {dagbag.py:588} INFO - Filling up the DagBag from /opt/airflow/dags/Weather.py
[2025-10-09T11:48:05.558+0000] {processor.py:925} INFO - DAG(s) 'weather_pipeline' retrieved from /opt/airflow/dags/Weather.py
[2025-10-09T11:48:05.581+0000] {logging_mixin.py:190} INFO - [2025-10-09T11:48:05.581+0000] {dag.py:3239} INFO - Sync 1 DAGs
[2025-10-09T11:48:05.617+0000] {logging_mixin.py:190} INFO - [2025-10-09T11:48:05.616+0000] {dag.py:4180} INFO - Setting next_dagrun for weather_pipeline to 2025-10-09 09:00:00+00:00, run_after=2025-10-09 12:00:00+00:00
[2025-10-09T11:48:05.656+0000] {processor.py:208} INFO - Processing /opt/airflow/dags/Weather.py took 0.176 seconds
[2025-10-09T11:48:36.508+0000] {processor.py:186} INFO - Started process (PID=1285) to work on /opt/airflow/dags/Weather.py
[2025-10-09T11:48:36.510+0000] {processor.py:914} INFO - Processing file /opt/airflow/dags/Weather.py for tasks to queue
[2025-10-09T11:48:36.515+0000] {logging_mixin.py:190} INFO - [2025-10-09T11:48:36.515+0000] {dagbag.py:588} INFO - Filling up the DagBag from /opt/airflow/dags/Weather.py
[2025-10-09T11:48:36.787+0000] {processor.py:925} INFO - DAG(s) 'weather_pipeline' retrieved from /opt/airflow/dags/Weather.py
[2025-10-09T11:48:37.085+0000] {logging_mixin.py:190} INFO - [2025-10-09T11:48:37.084+0000] {dag.py:3239} INFO - Sync 1 DAGs
[2025-10-09T11:48:37.346+0000] {logging_mixin.py:190} INFO - [2025-10-09T11:48:37.345+0000] {dag.py:4180} INFO - Setting next_dagrun for weather_pipeline to 2025-10-09 09:00:00+00:00, run_after=2025-10-09 12:00:00+00:00
[2025-10-09T11:48:37.445+0000] {processor.py:208} INFO - Processing /opt/airflow/dags/Weather.py took 0.949 seconds
[2025-10-09T11:49:07.897+0000] {processor.py:186} INFO - Started process (PID=1348) to work on /opt/airflow/dags/Weather.py
[2025-10-09T11:49:07.899+0000] {processor.py:914} INFO - Processing file /opt/airflow/dags/Weather.py for tasks to queue
[2025-10-09T11:49:07.903+0000] {logging_mixin.py:190} INFO - [2025-10-09T11:49:07.902+0000] {dagbag.py:588} INFO - Filling up the DagBag from /opt/airflow/dags/Weather.py
[2025-10-09T11:49:07.935+0000] {processor.py:925} INFO - DAG(s) 'weather_pipeline' retrieved from /opt/airflow/dags/Weather.py
[2025-10-09T11:49:07.962+0000] {logging_mixin.py:190} INFO - [2025-10-09T11:49:07.962+0000] {dag.py:3239} INFO - Sync 1 DAGs
[2025-10-09T11:49:07.996+0000] {logging_mixin.py:190} INFO - [2025-10-09T11:49:07.996+0000] {dag.py:4180} INFO - Setting next_dagrun for weather_pipeline to 2025-10-09 09:00:00+00:00, run_after=2025-10-09 12:00:00+00:00
[2025-10-09T11:49:08.025+0000] {processor.py:208} INFO - Processing /opt/airflow/dags/Weather.py took 0.135 seconds
[2025-10-09T11:49:39.003+0000] {processor.py:186} INFO - Started process (PID=1411) to work on /opt/airflow/dags/Weather.py
[2025-10-09T11:49:39.005+0000] {processor.py:914} INFO - Processing file /opt/airflow/dags/Weather.py for tasks to queue
[2025-10-09T11:49:39.007+0000] {logging_mixin.py:190} INFO - [2025-10-09T11:49:39.007+0000] {dagbag.py:588} INFO - Filling up the DagBag from /opt/airflow/dags/Weather.py
[2025-10-09T11:49:39.035+0000] {processor.py:925} INFO - DAG(s) 'weather_pipeline' retrieved from /opt/airflow/dags/Weather.py
[2025-10-09T11:49:39.057+0000] {logging_mixin.py:190} INFO - [2025-10-09T11:49:39.057+0000] {dag.py:3239} INFO - Sync 1 DAGs
[2025-10-09T11:49:39.089+0000] {logging_mixin.py:190} INFO - [2025-10-09T11:49:39.088+0000] {dag.py:4180} INFO - Setting next_dagrun for weather_pipeline to 2025-10-09 09:00:00+00:00, run_after=2025-10-09 12:00:00+00:00
[2025-10-09T11:49:39.114+0000] {processor.py:208} INFO - Processing /opt/airflow/dags/Weather.py took 0.117 seconds
[2025-10-09T11:50:09.701+0000] {processor.py:186} INFO - Started process (PID=1474) to work on /opt/airflow/dags/Weather.py
[2025-10-09T11:50:09.703+0000] {processor.py:914} INFO - Processing file /opt/airflow/dags/Weather.py for tasks to queue
[2025-10-09T11:50:09.706+0000] {logging_mixin.py:190} INFO - [2025-10-09T11:50:09.706+0000] {dagbag.py:588} INFO - Filling up the DagBag from /opt/airflow/dags/Weather.py
[2025-10-09T11:50:09.743+0000] {processor.py:925} INFO - DAG(s) 'weather_pipeline' retrieved from /opt/airflow/dags/Weather.py
[2025-10-09T11:50:09.781+0000] {logging_mixin.py:190} INFO - [2025-10-09T11:50:09.781+0000] {dag.py:3239} INFO - Sync 1 DAGs
[2025-10-09T11:50:09.819+0000] {logging_mixin.py:190} INFO - [2025-10-09T11:50:09.819+0000] {dag.py:4180} INFO - Setting next_dagrun for weather_pipeline to 2025-10-09 09:00:00+00:00, run_after=2025-10-09 12:00:00+00:00
[2025-10-09T11:50:09.850+0000] {processor.py:208} INFO - Processing /opt/airflow/dags/Weather.py took 0.161 seconds
[2025-10-09T11:50:40.760+0000] {processor.py:186} INFO - Started process (PID=1537) to work on /opt/airflow/dags/Weather.py
[2025-10-09T11:50:40.763+0000] {processor.py:914} INFO - Processing file /opt/airflow/dags/Weather.py for tasks to queue
[2025-10-09T11:50:40.769+0000] {logging_mixin.py:190} INFO - [2025-10-09T11:50:40.768+0000] {dagbag.py:588} INFO - Filling up the DagBag from /opt/airflow/dags/Weather.py
[2025-10-09T11:50:40.833+0000] {processor.py:925} INFO - DAG(s) 'weather_pipeline' retrieved from /opt/airflow/dags/Weather.py
[2025-10-09T11:50:40.868+0000] {logging_mixin.py:190} INFO - [2025-10-09T11:50:40.867+0000] {dag.py:3239} INFO - Sync 1 DAGs
[2025-10-09T11:50:40.910+0000] {logging_mixin.py:190} INFO - [2025-10-09T11:50:40.910+0000] {dag.py:4180} INFO - Setting next_dagrun for weather_pipeline to 2025-10-09 09:00:00+00:00, run_after=2025-10-09 12:00:00+00:00
[2025-10-09T11:50:40.937+0000] {processor.py:208} INFO - Processing /opt/airflow/dags/Weather.py took 0.191 seconds
[2025-10-09T11:51:11.630+0000] {processor.py:186} INFO - Started process (PID=1600) to work on /opt/airflow/dags/Weather.py
[2025-10-09T11:51:11.631+0000] {processor.py:914} INFO - Processing file /opt/airflow/dags/Weather.py for tasks to queue
[2025-10-09T11:51:11.634+0000] {logging_mixin.py:190} INFO - [2025-10-09T11:51:11.633+0000] {dagbag.py:588} INFO - Filling up the DagBag from /opt/airflow/dags/Weather.py
[2025-10-09T11:51:11.663+0000] {processor.py:925} INFO - DAG(s) 'weather_pipeline' retrieved from /opt/airflow/dags/Weather.py
[2025-10-09T11:51:11.687+0000] {logging_mixin.py:190} INFO - [2025-10-09T11:51:11.687+0000] {dag.py:3239} INFO - Sync 1 DAGs
[2025-10-09T11:51:11.716+0000] {logging_mixin.py:190} INFO - [2025-10-09T11:51:11.716+0000] {dag.py:4180} INFO - Setting next_dagrun for weather_pipeline to 2025-10-09 09:00:00+00:00, run_after=2025-10-09 12:00:00+00:00
[2025-10-09T11:51:11.740+0000] {processor.py:208} INFO - Processing /opt/airflow/dags/Weather.py took 0.118 seconds
[2025-10-09T11:51:42.188+0000] {processor.py:186} INFO - Started process (PID=1663) to work on /opt/airflow/dags/Weather.py
[2025-10-09T11:51:42.191+0000] {processor.py:914} INFO - Processing file /opt/airflow/dags/Weather.py for tasks to queue
[2025-10-09T11:51:42.194+0000] {logging_mixin.py:190} INFO - [2025-10-09T11:51:42.194+0000] {dagbag.py:588} INFO - Filling up the DagBag from /opt/airflow/dags/Weather.py
[2025-10-09T11:51:42.229+0000] {processor.py:925} INFO - DAG(s) 'weather_pipeline' retrieved from /opt/airflow/dags/Weather.py
[2025-10-09T11:51:42.257+0000] {logging_mixin.py:190} INFO - [2025-10-09T11:51:42.257+0000] {dag.py:3239} INFO - Sync 1 DAGs
[2025-10-09T11:51:42.290+0000] {logging_mixin.py:190} INFO - [2025-10-09T11:51:42.290+0000] {dag.py:4180} INFO - Setting next_dagrun for weather_pipeline to 2025-10-09 09:00:00+00:00, run_after=2025-10-09 12:00:00+00:00
[2025-10-09T11:51:42.322+0000] {processor.py:208} INFO - Processing /opt/airflow/dags/Weather.py took 0.141 seconds
[2025-10-09T11:52:12.813+0000] {processor.py:186} INFO - Started process (PID=1726) to work on /opt/airflow/dags/Weather.py
[2025-10-09T11:52:12.815+0000] {processor.py:914} INFO - Processing file /opt/airflow/dags/Weather.py for tasks to queue
[2025-10-09T11:52:12.818+0000] {logging_mixin.py:190} INFO - [2025-10-09T11:52:12.817+0000] {dagbag.py:588} INFO - Filling up the DagBag from /opt/airflow/dags/Weather.py
[2025-10-09T11:52:12.845+0000] {processor.py:925} INFO - DAG(s) 'weather_pipeline' retrieved from /opt/airflow/dags/Weather.py
[2025-10-09T11:52:12.866+0000] {logging_mixin.py:190} INFO - [2025-10-09T11:52:12.865+0000] {dag.py:3239} INFO - Sync 1 DAGs
[2025-10-09T11:52:12.893+0000] {logging_mixin.py:190} INFO - [2025-10-09T11:52:12.892+0000] {dag.py:4180} INFO - Setting next_dagrun for weather_pipeline to 2025-10-09 09:00:00+00:00, run_after=2025-10-09 12:00:00+00:00
[2025-10-09T11:52:12.923+0000] {processor.py:208} INFO - Processing /opt/airflow/dags/Weather.py took 0.117 seconds
[2025-10-09T11:52:43.233+0000] {processor.py:186} INFO - Started process (PID=1789) to work on /opt/airflow/dags/Weather.py
[2025-10-09T11:52:43.235+0000] {processor.py:914} INFO - Processing file /opt/airflow/dags/Weather.py for tasks to queue
[2025-10-09T11:52:43.238+0000] {logging_mixin.py:190} INFO - [2025-10-09T11:52:43.237+0000] {dagbag.py:588} INFO - Filling up the DagBag from /opt/airflow/dags/Weather.py
[2025-10-09T11:52:43.259+0000] {processor.py:925} INFO - DAG(s) 'weather_pipeline' retrieved from /opt/airflow/dags/Weather.py
[2025-10-09T11:52:43.279+0000] {logging_mixin.py:190} INFO - [2025-10-09T11:52:43.279+0000] {dag.py:3239} INFO - Sync 1 DAGs
[2025-10-09T11:52:43.306+0000] {logging_mixin.py:190} INFO - [2025-10-09T11:52:43.306+0000] {dag.py:4180} INFO - Setting next_dagrun for weather_pipeline to 2025-10-09 09:00:00+00:00, run_after=2025-10-09 12:00:00+00:00
[2025-10-09T11:52:43.337+0000] {processor.py:208} INFO - Processing /opt/airflow/dags/Weather.py took 0.111 seconds
[2025-10-09T11:53:13.722+0000] {processor.py:186} INFO - Started process (PID=1852) to work on /opt/airflow/dags/Weather.py
[2025-10-09T11:53:13.723+0000] {processor.py:914} INFO - Processing file /opt/airflow/dags/Weather.py for tasks to queue
[2025-10-09T11:53:13.726+0000] {logging_mixin.py:190} INFO - [2025-10-09T11:53:13.726+0000] {dagbag.py:588} INFO - Filling up the DagBag from /opt/airflow/dags/Weather.py
[2025-10-09T11:53:13.753+0000] {processor.py:925} INFO - DAG(s) 'weather_pipeline' retrieved from /opt/airflow/dags/Weather.py
[2025-10-09T11:53:13.777+0000] {logging_mixin.py:190} INFO - [2025-10-09T11:53:13.777+0000] {dag.py:3239} INFO - Sync 1 DAGs
[2025-10-09T11:53:13.811+0000] {logging_mixin.py:190} INFO - [2025-10-09T11:53:13.811+0000] {dag.py:4180} INFO - Setting next_dagrun for weather_pipeline to 2025-10-09 09:00:00+00:00, run_after=2025-10-09 12:00:00+00:00
[2025-10-09T11:53:13.842+0000] {processor.py:208} INFO - Processing /opt/airflow/dags/Weather.py took 0.127 seconds
[2025-10-09T11:53:44.254+0000] {processor.py:186} INFO - Started process (PID=1915) to work on /opt/airflow/dags/Weather.py
[2025-10-09T11:53:44.260+0000] {processor.py:914} INFO - Processing file /opt/airflow/dags/Weather.py for tasks to queue
[2025-10-09T11:53:44.265+0000] {logging_mixin.py:190} INFO - [2025-10-09T11:53:44.265+0000] {dagbag.py:588} INFO - Filling up the DagBag from /opt/airflow/dags/Weather.py
[2025-10-09T11:53:44.304+0000] {processor.py:925} INFO - DAG(s) 'weather_pipeline' retrieved from /opt/airflow/dags/Weather.py
[2025-10-09T11:53:44.347+0000] {logging_mixin.py:190} INFO - [2025-10-09T11:53:44.347+0000] {dag.py:3239} INFO - Sync 1 DAGs
[2025-10-09T11:53:44.399+0000] {logging_mixin.py:190} INFO - [2025-10-09T11:53:44.399+0000] {dag.py:4180} INFO - Setting next_dagrun for weather_pipeline to 2025-10-09 09:00:00+00:00, run_after=2025-10-09 12:00:00+00:00
[2025-10-09T11:53:44.436+0000] {processor.py:208} INFO - Processing /opt/airflow/dags/Weather.py took 0.191 seconds
[2025-10-09T11:54:15.406+0000] {processor.py:186} INFO - Started process (PID=1978) to work on /opt/airflow/dags/Weather.py
[2025-10-09T11:54:15.410+0000] {processor.py:914} INFO - Processing file /opt/airflow/dags/Weather.py for tasks to queue
[2025-10-09T11:54:15.420+0000] {logging_mixin.py:190} INFO - [2025-10-09T11:54:15.419+0000] {dagbag.py:588} INFO - Filling up the DagBag from /opt/airflow/dags/Weather.py
[2025-10-09T11:54:15.468+0000] {processor.py:925} INFO - DAG(s) 'weather_pipeline' retrieved from /opt/airflow/dags/Weather.py
[2025-10-09T11:54:15.502+0000] {logging_mixin.py:190} INFO - [2025-10-09T11:54:15.502+0000] {dag.py:3239} INFO - Sync 1 DAGs
[2025-10-09T11:54:15.546+0000] {logging_mixin.py:190} INFO - [2025-10-09T11:54:15.545+0000] {dag.py:4180} INFO - Setting next_dagrun for weather_pipeline to 2025-10-09 09:00:00+00:00, run_after=2025-10-09 12:00:00+00:00
[2025-10-09T11:54:15.579+0000] {processor.py:208} INFO - Processing /opt/airflow/dags/Weather.py took 0.190 seconds
[2025-10-09T12:01:00.644+0000] {processor.py:186} INFO - Started process (PID=49) to work on /opt/airflow/dags/Weather.py
[2025-10-09T12:01:00.646+0000] {processor.py:914} INFO - Processing file /opt/airflow/dags/Weather.py for tasks to queue
[2025-10-09T12:01:00.654+0000] {logging_mixin.py:190} INFO - [2025-10-09T12:01:00.653+0000] {dagbag.py:588} INFO - Filling up the DagBag from /opt/airflow/dags/Weather.py
[2025-10-09T12:01:00.725+0000] {processor.py:925} INFO - DAG(s) 'weather_pipeline' retrieved from /opt/airflow/dags/Weather.py
[2025-10-09T12:01:00.805+0000] {logging_mixin.py:190} INFO - [2025-10-09T12:01:00.804+0000] {dag.py:3239} INFO - Sync 1 DAGs
[2025-10-09T12:01:00.858+0000] {logging_mixin.py:190} INFO - [2025-10-09T12:01:00.857+0000] {dag.py:4180} INFO - Setting next_dagrun for weather_pipeline to 2025-10-09 12:00:00+00:00, run_after=2025-10-09 15:00:00+00:00
[2025-10-09T12:01:00.920+0000] {processor.py:208} INFO - Processing /opt/airflow/dags/Weather.py took 0.286 seconds
[2025-10-09T12:01:31.877+0000] {processor.py:186} INFO - Started process (PID=112) to work on /opt/airflow/dags/Weather.py
[2025-10-09T12:01:31.878+0000] {processor.py:914} INFO - Processing file /opt/airflow/dags/Weather.py for tasks to queue
[2025-10-09T12:01:31.883+0000] {logging_mixin.py:190} INFO - [2025-10-09T12:01:31.882+0000] {dagbag.py:588} INFO - Filling up the DagBag from /opt/airflow/dags/Weather.py
[2025-10-09T12:01:31.915+0000] {processor.py:925} INFO - DAG(s) 'weather_pipeline' retrieved from /opt/airflow/dags/Weather.py
[2025-10-09T12:01:31.948+0000] {logging_mixin.py:190} INFO - [2025-10-09T12:01:31.948+0000] {dag.py:3239} INFO - Sync 1 DAGs
[2025-10-09T12:01:31.985+0000] {logging_mixin.py:190} INFO - [2025-10-09T12:01:31.985+0000] {dag.py:4180} INFO - Setting next_dagrun for weather_pipeline to 2025-10-09 12:00:00+00:00, run_after=2025-10-09 15:00:00+00:00
[2025-10-09T12:01:32.014+0000] {processor.py:208} INFO - Processing /opt/airflow/dags/Weather.py took 0.145 seconds
[2025-10-09T12:02:02.246+0000] {processor.py:186} INFO - Started process (PID=175) to work on /opt/airflow/dags/Weather.py
[2025-10-09T12:02:02.249+0000] {processor.py:914} INFO - Processing file /opt/airflow/dags/Weather.py for tasks to queue
[2025-10-09T12:02:02.255+0000] {logging_mixin.py:190} INFO - [2025-10-09T12:02:02.254+0000] {dagbag.py:588} INFO - Filling up the DagBag from /opt/airflow/dags/Weather.py
[2025-10-09T12:02:02.301+0000] {processor.py:925} INFO - DAG(s) 'weather_pipeline' retrieved from /opt/airflow/dags/Weather.py
[2025-10-09T12:02:02.330+0000] {logging_mixin.py:190} INFO - [2025-10-09T12:02:02.329+0000] {dag.py:3239} INFO - Sync 1 DAGs
[2025-10-09T12:02:02.366+0000] {logging_mixin.py:190} INFO - [2025-10-09T12:02:02.366+0000] {dag.py:4180} INFO - Setting next_dagrun for weather_pipeline to 2025-10-09 12:00:00+00:00, run_after=2025-10-09 15:00:00+00:00
[2025-10-09T12:02:02.390+0000] {processor.py:208} INFO - Processing /opt/airflow/dags/Weather.py took 0.160 seconds
[2025-10-09T12:02:32.670+0000] {processor.py:186} INFO - Started process (PID=238) to work on /opt/airflow/dags/Weather.py
[2025-10-09T12:02:32.671+0000] {processor.py:914} INFO - Processing file /opt/airflow/dags/Weather.py for tasks to queue
[2025-10-09T12:02:32.673+0000] {logging_mixin.py:190} INFO - [2025-10-09T12:02:32.673+0000] {dagbag.py:588} INFO - Filling up the DagBag from /opt/airflow/dags/Weather.py
[2025-10-09T12:02:32.700+0000] {processor.py:925} INFO - DAG(s) 'weather_pipeline' retrieved from /opt/airflow/dags/Weather.py
[2025-10-09T12:02:32.722+0000] {logging_mixin.py:190} INFO - [2025-10-09T12:02:32.721+0000] {dag.py:3239} INFO - Sync 1 DAGs
[2025-10-09T12:02:32.749+0000] {logging_mixin.py:190} INFO - [2025-10-09T12:02:32.748+0000] {dag.py:4180} INFO - Setting next_dagrun for weather_pipeline to 2025-10-09 12:00:00+00:00, run_after=2025-10-09 15:00:00+00:00
[2025-10-09T12:02:32.779+0000] {processor.py:208} INFO - Processing /opt/airflow/dags/Weather.py took 0.116 seconds
[2025-10-09T12:03:03.128+0000] {processor.py:186} INFO - Started process (PID=301) to work on /opt/airflow/dags/Weather.py
[2025-10-09T12:03:03.129+0000] {processor.py:914} INFO - Processing file /opt/airflow/dags/Weather.py for tasks to queue
[2025-10-09T12:03:03.133+0000] {logging_mixin.py:190} INFO - [2025-10-09T12:03:03.133+0000] {dagbag.py:588} INFO - Filling up the DagBag from /opt/airflow/dags/Weather.py
[2025-10-09T12:03:03.162+0000] {processor.py:925} INFO - DAG(s) 'weather_pipeline' retrieved from /opt/airflow/dags/Weather.py
[2025-10-09T12:03:03.190+0000] {logging_mixin.py:190} INFO - [2025-10-09T12:03:03.190+0000] {dag.py:3239} INFO - Sync 1 DAGs
[2025-10-09T12:03:03.225+0000] {logging_mixin.py:190} INFO - [2025-10-09T12:03:03.225+0000] {dag.py:4180} INFO - Setting next_dagrun for weather_pipeline to 2025-10-09 12:00:00+00:00, run_after=2025-10-09 15:00:00+00:00
[2025-10-09T12:03:03.249+0000] {processor.py:208} INFO - Processing /opt/airflow/dags/Weather.py took 0.130 seconds
[2025-10-09T12:03:33.379+0000] {processor.py:186} INFO - Started process (PID=364) to work on /opt/airflow/dags/Weather.py
[2025-10-09T12:03:33.381+0000] {processor.py:914} INFO - Processing file /opt/airflow/dags/Weather.py for tasks to queue
[2025-10-09T12:03:33.383+0000] {logging_mixin.py:190} INFO - [2025-10-09T12:03:33.383+0000] {dagbag.py:588} INFO - Filling up the DagBag from /opt/airflow/dags/Weather.py
[2025-10-09T12:03:33.406+0000] {processor.py:925} INFO - DAG(s) 'weather_pipeline' retrieved from /opt/airflow/dags/Weather.py
[2025-10-09T12:03:33.428+0000] {logging_mixin.py:190} INFO - [2025-10-09T12:03:33.428+0000] {dag.py:3239} INFO - Sync 1 DAGs
[2025-10-09T12:03:33.456+0000] {logging_mixin.py:190} INFO - [2025-10-09T12:03:33.455+0000] {dag.py:4180} INFO - Setting next_dagrun for weather_pipeline to 2025-10-09 12:00:00+00:00, run_after=2025-10-09 15:00:00+00:00
[2025-10-09T12:03:33.478+0000] {processor.py:208} INFO - Processing /opt/airflow/dags/Weather.py took 0.105 seconds
[2025-10-09T12:04:03.836+0000] {processor.py:186} INFO - Started process (PID=427) to work on /opt/airflow/dags/Weather.py
[2025-10-09T12:04:03.838+0000] {processor.py:914} INFO - Processing file /opt/airflow/dags/Weather.py for tasks to queue
[2025-10-09T12:04:03.841+0000] {logging_mixin.py:190} INFO - [2025-10-09T12:04:03.840+0000] {dagbag.py:588} INFO - Filling up the DagBag from /opt/airflow/dags/Weather.py
[2025-10-09T12:04:03.862+0000] {processor.py:925} INFO - DAG(s) 'weather_pipeline' retrieved from /opt/airflow/dags/Weather.py
[2025-10-09T12:04:03.885+0000] {logging_mixin.py:190} INFO - [2025-10-09T12:04:03.885+0000] {dag.py:3239} INFO - Sync 1 DAGs
[2025-10-09T12:04:03.912+0000] {logging_mixin.py:190} INFO - [2025-10-09T12:04:03.912+0000] {dag.py:4180} INFO - Setting next_dagrun for weather_pipeline to 2025-10-09 12:00:00+00:00, run_after=2025-10-09 15:00:00+00:00
[2025-10-09T12:04:03.942+0000] {processor.py:208} INFO - Processing /opt/airflow/dags/Weather.py took 0.112 seconds
