[2025-10-09T12:01:40.349+0000] {local_task_job_runner.py:123} INFO - ::group::Pre task execution logs
[2025-10-09T12:01:40.460+0000] {taskinstance.py:2612} INFO - Dependencies all met for dep_context=non-requeueable deps ti=<TaskInstance: weather_pipeline.get_data manual__2025-10-09T12:01:35.270653+00:00 [queued]>
[2025-10-09T12:01:40.510+0000] {taskinstance.py:2612} INFO - Dependencies all met for dep_context=requeueable deps ti=<TaskInstance: weather_pipeline.get_data manual__2025-10-09T12:01:35.270653+00:00 [queued]>
[2025-10-09T12:01:40.512+0000] {taskinstance.py:2865} INFO - Starting attempt 1 of 2
[2025-10-09T12:01:40.606+0000] {taskinstance.py:2888} INFO - Executing <Task(PythonOperator): get_data> on 2025-10-09 12:01:35.270653+00:00
[2025-10-09T12:01:40.663+0000] {warnings.py:112} WARNING - /home/***/.local/lib/python3.12/site-packages/***/task/task_runner/standard_task_runner.py:70: DeprecationWarning: This process (pid=687) is multi-threaded, use of fork() may lead to deadlocks in the child.
  pid = os.fork()

[2025-10-09T12:01:40.669+0000] {standard_task_runner.py:104} INFO - Running: ['***', 'tasks', 'run', 'weather_pipeline', 'get_data', 'manual__2025-10-09T12:01:35.270653+00:00', '--job-id', '314', '--raw', '--subdir', 'DAGS_FOLDER/Weather.py', '--cfg-path', '/tmp/tmpwdxbccco']
[2025-10-09T12:01:40.677+0000] {standard_task_runner.py:72} INFO - Started process 689 to run task
[2025-10-09T12:01:40.679+0000] {standard_task_runner.py:105} INFO - Job 314: Subtask get_data
[2025-10-09T12:01:41.427+0000] {task_command.py:467} INFO - Running <TaskInstance: weather_pipeline.get_data manual__2025-10-09T12:01:35.270653+00:00 [running]> on host afef8cd523eb
[2025-10-09T12:01:41.873+0000] {taskinstance.py:3131} INFO - Exporting env vars: AIRFLOW_CTX_DAG_OWNER='omar' AIRFLOW_CTX_DAG_ID='weather_pipeline' AIRFLOW_CTX_TASK_ID='get_data' AIRFLOW_CTX_EXECUTION_DATE='2025-10-09T12:01:35.270653+00:00' AIRFLOW_CTX_TRY_NUMBER='1' AIRFLOW_CTX_DAG_RUN_ID='manual__2025-10-09T12:01:35.270653+00:00'
[2025-10-09T12:01:41.878+0000] {logging_mixin.py:190} INFO - Task instance is in running state
[2025-10-09T12:01:41.879+0000] {logging_mixin.py:190} INFO -  Previous state of the Task instance: queued
[2025-10-09T12:01:41.881+0000] {logging_mixin.py:190} INFO - Current task name:get_data state:running start_date:2025-10-09 12:01:40.463555+00:00
[2025-10-09T12:01:41.885+0000] {logging_mixin.py:190} INFO - Dag name:weather_pipeline and current dag run status:running
[2025-10-09T12:01:41.887+0000] {taskinstance.py:731} INFO - ::endgroup::
[2025-10-09T12:01:56.054+0000] {python.py:240} INFO - Done. Returned value was: None
[2025-10-09T12:01:56.074+0000] {taskinstance.py:340} INFO - ::group::Post task execution logs
[2025-10-09T12:01:56.075+0000] {taskinstance.py:352} INFO - Marking task as SUCCESS. dag_id=weather_pipeline, task_id=get_data, run_id=manual__2025-10-09T12:01:35.270653+00:00, execution_date=20251009T120135, start_date=20251009T120140, end_date=20251009T120156
[2025-10-09T12:01:56.096+0000] {logging_mixin.py:190} INFO - Task instance in success state
[2025-10-09T12:01:56.098+0000] {logging_mixin.py:190} INFO -  Previous state of the Task instance: running
[2025-10-09T12:01:56.105+0000] {logging_mixin.py:190} INFO - Dag name:weather_pipeline queued_at:2025-10-09 12:01:35.349024+00:00
[2025-10-09T12:01:56.106+0000] {logging_mixin.py:190} INFO - Task hostname:afef8cd523eb operator:PythonOperator
[2025-10-09T12:01:56.143+0000] {local_task_job_runner.py:266} INFO - Task exited with return code 0
[2025-10-09T12:01:56.192+0000] {taskinstance.py:3900} INFO - 0 downstream tasks scheduled from follow-on schedule check
[2025-10-09T12:01:56.197+0000] {local_task_job_runner.py:245} INFO - ::endgroup::
