[2025-10-08T21:12:34.310+0000] {local_task_job_runner.py:123} INFO - ::group::Pre task execution logs
[2025-10-08T21:12:34.415+0000] {taskinstance.py:2612} INFO - Dependencies all met for dep_context=non-requeueable deps ti=<TaskInstance: weather_pipeline.process_Manchester manual__2025-10-08T21:09:16.917709+00:00 [queued]>
[2025-10-08T21:12:34.450+0000] {taskinstance.py:2612} INFO - Dependencies all met for dep_context=requeueable deps ti=<TaskInstance: weather_pipeline.process_Manchester manual__2025-10-08T21:09:16.917709+00:00 [queued]>
[2025-10-08T21:12:34.454+0000] {taskinstance.py:2865} INFO - Starting attempt 1 of 2
[2025-10-08T21:12:34.516+0000] {taskinstance.py:2888} INFO - Executing <Task(PythonOperator): process_Manchester> on 2025-10-08 21:09:16.917709+00:00
[2025-10-08T21:12:34.557+0000] {warnings.py:112} WARNING - /home/***/.local/lib/python3.12/site-packages/***/task/task_runner/standard_task_runner.py:70: DeprecationWarning: This process (pid=323) is multi-threaded, use of fork() may lead to deadlocks in the child.
  pid = os.fork()

[2025-10-08T21:12:34.575+0000] {standard_task_runner.py:72} INFO - Started process 333 to run task
[2025-10-08T21:12:34.593+0000] {standard_task_runner.py:104} INFO - Running: ['***', 'tasks', 'run', 'weather_pipeline', 'process_Manchester', 'manual__2025-10-08T21:09:16.917709+00:00', '--job-id', '235', '--raw', '--subdir', 'DAGS_FOLDER/Weather.py', '--cfg-path', '/tmp/tmp9o_lq0dg']
[2025-10-08T21:12:34.612+0000] {standard_task_runner.py:105} INFO - Job 235: Subtask process_Manchester
[2025-10-08T21:12:44.541+0000] {task_command.py:467} INFO - Running <TaskInstance: weather_pipeline.process_Manchester manual__2025-10-08T21:09:16.917709+00:00 [running]> on host afef8cd523eb
[2025-10-08T21:12:45.361+0000] {job.py:229} INFO - Heartbeat recovered after 11.39 seconds
[2025-10-08T21:12:55.809+0000] {taskinstance.py:3131} INFO - Exporting env vars: AIRFLOW_CTX_DAG_OWNER='omar' AIRFLOW_CTX_DAG_ID='weather_pipeline' AIRFLOW_CTX_TASK_ID='process_Manchester' AIRFLOW_CTX_EXECUTION_DATE='2025-10-08T21:09:16.917709+00:00' AIRFLOW_CTX_TRY_NUMBER='1' AIRFLOW_CTX_DAG_RUN_ID='manual__2025-10-08T21:09:16.917709+00:00'
[2025-10-08T21:12:55.818+0000] {logging_mixin.py:190} INFO - Task instance is in running state
[2025-10-08T21:12:55.823+0000] {logging_mixin.py:190} INFO -  Previous state of the Task instance: queued
[2025-10-08T21:12:55.826+0000] {logging_mixin.py:190} INFO - Current task name:process_Manchester state:running start_date:2025-10-08 21:12:34.416713+00:00
[2025-10-08T21:12:55.827+0000] {logging_mixin.py:190} INFO - Dag name:weather_pipeline and current dag run status:running
[2025-10-08T21:12:55.829+0000] {taskinstance.py:731} INFO - ::endgroup::
[2025-10-08T21:14:19.084+0000] {Weather.py:198} ERROR - ❌ Error in Manchester: ('HYT00', '[HYT00] [Microsoft][ODBC Driver 18 for SQL Server]Login timeout expired (0) (SQLDriverConnect)')
[2025-10-08T21:14:19.088+0000] {taskinstance.py:3310} ERROR - Task failed with exception
Traceback (most recent call last):
  File "/home/airflow/.local/lib/python3.12/site-packages/airflow/models/taskinstance.py", line 767, in _execute_task
    result = _execute_callable(context=context, **execute_callable_kwargs)
             ^^^^^^^^^^^^^^^^^^^^^^^^^^^^^^^^^^^^^^^^^^^^^^^^^^^^^^^^^^^^^
  File "/home/airflow/.local/lib/python3.12/site-packages/airflow/models/taskinstance.py", line 733, in _execute_callable
    return ExecutionCallableRunner(
           ^^^^^^^^^^^^^^^^^^^^^^^^
  File "/home/airflow/.local/lib/python3.12/site-packages/airflow/utils/operator_helpers.py", line 252, in run
    return self.func(*args, **kwargs)
           ^^^^^^^^^^^^^^^^^^^^^^^^^^
  File "/home/airflow/.local/lib/python3.12/site-packages/airflow/models/baseoperator.py", line 406, in wrapper
    return func(self, *args, **kwargs)
           ^^^^^^^^^^^^^^^^^^^^^^^^^^^
  File "/home/airflow/.local/lib/python3.12/site-packages/airflow/operators/python.py", line 238, in execute
    return_value = self.execute_callable()
                   ^^^^^^^^^^^^^^^^^^^^^^^
  File "/home/airflow/.local/lib/python3.12/site-packages/airflow/operators/python.py", line 256, in execute_callable
    return runner.run(*self.op_args, **self.op_kwargs)
           ^^^^^^^^^^^^^^^^^^^^^^^^^^^^^^^^^^^^^^^^^^^
  File "/home/airflow/.local/lib/python3.12/site-packages/airflow/utils/operator_helpers.py", line 252, in run
    return self.func(*args, **kwargs)
           ^^^^^^^^^^^^^^^^^^^^^^^^^^
  File "/opt/airflow/dags/Weather.py", line 200, in process_city
    conn.close()
    ^^^^
UnboundLocalError: cannot access local variable 'conn' where it is not associated with a value
[2025-10-08T21:14:19.445+0000] {job.py:229} INFO - Heartbeat recovered after 83.79 seconds
[2025-10-08T21:14:19.528+0000] {logging_mixin.py:190} INFO - Task instance in failure state
[2025-10-08T21:14:19.551+0000] {logging_mixin.py:190} INFO - Task start:2025-10-08 21:12:34.416713+00:00 end:2025-10-08 21:14:19.525660+00:00 duration:105.108947
[2025-10-08T21:14:19.556+0000] {logging_mixin.py:190} INFO - Task:<Task(PythonOperator): process_Manchester> dag:<DAG: weather_pipeline> dagrun:<DagRun weather_pipeline @ 2025-10-08 21:09:16.917709+00:00: manual__2025-10-08T21:09:16.917709+00:00, state:running, queued_at: 2025-10-08 21:09:17.007830+00:00. externally triggered: True>
[2025-10-08T21:14:19.561+0000] {logging_mixin.py:190} INFO - Failure caused by cannot access local variable 'conn' where it is not associated with a value
[2025-10-08T21:14:19.566+0000] {taskinstance.py:1225} INFO - Marking task as UP_FOR_RETRY. dag_id=weather_pipeline, task_id=process_Manchester, run_id=manual__2025-10-08T21:09:16.917709+00:00, execution_date=20251008T210916, start_date=20251008T211234, end_date=20251008T211419
[2025-10-08T21:14:19.711+0000] {taskinstance.py:340} INFO - ::group::Post task execution logs
[2025-10-08T21:14:19.713+0000] {standard_task_runner.py:124} ERROR - Failed to execute job 235 for task process_Manchester (cannot access local variable 'conn' where it is not associated with a value; 333)
Traceback (most recent call last):
  File "/home/airflow/.local/lib/python3.12/site-packages/airflow/task/task_runner/standard_task_runner.py", line 117, in _start_by_fork
    ret = args.func(args, dag=self.dag)
          ^^^^^^^^^^^^^^^^^^^^^^^^^^^^^
  File "/home/airflow/.local/lib/python3.12/site-packages/airflow/cli/cli_config.py", line 49, in command
    return func(*args, **kwargs)
           ^^^^^^^^^^^^^^^^^^^^^
  File "/home/airflow/.local/lib/python3.12/site-packages/airflow/utils/cli.py", line 115, in wrapper
    return f(*args, **kwargs)
           ^^^^^^^^^^^^^^^^^^
  File "/home/airflow/.local/lib/python3.12/site-packages/airflow/cli/commands/task_command.py", line 483, in task_run
    task_return_code = _run_task_by_selected_method(args, _dag, ti)
                       ^^^^^^^^^^^^^^^^^^^^^^^^^^^^^^^^^^^^^^^^^^^^
  File "/home/airflow/.local/lib/python3.12/site-packages/airflow/cli/commands/task_command.py", line 256, in _run_task_by_selected_method
    return _run_raw_task(args, ti)
           ^^^^^^^^^^^^^^^^^^^^^^^
  File "/home/airflow/.local/lib/python3.12/site-packages/airflow/cli/commands/task_command.py", line 341, in _run_raw_task
    return ti._run_raw_task(
           ^^^^^^^^^^^^^^^^^
  File "/home/airflow/.local/lib/python3.12/site-packages/airflow/utils/session.py", line 97, in wrapper
    return func(*args, session=session, **kwargs)
           ^^^^^^^^^^^^^^^^^^^^^^^^^^^^^^^^^^^^^^
  File "/home/airflow/.local/lib/python3.12/site-packages/airflow/models/taskinstance.py", line 3004, in _run_raw_task
    return _run_raw_task(
           ^^^^^^^^^^^^^^
  File "/home/airflow/.local/lib/python3.12/site-packages/airflow/models/taskinstance.py", line 273, in _run_raw_task
    TaskInstance._execute_task_with_callbacks(
  File "/home/airflow/.local/lib/python3.12/site-packages/airflow/models/taskinstance.py", line 3158, in _execute_task_with_callbacks
    result = self._execute_task(context, task_orig)
             ^^^^^^^^^^^^^^^^^^^^^^^^^^^^^^^^^^^^^^
  File "/home/airflow/.local/lib/python3.12/site-packages/airflow/models/taskinstance.py", line 3182, in _execute_task
    return _execute_task(self, context, task_orig)
           ^^^^^^^^^^^^^^^^^^^^^^^^^^^^^^^^^^^^^^^
  File "/home/airflow/.local/lib/python3.12/site-packages/airflow/models/taskinstance.py", line 767, in _execute_task
    result = _execute_callable(context=context, **execute_callable_kwargs)
             ^^^^^^^^^^^^^^^^^^^^^^^^^^^^^^^^^^^^^^^^^^^^^^^^^^^^^^^^^^^^^
  File "/home/airflow/.local/lib/python3.12/site-packages/airflow/models/taskinstance.py", line 733, in _execute_callable
    return ExecutionCallableRunner(
           ^^^^^^^^^^^^^^^^^^^^^^^^
  File "/home/airflow/.local/lib/python3.12/site-packages/airflow/utils/operator_helpers.py", line 252, in run
    return self.func(*args, **kwargs)
           ^^^^^^^^^^^^^^^^^^^^^^^^^^
  File "/home/airflow/.local/lib/python3.12/site-packages/airflow/models/baseoperator.py", line 406, in wrapper
    return func(self, *args, **kwargs)
           ^^^^^^^^^^^^^^^^^^^^^^^^^^^
  File "/home/airflow/.local/lib/python3.12/site-packages/airflow/operators/python.py", line 238, in execute
    return_value = self.execute_callable()
                   ^^^^^^^^^^^^^^^^^^^^^^^
  File "/home/airflow/.local/lib/python3.12/site-packages/airflow/operators/python.py", line 256, in execute_callable
    return runner.run(*self.op_args, **self.op_kwargs)
           ^^^^^^^^^^^^^^^^^^^^^^^^^^^^^^^^^^^^^^^^^^^
  File "/home/airflow/.local/lib/python3.12/site-packages/airflow/utils/operator_helpers.py", line 252, in run
    return self.func(*args, **kwargs)
           ^^^^^^^^^^^^^^^^^^^^^^^^^^
  File "/opt/airflow/dags/Weather.py", line 200, in process_city
    conn.close()
    ^^^^
UnboundLocalError: cannot access local variable 'conn' where it is not associated with a value
[2025-10-08T21:14:19.762+0000] {local_task_job_runner.py:266} INFO - Task exited with return code 1
[2025-10-08T21:14:19.806+0000] {local_task_job_runner.py:245} INFO - ::endgroup::
