[2025-10-08T21:17:52.740+0000] {local_task_job_runner.py:123} INFO - ::group::Pre task execution logs
[2025-10-08T21:17:52.827+0000] {taskinstance.py:2612} INFO - Dependencies all met for dep_context=non-requeueable deps ti=<TaskInstance: weather_pipeline.process_Manchester manual__2025-10-08T21:09:16.917709+00:00 [queued]>
[2025-10-08T21:17:52.888+0000] {taskinstance.py:2612} INFO - Dependencies all met for dep_context=requeueable deps ti=<TaskInstance: weather_pipeline.process_Manchester manual__2025-10-08T21:09:16.917709+00:00 [queued]>
[2025-10-08T21:17:52.899+0000] {taskinstance.py:2865} INFO - Starting attempt 2 of 2
[2025-10-08T21:17:53.032+0000] {taskinstance.py:2888} INFO - Executing <Task(PythonOperator): process_Manchester> on 2025-10-08 21:09:16.917709+00:00
[2025-10-08T21:17:53.080+0000] {warnings.py:112} WARNING - /home/***/.local/lib/python3.12/site-packages/***/task/task_runner/standard_task_runner.py:70: DeprecationWarning: This process (pid=369) is multi-threaded, use of fork() may lead to deadlocks in the child.
  pid = os.fork()

[2025-10-08T21:17:53.086+0000] {standard_task_runner.py:72} INFO - Started process 400 to run task
[2025-10-08T21:17:53.093+0000] {standard_task_runner.py:104} INFO - Running: ['***', 'tasks', 'run', 'weather_pipeline', 'process_Manchester', 'manual__2025-10-08T21:09:16.917709+00:00', '--job-id', '243', '--raw', '--subdir', 'DAGS_FOLDER/Weather.py', '--cfg-path', '/tmp/tmp5icpimck']
[2025-10-08T21:17:53.097+0000] {standard_task_runner.py:105} INFO - Job 243: Subtask process_Manchester
[2025-10-08T21:17:53.634+0000] {task_command.py:467} INFO - Running <TaskInstance: weather_pipeline.process_Manchester manual__2025-10-08T21:09:16.917709+00:00 [running]> on host afef8cd523eb
[2025-10-08T21:17:54.632+0000] {taskinstance.py:3131} INFO - Exporting env vars: AIRFLOW_CTX_DAG_OWNER='omar' AIRFLOW_CTX_DAG_ID='weather_pipeline' AIRFLOW_CTX_TASK_ID='process_Manchester' AIRFLOW_CTX_EXECUTION_DATE='2025-10-08T21:09:16.917709+00:00' AIRFLOW_CTX_TRY_NUMBER='2' AIRFLOW_CTX_DAG_RUN_ID='manual__2025-10-08T21:09:16.917709+00:00'
[2025-10-08T21:17:54.650+0000] {logging_mixin.py:190} INFO - Task instance is in running state
[2025-10-08T21:17:54.652+0000] {logging_mixin.py:190} INFO -  Previous state of the Task instance: queued
[2025-10-08T21:17:54.657+0000] {logging_mixin.py:190} INFO - Current task name:process_Manchester state:running start_date:2025-10-08 21:17:52.837096+00:00
[2025-10-08T21:17:54.670+0000] {logging_mixin.py:190} INFO - Dag name:weather_pipeline and current dag run status:running
[2025-10-08T21:17:54.673+0000] {taskinstance.py:731} INFO - ::endgroup::
[2025-10-08T21:17:57.042+0000] {Weather.py:198} ERROR - ❌ Error in Manchester: ('The SQL contains 5 parameter markers, but 4 parameters were supplied', 'HY000')
[2025-10-08T21:17:57.052+0000] {python.py:240} INFO - Done. Returned value was: None
[2025-10-08T21:17:57.098+0000] {taskinstance.py:340} INFO - ::group::Post task execution logs
[2025-10-08T21:17:57.104+0000] {taskinstance.py:352} INFO - Marking task as SUCCESS. dag_id=weather_pipeline, task_id=process_Manchester, run_id=manual__2025-10-08T21:09:16.917709+00:00, execution_date=20251008T210916, start_date=20251008T211752, end_date=20251008T211757
[2025-10-08T21:17:57.161+0000] {logging_mixin.py:190} INFO - Task instance in success state
[2025-10-08T21:17:57.165+0000] {logging_mixin.py:190} INFO -  Previous state of the Task instance: running
[2025-10-08T21:17:57.171+0000] {logging_mixin.py:190} INFO - Dag name:weather_pipeline queued_at:2025-10-08 21:09:17.007830+00:00
[2025-10-08T21:17:57.172+0000] {logging_mixin.py:190} INFO - Task hostname:afef8cd523eb operator:PythonOperator
[2025-10-08T21:17:57.230+0000] {local_task_job_runner.py:266} INFO - Task exited with return code 0
[2025-10-08T21:17:57.326+0000] {local_task_job_runner.py:245} INFO - ::endgroup::
