[2025-10-08T21:06:33.102+0000] {local_task_job_runner.py:123} INFO - ::group::Pre task execution logs
[2025-10-08T21:06:44.706+0000] {taskinstance.py:2612} INFO - Dependencies all met for dep_context=non-requeueable deps ti=<TaskInstance: weather_pipeline.process_Manchester scheduled__2025-10-08T18:00:00+00:00 [queued]>
[2025-10-08T21:06:44.735+0000] {taskinstance.py:2612} INFO - Dependencies all met for dep_context=requeueable deps ti=<TaskInstance: weather_pipeline.process_Manchester scheduled__2025-10-08T18:00:00+00:00 [queued]>
[2025-10-08T21:06:44.738+0000] {taskinstance.py:2865} INFO - Starting attempt 2 of 2
[2025-10-08T21:06:44.806+0000] {taskinstance.py:2888} INFO - Executing <Task(PythonOperator): process_Manchester> on 2025-10-08 18:00:00+00:00
[2025-10-08T21:06:44.846+0000] {warnings.py:112} WARNING - /home/***/.local/lib/python3.12/site-packages/***/task/task_runner/standard_task_runner.py:70: DeprecationWarning: This process (pid=278) is multi-threaded, use of fork() may lead to deadlocks in the child.
  pid = os.fork()

[2025-10-08T21:06:44.853+0000] {standard_task_runner.py:72} INFO - Started process 290 to run task
[2025-10-08T21:06:44.860+0000] {standard_task_runner.py:104} INFO - Running: ['***', 'tasks', 'run', 'weather_pipeline', 'process_Manchester', 'scheduled__2025-10-08T18:00:00+00:00', '--job-id', '232', '--raw', '--subdir', 'DAGS_FOLDER/Weather.py', '--cfg-path', '/tmp/tmpxkasnz6r']
[2025-10-08T21:06:44.863+0000] {standard_task_runner.py:105} INFO - Job 232: Subtask process_Manchester
[2025-10-08T21:06:50.165+0000] {job.py:229} INFO - Heartbeat recovered after 17.38 seconds
[2025-10-08T21:06:50.245+0000] {task_command.py:467} INFO - Running <TaskInstance: weather_pipeline.process_Manchester scheduled__2025-10-08T18:00:00+00:00 [running]> on host afef8cd523eb
[2025-10-08T21:06:51.163+0000] {taskinstance.py:3131} INFO - Exporting env vars: AIRFLOW_CTX_DAG_OWNER='omar' AIRFLOW_CTX_DAG_ID='weather_pipeline' AIRFLOW_CTX_TASK_ID='process_Manchester' AIRFLOW_CTX_EXECUTION_DATE='2025-10-08T18:00:00+00:00' AIRFLOW_CTX_TRY_NUMBER='2' AIRFLOW_CTX_DAG_RUN_ID='scheduled__2025-10-08T18:00:00+00:00'
[2025-10-08T21:06:51.167+0000] {logging_mixin.py:190} INFO - Task instance is in running state
[2025-10-08T21:06:51.168+0000] {logging_mixin.py:190} INFO -  Previous state of the Task instance: queued
[2025-10-08T21:06:51.170+0000] {logging_mixin.py:190} INFO - Current task name:process_Manchester state:running start_date:2025-10-08 21:06:44.708501+00:00
[2025-10-08T21:06:51.171+0000] {logging_mixin.py:190} INFO - Dag name:weather_pipeline and current dag run status:running
[2025-10-08T21:06:51.172+0000] {taskinstance.py:731} INFO - ::endgroup::
[2025-10-08T21:06:51.175+0000] {logging_mixin.py:190} INFO - Processing weather data for: Manchester
[2025-10-08T21:06:51.177+0000] {python.py:240} INFO - Done. Returned value was: None
[2025-10-08T21:06:51.205+0000] {taskinstance.py:340} INFO - ::group::Post task execution logs
[2025-10-08T21:06:51.206+0000] {taskinstance.py:352} INFO - Marking task as SUCCESS. dag_id=weather_pipeline, task_id=process_Manchester, run_id=scheduled__2025-10-08T18:00:00+00:00, execution_date=20251008T180000, start_date=20251008T210644, end_date=20251008T210651
[2025-10-08T21:06:51.234+0000] {logging_mixin.py:190} INFO - Task instance in success state
[2025-10-08T21:06:51.236+0000] {logging_mixin.py:190} INFO -  Previous state of the Task instance: running
[2025-10-08T21:06:51.238+0000] {logging_mixin.py:190} INFO - Dag name:weather_pipeline queued_at:2025-10-08 21:02:06.602732+00:00
[2025-10-08T21:06:51.240+0000] {logging_mixin.py:190} INFO - Task hostname:afef8cd523eb operator:PythonOperator
[2025-10-08T21:06:51.313+0000] {local_task_job_runner.py:266} INFO - Task exited with return code 0
[2025-10-08T21:06:51.389+0000] {taskinstance.py:3900} INFO - 0 downstream tasks scheduled from follow-on schedule check
[2025-10-08T21:06:51.402+0000] {local_task_job_runner.py:245} INFO - ::endgroup::
