[2025-10-09T11:22:20.258+0000] {local_task_job_runner.py:123} INFO - ::group::Pre task execution logs
[2025-10-09T11:22:20.326+0000] {taskinstance.py:2612} INFO - Dependencies all met for dep_context=non-requeueable deps ti=<TaskInstance: weather_pipeline.get_data manual__2025-10-09T11:22:16.754032+00:00 [queued]>
[2025-10-09T11:22:20.377+0000] {taskinstance.py:2612} INFO - Dependencies all met for dep_context=requeueable deps ti=<TaskInstance: weather_pipeline.get_data manual__2025-10-09T11:22:16.754032+00:00 [queued]>
[2025-10-09T11:22:20.399+0000] {taskinstance.py:2865} INFO - Starting attempt 1 of 2
[2025-10-09T11:22:20.482+0000] {taskinstance.py:2888} INFO - Executing <Task(PythonOperator): get_data> on 2025-10-09 11:22:16.754032+00:00
[2025-10-09T11:22:20.509+0000] {warnings.py:112} WARNING - /home/***/.local/lib/python3.12/site-packages/***/task/task_runner/standard_task_runner.py:70: DeprecationWarning: This process (pid=296) is multi-threaded, use of fork() may lead to deadlocks in the child.
  pid = os.fork()

[2025-10-09T11:22:20.512+0000] {standard_task_runner.py:72} INFO - Started process 305 to run task
[2025-10-09T11:22:20.511+0000] {standard_task_runner.py:104} INFO - Running: ['***', 'tasks', 'run', 'weather_pipeline', 'get_data', 'manual__2025-10-09T11:22:16.754032+00:00', '--job-id', '306', '--raw', '--subdir', 'DAGS_FOLDER/Weather.py', '--cfg-path', '/tmp/tmp_ysfd9kj']
[2025-10-09T11:22:20.514+0000] {standard_task_runner.py:105} INFO - Job 306: Subtask get_data
[2025-10-09T11:22:20.623+0000] {task_command.py:467} INFO - Running <TaskInstance: weather_pipeline.get_data manual__2025-10-09T11:22:16.754032+00:00 [running]> on host afef8cd523eb
[2025-10-09T11:22:20.843+0000] {taskinstance.py:3131} INFO - Exporting env vars: AIRFLOW_CTX_DAG_OWNER='omar' AIRFLOW_CTX_DAG_ID='weather_pipeline' AIRFLOW_CTX_TASK_ID='get_data' AIRFLOW_CTX_EXECUTION_DATE='2025-10-09T11:22:16.754032+00:00' AIRFLOW_CTX_TRY_NUMBER='1' AIRFLOW_CTX_DAG_RUN_ID='manual__2025-10-09T11:22:16.754032+00:00'
[2025-10-09T11:22:20.845+0000] {logging_mixin.py:190} INFO - Task instance is in running state
[2025-10-09T11:22:20.846+0000] {logging_mixin.py:190} INFO -  Previous state of the Task instance: queued
[2025-10-09T11:22:20.847+0000] {logging_mixin.py:190} INFO - Current task name:get_data state:running start_date:2025-10-09 11:22:20.331101+00:00
[2025-10-09T11:22:20.848+0000] {logging_mixin.py:190} INFO - Dag name:weather_pipeline and current dag run status:running
[2025-10-09T11:22:20.850+0000] {taskinstance.py:731} INFO - ::endgroup::
[2025-10-09T11:22:42.342+0000] {taskinstance.py:3310} ERROR - Task failed with exception
Traceback (most recent call last):
  File "/home/airflow/.local/lib/python3.12/site-packages/airflow/models/taskinstance.py", line 767, in _execute_task
    result = _execute_callable(context=context, **execute_callable_kwargs)
             ^^^^^^^^^^^^^^^^^^^^^^^^^^^^^^^^^^^^^^^^^^^^^^^^^^^^^^^^^^^^^
  File "/home/airflow/.local/lib/python3.12/site-packages/airflow/models/taskinstance.py", line 733, in _execute_callable
    return ExecutionCallableRunner(
           ^^^^^^^^^^^^^^^^^^^^^^^^
  File "/home/airflow/.local/lib/python3.12/site-packages/airflow/utils/operator_helpers.py", line 252, in run
    return self.func(*args, **kwargs)
           ^^^^^^^^^^^^^^^^^^^^^^^^^^
  File "/home/airflow/.local/lib/python3.12/site-packages/airflow/models/baseoperator.py", line 406, in wrapper
    return func(self, *args, **kwargs)
           ^^^^^^^^^^^^^^^^^^^^^^^^^^^
  File "/home/airflow/.local/lib/python3.12/site-packages/airflow/operators/python.py", line 238, in execute
    return_value = self.execute_callable()
                   ^^^^^^^^^^^^^^^^^^^^^^^
  File "/home/airflow/.local/lib/python3.12/site-packages/airflow/operators/python.py", line 256, in execute_callable
    return runner.run(*self.op_args, **self.op_kwargs)
           ^^^^^^^^^^^^^^^^^^^^^^^^^^^^^^^^^^^^^^^^^^^
  File "/home/airflow/.local/lib/python3.12/site-packages/airflow/utils/operator_helpers.py", line 252, in run
    return self.func(*args, **kwargs)
           ^^^^^^^^^^^^^^^^^^^^^^^^^^
  File "/opt/airflow/dags/Weather.py", line 235, in get_data
    event_id = insert_DimWeatherEvent(event_data, conn, cursor)
               ^^^^^^^^^^^^^^^^^^^^^^^^^^^^^^^^^^^^^^^^^^^^^^^^
  File "/opt/airflow/dags/Weather.py", line 178, in insert_DimWeatherEvent
    cursor.execute("""
pyodbc.ProgrammingError: ('42000', "[42000] [Microsoft][ODBC Driver 18 for SQL Server][SQL Server]String or binary data would be truncated in table 'project.dbo.DimWeatherEvent', column 'description'. Truncated value: 'Partly cloudy throughout the day with early mornin'. (2628) (SQLExecDirectW)")
[2025-10-09T11:22:42.373+0000] {logging_mixin.py:190} INFO - Task instance in failure state
[2025-10-09T11:22:42.374+0000] {logging_mixin.py:190} INFO - Task start:2025-10-09 11:22:20.331101+00:00 end:2025-10-09 11:22:42.372391+00:00 duration:22.04129
[2025-10-09T11:22:42.374+0000] {logging_mixin.py:190} INFO - Task:<Task(PythonOperator): get_data> dag:<DAG: weather_pipeline> dagrun:<DagRun weather_pipeline @ 2025-10-09 11:22:16.754032+00:00: manual__2025-10-09T11:22:16.754032+00:00, state:running, queued_at: 2025-10-09 11:22:16.793388+00:00. externally triggered: True>
[2025-10-09T11:22:42.375+0000] {logging_mixin.py:190} INFO - Failure caused by ('42000', "[42000] [Microsoft][ODBC Driver 18 for SQL Server][SQL Server]String or binary data would be truncated in table 'project.dbo.DimWeatherEvent', column 'description'. Truncated value: 'Partly cloudy throughout the day with early mornin'. (2628) (SQLExecDirectW)")
[2025-10-09T11:22:42.376+0000] {taskinstance.py:1225} INFO - Marking task as UP_FOR_RETRY. dag_id=weather_pipeline, task_id=get_data, run_id=manual__2025-10-09T11:22:16.754032+00:00, execution_date=20251009T112216, start_date=20251009T112220, end_date=20251009T112242
[2025-10-09T11:22:42.403+0000] {taskinstance.py:340} INFO - ::group::Post task execution logs
[2025-10-09T11:22:42.404+0000] {standard_task_runner.py:124} ERROR - Failed to execute job 306 for task get_data (('42000', "[42000] [Microsoft][ODBC Driver 18 for SQL Server][SQL Server]String or binary data would be truncated in table 'project.dbo.DimWeatherEvent', column 'description'. Truncated value: 'Partly cloudy throughout the day with early mornin'. (2628) (SQLExecDirectW)"); 305)
Traceback (most recent call last):
  File "/home/airflow/.local/lib/python3.12/site-packages/airflow/task/task_runner/standard_task_runner.py", line 117, in _start_by_fork
    ret = args.func(args, dag=self.dag)
          ^^^^^^^^^^^^^^^^^^^^^^^^^^^^^
  File "/home/airflow/.local/lib/python3.12/site-packages/airflow/cli/cli_config.py", line 49, in command
    return func(*args, **kwargs)
           ^^^^^^^^^^^^^^^^^^^^^
  File "/home/airflow/.local/lib/python3.12/site-packages/airflow/utils/cli.py", line 115, in wrapper
    return f(*args, **kwargs)
           ^^^^^^^^^^^^^^^^^^
  File "/home/airflow/.local/lib/python3.12/site-packages/airflow/cli/commands/task_command.py", line 483, in task_run
    task_return_code = _run_task_by_selected_method(args, _dag, ti)
                       ^^^^^^^^^^^^^^^^^^^^^^^^^^^^^^^^^^^^^^^^^^^^
  File "/home/airflow/.local/lib/python3.12/site-packages/airflow/cli/commands/task_command.py", line 256, in _run_task_by_selected_method
    return _run_raw_task(args, ti)
           ^^^^^^^^^^^^^^^^^^^^^^^
  File "/home/airflow/.local/lib/python3.12/site-packages/airflow/cli/commands/task_command.py", line 341, in _run_raw_task
    return ti._run_raw_task(
           ^^^^^^^^^^^^^^^^^
  File "/home/airflow/.local/lib/python3.12/site-packages/airflow/utils/session.py", line 97, in wrapper
    return func(*args, session=session, **kwargs)
           ^^^^^^^^^^^^^^^^^^^^^^^^^^^^^^^^^^^^^^
  File "/home/airflow/.local/lib/python3.12/site-packages/airflow/models/taskinstance.py", line 3004, in _run_raw_task
    return _run_raw_task(
           ^^^^^^^^^^^^^^
  File "/home/airflow/.local/lib/python3.12/site-packages/airflow/models/taskinstance.py", line 273, in _run_raw_task
    TaskInstance._execute_task_with_callbacks(
  File "/home/airflow/.local/lib/python3.12/site-packages/airflow/models/taskinstance.py", line 3158, in _execute_task_with_callbacks
    result = self._execute_task(context, task_orig)
             ^^^^^^^^^^^^^^^^^^^^^^^^^^^^^^^^^^^^^^
  File "/home/airflow/.local/lib/python3.12/site-packages/airflow/models/taskinstance.py", line 3182, in _execute_task
    return _execute_task(self, context, task_orig)
           ^^^^^^^^^^^^^^^^^^^^^^^^^^^^^^^^^^^^^^^
  File "/home/airflow/.local/lib/python3.12/site-packages/airflow/models/taskinstance.py", line 767, in _execute_task
    result = _execute_callable(context=context, **execute_callable_kwargs)
             ^^^^^^^^^^^^^^^^^^^^^^^^^^^^^^^^^^^^^^^^^^^^^^^^^^^^^^^^^^^^^
  File "/home/airflow/.local/lib/python3.12/site-packages/airflow/models/taskinstance.py", line 733, in _execute_callable
    return ExecutionCallableRunner(
           ^^^^^^^^^^^^^^^^^^^^^^^^
  File "/home/airflow/.local/lib/python3.12/site-packages/airflow/utils/operator_helpers.py", line 252, in run
    return self.func(*args, **kwargs)
           ^^^^^^^^^^^^^^^^^^^^^^^^^^
  File "/home/airflow/.local/lib/python3.12/site-packages/airflow/models/baseoperator.py", line 406, in wrapper
    return func(self, *args, **kwargs)
           ^^^^^^^^^^^^^^^^^^^^^^^^^^^
  File "/home/airflow/.local/lib/python3.12/site-packages/airflow/operators/python.py", line 238, in execute
    return_value = self.execute_callable()
                   ^^^^^^^^^^^^^^^^^^^^^^^
  File "/home/airflow/.local/lib/python3.12/site-packages/airflow/operators/python.py", line 256, in execute_callable
    return runner.run(*self.op_args, **self.op_kwargs)
           ^^^^^^^^^^^^^^^^^^^^^^^^^^^^^^^^^^^^^^^^^^^
  File "/home/airflow/.local/lib/python3.12/site-packages/airflow/utils/operator_helpers.py", line 252, in run
    return self.func(*args, **kwargs)
           ^^^^^^^^^^^^^^^^^^^^^^^^^^
  File "/opt/airflow/dags/Weather.py", line 235, in get_data
    event_id = insert_DimWeatherEvent(event_data, conn, cursor)
               ^^^^^^^^^^^^^^^^^^^^^^^^^^^^^^^^^^^^^^^^^^^^^^^^
  File "/opt/airflow/dags/Weather.py", line 178, in insert_DimWeatherEvent
    cursor.execute("""
pyodbc.ProgrammingError: ('42000', "[42000] [Microsoft][ODBC Driver 18 for SQL Server][SQL Server]String or binary data would be truncated in table 'project.dbo.DimWeatherEvent', column 'description'. Truncated value: 'Partly cloudy throughout the day with early mornin'. (2628) (SQLExecDirectW)")
[2025-10-09T11:22:42.451+0000] {local_task_job_runner.py:266} INFO - Task exited with return code 1
[2025-10-09T11:22:42.468+0000] {taskinstance.py:3900} INFO - 0 downstream tasks scheduled from follow-on schedule check
[2025-10-09T11:22:42.471+0000] {local_task_job_runner.py:245} INFO - ::endgroup::
