[2025-10-08T23:41:31.219+0000] {processor.py:186} INFO - Started process (PID=58) to work on /opt/airflow/dags/Warehouse/Weather.py
[2025-10-08T23:41:31.223+0000] {processor.py:914} INFO - Processing file /opt/airflow/dags/Warehouse/Weather.py for tasks to queue
[2025-10-08T23:41:31.237+0000] {logging_mixin.py:190} INFO - [2025-10-08T23:41:31.236+0000] {dagbag.py:588} INFO - Filling up the DagBag from /opt/airflow/dags/Warehouse/Weather.py
[2025-10-08T23:41:31.332+0000] {processor.py:925} INFO - DAG(s) 'weather_pipeline' retrieved from /opt/airflow/dags/Warehouse/Weather.py
[2025-10-08T23:41:32.086+0000] {logging_mixin.py:190} INFO - [2025-10-08T23:41:32.085+0000] {override.py:1900} INFO - Created Permission View: can delete on DAG:weather_pipeline
[2025-10-08T23:41:32.128+0000] {logging_mixin.py:190} INFO - [2025-10-08T23:41:32.127+0000] {override.py:1900} INFO - Created Permission View: can edit on DAG:weather_pipeline
[2025-10-08T23:41:32.151+0000] {logging_mixin.py:190} INFO - [2025-10-08T23:41:32.150+0000] {override.py:1900} INFO - Created Permission View: can read on DAG:weather_pipeline
[2025-10-08T23:41:32.165+0000] {logging_mixin.py:190} INFO - [2025-10-08T23:41:32.165+0000] {override.py:1900} INFO - Created Permission View: can create on DAG Run:weather_pipeline
[2025-10-08T23:41:32.173+0000] {logging_mixin.py:190} INFO - [2025-10-08T23:41:32.172+0000] {override.py:1900} INFO - Created Permission View: menu access on DAG Run:weather_pipeline
[2025-10-08T23:41:32.181+0000] {logging_mixin.py:190} INFO - [2025-10-08T23:41:32.181+0000] {override.py:1900} INFO - Created Permission View: can delete on DAG Run:weather_pipeline
[2025-10-08T23:41:32.189+0000] {logging_mixin.py:190} INFO - [2025-10-08T23:41:32.189+0000] {override.py:1900} INFO - Created Permission View: can read on DAG Run:weather_pipeline
[2025-10-08T23:41:32.190+0000] {logging_mixin.py:190} INFO - [2025-10-08T23:41:32.190+0000] {dag.py:3239} INFO - Sync 1 DAGs
[2025-10-08T23:41:32.233+0000] {logging_mixin.py:190} INFO - [2025-10-08T23:41:32.232+0000] {dag.py:3262} INFO - Creating ORM DAG for weather_pipeline
[2025-10-08T23:41:32.281+0000] {logging_mixin.py:190} INFO - [2025-10-08T23:41:32.281+0000] {dag.py:4180} INFO - Setting next_dagrun for weather_pipeline to 2025-10-08 23:36:00+00:00, run_after=2025-10-08 23:39:00+00:00
[2025-10-08T23:41:32.356+0000] {processor.py:208} INFO - Processing /opt/airflow/dags/Warehouse/Weather.py took 1.155 seconds
[2025-10-08T23:42:02.441+0000] {processor.py:186} INFO - Started process (PID=121) to work on /opt/airflow/dags/Warehouse/Weather.py
[2025-10-08T23:42:02.442+0000] {processor.py:914} INFO - Processing file /opt/airflow/dags/Warehouse/Weather.py for tasks to queue
[2025-10-08T23:42:02.445+0000] {logging_mixin.py:190} INFO - [2025-10-08T23:42:02.445+0000] {dagbag.py:588} INFO - Filling up the DagBag from /opt/airflow/dags/Warehouse/Weather.py
[2025-10-08T23:42:02.482+0000] {processor.py:925} INFO - DAG(s) 'weather_pipeline' retrieved from /opt/airflow/dags/Warehouse/Weather.py
[2025-10-08T23:42:02.507+0000] {logging_mixin.py:190} INFO - [2025-10-08T23:42:02.506+0000] {dag.py:3239} INFO - Sync 1 DAGs
[2025-10-08T23:42:02.535+0000] {logging_mixin.py:190} INFO - [2025-10-08T23:42:02.534+0000] {dag.py:4180} INFO - Setting next_dagrun for weather_pipeline to 2025-10-08 23:39:00+00:00, run_after=2025-10-08 23:42:00+00:00
[2025-10-08T23:42:02.560+0000] {processor.py:208} INFO - Processing /opt/airflow/dags/Warehouse/Weather.py took 0.127 seconds
[2025-10-08T23:42:33.082+0000] {processor.py:186} INFO - Started process (PID=186) to work on /opt/airflow/dags/Warehouse/Weather.py
[2025-10-08T23:42:33.084+0000] {processor.py:914} INFO - Processing file /opt/airflow/dags/Warehouse/Weather.py for tasks to queue
[2025-10-08T23:42:33.090+0000] {logging_mixin.py:190} INFO - [2025-10-08T23:42:33.089+0000] {dagbag.py:588} INFO - Filling up the DagBag from /opt/airflow/dags/Warehouse/Weather.py
[2025-10-08T23:42:33.129+0000] {processor.py:925} INFO - DAG(s) 'weather_pipeline' retrieved from /opt/airflow/dags/Warehouse/Weather.py
[2025-10-08T23:42:33.153+0000] {logging_mixin.py:190} INFO - [2025-10-08T23:42:33.152+0000] {dag.py:3239} INFO - Sync 1 DAGs
[2025-10-08T23:42:33.185+0000] {logging_mixin.py:190} INFO - [2025-10-08T23:42:33.185+0000] {dag.py:4180} INFO - Setting next_dagrun for weather_pipeline to 2025-10-08 23:39:00+00:00, run_after=2025-10-08 23:42:00+00:00
[2025-10-08T23:42:33.205+0000] {processor.py:208} INFO - Processing /opt/airflow/dags/Warehouse/Weather.py took 0.130 seconds
[2025-10-08T23:43:03.558+0000] {processor.py:186} INFO - Started process (PID=250) to work on /opt/airflow/dags/Warehouse/Weather.py
[2025-10-08T23:43:03.559+0000] {processor.py:914} INFO - Processing file /opt/airflow/dags/Warehouse/Weather.py for tasks to queue
[2025-10-08T23:43:03.564+0000] {logging_mixin.py:190} INFO - [2025-10-08T23:43:03.564+0000] {dagbag.py:588} INFO - Filling up the DagBag from /opt/airflow/dags/Warehouse/Weather.py
[2025-10-08T23:43:03.595+0000] {processor.py:925} INFO - DAG(s) 'weather_pipeline' retrieved from /opt/airflow/dags/Warehouse/Weather.py
[2025-10-08T23:43:03.616+0000] {logging_mixin.py:190} INFO - [2025-10-08T23:43:03.616+0000] {dag.py:3239} INFO - Sync 1 DAGs
[2025-10-08T23:43:03.640+0000] {logging_mixin.py:190} INFO - [2025-10-08T23:43:03.640+0000] {dag.py:4180} INFO - Setting next_dagrun for weather_pipeline to 2025-10-08 23:39:00+00:00, run_after=2025-10-08 23:42:00+00:00
[2025-10-08T23:43:03.661+0000] {processor.py:208} INFO - Processing /opt/airflow/dags/Warehouse/Weather.py took 0.110 seconds
[2025-10-08T23:43:34.549+0000] {processor.py:186} INFO - Started process (PID=320) to work on /opt/airflow/dags/Warehouse/Weather.py
[2025-10-08T23:43:34.551+0000] {processor.py:914} INFO - Processing file /opt/airflow/dags/Warehouse/Weather.py for tasks to queue
[2025-10-08T23:43:34.554+0000] {logging_mixin.py:190} INFO - [2025-10-08T23:43:34.554+0000] {dagbag.py:588} INFO - Filling up the DagBag from /opt/airflow/dags/Warehouse/Weather.py
[2025-10-08T23:43:34.587+0000] {processor.py:925} INFO - DAG(s) 'weather_pipeline' retrieved from /opt/airflow/dags/Warehouse/Weather.py
[2025-10-08T23:43:34.608+0000] {logging_mixin.py:190} INFO - [2025-10-08T23:43:34.608+0000] {dag.py:3239} INFO - Sync 1 DAGs
[2025-10-08T23:43:34.635+0000] {logging_mixin.py:190} INFO - [2025-10-08T23:43:34.635+0000] {dag.py:4180} INFO - Setting next_dagrun for weather_pipeline to 2025-10-08 23:39:00+00:00, run_after=2025-10-08 23:42:00+00:00
[2025-10-08T23:43:34.653+0000] {processor.py:208} INFO - Processing /opt/airflow/dags/Warehouse/Weather.py took 0.114 seconds
[2025-10-08T23:44:05.479+0000] {processor.py:186} INFO - Started process (PID=384) to work on /opt/airflow/dags/Warehouse/Weather.py
[2025-10-08T23:44:05.480+0000] {processor.py:914} INFO - Processing file /opt/airflow/dags/Warehouse/Weather.py for tasks to queue
[2025-10-08T23:44:05.483+0000] {logging_mixin.py:190} INFO - [2025-10-08T23:44:05.483+0000] {dagbag.py:588} INFO - Filling up the DagBag from /opt/airflow/dags/Warehouse/Weather.py
[2025-10-08T23:44:05.513+0000] {processor.py:925} INFO - DAG(s) 'weather_pipeline' retrieved from /opt/airflow/dags/Warehouse/Weather.py
[2025-10-08T23:44:05.533+0000] {logging_mixin.py:190} INFO - [2025-10-08T23:44:05.533+0000] {dag.py:3239} INFO - Sync 1 DAGs
[2025-10-08T23:44:05.562+0000] {logging_mixin.py:190} INFO - [2025-10-08T23:44:05.562+0000] {dag.py:4180} INFO - Setting next_dagrun for weather_pipeline to 2025-10-08 23:39:00+00:00, run_after=2025-10-08 23:42:00+00:00
[2025-10-08T23:44:05.581+0000] {processor.py:208} INFO - Processing /opt/airflow/dags/Warehouse/Weather.py took 0.109 seconds
[2025-10-08T23:44:35.660+0000] {processor.py:186} INFO - Started process (PID=448) to work on /opt/airflow/dags/Warehouse/Weather.py
[2025-10-08T23:44:35.661+0000] {processor.py:914} INFO - Processing file /opt/airflow/dags/Warehouse/Weather.py for tasks to queue
[2025-10-08T23:44:35.664+0000] {logging_mixin.py:190} INFO - [2025-10-08T23:44:35.663+0000] {dagbag.py:588} INFO - Filling up the DagBag from /opt/airflow/dags/Warehouse/Weather.py
[2025-10-08T23:44:35.692+0000] {processor.py:925} INFO - DAG(s) 'weather_pipeline' retrieved from /opt/airflow/dags/Warehouse/Weather.py
[2025-10-08T23:44:35.711+0000] {logging_mixin.py:190} INFO - [2025-10-08T23:44:35.711+0000] {dag.py:3239} INFO - Sync 1 DAGs
[2025-10-08T23:44:35.734+0000] {logging_mixin.py:190} INFO - [2025-10-08T23:44:35.734+0000] {dag.py:4180} INFO - Setting next_dagrun for weather_pipeline to 2025-10-08 23:39:00+00:00, run_after=2025-10-08 23:42:00+00:00
[2025-10-08T23:44:35.751+0000] {processor.py:208} INFO - Processing /opt/airflow/dags/Warehouse/Weather.py took 0.098 seconds
