[2025-10-08T21:06:06.869+0000] {local_task_job_runner.py:123} INFO - ::group::Pre task execution logs
[2025-10-08T21:06:06.950+0000] {taskinstance.py:2612} INFO - Dependencies all met for dep_context=non-requeueable deps ti=<TaskInstance: weather_pipeline.process_Los_Angeles scheduled__2025-10-08T18:00:00+00:00 [queued]>
[2025-10-08T21:06:06.969+0000] {taskinstance.py:2612} INFO - Dependencies all met for dep_context=requeueable deps ti=<TaskInstance: weather_pipeline.process_Los_Angeles scheduled__2025-10-08T18:00:00+00:00 [queued]>
[2025-10-08T21:06:06.970+0000] {taskinstance.py:2865} INFO - Starting attempt 2 of 2
[2025-10-08T21:06:07.005+0000] {taskinstance.py:2888} INFO - Executing <Task(PythonOperator): process_Los_Angeles> on 2025-10-08 18:00:00+00:00
[2025-10-08T21:06:07.033+0000] {warnings.py:112} WARNING - /home/***/.local/lib/python3.12/site-packages/***/task/task_runner/standard_task_runner.py:70: DeprecationWarning: This process (pid=261) is multi-threaded, use of fork() may lead to deadlocks in the child.
  pid = os.fork()

[2025-10-08T21:06:07.041+0000] {standard_task_runner.py:72} INFO - Started process 272 to run task
[2025-10-08T21:06:07.039+0000] {standard_task_runner.py:104} INFO - Running: ['***', 'tasks', 'run', 'weather_pipeline', 'process_Los_Angeles', 'scheduled__2025-10-08T18:00:00+00:00', '--job-id', '227', '--raw', '--subdir', 'DAGS_FOLDER/Weather.py', '--cfg-path', '/tmp/tmp_4zbrzrw']
[2025-10-08T21:06:07.043+0000] {standard_task_runner.py:105} INFO - Job 227: Subtask process_Los_Angeles
[2025-10-08T21:06:07.228+0000] {task_command.py:467} INFO - Running <TaskInstance: weather_pipeline.process_Los_Angeles scheduled__2025-10-08T18:00:00+00:00 [running]> on host afef8cd523eb
[2025-10-08T21:06:07.550+0000] {taskinstance.py:3131} INFO - Exporting env vars: AIRFLOW_CTX_DAG_OWNER='omar' AIRFLOW_CTX_DAG_ID='weather_pipeline' AIRFLOW_CTX_TASK_ID='process_Los_Angeles' AIRFLOW_CTX_EXECUTION_DATE='2025-10-08T18:00:00+00:00' AIRFLOW_CTX_TRY_NUMBER='2' AIRFLOW_CTX_DAG_RUN_ID='scheduled__2025-10-08T18:00:00+00:00'
[2025-10-08T21:06:07.560+0000] {logging_mixin.py:190} INFO - Task instance is in running state
[2025-10-08T21:06:07.562+0000] {logging_mixin.py:190} INFO -  Previous state of the Task instance: queued
[2025-10-08T21:06:07.573+0000] {logging_mixin.py:190} INFO - Current task name:process_Los_Angeles state:running start_date:2025-10-08 21:06:06.951562+00:00
[2025-10-08T21:06:07.575+0000] {logging_mixin.py:190} INFO - Dag name:weather_pipeline and current dag run status:running
[2025-10-08T21:06:07.576+0000] {taskinstance.py:731} INFO - ::endgroup::
[2025-10-08T21:06:07.579+0000] {logging_mixin.py:190} INFO - Processing weather data for: Los Angeles
[2025-10-08T21:06:07.581+0000] {python.py:240} INFO - Done. Returned value was: None
[2025-10-08T21:06:07.628+0000] {taskinstance.py:340} INFO - ::group::Post task execution logs
[2025-10-08T21:06:07.629+0000] {taskinstance.py:352} INFO - Marking task as SUCCESS. dag_id=weather_pipeline, task_id=process_Los_Angeles, run_id=scheduled__2025-10-08T18:00:00+00:00, execution_date=20251008T180000, start_date=20251008T210606, end_date=20251008T210607
[2025-10-08T21:06:07.678+0000] {logging_mixin.py:190} INFO - Task instance in success state
[2025-10-08T21:06:07.681+0000] {logging_mixin.py:190} INFO -  Previous state of the Task instance: running
[2025-10-08T21:06:07.682+0000] {logging_mixin.py:190} INFO - Dag name:weather_pipeline queued_at:2025-10-08 21:02:06.602732+00:00
[2025-10-08T21:06:07.687+0000] {logging_mixin.py:190} INFO - Task hostname:afef8cd523eb operator:PythonOperator
[2025-10-08T21:06:07.759+0000] {local_task_job_runner.py:266} INFO - Task exited with return code 0
[2025-10-08T21:06:07.813+0000] {local_task_job_runner.py:245} INFO - ::endgroup::
