[2025-10-08T23:41:34.724+0000] {processor.py:186} INFO - Started process (PID=72) to work on /home/airflow/.local/lib/python3.12/site-packages/airflow/example_dags/example_setup_teardown.py
[2025-10-08T23:41:34.725+0000] {processor.py:914} INFO - Processing file /home/airflow/.local/lib/python3.12/site-packages/airflow/example_dags/example_setup_teardown.py for tasks to queue
[2025-10-08T23:41:34.728+0000] {logging_mixin.py:190} INFO - [2025-10-08T23:41:34.727+0000] {dagbag.py:588} INFO - Filling up the DagBag from /home/airflow/.local/lib/python3.12/site-packages/airflow/example_dags/example_setup_teardown.py
[2025-10-08T23:41:34.742+0000] {processor.py:925} INFO - DAG(s) 'example_setup_teardown' retrieved from /home/airflow/.local/lib/python3.12/site-packages/airflow/example_dags/example_setup_teardown.py
[2025-10-08T23:41:34.779+0000] {logging_mixin.py:190} INFO - [2025-10-08T23:41:34.778+0000] {dag.py:3239} INFO - Sync 1 DAGs
[2025-10-08T23:41:34.798+0000] {logging_mixin.py:190} INFO - [2025-10-08T23:41:34.798+0000] {dag.py:4180} INFO - Setting next_dagrun for example_setup_teardown to None, run_after=None
[2025-10-08T23:41:34.821+0000] {processor.py:208} INFO - Processing /home/airflow/.local/lib/python3.12/site-packages/airflow/example_dags/example_setup_teardown.py took 0.105 seconds
[2025-10-08T23:42:05.366+0000] {processor.py:186} INFO - Started process (PID=137) to work on /home/airflow/.local/lib/python3.12/site-packages/airflow/example_dags/example_setup_teardown.py
[2025-10-08T23:42:05.367+0000] {processor.py:914} INFO - Processing file /home/airflow/.local/lib/python3.12/site-packages/airflow/example_dags/example_setup_teardown.py for tasks to queue
[2025-10-08T23:42:05.371+0000] {logging_mixin.py:190} INFO - [2025-10-08T23:42:05.371+0000] {dagbag.py:588} INFO - Filling up the DagBag from /home/airflow/.local/lib/python3.12/site-packages/airflow/example_dags/example_setup_teardown.py
[2025-10-08T23:42:05.384+0000] {processor.py:925} INFO - DAG(s) 'example_setup_teardown' retrieved from /home/airflow/.local/lib/python3.12/site-packages/airflow/example_dags/example_setup_teardown.py
[2025-10-08T23:42:05.409+0000] {logging_mixin.py:190} INFO - [2025-10-08T23:42:05.409+0000] {dag.py:3239} INFO - Sync 1 DAGs
[2025-10-08T23:42:05.428+0000] {logging_mixin.py:190} INFO - [2025-10-08T23:42:05.427+0000] {dag.py:4180} INFO - Setting next_dagrun for example_setup_teardown to None, run_after=None
[2025-10-08T23:42:05.446+0000] {processor.py:208} INFO - Processing /home/airflow/.local/lib/python3.12/site-packages/airflow/example_dags/example_setup_teardown.py took 0.086 seconds
[2025-10-08T23:42:35.635+0000] {processor.py:186} INFO - Started process (PID=201) to work on /home/airflow/.local/lib/python3.12/site-packages/airflow/example_dags/example_setup_teardown.py
[2025-10-08T23:42:35.636+0000] {processor.py:914} INFO - Processing file /home/airflow/.local/lib/python3.12/site-packages/airflow/example_dags/example_setup_teardown.py for tasks to queue
[2025-10-08T23:42:35.640+0000] {logging_mixin.py:190} INFO - [2025-10-08T23:42:35.639+0000] {dagbag.py:588} INFO - Filling up the DagBag from /home/airflow/.local/lib/python3.12/site-packages/airflow/example_dags/example_setup_teardown.py
[2025-10-08T23:42:35.652+0000] {processor.py:925} INFO - DAG(s) 'example_setup_teardown' retrieved from /home/airflow/.local/lib/python3.12/site-packages/airflow/example_dags/example_setup_teardown.py
[2025-10-08T23:42:35.684+0000] {logging_mixin.py:190} INFO - [2025-10-08T23:42:35.684+0000] {dag.py:3239} INFO - Sync 1 DAGs
[2025-10-08T23:42:35.722+0000] {logging_mixin.py:190} INFO - [2025-10-08T23:42:35.722+0000] {dag.py:4180} INFO - Setting next_dagrun for example_setup_teardown to None, run_after=None
[2025-10-08T23:42:35.756+0000] {processor.py:208} INFO - Processing /home/airflow/.local/lib/python3.12/site-packages/airflow/example_dags/example_setup_teardown.py took 0.129 seconds
[2025-10-08T23:43:06.117+0000] {processor.py:186} INFO - Started process (PID=264) to work on /home/airflow/.local/lib/python3.12/site-packages/airflow/example_dags/example_setup_teardown.py
[2025-10-08T23:43:06.118+0000] {processor.py:914} INFO - Processing file /home/airflow/.local/lib/python3.12/site-packages/airflow/example_dags/example_setup_teardown.py for tasks to queue
[2025-10-08T23:43:06.121+0000] {logging_mixin.py:190} INFO - [2025-10-08T23:43:06.121+0000] {dagbag.py:588} INFO - Filling up the DagBag from /home/airflow/.local/lib/python3.12/site-packages/airflow/example_dags/example_setup_teardown.py
[2025-10-08T23:43:06.133+0000] {processor.py:925} INFO - DAG(s) 'example_setup_teardown' retrieved from /home/airflow/.local/lib/python3.12/site-packages/airflow/example_dags/example_setup_teardown.py
[2025-10-08T23:43:06.157+0000] {logging_mixin.py:190} INFO - [2025-10-08T23:43:06.157+0000] {dag.py:3239} INFO - Sync 1 DAGs
[2025-10-08T23:43:06.178+0000] {logging_mixin.py:190} INFO - [2025-10-08T23:43:06.177+0000] {dag.py:4180} INFO - Setting next_dagrun for example_setup_teardown to None, run_after=None
[2025-10-08T23:43:06.209+0000] {processor.py:208} INFO - Processing /home/airflow/.local/lib/python3.12/site-packages/airflow/example_dags/example_setup_teardown.py took 0.101 seconds
[2025-10-08T23:43:37.234+0000] {processor.py:186} INFO - Started process (PID=329) to work on /home/airflow/.local/lib/python3.12/site-packages/airflow/example_dags/example_setup_teardown.py
[2025-10-08T23:43:37.235+0000] {processor.py:914} INFO - Processing file /home/airflow/.local/lib/python3.12/site-packages/airflow/example_dags/example_setup_teardown.py for tasks to queue
[2025-10-08T23:43:37.238+0000] {logging_mixin.py:190} INFO - [2025-10-08T23:43:37.238+0000] {dagbag.py:588} INFO - Filling up the DagBag from /home/airflow/.local/lib/python3.12/site-packages/airflow/example_dags/example_setup_teardown.py
[2025-10-08T23:43:37.249+0000] {processor.py:925} INFO - DAG(s) 'example_setup_teardown' retrieved from /home/airflow/.local/lib/python3.12/site-packages/airflow/example_dags/example_setup_teardown.py
[2025-10-08T23:43:37.273+0000] {logging_mixin.py:190} INFO - [2025-10-08T23:43:37.273+0000] {dag.py:3239} INFO - Sync 1 DAGs
[2025-10-08T23:43:37.288+0000] {logging_mixin.py:190} INFO - [2025-10-08T23:43:37.287+0000] {dag.py:4180} INFO - Setting next_dagrun for example_setup_teardown to None, run_after=None
[2025-10-08T23:43:37.305+0000] {processor.py:208} INFO - Processing /home/airflow/.local/lib/python3.12/site-packages/airflow/example_dags/example_setup_teardown.py took 0.080 seconds
[2025-10-08T23:44:08.191+0000] {processor.py:186} INFO - Started process (PID=393) to work on /home/airflow/.local/lib/python3.12/site-packages/airflow/example_dags/example_setup_teardown.py
[2025-10-08T23:44:08.194+0000] {processor.py:914} INFO - Processing file /home/airflow/.local/lib/python3.12/site-packages/airflow/example_dags/example_setup_teardown.py for tasks to queue
[2025-10-08T23:44:08.204+0000] {logging_mixin.py:190} INFO - [2025-10-08T23:44:08.203+0000] {dagbag.py:588} INFO - Filling up the DagBag from /home/airflow/.local/lib/python3.12/site-packages/airflow/example_dags/example_setup_teardown.py
[2025-10-08T23:44:08.234+0000] {processor.py:925} INFO - DAG(s) 'example_setup_teardown' retrieved from /home/airflow/.local/lib/python3.12/site-packages/airflow/example_dags/example_setup_teardown.py
[2025-10-08T23:44:08.304+0000] {logging_mixin.py:190} INFO - [2025-10-08T23:44:08.303+0000] {dag.py:3239} INFO - Sync 1 DAGs
[2025-10-08T23:44:08.365+0000] {logging_mixin.py:190} INFO - [2025-10-08T23:44:08.365+0000] {dag.py:4180} INFO - Setting next_dagrun for example_setup_teardown to None, run_after=None
[2025-10-08T23:44:08.426+0000] {processor.py:208} INFO - Processing /home/airflow/.local/lib/python3.12/site-packages/airflow/example_dags/example_setup_teardown.py took 0.253 seconds
[2025-10-08T23:44:38.931+0000] {processor.py:186} INFO - Started process (PID=457) to work on /home/airflow/.local/lib/python3.12/site-packages/airflow/example_dags/example_setup_teardown.py
[2025-10-08T23:44:38.933+0000] {processor.py:914} INFO - Processing file /home/airflow/.local/lib/python3.12/site-packages/airflow/example_dags/example_setup_teardown.py for tasks to queue
[2025-10-08T23:44:38.940+0000] {logging_mixin.py:190} INFO - [2025-10-08T23:44:38.939+0000] {dagbag.py:588} INFO - Filling up the DagBag from /home/airflow/.local/lib/python3.12/site-packages/airflow/example_dags/example_setup_teardown.py
[2025-10-08T23:44:38.953+0000] {processor.py:925} INFO - DAG(s) 'example_setup_teardown' retrieved from /home/airflow/.local/lib/python3.12/site-packages/airflow/example_dags/example_setup_teardown.py
[2025-10-08T23:44:38.978+0000] {logging_mixin.py:190} INFO - [2025-10-08T23:44:38.977+0000] {dag.py:3239} INFO - Sync 1 DAGs
[2025-10-08T23:44:38.993+0000] {logging_mixin.py:190} INFO - [2025-10-08T23:44:38.993+0000] {dag.py:4180} INFO - Setting next_dagrun for example_setup_teardown to None, run_after=None
[2025-10-08T23:44:39.011+0000] {processor.py:208} INFO - Processing /home/airflow/.local/lib/python3.12/site-packages/airflow/example_dags/example_setup_teardown.py took 0.098 seconds
