[2025-10-08T23:41:33.719+0000] {processor.py:186} INFO - Started process (PID=68) to work on /home/airflow/.local/lib/python3.12/site-packages/airflow/example_dags/example_skip_dag.py
[2025-10-08T23:41:33.721+0000] {processor.py:914} INFO - Processing file /home/airflow/.local/lib/python3.12/site-packages/airflow/example_dags/example_skip_dag.py for tasks to queue
[2025-10-08T23:41:33.726+0000] {logging_mixin.py:190} INFO - [2025-10-08T23:41:33.724+0000] {dagbag.py:588} INFO - Filling up the DagBag from /home/airflow/.local/lib/python3.12/site-packages/airflow/example_dags/example_skip_dag.py
[2025-10-08T23:41:33.747+0000] {processor.py:925} INFO - DAG(s) 'example_skip_dag' retrieved from /home/airflow/.local/lib/python3.12/site-packages/airflow/example_dags/example_skip_dag.py
[2025-10-08T23:41:34.058+0000] {logging_mixin.py:190} INFO - [2025-10-08T23:41:34.057+0000] {dag.py:3239} INFO - Sync 1 DAGs
[2025-10-08T23:41:34.184+0000] {logging_mixin.py:190} INFO - [2025-10-08T23:41:34.183+0000] {dag.py:4180} INFO - Setting next_dagrun for example_skip_dag to 2025-10-07 00:00:00+00:00, run_after=2025-10-08 00:00:00+00:00
[2025-10-08T23:41:34.277+0000] {processor.py:208} INFO - Processing /home/airflow/.local/lib/python3.12/site-packages/airflow/example_dags/example_skip_dag.py took 0.569 seconds
[2025-10-08T23:42:04.774+0000] {processor.py:186} INFO - Started process (PID=133) to work on /home/airflow/.local/lib/python3.12/site-packages/airflow/example_dags/example_skip_dag.py
[2025-10-08T23:42:04.777+0000] {processor.py:914} INFO - Processing file /home/airflow/.local/lib/python3.12/site-packages/airflow/example_dags/example_skip_dag.py for tasks to queue
[2025-10-08T23:42:04.781+0000] {logging_mixin.py:190} INFO - [2025-10-08T23:42:04.780+0000] {dagbag.py:588} INFO - Filling up the DagBag from /home/airflow/.local/lib/python3.12/site-packages/airflow/example_dags/example_skip_dag.py
[2025-10-08T23:42:04.795+0000] {processor.py:925} INFO - DAG(s) 'example_skip_dag' retrieved from /home/airflow/.local/lib/python3.12/site-packages/airflow/example_dags/example_skip_dag.py
[2025-10-08T23:42:04.834+0000] {logging_mixin.py:190} INFO - [2025-10-08T23:42:04.833+0000] {dag.py:3239} INFO - Sync 1 DAGs
[2025-10-08T23:42:04.863+0000] {logging_mixin.py:190} INFO - [2025-10-08T23:42:04.863+0000] {dag.py:4180} INFO - Setting next_dagrun for example_skip_dag to 2025-10-07 00:00:00+00:00, run_after=2025-10-08 00:00:00+00:00
[2025-10-08T23:42:04.891+0000] {processor.py:208} INFO - Processing /home/airflow/.local/lib/python3.12/site-packages/airflow/example_dags/example_skip_dag.py took 0.126 seconds
[2025-10-08T23:42:35.248+0000] {processor.py:186} INFO - Started process (PID=196) to work on /home/airflow/.local/lib/python3.12/site-packages/airflow/example_dags/example_skip_dag.py
[2025-10-08T23:42:35.249+0000] {processor.py:914} INFO - Processing file /home/airflow/.local/lib/python3.12/site-packages/airflow/example_dags/example_skip_dag.py for tasks to queue
[2025-10-08T23:42:35.252+0000] {logging_mixin.py:190} INFO - [2025-10-08T23:42:35.252+0000] {dagbag.py:588} INFO - Filling up the DagBag from /home/airflow/.local/lib/python3.12/site-packages/airflow/example_dags/example_skip_dag.py
[2025-10-08T23:42:35.263+0000] {processor.py:925} INFO - DAG(s) 'example_skip_dag' retrieved from /home/airflow/.local/lib/python3.12/site-packages/airflow/example_dags/example_skip_dag.py
[2025-10-08T23:42:35.290+0000] {logging_mixin.py:190} INFO - [2025-10-08T23:42:35.289+0000] {dag.py:3239} INFO - Sync 1 DAGs
[2025-10-08T23:42:35.315+0000] {logging_mixin.py:190} INFO - [2025-10-08T23:42:35.315+0000] {dag.py:4180} INFO - Setting next_dagrun for example_skip_dag to 2025-10-07 00:00:00+00:00, run_after=2025-10-08 00:00:00+00:00
[2025-10-08T23:42:35.333+0000] {processor.py:208} INFO - Processing /home/airflow/.local/lib/python3.12/site-packages/airflow/example_dags/example_skip_dag.py took 0.094 seconds
[2025-10-08T23:43:05.871+0000] {processor.py:186} INFO - Started process (PID=260) to work on /home/airflow/.local/lib/python3.12/site-packages/airflow/example_dags/example_skip_dag.py
[2025-10-08T23:43:05.873+0000] {processor.py:914} INFO - Processing file /home/airflow/.local/lib/python3.12/site-packages/airflow/example_dags/example_skip_dag.py for tasks to queue
[2025-10-08T23:43:05.876+0000] {logging_mixin.py:190} INFO - [2025-10-08T23:43:05.875+0000] {dagbag.py:588} INFO - Filling up the DagBag from /home/airflow/.local/lib/python3.12/site-packages/airflow/example_dags/example_skip_dag.py
[2025-10-08T23:43:05.885+0000] {processor.py:925} INFO - DAG(s) 'example_skip_dag' retrieved from /home/airflow/.local/lib/python3.12/site-packages/airflow/example_dags/example_skip_dag.py
[2025-10-08T23:43:05.909+0000] {logging_mixin.py:190} INFO - [2025-10-08T23:43:05.908+0000] {dag.py:3239} INFO - Sync 1 DAGs
[2025-10-08T23:43:05.937+0000] {logging_mixin.py:190} INFO - [2025-10-08T23:43:05.937+0000] {dag.py:4180} INFO - Setting next_dagrun for example_skip_dag to 2025-10-07 00:00:00+00:00, run_after=2025-10-08 00:00:00+00:00
[2025-10-08T23:43:05.957+0000] {processor.py:208} INFO - Processing /home/airflow/.local/lib/python3.12/site-packages/airflow/example_dags/example_skip_dag.py took 0.093 seconds
[2025-10-08T23:43:36.870+0000] {processor.py:186} INFO - Started process (PID=325) to work on /home/airflow/.local/lib/python3.12/site-packages/airflow/example_dags/example_skip_dag.py
[2025-10-08T23:43:36.871+0000] {processor.py:914} INFO - Processing file /home/airflow/.local/lib/python3.12/site-packages/airflow/example_dags/example_skip_dag.py for tasks to queue
[2025-10-08T23:43:36.874+0000] {logging_mixin.py:190} INFO - [2025-10-08T23:43:36.874+0000] {dagbag.py:588} INFO - Filling up the DagBag from /home/airflow/.local/lib/python3.12/site-packages/airflow/example_dags/example_skip_dag.py
[2025-10-08T23:43:36.884+0000] {processor.py:925} INFO - DAG(s) 'example_skip_dag' retrieved from /home/airflow/.local/lib/python3.12/site-packages/airflow/example_dags/example_skip_dag.py
[2025-10-08T23:43:36.907+0000] {logging_mixin.py:190} INFO - [2025-10-08T23:43:36.907+0000] {dag.py:3239} INFO - Sync 1 DAGs
[2025-10-08T23:43:36.931+0000] {logging_mixin.py:190} INFO - [2025-10-08T23:43:36.931+0000] {dag.py:4180} INFO - Setting next_dagrun for example_skip_dag to 2025-10-07 00:00:00+00:00, run_after=2025-10-08 00:00:00+00:00
[2025-10-08T23:43:36.948+0000] {processor.py:208} INFO - Processing /home/airflow/.local/lib/python3.12/site-packages/airflow/example_dags/example_skip_dag.py took 0.084 seconds
[2025-10-08T23:44:07.775+0000] {processor.py:186} INFO - Started process (PID=389) to work on /home/airflow/.local/lib/python3.12/site-packages/airflow/example_dags/example_skip_dag.py
[2025-10-08T23:44:07.776+0000] {processor.py:914} INFO - Processing file /home/airflow/.local/lib/python3.12/site-packages/airflow/example_dags/example_skip_dag.py for tasks to queue
[2025-10-08T23:44:07.779+0000] {logging_mixin.py:190} INFO - [2025-10-08T23:44:07.779+0000] {dagbag.py:588} INFO - Filling up the DagBag from /home/airflow/.local/lib/python3.12/site-packages/airflow/example_dags/example_skip_dag.py
[2025-10-08T23:44:07.788+0000] {processor.py:925} INFO - DAG(s) 'example_skip_dag' retrieved from /home/airflow/.local/lib/python3.12/site-packages/airflow/example_dags/example_skip_dag.py
[2025-10-08T23:44:07.810+0000] {logging_mixin.py:190} INFO - [2025-10-08T23:44:07.810+0000] {dag.py:3239} INFO - Sync 1 DAGs
[2025-10-08T23:44:07.834+0000] {logging_mixin.py:190} INFO - [2025-10-08T23:44:07.834+0000] {dag.py:4180} INFO - Setting next_dagrun for example_skip_dag to 2025-10-07 00:00:00+00:00, run_after=2025-10-08 00:00:00+00:00
[2025-10-08T23:44:07.859+0000] {processor.py:208} INFO - Processing /home/airflow/.local/lib/python3.12/site-packages/airflow/example_dags/example_skip_dag.py took 0.090 seconds
[2025-10-08T23:44:37.935+0000] {processor.py:186} INFO - Started process (PID=452) to work on /home/airflow/.local/lib/python3.12/site-packages/airflow/example_dags/example_skip_dag.py
[2025-10-08T23:44:37.936+0000] {processor.py:914} INFO - Processing file /home/airflow/.local/lib/python3.12/site-packages/airflow/example_dags/example_skip_dag.py for tasks to queue
[2025-10-08T23:44:37.939+0000] {logging_mixin.py:190} INFO - [2025-10-08T23:44:37.939+0000] {dagbag.py:588} INFO - Filling up the DagBag from /home/airflow/.local/lib/python3.12/site-packages/airflow/example_dags/example_skip_dag.py
[2025-10-08T23:44:37.948+0000] {processor.py:925} INFO - DAG(s) 'example_skip_dag' retrieved from /home/airflow/.local/lib/python3.12/site-packages/airflow/example_dags/example_skip_dag.py
[2025-10-08T23:44:37.969+0000] {logging_mixin.py:190} INFO - [2025-10-08T23:44:37.968+0000] {dag.py:3239} INFO - Sync 1 DAGs
[2025-10-08T23:44:37.990+0000] {logging_mixin.py:190} INFO - [2025-10-08T23:44:37.990+0000] {dag.py:4180} INFO - Setting next_dagrun for example_skip_dag to 2025-10-07 00:00:00+00:00, run_after=2025-10-08 00:00:00+00:00
[2025-10-08T23:44:38.018+0000] {processor.py:208} INFO - Processing /home/airflow/.local/lib/python3.12/site-packages/airflow/example_dags/example_skip_dag.py took 0.090 seconds
