[2025-10-08T23:22:01.752+0000] {processor.py:186} INFO - Started process (PID=91) to work on /home/airflow/.local/lib/python3.12/site-packages/airflow/example_dags/example_task_group_decorator.py
[2025-10-08T23:22:01.754+0000] {processor.py:914} INFO - Processing file /home/airflow/.local/lib/python3.12/site-packages/airflow/example_dags/example_task_group_decorator.py for tasks to queue
[2025-10-08T23:22:01.758+0000] {logging_mixin.py:190} INFO - [2025-10-08T23:22:01.758+0000] {dagbag.py:588} INFO - Filling up the DagBag from /home/airflow/.local/lib/python3.12/site-packages/airflow/example_dags/example_task_group_decorator.py
[2025-10-08T23:22:01.780+0000] {processor.py:925} INFO - DAG(s) 'example_task_group_decorator' retrieved from /home/airflow/.local/lib/python3.12/site-packages/airflow/example_dags/example_task_group_decorator.py
[2025-10-08T23:22:01.971+0000] {logging_mixin.py:190} INFO - [2025-10-08T23:22:01.970+0000] {override.py:1900} INFO - Created Permission View: can delete on DAG:example_task_group_decorator
[2025-10-08T23:22:01.982+0000] {logging_mixin.py:190} INFO - [2025-10-08T23:22:01.982+0000] {override.py:1900} INFO - Created Permission View: can edit on DAG:example_task_group_decorator
[2025-10-08T23:22:01.992+0000] {logging_mixin.py:190} INFO - [2025-10-08T23:22:01.992+0000] {override.py:1900} INFO - Created Permission View: can read on DAG:example_task_group_decorator
[2025-10-08T23:22:02.001+0000] {logging_mixin.py:190} INFO - [2025-10-08T23:22:02.001+0000] {override.py:1900} INFO - Created Permission View: can delete on DAG Run:example_task_group_decorator
[2025-10-08T23:22:02.012+0000] {logging_mixin.py:190} INFO - [2025-10-08T23:22:02.011+0000] {override.py:1900} INFO - Created Permission View: can create on DAG Run:example_task_group_decorator
[2025-10-08T23:22:02.030+0000] {logging_mixin.py:190} INFO - [2025-10-08T23:22:02.029+0000] {override.py:1900} INFO - Created Permission View: menu access on DAG Run:example_task_group_decorator
[2025-10-08T23:22:02.040+0000] {logging_mixin.py:190} INFO - [2025-10-08T23:22:02.040+0000] {override.py:1900} INFO - Created Permission View: can read on DAG Run:example_task_group_decorator
[2025-10-08T23:22:02.042+0000] {logging_mixin.py:190} INFO - [2025-10-08T23:22:02.041+0000] {dag.py:3239} INFO - Sync 1 DAGs
[2025-10-08T23:22:02.066+0000] {logging_mixin.py:190} INFO - [2025-10-08T23:22:02.065+0000] {dag.py:3262} INFO - Creating ORM DAG for example_task_group_decorator
[2025-10-08T23:22:02.067+0000] {logging_mixin.py:190} INFO - [2025-10-08T23:22:02.067+0000] {dag.py:4180} INFO - Setting next_dagrun for example_task_group_decorator to None, run_after=None
[2025-10-08T23:22:02.108+0000] {processor.py:208} INFO - Processing /home/airflow/.local/lib/python3.12/site-packages/airflow/example_dags/example_task_group_decorator.py took 0.362 seconds
[2025-10-08T23:22:32.317+0000] {processor.py:186} INFO - Started process (PID=154) to work on /home/airflow/.local/lib/python3.12/site-packages/airflow/example_dags/example_task_group_decorator.py
[2025-10-08T23:22:32.318+0000] {processor.py:914} INFO - Processing file /home/airflow/.local/lib/python3.12/site-packages/airflow/example_dags/example_task_group_decorator.py for tasks to queue
[2025-10-08T23:22:32.321+0000] {logging_mixin.py:190} INFO - [2025-10-08T23:22:32.320+0000] {dagbag.py:588} INFO - Filling up the DagBag from /home/airflow/.local/lib/python3.12/site-packages/airflow/example_dags/example_task_group_decorator.py
[2025-10-08T23:22:32.344+0000] {processor.py:925} INFO - DAG(s) 'example_task_group_decorator' retrieved from /home/airflow/.local/lib/python3.12/site-packages/airflow/example_dags/example_task_group_decorator.py
[2025-10-08T23:22:32.370+0000] {logging_mixin.py:190} INFO - [2025-10-08T23:22:32.370+0000] {dag.py:3239} INFO - Sync 1 DAGs
[2025-10-08T23:22:32.384+0000] {logging_mixin.py:190} INFO - [2025-10-08T23:22:32.384+0000] {dag.py:4180} INFO - Setting next_dagrun for example_task_group_decorator to None, run_after=None
[2025-10-08T23:22:32.403+0000] {processor.py:208} INFO - Processing /home/airflow/.local/lib/python3.12/site-packages/airflow/example_dags/example_task_group_decorator.py took 0.093 seconds
[2025-10-08T23:23:02.720+0000] {processor.py:186} INFO - Started process (PID=217) to work on /home/airflow/.local/lib/python3.12/site-packages/airflow/example_dags/example_task_group_decorator.py
[2025-10-08T23:23:02.721+0000] {processor.py:914} INFO - Processing file /home/airflow/.local/lib/python3.12/site-packages/airflow/example_dags/example_task_group_decorator.py for tasks to queue
[2025-10-08T23:23:02.724+0000] {logging_mixin.py:190} INFO - [2025-10-08T23:23:02.724+0000] {dagbag.py:588} INFO - Filling up the DagBag from /home/airflow/.local/lib/python3.12/site-packages/airflow/example_dags/example_task_group_decorator.py
[2025-10-08T23:23:02.748+0000] {processor.py:925} INFO - DAG(s) 'example_task_group_decorator' retrieved from /home/airflow/.local/lib/python3.12/site-packages/airflow/example_dags/example_task_group_decorator.py
[2025-10-08T23:23:02.796+0000] {logging_mixin.py:190} INFO - [2025-10-08T23:23:02.796+0000] {dag.py:3239} INFO - Sync 1 DAGs
[2025-10-08T23:23:02.824+0000] {logging_mixin.py:190} INFO - [2025-10-08T23:23:02.823+0000] {dag.py:4180} INFO - Setting next_dagrun for example_task_group_decorator to None, run_after=None
[2025-10-08T23:23:02.853+0000] {processor.py:208} INFO - Processing /home/airflow/.local/lib/python3.12/site-packages/airflow/example_dags/example_task_group_decorator.py took 0.142 seconds
