[2025-10-08T23:22:06.084+0000] {processor.py:186} INFO - Started process (PID=109) to work on /home/airflow/.local/lib/python3.12/site-packages/airflow/example_dags/example_params_trigger_ui.py
[2025-10-08T23:22:06.085+0000] {processor.py:914} INFO - Processing file /home/airflow/.local/lib/python3.12/site-packages/airflow/example_dags/example_params_trigger_ui.py for tasks to queue
[2025-10-08T23:22:06.088+0000] {logging_mixin.py:190} INFO - [2025-10-08T23:22:06.088+0000] {dagbag.py:588} INFO - Filling up the DagBag from /home/airflow/.local/lib/python3.12/site-packages/airflow/example_dags/example_params_trigger_ui.py
[2025-10-08T23:22:06.106+0000] {processor.py:925} INFO - DAG(s) 'example_params_trigger_ui' retrieved from /home/airflow/.local/lib/python3.12/site-packages/airflow/example_dags/example_params_trigger_ui.py
[2025-10-08T23:22:06.330+0000] {logging_mixin.py:190} INFO - [2025-10-08T23:22:06.329+0000] {override.py:1900} INFO - Created Permission View: can delete on DAG:example_params_trigger_ui
[2025-10-08T23:22:06.349+0000] {logging_mixin.py:190} INFO - [2025-10-08T23:22:06.349+0000] {override.py:1900} INFO - Created Permission View: can edit on DAG:example_params_trigger_ui
[2025-10-08T23:22:06.364+0000] {logging_mixin.py:190} INFO - [2025-10-08T23:22:06.363+0000] {override.py:1900} INFO - Created Permission View: can read on DAG:example_params_trigger_ui
[2025-10-08T23:22:06.375+0000] {logging_mixin.py:190} INFO - [2025-10-08T23:22:06.375+0000] {override.py:1900} INFO - Created Permission View: can delete on DAG Run:example_params_trigger_ui
[2025-10-08T23:22:06.384+0000] {logging_mixin.py:190} INFO - [2025-10-08T23:22:06.383+0000] {override.py:1900} INFO - Created Permission View: can create on DAG Run:example_params_trigger_ui
[2025-10-08T23:22:06.397+0000] {logging_mixin.py:190} INFO - [2025-10-08T23:22:06.397+0000] {override.py:1900} INFO - Created Permission View: menu access on DAG Run:example_params_trigger_ui
[2025-10-08T23:22:06.405+0000] {logging_mixin.py:190} INFO - [2025-10-08T23:22:06.404+0000] {override.py:1900} INFO - Created Permission View: can read on DAG Run:example_params_trigger_ui
[2025-10-08T23:22:06.406+0000] {logging_mixin.py:190} INFO - [2025-10-08T23:22:06.405+0000] {dag.py:3239} INFO - Sync 1 DAGs
[2025-10-08T23:22:06.422+0000] {logging_mixin.py:190} INFO - [2025-10-08T23:22:06.422+0000] {dag.py:3262} INFO - Creating ORM DAG for example_params_trigger_ui
[2025-10-08T23:22:06.425+0000] {logging_mixin.py:190} INFO - [2025-10-08T23:22:06.424+0000] {dag.py:4180} INFO - Setting next_dagrun for example_params_trigger_ui to None, run_after=None
[2025-10-08T23:22:06.444+0000] {processor.py:208} INFO - Processing /home/airflow/.local/lib/python3.12/site-packages/airflow/example_dags/example_params_trigger_ui.py took 0.367 seconds
[2025-10-08T23:22:36.563+0000] {processor.py:186} INFO - Started process (PID=172) to work on /home/airflow/.local/lib/python3.12/site-packages/airflow/example_dags/example_params_trigger_ui.py
[2025-10-08T23:22:36.565+0000] {processor.py:914} INFO - Processing file /home/airflow/.local/lib/python3.12/site-packages/airflow/example_dags/example_params_trigger_ui.py for tasks to queue
[2025-10-08T23:22:36.570+0000] {logging_mixin.py:190} INFO - [2025-10-08T23:22:36.570+0000] {dagbag.py:588} INFO - Filling up the DagBag from /home/airflow/.local/lib/python3.12/site-packages/airflow/example_dags/example_params_trigger_ui.py
[2025-10-08T23:22:36.588+0000] {processor.py:925} INFO - DAG(s) 'example_params_trigger_ui' retrieved from /home/airflow/.local/lib/python3.12/site-packages/airflow/example_dags/example_params_trigger_ui.py
[2025-10-08T23:22:36.738+0000] {logging_mixin.py:190} INFO - [2025-10-08T23:22:36.738+0000] {dag.py:3239} INFO - Sync 1 DAGs
[2025-10-08T23:22:36.755+0000] {logging_mixin.py:190} INFO - [2025-10-08T23:22:36.755+0000] {dag.py:4180} INFO - Setting next_dagrun for example_params_trigger_ui to None, run_after=None
[2025-10-08T23:22:36.836+0000] {processor.py:208} INFO - Processing /home/airflow/.local/lib/python3.12/site-packages/airflow/example_dags/example_params_trigger_ui.py took 0.322 seconds
[2025-10-08T23:23:07.841+0000] {processor.py:186} INFO - Started process (PID=235) to work on /home/airflow/.local/lib/python3.12/site-packages/airflow/example_dags/example_params_trigger_ui.py
[2025-10-08T23:23:07.843+0000] {processor.py:914} INFO - Processing file /home/airflow/.local/lib/python3.12/site-packages/airflow/example_dags/example_params_trigger_ui.py for tasks to queue
[2025-10-08T23:23:07.848+0000] {logging_mixin.py:190} INFO - [2025-10-08T23:23:07.847+0000] {dagbag.py:588} INFO - Filling up the DagBag from /home/airflow/.local/lib/python3.12/site-packages/airflow/example_dags/example_params_trigger_ui.py
[2025-10-08T23:23:07.878+0000] {processor.py:925} INFO - DAG(s) 'example_params_trigger_ui' retrieved from /home/airflow/.local/lib/python3.12/site-packages/airflow/example_dags/example_params_trigger_ui.py
[2025-10-08T23:23:07.956+0000] {logging_mixin.py:190} INFO - [2025-10-08T23:23:07.955+0000] {dag.py:3239} INFO - Sync 1 DAGs
[2025-10-08T23:23:07.983+0000] {logging_mixin.py:190} INFO - [2025-10-08T23:23:07.983+0000] {dag.py:4180} INFO - Setting next_dagrun for example_params_trigger_ui to None, run_after=None
[2025-10-08T23:23:08.021+0000] {processor.py:208} INFO - Processing /home/airflow/.local/lib/python3.12/site-packages/airflow/example_dags/example_params_trigger_ui.py took 0.191 seconds
