[2025-10-08T23:22:04.581+0000] {processor.py:186} INFO - Started process (PID=101) to work on /home/airflow/.local/lib/python3.12/site-packages/airflow/example_dags/example_sla_dag.py
[2025-10-08T23:22:04.582+0000] {processor.py:914} INFO - Processing file /home/airflow/.local/lib/python3.12/site-packages/airflow/example_dags/example_sla_dag.py for tasks to queue
[2025-10-08T23:22:04.587+0000] {logging_mixin.py:190} INFO - [2025-10-08T23:22:04.586+0000] {dagbag.py:588} INFO - Filling up the DagBag from /home/airflow/.local/lib/python3.12/site-packages/airflow/example_dags/example_sla_dag.py
[2025-10-08T23:22:04.605+0000] {processor.py:925} INFO - DAG(s) 'example_sla_dag' retrieved from /home/airflow/.local/lib/python3.12/site-packages/airflow/example_dags/example_sla_dag.py
[2025-10-08T23:22:04.778+0000] {logging_mixin.py:190} INFO - [2025-10-08T23:22:04.777+0000] {override.py:1900} INFO - Created Permission View: can delete on DAG:example_sla_dag
[2025-10-08T23:22:04.795+0000] {logging_mixin.py:190} INFO - [2025-10-08T23:22:04.794+0000] {override.py:1900} INFO - Created Permission View: can edit on DAG:example_sla_dag
[2025-10-08T23:22:04.808+0000] {logging_mixin.py:190} INFO - [2025-10-08T23:22:04.808+0000] {override.py:1900} INFO - Created Permission View: can read on DAG:example_sla_dag
[2025-10-08T23:22:04.821+0000] {logging_mixin.py:190} INFO - [2025-10-08T23:22:04.821+0000] {override.py:1900} INFO - Created Permission View: can delete on DAG Run:example_sla_dag
[2025-10-08T23:22:04.829+0000] {logging_mixin.py:190} INFO - [2025-10-08T23:22:04.829+0000] {override.py:1900} INFO - Created Permission View: can create on DAG Run:example_sla_dag
[2025-10-08T23:22:04.837+0000] {logging_mixin.py:190} INFO - [2025-10-08T23:22:04.837+0000] {override.py:1900} INFO - Created Permission View: menu access on DAG Run:example_sla_dag
[2025-10-08T23:22:04.844+0000] {logging_mixin.py:190} INFO - [2025-10-08T23:22:04.844+0000] {override.py:1900} INFO - Created Permission View: can read on DAG Run:example_sla_dag
[2025-10-08T23:22:04.845+0000] {logging_mixin.py:190} INFO - [2025-10-08T23:22:04.845+0000] {dag.py:3239} INFO - Sync 1 DAGs
[2025-10-08T23:22:04.864+0000] {logging_mixin.py:190} INFO - [2025-10-08T23:22:04.864+0000] {dag.py:3262} INFO - Creating ORM DAG for example_sla_dag
[2025-10-08T23:22:04.888+0000] {logging_mixin.py:190} INFO - [2025-10-08T23:22:04.888+0000] {dag.py:4180} INFO - Setting next_dagrun for example_sla_dag to 2025-10-08 23:20:00+00:00, run_after=2025-10-08 23:22:00+00:00
[2025-10-08T23:22:04.908+0000] {processor.py:208} INFO - Processing /home/airflow/.local/lib/python3.12/site-packages/airflow/example_dags/example_sla_dag.py took 0.338 seconds
[2025-10-08T23:22:35.635+0000] {processor.py:186} INFO - Started process (PID=164) to work on /home/airflow/.local/lib/python3.12/site-packages/airflow/example_dags/example_sla_dag.py
[2025-10-08T23:22:35.637+0000] {processor.py:914} INFO - Processing file /home/airflow/.local/lib/python3.12/site-packages/airflow/example_dags/example_sla_dag.py for tasks to queue
[2025-10-08T23:22:35.639+0000] {logging_mixin.py:190} INFO - [2025-10-08T23:22:35.639+0000] {dagbag.py:588} INFO - Filling up the DagBag from /home/airflow/.local/lib/python3.12/site-packages/airflow/example_dags/example_sla_dag.py
[2025-10-08T23:22:35.654+0000] {processor.py:925} INFO - DAG(s) 'example_sla_dag' retrieved from /home/airflow/.local/lib/python3.12/site-packages/airflow/example_dags/example_sla_dag.py
[2025-10-08T23:22:35.681+0000] {logging_mixin.py:190} INFO - [2025-10-08T23:22:35.681+0000] {dag.py:3239} INFO - Sync 1 DAGs
[2025-10-08T23:22:35.713+0000] {logging_mixin.py:190} INFO - [2025-10-08T23:22:35.713+0000] {dag.py:4180} INFO - Setting next_dagrun for example_sla_dag to 2025-10-08 23:20:00+00:00, run_after=2025-10-08 23:22:00+00:00
[2025-10-08T23:22:35.735+0000] {processor.py:208} INFO - Processing /home/airflow/.local/lib/python3.12/site-packages/airflow/example_dags/example_sla_dag.py took 0.106 seconds
[2025-10-08T23:23:06.024+0000] {processor.py:186} INFO - Started process (PID=227) to work on /home/airflow/.local/lib/python3.12/site-packages/airflow/example_dags/example_sla_dag.py
[2025-10-08T23:23:06.025+0000] {processor.py:914} INFO - Processing file /home/airflow/.local/lib/python3.12/site-packages/airflow/example_dags/example_sla_dag.py for tasks to queue
[2025-10-08T23:23:06.028+0000] {logging_mixin.py:190} INFO - [2025-10-08T23:23:06.028+0000] {dagbag.py:588} INFO - Filling up the DagBag from /home/airflow/.local/lib/python3.12/site-packages/airflow/example_dags/example_sla_dag.py
[2025-10-08T23:23:06.040+0000] {processor.py:925} INFO - DAG(s) 'example_sla_dag' retrieved from /home/airflow/.local/lib/python3.12/site-packages/airflow/example_dags/example_sla_dag.py
[2025-10-08T23:23:06.061+0000] {logging_mixin.py:190} INFO - [2025-10-08T23:23:06.060+0000] {dag.py:3239} INFO - Sync 1 DAGs
[2025-10-08T23:23:06.086+0000] {logging_mixin.py:190} INFO - [2025-10-08T23:23:06.085+0000] {dag.py:4180} INFO - Setting next_dagrun for example_sla_dag to 2025-10-08 23:20:00+00:00, run_after=2025-10-08 23:22:00+00:00
[2025-10-08T23:23:06.105+0000] {processor.py:208} INFO - Processing /home/airflow/.local/lib/python3.12/site-packages/airflow/example_dags/example_sla_dag.py took 0.088 seconds
