[2025-10-08T23:41:32.505+0000] {processor.py:186} INFO - Started process (PID=66) to work on /home/airflow/.local/lib/python3.12/site-packages/airflow/example_dags/example_python_decorator.py
[2025-10-08T23:41:32.507+0000] {processor.py:914} INFO - Processing file /home/airflow/.local/lib/python3.12/site-packages/airflow/example_dags/example_python_decorator.py for tasks to queue
[2025-10-08T23:41:32.515+0000] {logging_mixin.py:190} INFO - [2025-10-08T23:41:32.514+0000] {dagbag.py:588} INFO - Filling up the DagBag from /home/airflow/.local/lib/python3.12/site-packages/airflow/example_dags/example_python_decorator.py
[2025-10-08T23:41:32.591+0000] {processor.py:925} INFO - DAG(s) 'example_python_decorator' retrieved from /home/airflow/.local/lib/python3.12/site-packages/airflow/example_dags/example_python_decorator.py
[2025-10-08T23:41:33.010+0000] {logging_mixin.py:190} INFO - [2025-10-08T23:41:33.009+0000] {dag.py:3239} INFO - Sync 1 DAGs
[2025-10-08T23:41:33.073+0000] {logging_mixin.py:190} INFO - [2025-10-08T23:41:33.073+0000] {dag.py:4180} INFO - Setting next_dagrun for example_python_decorator to None, run_after=None
[2025-10-08T23:41:33.160+0000] {processor.py:208} INFO - Processing /home/airflow/.local/lib/python3.12/site-packages/airflow/example_dags/example_python_decorator.py took 0.704 seconds
[2025-10-08T23:42:03.624+0000] {processor.py:186} INFO - Started process (PID=123) to work on /home/airflow/.local/lib/python3.12/site-packages/airflow/example_dags/example_python_decorator.py
[2025-10-08T23:42:03.625+0000] {processor.py:914} INFO - Processing file /home/airflow/.local/lib/python3.12/site-packages/airflow/example_dags/example_python_decorator.py for tasks to queue
[2025-10-08T23:42:03.628+0000] {logging_mixin.py:190} INFO - [2025-10-08T23:42:03.628+0000] {dagbag.py:588} INFO - Filling up the DagBag from /home/airflow/.local/lib/python3.12/site-packages/airflow/example_dags/example_python_decorator.py
[2025-10-08T23:42:03.652+0000] {processor.py:925} INFO - DAG(s) 'example_python_decorator' retrieved from /home/airflow/.local/lib/python3.12/site-packages/airflow/example_dags/example_python_decorator.py
[2025-10-08T23:42:03.675+0000] {logging_mixin.py:190} INFO - [2025-10-08T23:42:03.674+0000] {dag.py:3239} INFO - Sync 1 DAGs
[2025-10-08T23:42:03.691+0000] {logging_mixin.py:190} INFO - [2025-10-08T23:42:03.691+0000] {dag.py:4180} INFO - Setting next_dagrun for example_python_decorator to None, run_after=None
[2025-10-08T23:42:03.710+0000] {processor.py:208} INFO - Processing /home/airflow/.local/lib/python3.12/site-packages/airflow/example_dags/example_python_decorator.py took 0.093 seconds
[2025-10-08T23:42:34.105+0000] {processor.py:186} INFO - Started process (PID=188) to work on /home/airflow/.local/lib/python3.12/site-packages/airflow/example_dags/example_python_decorator.py
[2025-10-08T23:42:34.106+0000] {processor.py:914} INFO - Processing file /home/airflow/.local/lib/python3.12/site-packages/airflow/example_dags/example_python_decorator.py for tasks to queue
[2025-10-08T23:42:34.109+0000] {logging_mixin.py:190} INFO - [2025-10-08T23:42:34.109+0000] {dagbag.py:588} INFO - Filling up the DagBag from /home/airflow/.local/lib/python3.12/site-packages/airflow/example_dags/example_python_decorator.py
[2025-10-08T23:42:34.137+0000] {processor.py:925} INFO - DAG(s) 'example_python_decorator' retrieved from /home/airflow/.local/lib/python3.12/site-packages/airflow/example_dags/example_python_decorator.py
[2025-10-08T23:42:34.160+0000] {logging_mixin.py:190} INFO - [2025-10-08T23:42:34.160+0000] {dag.py:3239} INFO - Sync 1 DAGs
[2025-10-08T23:42:34.175+0000] {logging_mixin.py:190} INFO - [2025-10-08T23:42:34.175+0000] {dag.py:4180} INFO - Setting next_dagrun for example_python_decorator to None, run_after=None
[2025-10-08T23:42:34.192+0000] {processor.py:208} INFO - Processing /home/airflow/.local/lib/python3.12/site-packages/airflow/example_dags/example_python_decorator.py took 0.094 seconds
[2025-10-08T23:43:04.727+0000] {processor.py:186} INFO - Started process (PID=258) to work on /home/airflow/.local/lib/python3.12/site-packages/airflow/example_dags/example_python_decorator.py
[2025-10-08T23:43:04.728+0000] {processor.py:914} INFO - Processing file /home/airflow/.local/lib/python3.12/site-packages/airflow/example_dags/example_python_decorator.py for tasks to queue
[2025-10-08T23:43:04.731+0000] {logging_mixin.py:190} INFO - [2025-10-08T23:43:04.731+0000] {dagbag.py:588} INFO - Filling up the DagBag from /home/airflow/.local/lib/python3.12/site-packages/airflow/example_dags/example_python_decorator.py
[2025-10-08T23:43:04.748+0000] {processor.py:925} INFO - DAG(s) 'example_python_decorator' retrieved from /home/airflow/.local/lib/python3.12/site-packages/airflow/example_dags/example_python_decorator.py
[2025-10-08T23:43:04.776+0000] {logging_mixin.py:190} INFO - [2025-10-08T23:43:04.776+0000] {dag.py:3239} INFO - Sync 1 DAGs
[2025-10-08T23:43:04.794+0000] {logging_mixin.py:190} INFO - [2025-10-08T23:43:04.794+0000] {dag.py:4180} INFO - Setting next_dagrun for example_python_decorator to None, run_after=None
[2025-10-08T23:43:04.814+0000] {processor.py:208} INFO - Processing /home/airflow/.local/lib/python3.12/site-packages/airflow/example_dags/example_python_decorator.py took 0.096 seconds
[2025-10-08T23:43:35.715+0000] {processor.py:186} INFO - Started process (PID=322) to work on /home/airflow/.local/lib/python3.12/site-packages/airflow/example_dags/example_python_decorator.py
[2025-10-08T23:43:35.717+0000] {processor.py:914} INFO - Processing file /home/airflow/.local/lib/python3.12/site-packages/airflow/example_dags/example_python_decorator.py for tasks to queue
[2025-10-08T23:43:35.721+0000] {logging_mixin.py:190} INFO - [2025-10-08T23:43:35.721+0000] {dagbag.py:588} INFO - Filling up the DagBag from /home/airflow/.local/lib/python3.12/site-packages/airflow/example_dags/example_python_decorator.py
[2025-10-08T23:43:35.739+0000] {processor.py:925} INFO - DAG(s) 'example_python_decorator' retrieved from /home/airflow/.local/lib/python3.12/site-packages/airflow/example_dags/example_python_decorator.py
[2025-10-08T23:43:35.764+0000] {logging_mixin.py:190} INFO - [2025-10-08T23:43:35.764+0000] {dag.py:3239} INFO - Sync 1 DAGs
[2025-10-08T23:43:35.781+0000] {logging_mixin.py:190} INFO - [2025-10-08T23:43:35.780+0000] {dag.py:4180} INFO - Setting next_dagrun for example_python_decorator to None, run_after=None
[2025-10-08T23:43:35.806+0000] {processor.py:208} INFO - Processing /home/airflow/.local/lib/python3.12/site-packages/airflow/example_dags/example_python_decorator.py took 0.099 seconds
[2025-10-08T23:44:06.640+0000] {processor.py:186} INFO - Started process (PID=386) to work on /home/airflow/.local/lib/python3.12/site-packages/airflow/example_dags/example_python_decorator.py
[2025-10-08T23:44:06.641+0000] {processor.py:914} INFO - Processing file /home/airflow/.local/lib/python3.12/site-packages/airflow/example_dags/example_python_decorator.py for tasks to queue
[2025-10-08T23:44:06.644+0000] {logging_mixin.py:190} INFO - [2025-10-08T23:44:06.643+0000] {dagbag.py:588} INFO - Filling up the DagBag from /home/airflow/.local/lib/python3.12/site-packages/airflow/example_dags/example_python_decorator.py
[2025-10-08T23:44:06.660+0000] {processor.py:925} INFO - DAG(s) 'example_python_decorator' retrieved from /home/airflow/.local/lib/python3.12/site-packages/airflow/example_dags/example_python_decorator.py
[2025-10-08T23:44:06.684+0000] {logging_mixin.py:190} INFO - [2025-10-08T23:44:06.684+0000] {dag.py:3239} INFO - Sync 1 DAGs
[2025-10-08T23:44:06.699+0000] {logging_mixin.py:190} INFO - [2025-10-08T23:44:06.699+0000] {dag.py:4180} INFO - Setting next_dagrun for example_python_decorator to None, run_after=None
[2025-10-08T23:44:06.725+0000] {processor.py:208} INFO - Processing /home/airflow/.local/lib/python3.12/site-packages/airflow/example_dags/example_python_decorator.py took 0.093 seconds
[2025-10-08T23:44:36.803+0000] {processor.py:186} INFO - Started process (PID=450) to work on /home/airflow/.local/lib/python3.12/site-packages/airflow/example_dags/example_python_decorator.py
[2025-10-08T23:44:36.805+0000] {processor.py:914} INFO - Processing file /home/airflow/.local/lib/python3.12/site-packages/airflow/example_dags/example_python_decorator.py for tasks to queue
[2025-10-08T23:44:36.808+0000] {logging_mixin.py:190} INFO - [2025-10-08T23:44:36.808+0000] {dagbag.py:588} INFO - Filling up the DagBag from /home/airflow/.local/lib/python3.12/site-packages/airflow/example_dags/example_python_decorator.py
[2025-10-08T23:44:36.824+0000] {processor.py:925} INFO - DAG(s) 'example_python_decorator' retrieved from /home/airflow/.local/lib/python3.12/site-packages/airflow/example_dags/example_python_decorator.py
[2025-10-08T23:44:36.846+0000] {logging_mixin.py:190} INFO - [2025-10-08T23:44:36.846+0000] {dag.py:3239} INFO - Sync 1 DAGs
[2025-10-08T23:44:36.860+0000] {logging_mixin.py:190} INFO - [2025-10-08T23:44:36.860+0000] {dag.py:4180} INFO - Setting next_dagrun for example_python_decorator to None, run_after=None
[2025-10-08T23:44:36.888+0000] {processor.py:208} INFO - Processing /home/airflow/.local/lib/python3.12/site-packages/airflow/example_dags/example_python_decorator.py took 0.093 seconds
