[2025-10-08T23:22:00.447+0000] {processor.py:186} INFO - Started process (PID=85) to work on /home/airflow/.local/lib/python3.12/site-packages/airflow/example_dags/example_setup_teardown_taskflow.py
[2025-10-08T23:22:00.449+0000] {processor.py:914} INFO - Processing file /home/airflow/.local/lib/python3.12/site-packages/airflow/example_dags/example_setup_teardown_taskflow.py for tasks to queue
[2025-10-08T23:22:00.454+0000] {logging_mixin.py:190} INFO - [2025-10-08T23:22:00.454+0000] {dagbag.py:588} INFO - Filling up the DagBag from /home/airflow/.local/lib/python3.12/site-packages/airflow/example_dags/example_setup_teardown_taskflow.py
[2025-10-08T23:22:00.473+0000] {processor.py:925} INFO - DAG(s) 'example_setup_teardown_taskflow' retrieved from /home/airflow/.local/lib/python3.12/site-packages/airflow/example_dags/example_setup_teardown_taskflow.py
[2025-10-08T23:22:00.644+0000] {logging_mixin.py:190} INFO - [2025-10-08T23:22:00.643+0000] {override.py:1900} INFO - Created Permission View: can delete on DAG:example_setup_teardown_taskflow
[2025-10-08T23:22:00.658+0000] {logging_mixin.py:190} INFO - [2025-10-08T23:22:00.658+0000] {override.py:1900} INFO - Created Permission View: can edit on DAG:example_setup_teardown_taskflow
[2025-10-08T23:22:00.670+0000] {logging_mixin.py:190} INFO - [2025-10-08T23:22:00.669+0000] {override.py:1900} INFO - Created Permission View: can read on DAG:example_setup_teardown_taskflow
[2025-10-08T23:22:00.684+0000] {logging_mixin.py:190} INFO - [2025-10-08T23:22:00.684+0000] {override.py:1900} INFO - Created Permission View: can delete on DAG Run:example_setup_teardown_taskflow
[2025-10-08T23:22:00.694+0000] {logging_mixin.py:190} INFO - [2025-10-08T23:22:00.694+0000] {override.py:1900} INFO - Created Permission View: can create on DAG Run:example_setup_teardown_taskflow
[2025-10-08T23:22:00.706+0000] {logging_mixin.py:190} INFO - [2025-10-08T23:22:00.706+0000] {override.py:1900} INFO - Created Permission View: menu access on DAG Run:example_setup_teardown_taskflow
[2025-10-08T23:22:00.714+0000] {logging_mixin.py:190} INFO - [2025-10-08T23:22:00.713+0000] {override.py:1900} INFO - Created Permission View: can read on DAG Run:example_setup_teardown_taskflow
[2025-10-08T23:22:00.714+0000] {logging_mixin.py:190} INFO - [2025-10-08T23:22:00.714+0000] {dag.py:3239} INFO - Sync 1 DAGs
[2025-10-08T23:22:00.730+0000] {logging_mixin.py:190} INFO - [2025-10-08T23:22:00.729+0000] {dag.py:3262} INFO - Creating ORM DAG for example_setup_teardown_taskflow
[2025-10-08T23:22:00.731+0000] {logging_mixin.py:190} INFO - [2025-10-08T23:22:00.731+0000] {dag.py:4180} INFO - Setting next_dagrun for example_setup_teardown_taskflow to None, run_after=None
[2025-10-08T23:22:00.748+0000] {processor.py:208} INFO - Processing /home/airflow/.local/lib/python3.12/site-packages/airflow/example_dags/example_setup_teardown_taskflow.py took 0.310 seconds
[2025-10-08T23:22:31.698+0000] {processor.py:186} INFO - Started process (PID=148) to work on /home/airflow/.local/lib/python3.12/site-packages/airflow/example_dags/example_setup_teardown_taskflow.py
[2025-10-08T23:22:31.700+0000] {processor.py:914} INFO - Processing file /home/airflow/.local/lib/python3.12/site-packages/airflow/example_dags/example_setup_teardown_taskflow.py for tasks to queue
[2025-10-08T23:22:31.702+0000] {logging_mixin.py:190} INFO - [2025-10-08T23:22:31.702+0000] {dagbag.py:588} INFO - Filling up the DagBag from /home/airflow/.local/lib/python3.12/site-packages/airflow/example_dags/example_setup_teardown_taskflow.py
[2025-10-08T23:22:31.718+0000] {processor.py:925} INFO - DAG(s) 'example_setup_teardown_taskflow' retrieved from /home/airflow/.local/lib/python3.12/site-packages/airflow/example_dags/example_setup_teardown_taskflow.py
[2025-10-08T23:22:31.746+0000] {logging_mixin.py:190} INFO - [2025-10-08T23:22:31.745+0000] {dag.py:3239} INFO - Sync 1 DAGs
[2025-10-08T23:22:31.761+0000] {logging_mixin.py:190} INFO - [2025-10-08T23:22:31.761+0000] {dag.py:4180} INFO - Setting next_dagrun for example_setup_teardown_taskflow to None, run_after=None
[2025-10-08T23:22:31.781+0000] {processor.py:208} INFO - Processing /home/airflow/.local/lib/python3.12/site-packages/airflow/example_dags/example_setup_teardown_taskflow.py took 0.089 seconds
[2025-10-08T23:23:02.163+0000] {processor.py:186} INFO - Started process (PID=211) to work on /home/airflow/.local/lib/python3.12/site-packages/airflow/example_dags/example_setup_teardown_taskflow.py
[2025-10-08T23:23:02.165+0000] {processor.py:914} INFO - Processing file /home/airflow/.local/lib/python3.12/site-packages/airflow/example_dags/example_setup_teardown_taskflow.py for tasks to queue
[2025-10-08T23:23:02.169+0000] {logging_mixin.py:190} INFO - [2025-10-08T23:23:02.168+0000] {dagbag.py:588} INFO - Filling up the DagBag from /home/airflow/.local/lib/python3.12/site-packages/airflow/example_dags/example_setup_teardown_taskflow.py
[2025-10-08T23:23:02.182+0000] {processor.py:925} INFO - DAG(s) 'example_setup_teardown_taskflow' retrieved from /home/airflow/.local/lib/python3.12/site-packages/airflow/example_dags/example_setup_teardown_taskflow.py
[2025-10-08T23:23:02.206+0000] {logging_mixin.py:190} INFO - [2025-10-08T23:23:02.205+0000] {dag.py:3239} INFO - Sync 1 DAGs
[2025-10-08T23:23:02.221+0000] {logging_mixin.py:190} INFO - [2025-10-08T23:23:02.221+0000] {dag.py:4180} INFO - Setting next_dagrun for example_setup_teardown_taskflow to None, run_after=None
[2025-10-08T23:23:02.241+0000] {processor.py:208} INFO - Processing /home/airflow/.local/lib/python3.12/site-packages/airflow/example_dags/example_setup_teardown_taskflow.py took 0.088 seconds
