[2025-10-08T23:22:01.164+0000] {processor.py:186} INFO - Started process (PID=89) to work on /home/airflow/.local/lib/python3.12/site-packages/airflow/example_dags/example_branch_datetime_operator.py
[2025-10-08T23:22:01.165+0000] {processor.py:914} INFO - Processing file /home/airflow/.local/lib/python3.12/site-packages/airflow/example_dags/example_branch_datetime_operator.py for tasks to queue
[2025-10-08T23:22:01.170+0000] {logging_mixin.py:190} INFO - [2025-10-08T23:22:01.169+0000] {dagbag.py:588} INFO - Filling up the DagBag from /home/airflow/.local/lib/python3.12/site-packages/airflow/example_dags/example_branch_datetime_operator.py
[2025-10-08T23:22:01.194+0000] {processor.py:925} INFO - DAG(s) 'example_branch_datetime_operator_3', 'example_branch_datetime_operator_2', 'example_branch_datetime_operator' retrieved from /home/airflow/.local/lib/python3.12/site-packages/airflow/example_dags/example_branch_datetime_operator.py
[2025-10-08T23:22:01.365+0000] {logging_mixin.py:190} INFO - [2025-10-08T23:22:01.364+0000] {override.py:1900} INFO - Created Permission View: can delete on DAG:example_branch_datetime_operator_3
[2025-10-08T23:22:01.375+0000] {logging_mixin.py:190} INFO - [2025-10-08T23:22:01.374+0000] {override.py:1900} INFO - Created Permission View: can edit on DAG:example_branch_datetime_operator_3
[2025-10-08T23:22:01.384+0000] {logging_mixin.py:190} INFO - [2025-10-08T23:22:01.383+0000] {override.py:1900} INFO - Created Permission View: can read on DAG:example_branch_datetime_operator_3
[2025-10-08T23:22:01.394+0000] {logging_mixin.py:190} INFO - [2025-10-08T23:22:01.394+0000] {override.py:1900} INFO - Created Permission View: can delete on DAG Run:example_branch_datetime_operator_3
[2025-10-08T23:22:01.403+0000] {logging_mixin.py:190} INFO - [2025-10-08T23:22:01.403+0000] {override.py:1900} INFO - Created Permission View: can create on DAG Run:example_branch_datetime_operator_3
[2025-10-08T23:22:01.419+0000] {logging_mixin.py:190} INFO - [2025-10-08T23:22:01.418+0000] {override.py:1900} INFO - Created Permission View: menu access on DAG Run:example_branch_datetime_operator_3
[2025-10-08T23:22:01.428+0000] {logging_mixin.py:190} INFO - [2025-10-08T23:22:01.428+0000] {override.py:1900} INFO - Created Permission View: can read on DAG Run:example_branch_datetime_operator_3
[2025-10-08T23:22:01.454+0000] {logging_mixin.py:190} INFO - [2025-10-08T23:22:01.453+0000] {override.py:1900} INFO - Created Permission View: can delete on DAG:example_branch_datetime_operator_2
[2025-10-08T23:22:01.475+0000] {logging_mixin.py:190} INFO - [2025-10-08T23:22:01.473+0000] {override.py:1900} INFO - Created Permission View: can edit on DAG:example_branch_datetime_operator_2
[2025-10-08T23:22:01.491+0000] {logging_mixin.py:190} INFO - [2025-10-08T23:22:01.491+0000] {override.py:1900} INFO - Created Permission View: can read on DAG:example_branch_datetime_operator_2
[2025-10-08T23:22:01.512+0000] {logging_mixin.py:190} INFO - [2025-10-08T23:22:01.512+0000] {override.py:1900} INFO - Created Permission View: can delete on DAG Run:example_branch_datetime_operator_2
[2025-10-08T23:22:01.528+0000] {logging_mixin.py:190} INFO - [2025-10-08T23:22:01.527+0000] {override.py:1900} INFO - Created Permission View: can create on DAG Run:example_branch_datetime_operator_2
[2025-10-08T23:22:01.536+0000] {logging_mixin.py:190} INFO - [2025-10-08T23:22:01.536+0000] {override.py:1900} INFO - Created Permission View: menu access on DAG Run:example_branch_datetime_operator_2
[2025-10-08T23:22:01.547+0000] {logging_mixin.py:190} INFO - [2025-10-08T23:22:01.546+0000] {override.py:1900} INFO - Created Permission View: can read on DAG Run:example_branch_datetime_operator_2
[2025-10-08T23:22:01.562+0000] {logging_mixin.py:190} INFO - [2025-10-08T23:22:01.562+0000] {override.py:1900} INFO - Created Permission View: can delete on DAG:example_branch_datetime_operator
[2025-10-08T23:22:01.569+0000] {logging_mixin.py:190} INFO - [2025-10-08T23:22:01.569+0000] {override.py:1900} INFO - Created Permission View: can edit on DAG:example_branch_datetime_operator
[2025-10-08T23:22:01.576+0000] {logging_mixin.py:190} INFO - [2025-10-08T23:22:01.576+0000] {override.py:1900} INFO - Created Permission View: can read on DAG:example_branch_datetime_operator
[2025-10-08T23:22:01.583+0000] {logging_mixin.py:190} INFO - [2025-10-08T23:22:01.583+0000] {override.py:1900} INFO - Created Permission View: can delete on DAG Run:example_branch_datetime_operator
[2025-10-08T23:22:01.590+0000] {logging_mixin.py:190} INFO - [2025-10-08T23:22:01.589+0000] {override.py:1900} INFO - Created Permission View: can create on DAG Run:example_branch_datetime_operator
[2025-10-08T23:22:01.598+0000] {logging_mixin.py:190} INFO - [2025-10-08T23:22:01.598+0000] {override.py:1900} INFO - Created Permission View: menu access on DAG Run:example_branch_datetime_operator
[2025-10-08T23:22:01.605+0000] {logging_mixin.py:190} INFO - [2025-10-08T23:22:01.604+0000] {override.py:1900} INFO - Created Permission View: can read on DAG Run:example_branch_datetime_operator
[2025-10-08T23:22:01.605+0000] {logging_mixin.py:190} INFO - [2025-10-08T23:22:01.605+0000] {dag.py:3239} INFO - Sync 3 DAGs
[2025-10-08T23:22:01.632+0000] {logging_mixin.py:190} INFO - [2025-10-08T23:22:01.632+0000] {dag.py:3262} INFO - Creating ORM DAG for example_branch_datetime_operator
[2025-10-08T23:22:01.633+0000] {logging_mixin.py:190} INFO - [2025-10-08T23:22:01.633+0000] {dag.py:3262} INFO - Creating ORM DAG for example_branch_datetime_operator_3
[2025-10-08T23:22:01.635+0000] {logging_mixin.py:190} INFO - [2025-10-08T23:22:01.634+0000] {dag.py:3262} INFO - Creating ORM DAG for example_branch_datetime_operator_2
[2025-10-08T23:22:01.662+0000] {logging_mixin.py:190} INFO - [2025-10-08T23:22:01.662+0000] {dag.py:4180} INFO - Setting next_dagrun for example_branch_datetime_operator to 2025-10-07 00:00:00+00:00, run_after=2025-10-08 00:00:00+00:00
[2025-10-08T23:22:01.668+0000] {logging_mixin.py:190} INFO - [2025-10-08T23:22:01.667+0000] {dag.py:4180} INFO - Setting next_dagrun for example_branch_datetime_operator_2 to 2025-10-07 00:00:00+00:00, run_after=2025-10-08 00:00:00+00:00
[2025-10-08T23:22:01.673+0000] {logging_mixin.py:190} INFO - [2025-10-08T23:22:01.672+0000] {dag.py:4180} INFO - Setting next_dagrun for example_branch_datetime_operator_3 to 2025-10-07 00:00:00+00:00, run_after=2025-10-08 00:00:00+00:00
[2025-10-08T23:22:01.700+0000] {processor.py:208} INFO - Processing /home/airflow/.local/lib/python3.12/site-packages/airflow/example_dags/example_branch_datetime_operator.py took 0.544 seconds
[2025-10-08T23:22:32.046+0000] {processor.py:186} INFO - Started process (PID=152) to work on /home/airflow/.local/lib/python3.12/site-packages/airflow/example_dags/example_branch_datetime_operator.py
[2025-10-08T23:22:32.047+0000] {processor.py:914} INFO - Processing file /home/airflow/.local/lib/python3.12/site-packages/airflow/example_dags/example_branch_datetime_operator.py for tasks to queue
[2025-10-08T23:22:32.050+0000] {logging_mixin.py:190} INFO - [2025-10-08T23:22:32.050+0000] {dagbag.py:588} INFO - Filling up the DagBag from /home/airflow/.local/lib/python3.12/site-packages/airflow/example_dags/example_branch_datetime_operator.py
[2025-10-08T23:22:32.063+0000] {processor.py:925} INFO - DAG(s) 'example_branch_datetime_operator_2', 'example_branch_datetime_operator', 'example_branch_datetime_operator_3' retrieved from /home/airflow/.local/lib/python3.12/site-packages/airflow/example_dags/example_branch_datetime_operator.py
[2025-10-08T23:22:32.088+0000] {logging_mixin.py:190} INFO - [2025-10-08T23:22:32.088+0000] {dag.py:3239} INFO - Sync 3 DAGs
[2025-10-08T23:22:32.113+0000] {logging_mixin.py:190} INFO - [2025-10-08T23:22:32.113+0000] {dag.py:4180} INFO - Setting next_dagrun for example_branch_datetime_operator to 2025-10-07 00:00:00+00:00, run_after=2025-10-08 00:00:00+00:00
[2025-10-08T23:22:32.118+0000] {logging_mixin.py:190} INFO - [2025-10-08T23:22:32.117+0000] {dag.py:4180} INFO - Setting next_dagrun for example_branch_datetime_operator_2 to 2025-10-07 00:00:00+00:00, run_after=2025-10-08 00:00:00+00:00
[2025-10-08T23:22:32.120+0000] {logging_mixin.py:190} INFO - [2025-10-08T23:22:32.120+0000] {dag.py:4180} INFO - Setting next_dagrun for example_branch_datetime_operator_3 to 2025-10-07 00:00:00+00:00, run_after=2025-10-08 00:00:00+00:00
[2025-10-08T23:22:32.139+0000] {processor.py:208} INFO - Processing /home/airflow/.local/lib/python3.12/site-packages/airflow/example_dags/example_branch_datetime_operator.py took 0.099 seconds
[2025-10-08T23:23:02.553+0000] {processor.py:186} INFO - Started process (PID=215) to work on /home/airflow/.local/lib/python3.12/site-packages/airflow/example_dags/example_branch_datetime_operator.py
[2025-10-08T23:23:02.554+0000] {processor.py:914} INFO - Processing file /home/airflow/.local/lib/python3.12/site-packages/airflow/example_dags/example_branch_datetime_operator.py for tasks to queue
[2025-10-08T23:23:02.558+0000] {logging_mixin.py:190} INFO - [2025-10-08T23:23:02.558+0000] {dagbag.py:588} INFO - Filling up the DagBag from /home/airflow/.local/lib/python3.12/site-packages/airflow/example_dags/example_branch_datetime_operator.py
[2025-10-08T23:23:02.573+0000] {processor.py:925} INFO - DAG(s) 'example_branch_datetime_operator_3', 'example_branch_datetime_operator_2', 'example_branch_datetime_operator' retrieved from /home/airflow/.local/lib/python3.12/site-packages/airflow/example_dags/example_branch_datetime_operator.py
[2025-10-08T23:23:02.604+0000] {logging_mixin.py:190} INFO - [2025-10-08T23:23:02.604+0000] {dag.py:3239} INFO - Sync 3 DAGs
[2025-10-08T23:23:02.637+0000] {logging_mixin.py:190} INFO - [2025-10-08T23:23:02.636+0000] {dag.py:4180} INFO - Setting next_dagrun for example_branch_datetime_operator to 2025-10-07 00:00:00+00:00, run_after=2025-10-08 00:00:00+00:00
[2025-10-08T23:23:02.642+0000] {logging_mixin.py:190} INFO - [2025-10-08T23:23:02.642+0000] {dag.py:4180} INFO - Setting next_dagrun for example_branch_datetime_operator_2 to 2025-10-07 00:00:00+00:00, run_after=2025-10-08 00:00:00+00:00
[2025-10-08T23:23:02.645+0000] {logging_mixin.py:190} INFO - [2025-10-08T23:23:02.645+0000] {dag.py:4180} INFO - Setting next_dagrun for example_branch_datetime_operator_3 to 2025-10-07 00:00:00+00:00, run_after=2025-10-08 00:00:00+00:00
[2025-10-08T23:23:02.665+0000] {processor.py:208} INFO - Processing /home/airflow/.local/lib/python3.12/site-packages/airflow/example_dags/example_branch_datetime_operator.py took 0.120 seconds
