[2025-10-08T23:22:06.487+0000] {processor.py:186} INFO - Started process (PID=111) to work on /home/airflow/.local/lib/python3.12/site-packages/airflow/example_dags/example_xcomargs.py
[2025-10-08T23:22:06.489+0000] {processor.py:914} INFO - Processing file /home/airflow/.local/lib/python3.12/site-packages/airflow/example_dags/example_xcomargs.py for tasks to queue
[2025-10-08T23:22:06.493+0000] {logging_mixin.py:190} INFO - [2025-10-08T23:22:06.493+0000] {dagbag.py:588} INFO - Filling up the DagBag from /home/airflow/.local/lib/python3.12/site-packages/airflow/example_dags/example_xcomargs.py
[2025-10-08T23:22:06.514+0000] {processor.py:925} INFO - DAG(s) 'example_xcom_args_with_operators', 'example_xcom_args' retrieved from /home/airflow/.local/lib/python3.12/site-packages/airflow/example_dags/example_xcomargs.py
[2025-10-08T23:22:06.694+0000] {logging_mixin.py:190} INFO - [2025-10-08T23:22:06.692+0000] {override.py:1900} INFO - Created Permission View: can delete on DAG:example_xcom_args_with_operators
[2025-10-08T23:22:06.722+0000] {logging_mixin.py:190} INFO - [2025-10-08T23:22:06.722+0000] {override.py:1900} INFO - Created Permission View: can edit on DAG:example_xcom_args_with_operators
[2025-10-08T23:22:06.735+0000] {logging_mixin.py:190} INFO - [2025-10-08T23:22:06.734+0000] {override.py:1900} INFO - Created Permission View: can read on DAG:example_xcom_args_with_operators
[2025-10-08T23:22:06.749+0000] {logging_mixin.py:190} INFO - [2025-10-08T23:22:06.749+0000] {override.py:1900} INFO - Created Permission View: can delete on DAG Run:example_xcom_args_with_operators
[2025-10-08T23:22:06.763+0000] {logging_mixin.py:190} INFO - [2025-10-08T23:22:06.762+0000] {override.py:1900} INFO - Created Permission View: can create on DAG Run:example_xcom_args_with_operators
[2025-10-08T23:22:06.773+0000] {logging_mixin.py:190} INFO - [2025-10-08T23:22:06.772+0000] {override.py:1900} INFO - Created Permission View: menu access on DAG Run:example_xcom_args_with_operators
[2025-10-08T23:22:06.785+0000] {logging_mixin.py:190} INFO - [2025-10-08T23:22:06.785+0000] {override.py:1900} INFO - Created Permission View: can read on DAG Run:example_xcom_args_with_operators
[2025-10-08T23:22:06.806+0000] {logging_mixin.py:190} INFO - [2025-10-08T23:22:06.806+0000] {override.py:1900} INFO - Created Permission View: can delete on DAG:example_xcom_args
[2025-10-08T23:22:06.816+0000] {logging_mixin.py:190} INFO - [2025-10-08T23:22:06.816+0000] {override.py:1900} INFO - Created Permission View: can edit on DAG:example_xcom_args
[2025-10-08T23:22:06.824+0000] {logging_mixin.py:190} INFO - [2025-10-08T23:22:06.824+0000] {override.py:1900} INFO - Created Permission View: can read on DAG:example_xcom_args
[2025-10-08T23:22:06.832+0000] {logging_mixin.py:190} INFO - [2025-10-08T23:22:06.831+0000] {override.py:1900} INFO - Created Permission View: can delete on DAG Run:example_xcom_args
[2025-10-08T23:22:06.839+0000] {logging_mixin.py:190} INFO - [2025-10-08T23:22:06.839+0000] {override.py:1900} INFO - Created Permission View: can create on DAG Run:example_xcom_args
[2025-10-08T23:22:06.846+0000] {logging_mixin.py:190} INFO - [2025-10-08T23:22:06.846+0000] {override.py:1900} INFO - Created Permission View: menu access on DAG Run:example_xcom_args
[2025-10-08T23:22:06.852+0000] {logging_mixin.py:190} INFO - [2025-10-08T23:22:06.852+0000] {override.py:1900} INFO - Created Permission View: can read on DAG Run:example_xcom_args
[2025-10-08T23:22:06.853+0000] {logging_mixin.py:190} INFO - [2025-10-08T23:22:06.852+0000] {dag.py:3239} INFO - Sync 2 DAGs
[2025-10-08T23:22:06.868+0000] {logging_mixin.py:190} INFO - [2025-10-08T23:22:06.868+0000] {dag.py:3262} INFO - Creating ORM DAG for example_xcom_args_with_operators
[2025-10-08T23:22:06.869+0000] {logging_mixin.py:190} INFO - [2025-10-08T23:22:06.869+0000] {dag.py:3262} INFO - Creating ORM DAG for example_xcom_args
[2025-10-08T23:22:06.870+0000] {logging_mixin.py:190} INFO - [2025-10-08T23:22:06.870+0000] {dag.py:4180} INFO - Setting next_dagrun for example_xcom_args to None, run_after=None
[2025-10-08T23:22:06.871+0000] {logging_mixin.py:190} INFO - [2025-10-08T23:22:06.871+0000] {dag.py:4180} INFO - Setting next_dagrun for example_xcom_args_with_operators to None, run_after=None
[2025-10-08T23:22:06.891+0000] {processor.py:208} INFO - Processing /home/airflow/.local/lib/python3.12/site-packages/airflow/example_dags/example_xcomargs.py took 0.410 seconds
[2025-10-08T23:22:37.686+0000] {processor.py:186} INFO - Started process (PID=174) to work on /home/airflow/.local/lib/python3.12/site-packages/airflow/example_dags/example_xcomargs.py
[2025-10-08T23:22:37.688+0000] {processor.py:914} INFO - Processing file /home/airflow/.local/lib/python3.12/site-packages/airflow/example_dags/example_xcomargs.py for tasks to queue
[2025-10-08T23:22:37.699+0000] {logging_mixin.py:190} INFO - [2025-10-08T23:22:37.692+0000] {dagbag.py:588} INFO - Filling up the DagBag from /home/airflow/.local/lib/python3.12/site-packages/airflow/example_dags/example_xcomargs.py
[2025-10-08T23:22:37.778+0000] {processor.py:925} INFO - DAG(s) 'example_xcom_args_with_operators', 'example_xcom_args' retrieved from /home/airflow/.local/lib/python3.12/site-packages/airflow/example_dags/example_xcomargs.py
[2025-10-08T23:22:37.832+0000] {logging_mixin.py:190} INFO - [2025-10-08T23:22:37.832+0000] {dag.py:3239} INFO - Sync 2 DAGs
[2025-10-08T23:22:37.917+0000] {logging_mixin.py:190} INFO - [2025-10-08T23:22:37.917+0000] {dag.py:4180} INFO - Setting next_dagrun for example_xcom_args to None, run_after=None
[2025-10-08T23:22:37.924+0000] {logging_mixin.py:190} INFO - [2025-10-08T23:22:37.924+0000] {dag.py:4180} INFO - Setting next_dagrun for example_xcom_args_with_operators to None, run_after=None
[2025-10-08T23:22:37.948+0000] {processor.py:208} INFO - Processing /home/airflow/.local/lib/python3.12/site-packages/airflow/example_dags/example_xcomargs.py took 0.292 seconds
[2025-10-08T23:23:08.678+0000] {processor.py:186} INFO - Started process (PID=236) to work on /home/airflow/.local/lib/python3.12/site-packages/airflow/example_dags/example_xcomargs.py
[2025-10-08T23:23:08.698+0000] {processor.py:914} INFO - Processing file /home/airflow/.local/lib/python3.12/site-packages/airflow/example_dags/example_xcomargs.py for tasks to queue
[2025-10-08T23:23:08.708+0000] {logging_mixin.py:190} INFO - [2025-10-08T23:23:08.707+0000] {dagbag.py:588} INFO - Filling up the DagBag from /home/airflow/.local/lib/python3.12/site-packages/airflow/example_dags/example_xcomargs.py
[2025-10-08T23:23:08.755+0000] {processor.py:925} INFO - DAG(s) 'example_xcom_args', 'example_xcom_args_with_operators' retrieved from /home/airflow/.local/lib/python3.12/site-packages/airflow/example_dags/example_xcomargs.py
[2025-10-08T23:23:08.834+0000] {logging_mixin.py:190} INFO - [2025-10-08T23:23:08.833+0000] {dag.py:3239} INFO - Sync 2 DAGs
[2025-10-08T23:23:08.890+0000] {logging_mixin.py:190} INFO - [2025-10-08T23:23:08.888+0000] {dag.py:4180} INFO - Setting next_dagrun for example_xcom_args to None, run_after=None
[2025-10-08T23:23:08.900+0000] {logging_mixin.py:190} INFO - [2025-10-08T23:23:08.900+0000] {dag.py:4180} INFO - Setting next_dagrun for example_xcom_args_with_operators to None, run_after=None
[2025-10-08T23:23:08.953+0000] {processor.py:208} INFO - Processing /home/airflow/.local/lib/python3.12/site-packages/airflow/example_dags/example_xcomargs.py took 0.299 seconds
