[2025-10-08T23:41:39.644+0000] {processor.py:186} INFO - Started process (PID=106) to work on /home/airflow/.local/lib/python3.12/site-packages/airflow/example_dags/example_trigger_target_dag.py
[2025-10-08T23:41:39.646+0000] {processor.py:914} INFO - Processing file /home/airflow/.local/lib/python3.12/site-packages/airflow/example_dags/example_trigger_target_dag.py for tasks to queue
[2025-10-08T23:41:39.649+0000] {logging_mixin.py:190} INFO - [2025-10-08T23:41:39.648+0000] {dagbag.py:588} INFO - Filling up the DagBag from /home/airflow/.local/lib/python3.12/site-packages/airflow/example_dags/example_trigger_target_dag.py
[2025-10-08T23:41:39.660+0000] {processor.py:925} INFO - DAG(s) 'example_trigger_target_dag' retrieved from /home/airflow/.local/lib/python3.12/site-packages/airflow/example_dags/example_trigger_target_dag.py
[2025-10-08T23:41:39.691+0000] {logging_mixin.py:190} INFO - [2025-10-08T23:41:39.691+0000] {dag.py:3239} INFO - Sync 1 DAGs
[2025-10-08T23:41:39.720+0000] {logging_mixin.py:190} INFO - [2025-10-08T23:41:39.720+0000] {dag.py:4180} INFO - Setting next_dagrun for example_trigger_target_dag to None, run_after=None
[2025-10-08T23:41:39.743+0000] {processor.py:208} INFO - Processing /home/airflow/.local/lib/python3.12/site-packages/airflow/example_dags/example_trigger_target_dag.py took 0.107 seconds
[2025-10-08T23:42:09.988+0000] {processor.py:186} INFO - Started process (PID=171) to work on /home/airflow/.local/lib/python3.12/site-packages/airflow/example_dags/example_trigger_target_dag.py
[2025-10-08T23:42:09.990+0000] {processor.py:914} INFO - Processing file /home/airflow/.local/lib/python3.12/site-packages/airflow/example_dags/example_trigger_target_dag.py for tasks to queue
[2025-10-08T23:42:10.001+0000] {logging_mixin.py:190} INFO - [2025-10-08T23:42:10.000+0000] {dagbag.py:588} INFO - Filling up the DagBag from /home/airflow/.local/lib/python3.12/site-packages/airflow/example_dags/example_trigger_target_dag.py
[2025-10-08T23:42:10.035+0000] {processor.py:925} INFO - DAG(s) 'example_trigger_target_dag' retrieved from /home/airflow/.local/lib/python3.12/site-packages/airflow/example_dags/example_trigger_target_dag.py
[2025-10-08T23:42:10.092+0000] {logging_mixin.py:190} INFO - [2025-10-08T23:42:10.092+0000] {dag.py:3239} INFO - Sync 1 DAGs
[2025-10-08T23:42:10.117+0000] {logging_mixin.py:190} INFO - [2025-10-08T23:42:10.116+0000] {dag.py:4180} INFO - Setting next_dagrun for example_trigger_target_dag to None, run_after=None
[2025-10-08T23:42:10.150+0000] {processor.py:208} INFO - Processing /home/airflow/.local/lib/python3.12/site-packages/airflow/example_dags/example_trigger_target_dag.py took 0.175 seconds
[2025-10-08T23:42:40.314+0000] {processor.py:186} INFO - Started process (PID=234) to work on /home/airflow/.local/lib/python3.12/site-packages/airflow/example_dags/example_trigger_target_dag.py
[2025-10-08T23:42:40.315+0000] {processor.py:914} INFO - Processing file /home/airflow/.local/lib/python3.12/site-packages/airflow/example_dags/example_trigger_target_dag.py for tasks to queue
[2025-10-08T23:42:40.320+0000] {logging_mixin.py:190} INFO - [2025-10-08T23:42:40.319+0000] {dagbag.py:588} INFO - Filling up the DagBag from /home/airflow/.local/lib/python3.12/site-packages/airflow/example_dags/example_trigger_target_dag.py
[2025-10-08T23:42:40.331+0000] {processor.py:925} INFO - DAG(s) 'example_trigger_target_dag' retrieved from /home/airflow/.local/lib/python3.12/site-packages/airflow/example_dags/example_trigger_target_dag.py
[2025-10-08T23:42:40.356+0000] {logging_mixin.py:190} INFO - [2025-10-08T23:42:40.356+0000] {dag.py:3239} INFO - Sync 1 DAGs
[2025-10-08T23:42:40.372+0000] {logging_mixin.py:190} INFO - [2025-10-08T23:42:40.372+0000] {dag.py:4180} INFO - Setting next_dagrun for example_trigger_target_dag to None, run_after=None
[2025-10-08T23:42:40.388+0000] {processor.py:208} INFO - Processing /home/airflow/.local/lib/python3.12/site-packages/airflow/example_dags/example_trigger_target_dag.py took 0.086 seconds
[2025-10-08T23:43:11.354+0000] {processor.py:186} INFO - Started process (PID=299) to work on /home/airflow/.local/lib/python3.12/site-packages/airflow/example_dags/example_trigger_target_dag.py
[2025-10-08T23:43:11.355+0000] {processor.py:914} INFO - Processing file /home/airflow/.local/lib/python3.12/site-packages/airflow/example_dags/example_trigger_target_dag.py for tasks to queue
[2025-10-08T23:43:11.358+0000] {logging_mixin.py:190} INFO - [2025-10-08T23:43:11.358+0000] {dagbag.py:588} INFO - Filling up the DagBag from /home/airflow/.local/lib/python3.12/site-packages/airflow/example_dags/example_trigger_target_dag.py
[2025-10-08T23:43:11.372+0000] {processor.py:925} INFO - DAG(s) 'example_trigger_target_dag' retrieved from /home/airflow/.local/lib/python3.12/site-packages/airflow/example_dags/example_trigger_target_dag.py
[2025-10-08T23:43:11.396+0000] {logging_mixin.py:190} INFO - [2025-10-08T23:43:11.396+0000] {dag.py:3239} INFO - Sync 1 DAGs
[2025-10-08T23:43:11.413+0000] {logging_mixin.py:190} INFO - [2025-10-08T23:43:11.413+0000] {dag.py:4180} INFO - Setting next_dagrun for example_trigger_target_dag to None, run_after=None
[2025-10-08T23:43:11.433+0000] {processor.py:208} INFO - Processing /home/airflow/.local/lib/python3.12/site-packages/airflow/example_dags/example_trigger_target_dag.py took 0.087 seconds
[2025-10-08T23:43:42.144+0000] {processor.py:186} INFO - Started process (PID=363) to work on /home/airflow/.local/lib/python3.12/site-packages/airflow/example_dags/example_trigger_target_dag.py
[2025-10-08T23:43:42.146+0000] {processor.py:914} INFO - Processing file /home/airflow/.local/lib/python3.12/site-packages/airflow/example_dags/example_trigger_target_dag.py for tasks to queue
[2025-10-08T23:43:42.152+0000] {logging_mixin.py:190} INFO - [2025-10-08T23:43:42.151+0000] {dagbag.py:588} INFO - Filling up the DagBag from /home/airflow/.local/lib/python3.12/site-packages/airflow/example_dags/example_trigger_target_dag.py
[2025-10-08T23:43:42.167+0000] {processor.py:925} INFO - DAG(s) 'example_trigger_target_dag' retrieved from /home/airflow/.local/lib/python3.12/site-packages/airflow/example_dags/example_trigger_target_dag.py
[2025-10-08T23:43:42.191+0000] {logging_mixin.py:190} INFO - [2025-10-08T23:43:42.191+0000] {dag.py:3239} INFO - Sync 1 DAGs
[2025-10-08T23:43:42.209+0000] {logging_mixin.py:190} INFO - [2025-10-08T23:43:42.209+0000] {dag.py:4180} INFO - Setting next_dagrun for example_trigger_target_dag to None, run_after=None
[2025-10-08T23:43:42.232+0000] {processor.py:208} INFO - Processing /home/airflow/.local/lib/python3.12/site-packages/airflow/example_dags/example_trigger_target_dag.py took 0.101 seconds
[2025-10-08T23:44:12.284+0000] {processor.py:186} INFO - Started process (PID=427) to work on /home/airflow/.local/lib/python3.12/site-packages/airflow/example_dags/example_trigger_target_dag.py
[2025-10-08T23:44:12.286+0000] {processor.py:914} INFO - Processing file /home/airflow/.local/lib/python3.12/site-packages/airflow/example_dags/example_trigger_target_dag.py for tasks to queue
[2025-10-08T23:44:12.289+0000] {logging_mixin.py:190} INFO - [2025-10-08T23:44:12.288+0000] {dagbag.py:588} INFO - Filling up the DagBag from /home/airflow/.local/lib/python3.12/site-packages/airflow/example_dags/example_trigger_target_dag.py
[2025-10-08T23:44:12.299+0000] {processor.py:925} INFO - DAG(s) 'example_trigger_target_dag' retrieved from /home/airflow/.local/lib/python3.12/site-packages/airflow/example_dags/example_trigger_target_dag.py
[2025-10-08T23:44:12.336+0000] {logging_mixin.py:190} INFO - [2025-10-08T23:44:12.336+0000] {dag.py:3239} INFO - Sync 1 DAGs
[2025-10-08T23:44:12.365+0000] {logging_mixin.py:190} INFO - [2025-10-08T23:44:12.364+0000] {dag.py:4180} INFO - Setting next_dagrun for example_trigger_target_dag to None, run_after=None
[2025-10-08T23:44:12.396+0000] {processor.py:208} INFO - Processing /home/airflow/.local/lib/python3.12/site-packages/airflow/example_dags/example_trigger_target_dag.py took 0.120 seconds
[2025-10-08T23:44:43.364+0000] {processor.py:186} INFO - Started process (PID=491) to work on /home/airflow/.local/lib/python3.12/site-packages/airflow/example_dags/example_trigger_target_dag.py
[2025-10-08T23:44:43.365+0000] {processor.py:914} INFO - Processing file /home/airflow/.local/lib/python3.12/site-packages/airflow/example_dags/example_trigger_target_dag.py for tasks to queue
[2025-10-08T23:44:43.370+0000] {logging_mixin.py:190} INFO - [2025-10-08T23:44:43.369+0000] {dagbag.py:588} INFO - Filling up the DagBag from /home/airflow/.local/lib/python3.12/site-packages/airflow/example_dags/example_trigger_target_dag.py
[2025-10-08T23:44:43.383+0000] {processor.py:925} INFO - DAG(s) 'example_trigger_target_dag' retrieved from /home/airflow/.local/lib/python3.12/site-packages/airflow/example_dags/example_trigger_target_dag.py
[2025-10-08T23:44:43.411+0000] {logging_mixin.py:190} INFO - [2025-10-08T23:44:43.411+0000] {dag.py:3239} INFO - Sync 1 DAGs
[2025-10-08T23:44:43.430+0000] {logging_mixin.py:190} INFO - [2025-10-08T23:44:43.430+0000] {dag.py:4180} INFO - Setting next_dagrun for example_trigger_target_dag to None, run_after=None
[2025-10-08T23:44:43.462+0000] {processor.py:208} INFO - Processing /home/airflow/.local/lib/python3.12/site-packages/airflow/example_dags/example_trigger_target_dag.py took 0.107 seconds
