[2025-10-08T23:21:57.709+0000] {processor.py:186} INFO - Started process (PID=74) to work on /home/airflow/.local/lib/python3.12/site-packages/airflow/example_dags/example_nested_branch_dag.py
[2025-10-08T23:21:57.711+0000] {processor.py:914} INFO - Processing file /home/airflow/.local/lib/python3.12/site-packages/airflow/example_dags/example_nested_branch_dag.py for tasks to queue
[2025-10-08T23:21:57.714+0000] {logging_mixin.py:190} INFO - [2025-10-08T23:21:57.714+0000] {dagbag.py:588} INFO - Filling up the DagBag from /home/airflow/.local/lib/python3.12/site-packages/airflow/example_dags/example_nested_branch_dag.py
[2025-10-08T23:21:57.731+0000] {processor.py:925} INFO - DAG(s) 'example_nested_branch_dag' retrieved from /home/airflow/.local/lib/python3.12/site-packages/airflow/example_dags/example_nested_branch_dag.py
[2025-10-08T23:21:57.862+0000] {logging_mixin.py:190} INFO - [2025-10-08T23:21:57.861+0000] {override.py:1900} INFO - Created Permission View: can delete on DAG:example_nested_branch_dag
[2025-10-08T23:21:57.876+0000] {logging_mixin.py:190} INFO - [2025-10-08T23:21:57.875+0000] {override.py:1900} INFO - Created Permission View: can edit on DAG:example_nested_branch_dag
[2025-10-08T23:21:57.883+0000] {logging_mixin.py:190} INFO - [2025-10-08T23:21:57.883+0000] {override.py:1900} INFO - Created Permission View: can read on DAG:example_nested_branch_dag
[2025-10-08T23:21:57.891+0000] {logging_mixin.py:190} INFO - [2025-10-08T23:21:57.890+0000] {override.py:1900} INFO - Created Permission View: can delete on DAG Run:example_nested_branch_dag
[2025-10-08T23:21:57.899+0000] {logging_mixin.py:190} INFO - [2025-10-08T23:21:57.899+0000] {override.py:1900} INFO - Created Permission View: can create on DAG Run:example_nested_branch_dag
[2025-10-08T23:21:57.906+0000] {logging_mixin.py:190} INFO - [2025-10-08T23:21:57.905+0000] {override.py:1900} INFO - Created Permission View: menu access on DAG Run:example_nested_branch_dag
[2025-10-08T23:21:57.912+0000] {logging_mixin.py:190} INFO - [2025-10-08T23:21:57.912+0000] {override.py:1900} INFO - Created Permission View: can read on DAG Run:example_nested_branch_dag
[2025-10-08T23:21:57.913+0000] {logging_mixin.py:190} INFO - [2025-10-08T23:21:57.913+0000] {dag.py:3239} INFO - Sync 1 DAGs
[2025-10-08T23:21:57.927+0000] {logging_mixin.py:190} INFO - [2025-10-08T23:21:57.926+0000] {dag.py:3262} INFO - Creating ORM DAG for example_nested_branch_dag
[2025-10-08T23:21:57.939+0000] {logging_mixin.py:190} INFO - [2025-10-08T23:21:57.939+0000] {dag.py:4180} INFO - Setting next_dagrun for example_nested_branch_dag to 2025-10-07 00:00:00+00:00, run_after=2025-10-08 00:00:00+00:00
[2025-10-08T23:21:58.006+0000] {processor.py:208} INFO - Processing /home/airflow/.local/lib/python3.12/site-packages/airflow/example_dags/example_nested_branch_dag.py took 0.310 seconds
[2025-10-08T23:22:28.910+0000] {processor.py:186} INFO - Started process (PID=137) to work on /home/airflow/.local/lib/python3.12/site-packages/airflow/example_dags/example_nested_branch_dag.py
[2025-10-08T23:22:28.912+0000] {processor.py:914} INFO - Processing file /home/airflow/.local/lib/python3.12/site-packages/airflow/example_dags/example_nested_branch_dag.py for tasks to queue
[2025-10-08T23:22:28.917+0000] {logging_mixin.py:190} INFO - [2025-10-08T23:22:28.916+0000] {dagbag.py:588} INFO - Filling up the DagBag from /home/airflow/.local/lib/python3.12/site-packages/airflow/example_dags/example_nested_branch_dag.py
[2025-10-08T23:22:28.934+0000] {processor.py:925} INFO - DAG(s) 'example_nested_branch_dag' retrieved from /home/airflow/.local/lib/python3.12/site-packages/airflow/example_dags/example_nested_branch_dag.py
[2025-10-08T23:22:28.964+0000] {logging_mixin.py:190} INFO - [2025-10-08T23:22:28.963+0000] {dag.py:3239} INFO - Sync 1 DAGs
[2025-10-08T23:22:28.992+0000] {logging_mixin.py:190} INFO - [2025-10-08T23:22:28.992+0000] {dag.py:4180} INFO - Setting next_dagrun for example_nested_branch_dag to 2025-10-07 00:00:00+00:00, run_after=2025-10-08 00:00:00+00:00
[2025-10-08T23:22:29.019+0000] {processor.py:208} INFO - Processing /home/airflow/.local/lib/python3.12/site-packages/airflow/example_dags/example_nested_branch_dag.py took 0.122 seconds
[2025-10-08T23:22:59.326+0000] {processor.py:186} INFO - Started process (PID=200) to work on /home/airflow/.local/lib/python3.12/site-packages/airflow/example_dags/example_nested_branch_dag.py
[2025-10-08T23:22:59.327+0000] {processor.py:914} INFO - Processing file /home/airflow/.local/lib/python3.12/site-packages/airflow/example_dags/example_nested_branch_dag.py for tasks to queue
[2025-10-08T23:22:59.330+0000] {logging_mixin.py:190} INFO - [2025-10-08T23:22:59.330+0000] {dagbag.py:588} INFO - Filling up the DagBag from /home/airflow/.local/lib/python3.12/site-packages/airflow/example_dags/example_nested_branch_dag.py
[2025-10-08T23:22:59.345+0000] {processor.py:925} INFO - DAG(s) 'example_nested_branch_dag' retrieved from /home/airflow/.local/lib/python3.12/site-packages/airflow/example_dags/example_nested_branch_dag.py
[2025-10-08T23:22:59.383+0000] {logging_mixin.py:190} INFO - [2025-10-08T23:22:59.383+0000] {dag.py:3239} INFO - Sync 1 DAGs
[2025-10-08T23:22:59.422+0000] {logging_mixin.py:190} INFO - [2025-10-08T23:22:59.422+0000] {dag.py:4180} INFO - Setting next_dagrun for example_nested_branch_dag to 2025-10-07 00:00:00+00:00, run_after=2025-10-08 00:00:00+00:00
[2025-10-08T23:22:59.446+0000] {processor.py:208} INFO - Processing /home/airflow/.local/lib/python3.12/site-packages/airflow/example_dags/example_nested_branch_dag.py took 0.127 seconds
