[2025-10-08T23:21:53.783+0000] {processor.py:186} INFO - Started process (PID=64) to work on /home/airflow/.local/lib/python3.12/site-packages/airflow/example_dags/example_datasets.py
[2025-10-08T23:21:53.784+0000] {processor.py:914} INFO - Processing file /home/airflow/.local/lib/python3.12/site-packages/airflow/example_dags/example_datasets.py for tasks to queue
[2025-10-08T23:21:53.789+0000] {logging_mixin.py:190} INFO - [2025-10-08T23:21:53.788+0000] {dagbag.py:588} INFO - Filling up the DagBag from /home/airflow/.local/lib/python3.12/site-packages/airflow/example_dags/example_datasets.py
[2025-10-08T23:21:54.767+0000] {processor.py:925} INFO - DAG(s) 'dataset_consumes_1_never_scheduled', 'dataset_consumes_unknown_never_scheduled', 'conditional_dataset_and_time_based_timetable', 'consume_1_or_both_2_and_3_with_dataset_expressions', 'dataset_produces_1', 'consume_1_and_2_with_dataset_expressions', 'dataset_consumes_1', 'consume_1_or_2_with_dataset_expressions', 'dataset_produces_2', 'dataset_consumes_1_and_2' retrieved from /home/airflow/.local/lib/python3.12/site-packages/airflow/example_dags/example_datasets.py
[2025-10-08T23:21:55.287+0000] {logging_mixin.py:190} INFO - [2025-10-08T23:21:55.286+0000] {override.py:1900} INFO - Created Permission View: can delete on DAG:dataset_consumes_1_never_scheduled
[2025-10-08T23:21:55.306+0000] {logging_mixin.py:190} INFO - [2025-10-08T23:21:55.305+0000] {override.py:1900} INFO - Created Permission View: can edit on DAG:dataset_consumes_1_never_scheduled
[2025-10-08T23:21:55.315+0000] {logging_mixin.py:190} INFO - [2025-10-08T23:21:55.314+0000] {override.py:1900} INFO - Created Permission View: can read on DAG:dataset_consumes_1_never_scheduled
[2025-10-08T23:21:55.328+0000] {logging_mixin.py:190} INFO - [2025-10-08T23:21:55.328+0000] {override.py:1900} INFO - Created Permission View: can delete on DAG Run:dataset_consumes_1_never_scheduled
[2025-10-08T23:21:55.342+0000] {logging_mixin.py:190} INFO - [2025-10-08T23:21:55.340+0000] {override.py:1900} INFO - Created Permission View: can create on DAG Run:dataset_consumes_1_never_scheduled
[2025-10-08T23:21:55.394+0000] {logging_mixin.py:190} INFO - [2025-10-08T23:21:55.393+0000] {override.py:1900} INFO - Created Permission View: menu access on DAG Run:dataset_consumes_1_never_scheduled
[2025-10-08T23:21:55.425+0000] {logging_mixin.py:190} INFO - [2025-10-08T23:21:55.421+0000] {override.py:1900} INFO - Created Permission View: can read on DAG Run:dataset_consumes_1_never_scheduled
[2025-10-08T23:21:55.458+0000] {logging_mixin.py:190} INFO - [2025-10-08T23:21:55.457+0000] {override.py:1900} INFO - Created Permission View: can delete on DAG:dataset_consumes_unknown_never_scheduled
[2025-10-08T23:21:55.479+0000] {logging_mixin.py:190} INFO - [2025-10-08T23:21:55.479+0000] {override.py:1900} INFO - Created Permission View: can edit on DAG:dataset_consumes_unknown_never_scheduled
[2025-10-08T23:21:55.497+0000] {logging_mixin.py:190} INFO - [2025-10-08T23:21:55.496+0000] {override.py:1900} INFO - Created Permission View: can read on DAG:dataset_consumes_unknown_never_scheduled
[2025-10-08T23:21:55.524+0000] {logging_mixin.py:190} INFO - [2025-10-08T23:21:55.524+0000] {override.py:1900} INFO - Created Permission View: can delete on DAG Run:dataset_consumes_unknown_never_scheduled
[2025-10-08T23:21:55.536+0000] {logging_mixin.py:190} INFO - [2025-10-08T23:21:55.535+0000] {override.py:1900} INFO - Created Permission View: can create on DAG Run:dataset_consumes_unknown_never_scheduled
[2025-10-08T23:21:55.547+0000] {logging_mixin.py:190} INFO - [2025-10-08T23:21:55.546+0000] {override.py:1900} INFO - Created Permission View: menu access on DAG Run:dataset_consumes_unknown_never_scheduled
[2025-10-08T23:21:55.558+0000] {logging_mixin.py:190} INFO - [2025-10-08T23:21:55.558+0000] {override.py:1900} INFO - Created Permission View: can read on DAG Run:dataset_consumes_unknown_never_scheduled
[2025-10-08T23:21:55.575+0000] {logging_mixin.py:190} INFO - [2025-10-08T23:21:55.574+0000] {override.py:1900} INFO - Created Permission View: can delete on DAG:conditional_dataset_and_time_based_timetable
[2025-10-08T23:21:55.585+0000] {logging_mixin.py:190} INFO - [2025-10-08T23:21:55.585+0000] {override.py:1900} INFO - Created Permission View: can edit on DAG:conditional_dataset_and_time_based_timetable
[2025-10-08T23:21:55.594+0000] {logging_mixin.py:190} INFO - [2025-10-08T23:21:55.594+0000] {override.py:1900} INFO - Created Permission View: can read on DAG:conditional_dataset_and_time_based_timetable
[2025-10-08T23:21:55.603+0000] {logging_mixin.py:190} INFO - [2025-10-08T23:21:55.603+0000] {override.py:1900} INFO - Created Permission View: can delete on DAG Run:conditional_dataset_and_time_based_timetable
[2025-10-08T23:21:55.612+0000] {logging_mixin.py:190} INFO - [2025-10-08T23:21:55.611+0000] {override.py:1900} INFO - Created Permission View: can create on DAG Run:conditional_dataset_and_time_based_timetable
[2025-10-08T23:21:55.618+0000] {logging_mixin.py:190} INFO - [2025-10-08T23:21:55.618+0000] {override.py:1900} INFO - Created Permission View: menu access on DAG Run:conditional_dataset_and_time_based_timetable
[2025-10-08T23:21:55.628+0000] {logging_mixin.py:190} INFO - [2025-10-08T23:21:55.628+0000] {override.py:1900} INFO - Created Permission View: can read on DAG Run:conditional_dataset_and_time_based_timetable
[2025-10-08T23:21:55.641+0000] {logging_mixin.py:190} INFO - [2025-10-08T23:21:55.641+0000] {override.py:1900} INFO - Created Permission View: can delete on DAG:consume_1_or_both_2_and_3_with_dataset_expressions
[2025-10-08T23:21:55.664+0000] {logging_mixin.py:190} INFO - [2025-10-08T23:21:55.663+0000] {override.py:1900} INFO - Created Permission View: can edit on DAG:consume_1_or_both_2_and_3_with_dataset_expressions
[2025-10-08T23:21:55.688+0000] {logging_mixin.py:190} INFO - [2025-10-08T23:21:55.688+0000] {override.py:1900} INFO - Created Permission View: can read on DAG:consume_1_or_both_2_and_3_with_dataset_expressions
[2025-10-08T23:21:55.714+0000] {logging_mixin.py:190} INFO - [2025-10-08T23:21:55.714+0000] {override.py:1900} INFO - Created Permission View: can delete on DAG Run:consume_1_or_both_2_and_3_with_dataset_expressions
[2025-10-08T23:21:55.725+0000] {logging_mixin.py:190} INFO - [2025-10-08T23:21:55.725+0000] {override.py:1900} INFO - Created Permission View: can create on DAG Run:consume_1_or_both_2_and_3_with_dataset_expressions
[2025-10-08T23:21:55.748+0000] {logging_mixin.py:190} INFO - [2025-10-08T23:21:55.746+0000] {override.py:1900} INFO - Created Permission View: menu access on DAG Run:consume_1_or_both_2_and_3_with_dataset_expressions
[2025-10-08T23:21:55.765+0000] {logging_mixin.py:190} INFO - [2025-10-08T23:21:55.765+0000] {override.py:1900} INFO - Created Permission View: can read on DAG Run:consume_1_or_both_2_and_3_with_dataset_expressions
[2025-10-08T23:21:55.793+0000] {logging_mixin.py:190} INFO - [2025-10-08T23:21:55.793+0000] {override.py:1900} INFO - Created Permission View: can delete on DAG:dataset_produces_1
[2025-10-08T23:21:55.817+0000] {logging_mixin.py:190} INFO - [2025-10-08T23:21:55.816+0000] {override.py:1900} INFO - Created Permission View: can edit on DAG:dataset_produces_1
[2025-10-08T23:21:55.827+0000] {logging_mixin.py:190} INFO - [2025-10-08T23:21:55.826+0000] {override.py:1900} INFO - Created Permission View: can read on DAG:dataset_produces_1
[2025-10-08T23:21:55.834+0000] {logging_mixin.py:190} INFO - [2025-10-08T23:21:55.834+0000] {override.py:1900} INFO - Created Permission View: can delete on DAG Run:dataset_produces_1
[2025-10-08T23:21:55.841+0000] {logging_mixin.py:190} INFO - [2025-10-08T23:21:55.841+0000] {override.py:1900} INFO - Created Permission View: can create on DAG Run:dataset_produces_1
[2025-10-08T23:21:55.847+0000] {logging_mixin.py:190} INFO - [2025-10-08T23:21:55.847+0000] {override.py:1900} INFO - Created Permission View: menu access on DAG Run:dataset_produces_1
[2025-10-08T23:21:55.854+0000] {logging_mixin.py:190} INFO - [2025-10-08T23:21:55.854+0000] {override.py:1900} INFO - Created Permission View: can read on DAG Run:dataset_produces_1
[2025-10-08T23:21:55.865+0000] {logging_mixin.py:190} INFO - [2025-10-08T23:21:55.864+0000] {override.py:1900} INFO - Created Permission View: can delete on DAG:consume_1_and_2_with_dataset_expressions
[2025-10-08T23:21:55.871+0000] {logging_mixin.py:190} INFO - [2025-10-08T23:21:55.871+0000] {override.py:1900} INFO - Created Permission View: can edit on DAG:consume_1_and_2_with_dataset_expressions
[2025-10-08T23:21:55.877+0000] {logging_mixin.py:190} INFO - [2025-10-08T23:21:55.877+0000] {override.py:1900} INFO - Created Permission View: can read on DAG:consume_1_and_2_with_dataset_expressions
[2025-10-08T23:21:55.888+0000] {logging_mixin.py:190} INFO - [2025-10-08T23:21:55.887+0000] {override.py:1900} INFO - Created Permission View: can delete on DAG Run:consume_1_and_2_with_dataset_expressions
[2025-10-08T23:21:55.905+0000] {logging_mixin.py:190} INFO - [2025-10-08T23:21:55.905+0000] {override.py:1900} INFO - Created Permission View: can create on DAG Run:consume_1_and_2_with_dataset_expressions
[2025-10-08T23:21:55.916+0000] {logging_mixin.py:190} INFO - [2025-10-08T23:21:55.915+0000] {override.py:1900} INFO - Created Permission View: menu access on DAG Run:consume_1_and_2_with_dataset_expressions
[2025-10-08T23:21:55.940+0000] {logging_mixin.py:190} INFO - [2025-10-08T23:21:55.940+0000] {override.py:1900} INFO - Created Permission View: can read on DAG Run:consume_1_and_2_with_dataset_expressions
[2025-10-08T23:21:55.952+0000] {logging_mixin.py:190} INFO - [2025-10-08T23:21:55.951+0000] {override.py:1900} INFO - Created Permission View: can delete on DAG:dataset_consumes_1
[2025-10-08T23:21:55.960+0000] {logging_mixin.py:190} INFO - [2025-10-08T23:21:55.960+0000] {override.py:1900} INFO - Created Permission View: can edit on DAG:dataset_consumes_1
[2025-10-08T23:21:55.971+0000] {logging_mixin.py:190} INFO - [2025-10-08T23:21:55.971+0000] {override.py:1900} INFO - Created Permission View: can read on DAG:dataset_consumes_1
[2025-10-08T23:21:56.009+0000] {logging_mixin.py:190} INFO - [2025-10-08T23:21:56.008+0000] {override.py:1900} INFO - Created Permission View: can delete on DAG Run:dataset_consumes_1
[2025-10-08T23:21:56.016+0000] {logging_mixin.py:190} INFO - [2025-10-08T23:21:56.016+0000] {override.py:1900} INFO - Created Permission View: can create on DAG Run:dataset_consumes_1
[2025-10-08T23:21:56.024+0000] {logging_mixin.py:190} INFO - [2025-10-08T23:21:56.024+0000] {override.py:1900} INFO - Created Permission View: menu access on DAG Run:dataset_consumes_1
[2025-10-08T23:21:56.030+0000] {logging_mixin.py:190} INFO - [2025-10-08T23:21:56.030+0000] {override.py:1900} INFO - Created Permission View: can read on DAG Run:dataset_consumes_1
[2025-10-08T23:21:56.040+0000] {logging_mixin.py:190} INFO - [2025-10-08T23:21:56.039+0000] {override.py:1900} INFO - Created Permission View: can delete on DAG:consume_1_or_2_with_dataset_expressions
[2025-10-08T23:21:56.046+0000] {logging_mixin.py:190} INFO - [2025-10-08T23:21:56.046+0000] {override.py:1900} INFO - Created Permission View: can edit on DAG:consume_1_or_2_with_dataset_expressions
[2025-10-08T23:21:56.053+0000] {logging_mixin.py:190} INFO - [2025-10-08T23:21:56.052+0000] {override.py:1900} INFO - Created Permission View: can read on DAG:consume_1_or_2_with_dataset_expressions
[2025-10-08T23:21:56.060+0000] {logging_mixin.py:190} INFO - [2025-10-08T23:21:56.059+0000] {override.py:1900} INFO - Created Permission View: can delete on DAG Run:consume_1_or_2_with_dataset_expressions
[2025-10-08T23:21:56.065+0000] {logging_mixin.py:190} INFO - [2025-10-08T23:21:56.065+0000] {override.py:1900} INFO - Created Permission View: can create on DAG Run:consume_1_or_2_with_dataset_expressions
[2025-10-08T23:21:56.071+0000] {logging_mixin.py:190} INFO - [2025-10-08T23:21:56.071+0000] {override.py:1900} INFO - Created Permission View: menu access on DAG Run:consume_1_or_2_with_dataset_expressions
[2025-10-08T23:21:56.077+0000] {logging_mixin.py:190} INFO - [2025-10-08T23:21:56.077+0000] {override.py:1900} INFO - Created Permission View: can read on DAG Run:consume_1_or_2_with_dataset_expressions
[2025-10-08T23:21:56.117+0000] {logging_mixin.py:190} INFO - [2025-10-08T23:21:56.116+0000] {override.py:1900} INFO - Created Permission View: can delete on DAG:dataset_produces_2
[2025-10-08T23:21:56.133+0000] {logging_mixin.py:190} INFO - [2025-10-08T23:21:56.129+0000] {override.py:1900} INFO - Created Permission View: can edit on DAG:dataset_produces_2
[2025-10-08T23:21:56.152+0000] {logging_mixin.py:190} INFO - [2025-10-08T23:21:56.152+0000] {override.py:1900} INFO - Created Permission View: can read on DAG:dataset_produces_2
[2025-10-08T23:21:56.162+0000] {logging_mixin.py:190} INFO - [2025-10-08T23:21:56.162+0000] {override.py:1900} INFO - Created Permission View: can delete on DAG Run:dataset_produces_2
[2025-10-08T23:21:56.172+0000] {logging_mixin.py:190} INFO - [2025-10-08T23:21:56.172+0000] {override.py:1900} INFO - Created Permission View: can create on DAG Run:dataset_produces_2
[2025-10-08T23:21:56.184+0000] {logging_mixin.py:190} INFO - [2025-10-08T23:21:56.184+0000] {override.py:1900} INFO - Created Permission View: menu access on DAG Run:dataset_produces_2
[2025-10-08T23:21:56.197+0000] {logging_mixin.py:190} INFO - [2025-10-08T23:21:56.196+0000] {override.py:1900} INFO - Created Permission View: can read on DAG Run:dataset_produces_2
[2025-10-08T23:21:56.213+0000] {logging_mixin.py:190} INFO - [2025-10-08T23:21:56.212+0000] {override.py:1900} INFO - Created Permission View: can delete on DAG:dataset_consumes_1_and_2
[2025-10-08T23:21:56.220+0000] {logging_mixin.py:190} INFO - [2025-10-08T23:21:56.219+0000] {override.py:1900} INFO - Created Permission View: can edit on DAG:dataset_consumes_1_and_2
[2025-10-08T23:21:56.226+0000] {logging_mixin.py:190} INFO - [2025-10-08T23:21:56.226+0000] {override.py:1900} INFO - Created Permission View: can read on DAG:dataset_consumes_1_and_2
[2025-10-08T23:21:56.237+0000] {logging_mixin.py:190} INFO - [2025-10-08T23:21:56.237+0000] {override.py:1900} INFO - Created Permission View: can delete on DAG Run:dataset_consumes_1_and_2
[2025-10-08T23:21:56.244+0000] {logging_mixin.py:190} INFO - [2025-10-08T23:21:56.244+0000] {override.py:1900} INFO - Created Permission View: can create on DAG Run:dataset_consumes_1_and_2
[2025-10-08T23:21:56.250+0000] {logging_mixin.py:190} INFO - [2025-10-08T23:21:56.250+0000] {override.py:1900} INFO - Created Permission View: menu access on DAG Run:dataset_consumes_1_and_2
[2025-10-08T23:21:56.259+0000] {logging_mixin.py:190} INFO - [2025-10-08T23:21:56.259+0000] {override.py:1900} INFO - Created Permission View: can read on DAG Run:dataset_consumes_1_and_2
[2025-10-08T23:21:56.260+0000] {logging_mixin.py:190} INFO - [2025-10-08T23:21:56.260+0000] {dag.py:3239} INFO - Sync 10 DAGs
[2025-10-08T23:21:56.280+0000] {logging_mixin.py:190} INFO - [2025-10-08T23:21:56.279+0000] {dag.py:3262} INFO - Creating ORM DAG for dataset_produces_1
[2025-10-08T23:21:56.285+0000] {logging_mixin.py:190} INFO - [2025-10-08T23:21:56.285+0000] {dag.py:3262} INFO - Creating ORM DAG for consume_1_and_2_with_dataset_expressions
[2025-10-08T23:21:56.287+0000] {logging_mixin.py:190} INFO - [2025-10-08T23:21:56.286+0000] {dag.py:3262} INFO - Creating ORM DAG for consume_1_or_2_with_dataset_expressions
[2025-10-08T23:21:56.287+0000] {logging_mixin.py:190} INFO - [2025-10-08T23:21:56.287+0000] {dag.py:3262} INFO - Creating ORM DAG for conditional_dataset_and_time_based_timetable
[2025-10-08T23:21:56.288+0000] {logging_mixin.py:190} INFO - [2025-10-08T23:21:56.288+0000] {dag.py:3262} INFO - Creating ORM DAG for dataset_consumes_unknown_never_scheduled
[2025-10-08T23:21:56.292+0000] {logging_mixin.py:190} INFO - [2025-10-08T23:21:56.291+0000] {dag.py:3262} INFO - Creating ORM DAG for consume_1_or_both_2_and_3_with_dataset_expressions
[2025-10-08T23:21:56.293+0000] {logging_mixin.py:190} INFO - [2025-10-08T23:21:56.292+0000] {dag.py:3262} INFO - Creating ORM DAG for dataset_produces_2
[2025-10-08T23:21:56.293+0000] {logging_mixin.py:190} INFO - [2025-10-08T23:21:56.293+0000] {dag.py:3262} INFO - Creating ORM DAG for dataset_consumes_1_never_scheduled
[2025-10-08T23:21:56.294+0000] {logging_mixin.py:190} INFO - [2025-10-08T23:21:56.294+0000] {dag.py:3262} INFO - Creating ORM DAG for dataset_consumes_1_and_2
[2025-10-08T23:21:56.295+0000] {logging_mixin.py:190} INFO - [2025-10-08T23:21:56.295+0000] {dag.py:3262} INFO - Creating ORM DAG for dataset_consumes_1
[2025-10-08T23:21:56.451+0000] {logging_mixin.py:190} INFO - [2025-10-08T23:21:56.437+0000] {dag.py:4180} INFO - Setting next_dagrun for conditional_dataset_and_time_based_timetable to 2025-10-08 01:00:00+00:00, run_after=2025-10-08 01:00:00+00:00
[2025-10-08T23:21:56.453+0000] {logging_mixin.py:190} INFO - [2025-10-08T23:21:56.453+0000] {dag.py:4180} INFO - Setting next_dagrun for consume_1_and_2_with_dataset_expressions to None, run_after=None
[2025-10-08T23:21:56.453+0000] {logging_mixin.py:190} INFO - [2025-10-08T23:21:56.453+0000] {dag.py:4180} INFO - Setting next_dagrun for consume_1_or_2_with_dataset_expressions to None, run_after=None
[2025-10-08T23:21:56.454+0000] {logging_mixin.py:190} INFO - [2025-10-08T23:21:56.454+0000] {dag.py:4180} INFO - Setting next_dagrun for consume_1_or_both_2_and_3_with_dataset_expressions to None, run_after=None
[2025-10-08T23:21:56.455+0000] {logging_mixin.py:190} INFO - [2025-10-08T23:21:56.455+0000] {dag.py:4180} INFO - Setting next_dagrun for dataset_consumes_1 to None, run_after=None
[2025-10-08T23:21:56.456+0000] {logging_mixin.py:190} INFO - [2025-10-08T23:21:56.455+0000] {dag.py:4180} INFO - Setting next_dagrun for dataset_consumes_1_and_2 to None, run_after=None
[2025-10-08T23:21:56.457+0000] {logging_mixin.py:190} INFO - [2025-10-08T23:21:56.456+0000] {dag.py:4180} INFO - Setting next_dagrun for dataset_consumes_1_never_scheduled to None, run_after=None
[2025-10-08T23:21:56.457+0000] {logging_mixin.py:190} INFO - [2025-10-08T23:21:56.457+0000] {dag.py:4180} INFO - Setting next_dagrun for dataset_consumes_unknown_never_scheduled to None, run_after=None
[2025-10-08T23:21:56.459+0000] {logging_mixin.py:190} INFO - [2025-10-08T23:21:56.459+0000] {dag.py:4180} INFO - Setting next_dagrun for dataset_produces_1 to 2025-10-07 00:00:00+00:00, run_after=2025-10-08 00:00:00+00:00
[2025-10-08T23:21:56.461+0000] {logging_mixin.py:190} INFO - [2025-10-08T23:21:56.460+0000] {dag.py:4180} INFO - Setting next_dagrun for dataset_produces_2 to None, run_after=None
[2025-10-08T23:21:56.562+0000] {processor.py:208} INFO - Processing /home/airflow/.local/lib/python3.12/site-packages/airflow/example_dags/example_datasets.py took 2.790 seconds
[2025-10-08T23:22:26.681+0000] {processor.py:186} INFO - Started process (PID=128) to work on /home/airflow/.local/lib/python3.12/site-packages/airflow/example_dags/example_datasets.py
[2025-10-08T23:22:26.683+0000] {processor.py:914} INFO - Processing file /home/airflow/.local/lib/python3.12/site-packages/airflow/example_dags/example_datasets.py for tasks to queue
[2025-10-08T23:22:26.778+0000] {logging_mixin.py:190} INFO - [2025-10-08T23:22:26.777+0000] {dagbag.py:588} INFO - Filling up the DagBag from /home/airflow/.local/lib/python3.12/site-packages/airflow/example_dags/example_datasets.py
[2025-10-08T23:22:27.317+0000] {processor.py:925} INFO - DAG(s) 'consume_1_or_both_2_and_3_with_dataset_expressions', 'dataset_consumes_unknown_never_scheduled', 'dataset_produces_2', 'consume_1_or_2_with_dataset_expressions', 'consume_1_and_2_with_dataset_expressions', 'dataset_produces_1', 'dataset_consumes_1_and_2', 'dataset_consumes_1', 'conditional_dataset_and_time_based_timetable', 'dataset_consumes_1_never_scheduled' retrieved from /home/airflow/.local/lib/python3.12/site-packages/airflow/example_dags/example_datasets.py
[2025-10-08T23:22:27.355+0000] {logging_mixin.py:190} INFO - [2025-10-08T23:22:27.355+0000] {dag.py:3239} INFO - Sync 10 DAGs
[2025-10-08T23:22:27.380+0000] {logging_mixin.py:190} INFO - [2025-10-08T23:22:27.380+0000] {dag.py:4180} INFO - Setting next_dagrun for conditional_dataset_and_time_based_timetable to 2025-10-08 01:00:00+00:00, run_after=2025-10-08 01:00:00+00:00
[2025-10-08T23:22:27.384+0000] {logging_mixin.py:190} INFO - [2025-10-08T23:22:27.384+0000] {dag.py:4180} INFO - Setting next_dagrun for consume_1_and_2_with_dataset_expressions to None, run_after=None
[2025-10-08T23:22:27.385+0000] {logging_mixin.py:190} INFO - [2025-10-08T23:22:27.385+0000] {dag.py:4180} INFO - Setting next_dagrun for consume_1_or_2_with_dataset_expressions to None, run_after=None
[2025-10-08T23:22:27.387+0000] {logging_mixin.py:190} INFO - [2025-10-08T23:22:27.387+0000] {dag.py:4180} INFO - Setting next_dagrun for consume_1_or_both_2_and_3_with_dataset_expressions to None, run_after=None
[2025-10-08T23:22:27.389+0000] {logging_mixin.py:190} INFO - [2025-10-08T23:22:27.388+0000] {dag.py:4180} INFO - Setting next_dagrun for dataset_consumes_1 to None, run_after=None
[2025-10-08T23:22:27.390+0000] {logging_mixin.py:190} INFO - [2025-10-08T23:22:27.390+0000] {dag.py:4180} INFO - Setting next_dagrun for dataset_consumes_1_and_2 to None, run_after=None
[2025-10-08T23:22:27.391+0000] {logging_mixin.py:190} INFO - [2025-10-08T23:22:27.391+0000] {dag.py:4180} INFO - Setting next_dagrun for dataset_consumes_1_never_scheduled to None, run_after=None
[2025-10-08T23:22:27.392+0000] {logging_mixin.py:190} INFO - [2025-10-08T23:22:27.392+0000] {dag.py:4180} INFO - Setting next_dagrun for dataset_consumes_unknown_never_scheduled to None, run_after=None
[2025-10-08T23:22:27.395+0000] {logging_mixin.py:190} INFO - [2025-10-08T23:22:27.395+0000] {dag.py:4180} INFO - Setting next_dagrun for dataset_produces_1 to 2025-10-07 00:00:00+00:00, run_after=2025-10-08 00:00:00+00:00
[2025-10-08T23:22:27.397+0000] {logging_mixin.py:190} INFO - [2025-10-08T23:22:27.397+0000] {dag.py:4180} INFO - Setting next_dagrun for dataset_produces_2 to None, run_after=None
[2025-10-08T23:22:27.435+0000] {processor.py:208} INFO - Processing /home/airflow/.local/lib/python3.12/site-packages/airflow/example_dags/example_datasets.py took 0.787 seconds
[2025-10-08T23:22:57.522+0000] {processor.py:186} INFO - Started process (PID=194) to work on /home/airflow/.local/lib/python3.12/site-packages/airflow/example_dags/example_datasets.py
[2025-10-08T23:22:57.526+0000] {processor.py:914} INFO - Processing file /home/airflow/.local/lib/python3.12/site-packages/airflow/example_dags/example_datasets.py for tasks to queue
[2025-10-08T23:22:57.530+0000] {logging_mixin.py:190} INFO - [2025-10-08T23:22:57.529+0000] {dagbag.py:588} INFO - Filling up the DagBag from /home/airflow/.local/lib/python3.12/site-packages/airflow/example_dags/example_datasets.py
[2025-10-08T23:22:57.916+0000] {processor.py:925} INFO - DAG(s) 'dataset_consumes_1', 'dataset_produces_1', 'dataset_produces_2', 'conditional_dataset_and_time_based_timetable', 'dataset_consumes_1_never_scheduled', 'consume_1_or_2_with_dataset_expressions', 'consume_1_or_both_2_and_3_with_dataset_expressions', 'consume_1_and_2_with_dataset_expressions', 'dataset_consumes_1_and_2', 'dataset_consumes_unknown_never_scheduled' retrieved from /home/airflow/.local/lib/python3.12/site-packages/airflow/example_dags/example_datasets.py
[2025-10-08T23:22:57.980+0000] {logging_mixin.py:190} INFO - [2025-10-08T23:22:57.980+0000] {dag.py:3239} INFO - Sync 10 DAGs
[2025-10-08T23:22:58.073+0000] {logging_mixin.py:190} INFO - [2025-10-08T23:22:58.072+0000] {dag.py:4180} INFO - Setting next_dagrun for conditional_dataset_and_time_based_timetable to 2025-10-08 01:00:00+00:00, run_after=2025-10-08 01:00:00+00:00
[2025-10-08T23:22:58.090+0000] {logging_mixin.py:190} INFO - [2025-10-08T23:22:58.090+0000] {dag.py:4180} INFO - Setting next_dagrun for consume_1_and_2_with_dataset_expressions to None, run_after=None
[2025-10-08T23:22:58.114+0000] {logging_mixin.py:190} INFO - [2025-10-08T23:22:58.114+0000] {dag.py:4180} INFO - Setting next_dagrun for consume_1_or_2_with_dataset_expressions to None, run_after=None
[2025-10-08T23:22:58.129+0000] {logging_mixin.py:190} INFO - [2025-10-08T23:22:58.129+0000] {dag.py:4180} INFO - Setting next_dagrun for consume_1_or_both_2_and_3_with_dataset_expressions to None, run_after=None
[2025-10-08T23:22:58.144+0000] {logging_mixin.py:190} INFO - [2025-10-08T23:22:58.144+0000] {dag.py:4180} INFO - Setting next_dagrun for dataset_consumes_1 to None, run_after=None
[2025-10-08T23:22:58.152+0000] {logging_mixin.py:190} INFO - [2025-10-08T23:22:58.152+0000] {dag.py:4180} INFO - Setting next_dagrun for dataset_consumes_1_and_2 to None, run_after=None
[2025-10-08T23:22:58.160+0000] {logging_mixin.py:190} INFO - [2025-10-08T23:22:58.159+0000] {dag.py:4180} INFO - Setting next_dagrun for dataset_consumes_1_never_scheduled to None, run_after=None
[2025-10-08T23:22:58.165+0000] {logging_mixin.py:190} INFO - [2025-10-08T23:22:58.165+0000] {dag.py:4180} INFO - Setting next_dagrun for dataset_consumes_unknown_never_scheduled to None, run_after=None
[2025-10-08T23:22:58.180+0000] {logging_mixin.py:190} INFO - [2025-10-08T23:22:58.180+0000] {dag.py:4180} INFO - Setting next_dagrun for dataset_produces_1 to 2025-10-07 00:00:00+00:00, run_after=2025-10-08 00:00:00+00:00
[2025-10-08T23:22:58.188+0000] {logging_mixin.py:190} INFO - [2025-10-08T23:22:58.186+0000] {dag.py:4180} INFO - Setting next_dagrun for dataset_produces_2 to None, run_after=None
[2025-10-08T23:22:58.341+0000] {processor.py:208} INFO - Processing /home/airflow/.local/lib/python3.12/site-packages/airflow/example_dags/example_datasets.py took 0.828 seconds
