[2025-10-08T23:22:05.087+0000] {processor.py:186} INFO - Started process (PID=104) to work on /home/airflow/.local/lib/python3.12/site-packages/airflow/example_dags/example_branch_python_dop_operator_3.py
[2025-10-08T23:22:05.088+0000] {processor.py:914} INFO - Processing file /home/airflow/.local/lib/python3.12/site-packages/airflow/example_dags/example_branch_python_dop_operator_3.py for tasks to queue
[2025-10-08T23:22:05.091+0000] {logging_mixin.py:190} INFO - [2025-10-08T23:22:05.091+0000] {dagbag.py:588} INFO - Filling up the DagBag from /home/airflow/.local/lib/python3.12/site-packages/airflow/example_dags/example_branch_python_dop_operator_3.py
[2025-10-08T23:22:05.110+0000] {processor.py:925} INFO - DAG(s) 'example_branch_dop_operator_v3' retrieved from /home/airflow/.local/lib/python3.12/site-packages/airflow/example_dags/example_branch_python_dop_operator_3.py
[2025-10-08T23:22:05.262+0000] {logging_mixin.py:190} INFO - [2025-10-08T23:22:05.261+0000] {override.py:1900} INFO - Created Permission View: can delete on DAG:example_branch_dop_operator_v3
[2025-10-08T23:22:05.274+0000] {logging_mixin.py:190} INFO - [2025-10-08T23:22:05.274+0000] {override.py:1900} INFO - Created Permission View: can edit on DAG:example_branch_dop_operator_v3
[2025-10-08T23:22:05.281+0000] {logging_mixin.py:190} INFO - [2025-10-08T23:22:05.281+0000] {override.py:1900} INFO - Created Permission View: can read on DAG:example_branch_dop_operator_v3
[2025-10-08T23:22:05.288+0000] {logging_mixin.py:190} INFO - [2025-10-08T23:22:05.288+0000] {override.py:1900} INFO - Created Permission View: can delete on DAG Run:example_branch_dop_operator_v3
[2025-10-08T23:22:05.294+0000] {logging_mixin.py:190} INFO - [2025-10-08T23:22:05.294+0000] {override.py:1900} INFO - Created Permission View: can create on DAG Run:example_branch_dop_operator_v3
[2025-10-08T23:22:05.300+0000] {logging_mixin.py:190} INFO - [2025-10-08T23:22:05.299+0000] {override.py:1900} INFO - Created Permission View: menu access on DAG Run:example_branch_dop_operator_v3
[2025-10-08T23:22:05.306+0000] {logging_mixin.py:190} INFO - [2025-10-08T23:22:05.306+0000] {override.py:1900} INFO - Created Permission View: can read on DAG Run:example_branch_dop_operator_v3
[2025-10-08T23:22:05.307+0000] {logging_mixin.py:190} INFO - [2025-10-08T23:22:05.306+0000] {dag.py:3239} INFO - Sync 1 DAGs
[2025-10-08T23:22:05.333+0000] {logging_mixin.py:190} INFO - [2025-10-08T23:22:05.333+0000] {dag.py:3262} INFO - Creating ORM DAG for example_branch_dop_operator_v3
[2025-10-08T23:22:05.352+0000] {logging_mixin.py:190} INFO - [2025-10-08T23:22:05.351+0000] {dag.py:4180} INFO - Setting next_dagrun for example_branch_dop_operator_v3 to 2025-10-08 23:21:00+00:00, run_after=2025-10-08 23:22:00+00:00
[2025-10-08T23:22:05.380+0000] {processor.py:208} INFO - Processing /home/airflow/.local/lib/python3.12/site-packages/airflow/example_dags/example_branch_python_dop_operator_3.py took 0.301 seconds
[2025-10-08T23:22:35.817+0000] {processor.py:186} INFO - Started process (PID=167) to work on /home/airflow/.local/lib/python3.12/site-packages/airflow/example_dags/example_branch_python_dop_operator_3.py
[2025-10-08T23:22:35.818+0000] {processor.py:914} INFO - Processing file /home/airflow/.local/lib/python3.12/site-packages/airflow/example_dags/example_branch_python_dop_operator_3.py for tasks to queue
[2025-10-08T23:22:35.823+0000] {logging_mixin.py:190} INFO - [2025-10-08T23:22:35.823+0000] {dagbag.py:588} INFO - Filling up the DagBag from /home/airflow/.local/lib/python3.12/site-packages/airflow/example_dags/example_branch_python_dop_operator_3.py
[2025-10-08T23:22:35.835+0000] {processor.py:925} INFO - DAG(s) 'example_branch_dop_operator_v3' retrieved from /home/airflow/.local/lib/python3.12/site-packages/airflow/example_dags/example_branch_python_dop_operator_3.py
[2025-10-08T23:22:35.858+0000] {logging_mixin.py:190} INFO - [2025-10-08T23:22:35.858+0000] {dag.py:3239} INFO - Sync 1 DAGs
[2025-10-08T23:22:35.901+0000] {logging_mixin.py:190} INFO - [2025-10-08T23:22:35.901+0000] {dag.py:4180} INFO - Setting next_dagrun for example_branch_dop_operator_v3 to 2025-10-08 23:21:00+00:00, run_after=2025-10-08 23:22:00+00:00
[2025-10-08T23:22:35.936+0000] {processor.py:208} INFO - Processing /home/airflow/.local/lib/python3.12/site-packages/airflow/example_dags/example_branch_python_dop_operator_3.py took 0.125 seconds
[2025-10-08T23:23:06.306+0000] {processor.py:186} INFO - Started process (PID=229) to work on /home/airflow/.local/lib/python3.12/site-packages/airflow/example_dags/example_branch_python_dop_operator_3.py
[2025-10-08T23:23:06.307+0000] {processor.py:914} INFO - Processing file /home/airflow/.local/lib/python3.12/site-packages/airflow/example_dags/example_branch_python_dop_operator_3.py for tasks to queue
[2025-10-08T23:23:06.311+0000] {logging_mixin.py:190} INFO - [2025-10-08T23:23:06.310+0000] {dagbag.py:588} INFO - Filling up the DagBag from /home/airflow/.local/lib/python3.12/site-packages/airflow/example_dags/example_branch_python_dop_operator_3.py
[2025-10-08T23:23:06.323+0000] {processor.py:925} INFO - DAG(s) 'example_branch_dop_operator_v3' retrieved from /home/airflow/.local/lib/python3.12/site-packages/airflow/example_dags/example_branch_python_dop_operator_3.py
[2025-10-08T23:23:06.347+0000] {logging_mixin.py:190} INFO - [2025-10-08T23:23:06.347+0000] {dag.py:3239} INFO - Sync 1 DAGs
[2025-10-08T23:23:06.377+0000] {logging_mixin.py:190} INFO - [2025-10-08T23:23:06.377+0000] {dag.py:4180} INFO - Setting next_dagrun for example_branch_dop_operator_v3 to 2025-10-08 23:22:00+00:00, run_after=2025-10-08 23:23:00+00:00
[2025-10-08T23:23:06.398+0000] {processor.py:208} INFO - Processing /home/airflow/.local/lib/python3.12/site-packages/airflow/example_dags/example_branch_python_dop_operator_3.py took 0.099 seconds
