[2025-10-08T23:41:35.028+0000] {processor.py:186} INFO - Started process (PID=74) to work on /home/airflow/.local/lib/python3.12/site-packages/airflow/example_dags/example_inlet_event_extra.py
[2025-10-08T23:41:35.029+0000] {processor.py:914} INFO - Processing file /home/airflow/.local/lib/python3.12/site-packages/airflow/example_dags/example_inlet_event_extra.py for tasks to queue
[2025-10-08T23:41:35.032+0000] {logging_mixin.py:190} INFO - [2025-10-08T23:41:35.032+0000] {dagbag.py:588} INFO - Filling up the DagBag from /home/airflow/.local/lib/python3.12/site-packages/airflow/example_dags/example_inlet_event_extra.py
[2025-10-08T23:41:35.331+0000] {processor.py:925} INFO - DAG(s) 'read_dataset_event_from_classic', 'read_dataset_event' retrieved from /home/airflow/.local/lib/python3.12/site-packages/airflow/example_dags/example_inlet_event_extra.py
[2025-10-08T23:41:35.361+0000] {logging_mixin.py:190} INFO - [2025-10-08T23:41:35.361+0000] {dag.py:3239} INFO - Sync 2 DAGs
[2025-10-08T23:41:35.388+0000] {logging_mixin.py:190} INFO - [2025-10-08T23:41:35.388+0000] {dag.py:4180} INFO - Setting next_dagrun for read_dataset_event to 2025-10-07 00:00:00+00:00, run_after=2025-10-08 00:00:00+00:00
[2025-10-08T23:41:35.392+0000] {logging_mixin.py:190} INFO - [2025-10-08T23:41:35.392+0000] {dag.py:4180} INFO - Setting next_dagrun for read_dataset_event_from_classic to 2025-10-07 00:00:00+00:00, run_after=2025-10-08 00:00:00+00:00
[2025-10-08T23:41:35.408+0000] {processor.py:208} INFO - Processing /home/airflow/.local/lib/python3.12/site-packages/airflow/example_dags/example_inlet_event_extra.py took 0.386 seconds
[2025-10-08T23:42:05.485+0000] {processor.py:186} INFO - Started process (PID=139) to work on /home/airflow/.local/lib/python3.12/site-packages/airflow/example_dags/example_inlet_event_extra.py
[2025-10-08T23:42:05.486+0000] {processor.py:914} INFO - Processing file /home/airflow/.local/lib/python3.12/site-packages/airflow/example_dags/example_inlet_event_extra.py for tasks to queue
[2025-10-08T23:42:05.488+0000] {logging_mixin.py:190} INFO - [2025-10-08T23:42:05.488+0000] {dagbag.py:588} INFO - Filling up the DagBag from /home/airflow/.local/lib/python3.12/site-packages/airflow/example_dags/example_inlet_event_extra.py
[2025-10-08T23:42:05.655+0000] {processor.py:925} INFO - DAG(s) 'read_dataset_event_from_classic', 'read_dataset_event' retrieved from /home/airflow/.local/lib/python3.12/site-packages/airflow/example_dags/example_inlet_event_extra.py
[2025-10-08T23:42:05.679+0000] {logging_mixin.py:190} INFO - [2025-10-08T23:42:05.679+0000] {dag.py:3239} INFO - Sync 2 DAGs
[2025-10-08T23:42:05.705+0000] {logging_mixin.py:190} INFO - [2025-10-08T23:42:05.705+0000] {dag.py:4180} INFO - Setting next_dagrun for read_dataset_event to 2025-10-07 00:00:00+00:00, run_after=2025-10-08 00:00:00+00:00
[2025-10-08T23:42:05.710+0000] {logging_mixin.py:190} INFO - [2025-10-08T23:42:05.710+0000] {dag.py:4180} INFO - Setting next_dagrun for read_dataset_event_from_classic to 2025-10-07 00:00:00+00:00, run_after=2025-10-08 00:00:00+00:00
[2025-10-08T23:42:05.726+0000] {processor.py:208} INFO - Processing /home/airflow/.local/lib/python3.12/site-packages/airflow/example_dags/example_inlet_event_extra.py took 0.249 seconds
[2025-10-08T23:42:35.971+0000] {processor.py:186} INFO - Started process (PID=203) to work on /home/airflow/.local/lib/python3.12/site-packages/airflow/example_dags/example_inlet_event_extra.py
[2025-10-08T23:42:35.972+0000] {processor.py:914} INFO - Processing file /home/airflow/.local/lib/python3.12/site-packages/airflow/example_dags/example_inlet_event_extra.py for tasks to queue
[2025-10-08T23:42:35.976+0000] {logging_mixin.py:190} INFO - [2025-10-08T23:42:35.976+0000] {dagbag.py:588} INFO - Filling up the DagBag from /home/airflow/.local/lib/python3.12/site-packages/airflow/example_dags/example_inlet_event_extra.py
[2025-10-08T23:42:36.204+0000] {processor.py:925} INFO - DAG(s) 'read_dataset_event_from_classic', 'read_dataset_event' retrieved from /home/airflow/.local/lib/python3.12/site-packages/airflow/example_dags/example_inlet_event_extra.py
[2025-10-08T23:42:36.231+0000] {logging_mixin.py:190} INFO - [2025-10-08T23:42:36.231+0000] {dag.py:3239} INFO - Sync 2 DAGs
[2025-10-08T23:42:36.262+0000] {logging_mixin.py:190} INFO - [2025-10-08T23:42:36.261+0000] {dag.py:4180} INFO - Setting next_dagrun for read_dataset_event to 2025-10-07 00:00:00+00:00, run_after=2025-10-08 00:00:00+00:00
[2025-10-08T23:42:36.267+0000] {logging_mixin.py:190} INFO - [2025-10-08T23:42:36.267+0000] {dag.py:4180} INFO - Setting next_dagrun for read_dataset_event_from_classic to 2025-10-07 00:00:00+00:00, run_after=2025-10-08 00:00:00+00:00
[2025-10-08T23:42:36.288+0000] {processor.py:208} INFO - Processing /home/airflow/.local/lib/python3.12/site-packages/airflow/example_dags/example_inlet_event_extra.py took 0.325 seconds
[2025-10-08T23:43:06.420+0000] {processor.py:186} INFO - Started process (PID=267) to work on /home/airflow/.local/lib/python3.12/site-packages/airflow/example_dags/example_inlet_event_extra.py
[2025-10-08T23:43:06.421+0000] {processor.py:914} INFO - Processing file /home/airflow/.local/lib/python3.12/site-packages/airflow/example_dags/example_inlet_event_extra.py for tasks to queue
[2025-10-08T23:43:06.424+0000] {logging_mixin.py:190} INFO - [2025-10-08T23:43:06.424+0000] {dagbag.py:588} INFO - Filling up the DagBag from /home/airflow/.local/lib/python3.12/site-packages/airflow/example_dags/example_inlet_event_extra.py
[2025-10-08T23:43:06.582+0000] {processor.py:925} INFO - DAG(s) 'read_dataset_event', 'read_dataset_event_from_classic' retrieved from /home/airflow/.local/lib/python3.12/site-packages/airflow/example_dags/example_inlet_event_extra.py
[2025-10-08T23:43:06.611+0000] {logging_mixin.py:190} INFO - [2025-10-08T23:43:06.610+0000] {dag.py:3239} INFO - Sync 2 DAGs
[2025-10-08T23:43:06.646+0000] {logging_mixin.py:190} INFO - [2025-10-08T23:43:06.646+0000] {dag.py:4180} INFO - Setting next_dagrun for read_dataset_event to 2025-10-07 00:00:00+00:00, run_after=2025-10-08 00:00:00+00:00
[2025-10-08T23:43:06.652+0000] {logging_mixin.py:190} INFO - [2025-10-08T23:43:06.652+0000] {dag.py:4180} INFO - Setting next_dagrun for read_dataset_event_from_classic to 2025-10-07 00:00:00+00:00, run_after=2025-10-08 00:00:00+00:00
[2025-10-08T23:43:06.670+0000] {processor.py:208} INFO - Processing /home/airflow/.local/lib/python3.12/site-packages/airflow/example_dags/example_inlet_event_extra.py took 0.256 seconds
[2025-10-08T23:43:37.368+0000] {processor.py:186} INFO - Started process (PID=331) to work on /home/airflow/.local/lib/python3.12/site-packages/airflow/example_dags/example_inlet_event_extra.py
[2025-10-08T23:43:37.370+0000] {processor.py:914} INFO - Processing file /home/airflow/.local/lib/python3.12/site-packages/airflow/example_dags/example_inlet_event_extra.py for tasks to queue
[2025-10-08T23:43:37.373+0000] {logging_mixin.py:190} INFO - [2025-10-08T23:43:37.372+0000] {dagbag.py:588} INFO - Filling up the DagBag from /home/airflow/.local/lib/python3.12/site-packages/airflow/example_dags/example_inlet_event_extra.py
[2025-10-08T23:43:37.523+0000] {processor.py:925} INFO - DAG(s) 'read_dataset_event_from_classic', 'read_dataset_event' retrieved from /home/airflow/.local/lib/python3.12/site-packages/airflow/example_dags/example_inlet_event_extra.py
[2025-10-08T23:43:37.545+0000] {logging_mixin.py:190} INFO - [2025-10-08T23:43:37.545+0000] {dag.py:3239} INFO - Sync 2 DAGs
[2025-10-08T23:43:37.570+0000] {logging_mixin.py:190} INFO - [2025-10-08T23:43:37.569+0000] {dag.py:4180} INFO - Setting next_dagrun for read_dataset_event to 2025-10-07 00:00:00+00:00, run_after=2025-10-08 00:00:00+00:00
[2025-10-08T23:43:37.575+0000] {logging_mixin.py:190} INFO - [2025-10-08T23:43:37.575+0000] {dag.py:4180} INFO - Setting next_dagrun for read_dataset_event_from_classic to 2025-10-07 00:00:00+00:00, run_after=2025-10-08 00:00:00+00:00
[2025-10-08T23:43:37.589+0000] {processor.py:208} INFO - Processing /home/airflow/.local/lib/python3.12/site-packages/airflow/example_dags/example_inlet_event_extra.py took 0.228 seconds
[2025-10-08T23:44:08.632+0000] {processor.py:186} INFO - Started process (PID=395) to work on /home/airflow/.local/lib/python3.12/site-packages/airflow/example_dags/example_inlet_event_extra.py
[2025-10-08T23:44:08.635+0000] {processor.py:914} INFO - Processing file /home/airflow/.local/lib/python3.12/site-packages/airflow/example_dags/example_inlet_event_extra.py for tasks to queue
[2025-10-08T23:44:08.641+0000] {logging_mixin.py:190} INFO - [2025-10-08T23:44:08.640+0000] {dagbag.py:588} INFO - Filling up the DagBag from /home/airflow/.local/lib/python3.12/site-packages/airflow/example_dags/example_inlet_event_extra.py
[2025-10-08T23:44:08.895+0000] {processor.py:925} INFO - DAG(s) 'read_dataset_event', 'read_dataset_event_from_classic' retrieved from /home/airflow/.local/lib/python3.12/site-packages/airflow/example_dags/example_inlet_event_extra.py
[2025-10-08T23:44:08.926+0000] {logging_mixin.py:190} INFO - [2025-10-08T23:44:08.925+0000] {dag.py:3239} INFO - Sync 2 DAGs
[2025-10-08T23:44:08.967+0000] {logging_mixin.py:190} INFO - [2025-10-08T23:44:08.967+0000] {dag.py:4180} INFO - Setting next_dagrun for read_dataset_event to 2025-10-07 00:00:00+00:00, run_after=2025-10-08 00:00:00+00:00
[2025-10-08T23:44:08.978+0000] {logging_mixin.py:190} INFO - [2025-10-08T23:44:08.977+0000] {dag.py:4180} INFO - Setting next_dagrun for read_dataset_event_from_classic to 2025-10-07 00:00:00+00:00, run_after=2025-10-08 00:00:00+00:00
[2025-10-08T23:44:09.002+0000] {processor.py:208} INFO - Processing /home/airflow/.local/lib/python3.12/site-packages/airflow/example_dags/example_inlet_event_extra.py took 0.404 seconds
[2025-10-08T23:44:39.053+0000] {processor.py:186} INFO - Started process (PID=459) to work on /home/airflow/.local/lib/python3.12/site-packages/airflow/example_dags/example_inlet_event_extra.py
[2025-10-08T23:44:39.055+0000] {processor.py:914} INFO - Processing file /home/airflow/.local/lib/python3.12/site-packages/airflow/example_dags/example_inlet_event_extra.py for tasks to queue
[2025-10-08T23:44:39.058+0000] {logging_mixin.py:190} INFO - [2025-10-08T23:44:39.058+0000] {dagbag.py:588} INFO - Filling up the DagBag from /home/airflow/.local/lib/python3.12/site-packages/airflow/example_dags/example_inlet_event_extra.py
[2025-10-08T23:44:39.221+0000] {processor.py:925} INFO - DAG(s) 'read_dataset_event', 'read_dataset_event_from_classic' retrieved from /home/airflow/.local/lib/python3.12/site-packages/airflow/example_dags/example_inlet_event_extra.py
[2025-10-08T23:44:39.249+0000] {logging_mixin.py:190} INFO - [2025-10-08T23:44:39.249+0000] {dag.py:3239} INFO - Sync 2 DAGs
[2025-10-08T23:44:39.277+0000] {logging_mixin.py:190} INFO - [2025-10-08T23:44:39.277+0000] {dag.py:4180} INFO - Setting next_dagrun for read_dataset_event to 2025-10-07 00:00:00+00:00, run_after=2025-10-08 00:00:00+00:00
[2025-10-08T23:44:39.283+0000] {logging_mixin.py:190} INFO - [2025-10-08T23:44:39.282+0000] {dag.py:4180} INFO - Setting next_dagrun for read_dataset_event_from_classic to 2025-10-07 00:00:00+00:00, run_after=2025-10-08 00:00:00+00:00
[2025-10-08T23:44:39.299+0000] {processor.py:208} INFO - Processing /home/airflow/.local/lib/python3.12/site-packages/airflow/example_dags/example_inlet_event_extra.py took 0.254 seconds
