[2025-10-08T23:22:06.415+0000] {processor.py:186} INFO - Started process (PID=110) to work on /home/airflow/.local/lib/python3.12/site-packages/airflow/example_dags/example_dataset_alias_with_no_taskflow.py
[2025-10-08T23:22:06.417+0000] {processor.py:914} INFO - Processing file /home/airflow/.local/lib/python3.12/site-packages/airflow/example_dags/example_dataset_alias_with_no_taskflow.py for tasks to queue
[2025-10-08T23:22:06.421+0000] {logging_mixin.py:190} INFO - [2025-10-08T23:22:06.420+0000] {dagbag.py:588} INFO - Filling up the DagBag from /home/airflow/.local/lib/python3.12/site-packages/airflow/example_dags/example_dataset_alias_with_no_taskflow.py
[2025-10-08T23:22:06.661+0000] {processor.py:925} INFO - DAG(s) 'dataset_alias_example_alias_consumer_with_no_taskflow', 'dataset_s3_bucket_consumer_with_no_taskflow', 'dataset_s3_bucket_producer_with_no_taskflow', 'dataset_alias_example_alias_producer_with_no_taskflow' retrieved from /home/airflow/.local/lib/python3.12/site-packages/airflow/example_dags/example_dataset_alias_with_no_taskflow.py
[2025-10-08T23:22:06.839+0000] {logging_mixin.py:190} INFO - [2025-10-08T23:22:06.838+0000] {override.py:1900} INFO - Created Permission View: can delete on DAG:dataset_alias_example_alias_consumer_with_no_taskflow
[2025-10-08T23:22:06.853+0000] {logging_mixin.py:190} INFO - [2025-10-08T23:22:06.852+0000] {override.py:1900} INFO - Created Permission View: can edit on DAG:dataset_alias_example_alias_consumer_with_no_taskflow
[2025-10-08T23:22:06.862+0000] {logging_mixin.py:190} INFO - [2025-10-08T23:22:06.862+0000] {override.py:1900} INFO - Created Permission View: can read on DAG:dataset_alias_example_alias_consumer_with_no_taskflow
[2025-10-08T23:22:06.871+0000] {logging_mixin.py:190} INFO - [2025-10-08T23:22:06.871+0000] {override.py:1900} INFO - Created Permission View: can delete on DAG Run:dataset_alias_example_alias_consumer_with_no_taskflow
[2025-10-08T23:22:06.878+0000] {logging_mixin.py:190} INFO - [2025-10-08T23:22:06.877+0000] {override.py:1900} INFO - Created Permission View: can create on DAG Run:dataset_alias_example_alias_consumer_with_no_taskflow
[2025-10-08T23:22:06.885+0000] {logging_mixin.py:190} INFO - [2025-10-08T23:22:06.884+0000] {override.py:1900} INFO - Created Permission View: menu access on DAG Run:dataset_alias_example_alias_consumer_with_no_taskflow
[2025-10-08T23:22:06.895+0000] {logging_mixin.py:190} INFO - [2025-10-08T23:22:06.895+0000] {override.py:1900} INFO - Created Permission View: can read on DAG Run:dataset_alias_example_alias_consumer_with_no_taskflow
[2025-10-08T23:22:06.913+0000] {logging_mixin.py:190} INFO - [2025-10-08T23:22:06.913+0000] {override.py:1900} INFO - Created Permission View: can delete on DAG:dataset_s3_bucket_consumer_with_no_taskflow
[2025-10-08T23:22:06.928+0000] {logging_mixin.py:190} INFO - [2025-10-08T23:22:06.928+0000] {override.py:1900} INFO - Created Permission View: can edit on DAG:dataset_s3_bucket_consumer_with_no_taskflow
[2025-10-08T23:22:06.940+0000] {logging_mixin.py:190} INFO - [2025-10-08T23:22:06.939+0000] {override.py:1900} INFO - Created Permission View: can read on DAG:dataset_s3_bucket_consumer_with_no_taskflow
[2025-10-08T23:22:06.955+0000] {logging_mixin.py:190} INFO - [2025-10-08T23:22:06.955+0000] {override.py:1900} INFO - Created Permission View: can delete on DAG Run:dataset_s3_bucket_consumer_with_no_taskflow
[2025-10-08T23:22:06.974+0000] {logging_mixin.py:190} INFO - [2025-10-08T23:22:06.974+0000] {override.py:1900} INFO - Created Permission View: can create on DAG Run:dataset_s3_bucket_consumer_with_no_taskflow
[2025-10-08T23:22:06.987+0000] {logging_mixin.py:190} INFO - [2025-10-08T23:22:06.986+0000] {override.py:1900} INFO - Created Permission View: menu access on DAG Run:dataset_s3_bucket_consumer_with_no_taskflow
[2025-10-08T23:22:07.003+0000] {logging_mixin.py:190} INFO - [2025-10-08T23:22:07.002+0000] {override.py:1900} INFO - Created Permission View: can read on DAG Run:dataset_s3_bucket_consumer_with_no_taskflow
[2025-10-08T23:22:07.025+0000] {logging_mixin.py:190} INFO - [2025-10-08T23:22:07.025+0000] {override.py:1900} INFO - Created Permission View: can delete on DAG:dataset_s3_bucket_producer_with_no_taskflow
[2025-10-08T23:22:07.034+0000] {logging_mixin.py:190} INFO - [2025-10-08T23:22:07.034+0000] {override.py:1900} INFO - Created Permission View: can edit on DAG:dataset_s3_bucket_producer_with_no_taskflow
[2025-10-08T23:22:07.041+0000] {logging_mixin.py:190} INFO - [2025-10-08T23:22:07.041+0000] {override.py:1900} INFO - Created Permission View: can read on DAG:dataset_s3_bucket_producer_with_no_taskflow
[2025-10-08T23:22:07.054+0000] {logging_mixin.py:190} INFO - [2025-10-08T23:22:07.053+0000] {override.py:1900} INFO - Created Permission View: can delete on DAG Run:dataset_s3_bucket_producer_with_no_taskflow
[2025-10-08T23:22:07.066+0000] {logging_mixin.py:190} INFO - [2025-10-08T23:22:07.066+0000] {override.py:1900} INFO - Created Permission View: can create on DAG Run:dataset_s3_bucket_producer_with_no_taskflow
[2025-10-08T23:22:07.077+0000] {logging_mixin.py:190} INFO - [2025-10-08T23:22:07.077+0000] {override.py:1900} INFO - Created Permission View: menu access on DAG Run:dataset_s3_bucket_producer_with_no_taskflow
[2025-10-08T23:22:07.103+0000] {logging_mixin.py:190} INFO - [2025-10-08T23:22:07.102+0000] {override.py:1900} INFO - Created Permission View: can read on DAG Run:dataset_s3_bucket_producer_with_no_taskflow
[2025-10-08T23:22:07.146+0000] {logging_mixin.py:190} INFO - [2025-10-08T23:22:07.145+0000] {override.py:1900} INFO - Created Permission View: can delete on DAG:dataset_alias_example_alias_producer_with_no_taskflow
[2025-10-08T23:22:07.166+0000] {logging_mixin.py:190} INFO - [2025-10-08T23:22:07.166+0000] {override.py:1900} INFO - Created Permission View: can edit on DAG:dataset_alias_example_alias_producer_with_no_taskflow
[2025-10-08T23:22:07.185+0000] {logging_mixin.py:190} INFO - [2025-10-08T23:22:07.184+0000] {override.py:1900} INFO - Created Permission View: can read on DAG:dataset_alias_example_alias_producer_with_no_taskflow
[2025-10-08T23:22:07.196+0000] {logging_mixin.py:190} INFO - [2025-10-08T23:22:07.195+0000] {override.py:1900} INFO - Created Permission View: can delete on DAG Run:dataset_alias_example_alias_producer_with_no_taskflow
[2025-10-08T23:22:07.211+0000] {logging_mixin.py:190} INFO - [2025-10-08T23:22:07.210+0000] {override.py:1900} INFO - Created Permission View: can create on DAG Run:dataset_alias_example_alias_producer_with_no_taskflow
[2025-10-08T23:22:07.225+0000] {logging_mixin.py:190} INFO - [2025-10-08T23:22:07.224+0000] {override.py:1900} INFO - Created Permission View: menu access on DAG Run:dataset_alias_example_alias_producer_with_no_taskflow
[2025-10-08T23:22:07.233+0000] {logging_mixin.py:190} INFO - [2025-10-08T23:22:07.233+0000] {override.py:1900} INFO - Created Permission View: can read on DAG Run:dataset_alias_example_alias_producer_with_no_taskflow
[2025-10-08T23:22:07.234+0000] {logging_mixin.py:190} INFO - [2025-10-08T23:22:07.234+0000] {dag.py:3239} INFO - Sync 4 DAGs
[2025-10-08T23:22:07.252+0000] {logging_mixin.py:190} INFO - [2025-10-08T23:22:07.252+0000] {dag.py:3262} INFO - Creating ORM DAG for dataset_s3_bucket_consumer_with_no_taskflow
[2025-10-08T23:22:07.253+0000] {logging_mixin.py:190} INFO - [2025-10-08T23:22:07.253+0000] {dag.py:3262} INFO - Creating ORM DAG for dataset_alias_example_alias_producer_with_no_taskflow
[2025-10-08T23:22:07.255+0000] {logging_mixin.py:190} INFO - [2025-10-08T23:22:07.254+0000] {dag.py:3262} INFO - Creating ORM DAG for dataset_alias_example_alias_consumer_with_no_taskflow
[2025-10-08T23:22:07.256+0000] {logging_mixin.py:190} INFO - [2025-10-08T23:22:07.256+0000] {dag.py:3262} INFO - Creating ORM DAG for dataset_s3_bucket_producer_with_no_taskflow
[2025-10-08T23:22:07.268+0000] {logging_mixin.py:190} INFO - [2025-10-08T23:22:07.267+0000] {dag.py:4180} INFO - Setting next_dagrun for dataset_alias_example_alias_consumer_with_no_taskflow to None, run_after=None
[2025-10-08T23:22:07.269+0000] {logging_mixin.py:190} INFO - [2025-10-08T23:22:07.269+0000] {dag.py:4180} INFO - Setting next_dagrun for dataset_alias_example_alias_producer_with_no_taskflow to None, run_after=None
[2025-10-08T23:22:07.271+0000] {logging_mixin.py:190} INFO - [2025-10-08T23:22:07.271+0000] {dag.py:4180} INFO - Setting next_dagrun for dataset_s3_bucket_consumer_with_no_taskflow to None, run_after=None
[2025-10-08T23:22:07.273+0000] {logging_mixin.py:190} INFO - [2025-10-08T23:22:07.273+0000] {dag.py:4180} INFO - Setting next_dagrun for dataset_s3_bucket_producer_with_no_taskflow to None, run_after=None
[2025-10-08T23:22:07.326+0000] {processor.py:208} INFO - Processing /home/airflow/.local/lib/python3.12/site-packages/airflow/example_dags/example_dataset_alias_with_no_taskflow.py took 0.920 seconds
[2025-10-08T23:22:37.687+0000] {processor.py:186} INFO - Started process (PID=173) to work on /home/airflow/.local/lib/python3.12/site-packages/airflow/example_dags/example_dataset_alias_with_no_taskflow.py
[2025-10-08T23:22:37.688+0000] {processor.py:914} INFO - Processing file /home/airflow/.local/lib/python3.12/site-packages/airflow/example_dags/example_dataset_alias_with_no_taskflow.py for tasks to queue
[2025-10-08T23:22:37.699+0000] {logging_mixin.py:190} INFO - [2025-10-08T23:22:37.692+0000] {dagbag.py:588} INFO - Filling up the DagBag from /home/airflow/.local/lib/python3.12/site-packages/airflow/example_dags/example_dataset_alias_with_no_taskflow.py
[2025-10-08T23:22:38.421+0000] {processor.py:925} INFO - DAG(s) 'dataset_alias_example_alias_consumer_with_no_taskflow', 'dataset_s3_bucket_consumer_with_no_taskflow', 'dataset_alias_example_alias_producer_with_no_taskflow', 'dataset_s3_bucket_producer_with_no_taskflow' retrieved from /home/airflow/.local/lib/python3.12/site-packages/airflow/example_dags/example_dataset_alias_with_no_taskflow.py
[2025-10-08T23:22:38.512+0000] {logging_mixin.py:190} INFO - [2025-10-08T23:22:38.512+0000] {dag.py:3239} INFO - Sync 4 DAGs
[2025-10-08T23:22:38.658+0000] {logging_mixin.py:190} INFO - [2025-10-08T23:22:38.658+0000] {dag.py:4180} INFO - Setting next_dagrun for dataset_alias_example_alias_consumer_with_no_taskflow to None, run_after=None
[2025-10-08T23:22:38.664+0000] {logging_mixin.py:190} INFO - [2025-10-08T23:22:38.663+0000] {dag.py:4180} INFO - Setting next_dagrun for dataset_alias_example_alias_producer_with_no_taskflow to None, run_after=None
[2025-10-08T23:22:38.667+0000] {logging_mixin.py:190} INFO - [2025-10-08T23:22:38.667+0000] {dag.py:4180} INFO - Setting next_dagrun for dataset_s3_bucket_consumer_with_no_taskflow to None, run_after=None
[2025-10-08T23:22:38.670+0000] {logging_mixin.py:190} INFO - [2025-10-08T23:22:38.670+0000] {dag.py:4180} INFO - Setting next_dagrun for dataset_s3_bucket_producer_with_no_taskflow to None, run_after=None
[2025-10-08T23:22:39.034+0000] {processor.py:208} INFO - Processing /home/airflow/.local/lib/python3.12/site-packages/airflow/example_dags/example_dataset_alias_with_no_taskflow.py took 1.370 seconds
[2025-10-08T23:23:09.905+0000] {processor.py:186} INFO - Started process (PID=237) to work on /home/airflow/.local/lib/python3.12/site-packages/airflow/example_dags/example_dataset_alias_with_no_taskflow.py
[2025-10-08T23:23:09.906+0000] {processor.py:914} INFO - Processing file /home/airflow/.local/lib/python3.12/site-packages/airflow/example_dags/example_dataset_alias_with_no_taskflow.py for tasks to queue
[2025-10-08T23:23:09.911+0000] {logging_mixin.py:190} INFO - [2025-10-08T23:23:09.910+0000] {dagbag.py:588} INFO - Filling up the DagBag from /home/airflow/.local/lib/python3.12/site-packages/airflow/example_dags/example_dataset_alias_with_no_taskflow.py
[2025-10-08T23:23:10.204+0000] {processor.py:925} INFO - DAG(s) 'dataset_alias_example_alias_producer_with_no_taskflow', 'dataset_alias_example_alias_consumer_with_no_taskflow', 'dataset_s3_bucket_consumer_with_no_taskflow', 'dataset_s3_bucket_producer_with_no_taskflow' retrieved from /home/airflow/.local/lib/python3.12/site-packages/airflow/example_dags/example_dataset_alias_with_no_taskflow.py
[2025-10-08T23:23:10.238+0000] {logging_mixin.py:190} INFO - [2025-10-08T23:23:10.237+0000] {dag.py:3239} INFO - Sync 4 DAGs
[2025-10-08T23:23:10.279+0000] {logging_mixin.py:190} INFO - [2025-10-08T23:23:10.279+0000] {dag.py:4180} INFO - Setting next_dagrun for dataset_alias_example_alias_consumer_with_no_taskflow to None, run_after=None
[2025-10-08T23:23:10.282+0000] {logging_mixin.py:190} INFO - [2025-10-08T23:23:10.282+0000] {dag.py:4180} INFO - Setting next_dagrun for dataset_alias_example_alias_producer_with_no_taskflow to None, run_after=None
[2025-10-08T23:23:10.284+0000] {logging_mixin.py:190} INFO - [2025-10-08T23:23:10.284+0000] {dag.py:4180} INFO - Setting next_dagrun for dataset_s3_bucket_consumer_with_no_taskflow to None, run_after=None
[2025-10-08T23:23:10.287+0000] {logging_mixin.py:190} INFO - [2025-10-08T23:23:10.286+0000] {dag.py:4180} INFO - Setting next_dagrun for dataset_s3_bucket_producer_with_no_taskflow to None, run_after=None
[2025-10-08T23:23:10.312+0000] {processor.py:208} INFO - Processing /home/airflow/.local/lib/python3.12/site-packages/airflow/example_dags/example_dataset_alias_with_no_taskflow.py took 0.421 seconds
