[2025-10-08T23:41:37.672+0000] {processor.py:186} INFO - Started process (PID=96) to work on /home/airflow/.local/lib/python3.12/site-packages/airflow/example_dags/example_branch_day_of_week_operator.py
[2025-10-08T23:41:37.674+0000] {processor.py:914} INFO - Processing file /home/airflow/.local/lib/python3.12/site-packages/airflow/example_dags/example_branch_day_of_week_operator.py for tasks to queue
[2025-10-08T23:41:37.679+0000] {logging_mixin.py:190} INFO - [2025-10-08T23:41:37.678+0000] {dagbag.py:588} INFO - Filling up the DagBag from /home/airflow/.local/lib/python3.12/site-packages/airflow/example_dags/example_branch_day_of_week_operator.py
[2025-10-08T23:41:37.699+0000] {processor.py:925} INFO - DAG(s) 'example_weekday_branch_operator' retrieved from /home/airflow/.local/lib/python3.12/site-packages/airflow/example_dags/example_branch_day_of_week_operator.py
[2025-10-08T23:41:37.730+0000] {logging_mixin.py:190} INFO - [2025-10-08T23:41:37.729+0000] {dag.py:3239} INFO - Sync 1 DAGs
[2025-10-08T23:41:37.761+0000] {logging_mixin.py:190} INFO - [2025-10-08T23:41:37.760+0000] {dag.py:4180} INFO - Setting next_dagrun for example_weekday_branch_operator to 2025-10-07 00:00:00+00:00, run_after=2025-10-08 00:00:00+00:00
[2025-10-08T23:41:37.790+0000] {processor.py:208} INFO - Processing /home/airflow/.local/lib/python3.12/site-packages/airflow/example_dags/example_branch_day_of_week_operator.py took 0.126 seconds
[2025-10-08T23:42:08.895+0000] {processor.py:186} INFO - Started process (PID=161) to work on /home/airflow/.local/lib/python3.12/site-packages/airflow/example_dags/example_branch_day_of_week_operator.py
[2025-10-08T23:42:08.897+0000] {processor.py:914} INFO - Processing file /home/airflow/.local/lib/python3.12/site-packages/airflow/example_dags/example_branch_day_of_week_operator.py for tasks to queue
[2025-10-08T23:42:08.899+0000] {logging_mixin.py:190} INFO - [2025-10-08T23:42:08.899+0000] {dagbag.py:588} INFO - Filling up the DagBag from /home/airflow/.local/lib/python3.12/site-packages/airflow/example_dags/example_branch_day_of_week_operator.py
[2025-10-08T23:42:08.911+0000] {processor.py:925} INFO - DAG(s) 'example_weekday_branch_operator' retrieved from /home/airflow/.local/lib/python3.12/site-packages/airflow/example_dags/example_branch_day_of_week_operator.py
[2025-10-08T23:42:08.933+0000] {logging_mixin.py:190} INFO - [2025-10-08T23:42:08.933+0000] {dag.py:3239} INFO - Sync 1 DAGs
[2025-10-08T23:42:08.961+0000] {logging_mixin.py:190} INFO - [2025-10-08T23:42:08.960+0000] {dag.py:4180} INFO - Setting next_dagrun for example_weekday_branch_operator to 2025-10-07 00:00:00+00:00, run_after=2025-10-08 00:00:00+00:00
[2025-10-08T23:42:08.980+0000] {processor.py:208} INFO - Processing /home/airflow/.local/lib/python3.12/site-packages/airflow/example_dags/example_branch_day_of_week_operator.py took 0.091 seconds
[2025-10-08T23:42:39.461+0000] {processor.py:186} INFO - Started process (PID=225) to work on /home/airflow/.local/lib/python3.12/site-packages/airflow/example_dags/example_branch_day_of_week_operator.py
[2025-10-08T23:42:39.463+0000] {processor.py:914} INFO - Processing file /home/airflow/.local/lib/python3.12/site-packages/airflow/example_dags/example_branch_day_of_week_operator.py for tasks to queue
[2025-10-08T23:42:39.467+0000] {logging_mixin.py:190} INFO - [2025-10-08T23:42:39.466+0000] {dagbag.py:588} INFO - Filling up the DagBag from /home/airflow/.local/lib/python3.12/site-packages/airflow/example_dags/example_branch_day_of_week_operator.py
[2025-10-08T23:42:39.481+0000] {processor.py:925} INFO - DAG(s) 'example_weekday_branch_operator' retrieved from /home/airflow/.local/lib/python3.12/site-packages/airflow/example_dags/example_branch_day_of_week_operator.py
[2025-10-08T23:42:39.508+0000] {logging_mixin.py:190} INFO - [2025-10-08T23:42:39.508+0000] {dag.py:3239} INFO - Sync 1 DAGs
[2025-10-08T23:42:39.538+0000] {logging_mixin.py:190} INFO - [2025-10-08T23:42:39.537+0000] {dag.py:4180} INFO - Setting next_dagrun for example_weekday_branch_operator to 2025-10-07 00:00:00+00:00, run_after=2025-10-08 00:00:00+00:00
[2025-10-08T23:42:39.558+0000] {processor.py:208} INFO - Processing /home/airflow/.local/lib/python3.12/site-packages/airflow/example_dags/example_branch_day_of_week_operator.py took 0.105 seconds
[2025-10-08T23:43:10.499+0000] {processor.py:186} INFO - Started process (PID=289) to work on /home/airflow/.local/lib/python3.12/site-packages/airflow/example_dags/example_branch_day_of_week_operator.py
[2025-10-08T23:43:10.500+0000] {processor.py:914} INFO - Processing file /home/airflow/.local/lib/python3.12/site-packages/airflow/example_dags/example_branch_day_of_week_operator.py for tasks to queue
[2025-10-08T23:43:10.503+0000] {logging_mixin.py:190} INFO - [2025-10-08T23:43:10.503+0000] {dagbag.py:588} INFO - Filling up the DagBag from /home/airflow/.local/lib/python3.12/site-packages/airflow/example_dags/example_branch_day_of_week_operator.py
[2025-10-08T23:43:10.515+0000] {processor.py:925} INFO - DAG(s) 'example_weekday_branch_operator' retrieved from /home/airflow/.local/lib/python3.12/site-packages/airflow/example_dags/example_branch_day_of_week_operator.py
[2025-10-08T23:43:10.536+0000] {logging_mixin.py:190} INFO - [2025-10-08T23:43:10.536+0000] {dag.py:3239} INFO - Sync 1 DAGs
[2025-10-08T23:43:10.559+0000] {logging_mixin.py:190} INFO - [2025-10-08T23:43:10.559+0000] {dag.py:4180} INFO - Setting next_dagrun for example_weekday_branch_operator to 2025-10-07 00:00:00+00:00, run_after=2025-10-08 00:00:00+00:00
[2025-10-08T23:43:10.578+0000] {processor.py:208} INFO - Processing /home/airflow/.local/lib/python3.12/site-packages/airflow/example_dags/example_branch_day_of_week_operator.py took 0.086 seconds
[2025-10-08T23:43:40.963+0000] {processor.py:186} INFO - Started process (PID=353) to work on /home/airflow/.local/lib/python3.12/site-packages/airflow/example_dags/example_branch_day_of_week_operator.py
[2025-10-08T23:43:40.965+0000] {processor.py:914} INFO - Processing file /home/airflow/.local/lib/python3.12/site-packages/airflow/example_dags/example_branch_day_of_week_operator.py for tasks to queue
[2025-10-08T23:43:40.968+0000] {logging_mixin.py:190} INFO - [2025-10-08T23:43:40.968+0000] {dagbag.py:588} INFO - Filling up the DagBag from /home/airflow/.local/lib/python3.12/site-packages/airflow/example_dags/example_branch_day_of_week_operator.py
[2025-10-08T23:43:40.982+0000] {processor.py:925} INFO - DAG(s) 'example_weekday_branch_operator' retrieved from /home/airflow/.local/lib/python3.12/site-packages/airflow/example_dags/example_branch_day_of_week_operator.py
[2025-10-08T23:43:41.009+0000] {logging_mixin.py:190} INFO - [2025-10-08T23:43:41.008+0000] {dag.py:3239} INFO - Sync 1 DAGs
[2025-10-08T23:43:41.036+0000] {logging_mixin.py:190} INFO - [2025-10-08T23:43:41.035+0000] {dag.py:4180} INFO - Setting next_dagrun for example_weekday_branch_operator to 2025-10-07 00:00:00+00:00, run_after=2025-10-08 00:00:00+00:00
[2025-10-08T23:43:41.055+0000] {processor.py:208} INFO - Processing /home/airflow/.local/lib/python3.12/site-packages/airflow/example_dags/example_branch_day_of_week_operator.py took 0.099 seconds
[2025-10-08T23:44:11.394+0000] {processor.py:186} INFO - Started process (PID=417) to work on /home/airflow/.local/lib/python3.12/site-packages/airflow/example_dags/example_branch_day_of_week_operator.py
[2025-10-08T23:44:11.395+0000] {processor.py:914} INFO - Processing file /home/airflow/.local/lib/python3.12/site-packages/airflow/example_dags/example_branch_day_of_week_operator.py for tasks to queue
[2025-10-08T23:44:11.398+0000] {logging_mixin.py:190} INFO - [2025-10-08T23:44:11.398+0000] {dagbag.py:588} INFO - Filling up the DagBag from /home/airflow/.local/lib/python3.12/site-packages/airflow/example_dags/example_branch_day_of_week_operator.py
[2025-10-08T23:44:11.409+0000] {processor.py:925} INFO - DAG(s) 'example_weekday_branch_operator' retrieved from /home/airflow/.local/lib/python3.12/site-packages/airflow/example_dags/example_branch_day_of_week_operator.py
[2025-10-08T23:44:11.432+0000] {logging_mixin.py:190} INFO - [2025-10-08T23:44:11.431+0000] {dag.py:3239} INFO - Sync 1 DAGs
[2025-10-08T23:44:11.455+0000] {logging_mixin.py:190} INFO - [2025-10-08T23:44:11.455+0000] {dag.py:4180} INFO - Setting next_dagrun for example_weekday_branch_operator to 2025-10-07 00:00:00+00:00, run_after=2025-10-08 00:00:00+00:00
[2025-10-08T23:44:11.472+0000] {processor.py:208} INFO - Processing /home/airflow/.local/lib/python3.12/site-packages/airflow/example_dags/example_branch_day_of_week_operator.py took 0.086 seconds
[2025-10-08T23:44:41.755+0000] {processor.py:186} INFO - Started process (PID=481) to work on /home/airflow/.local/lib/python3.12/site-packages/airflow/example_dags/example_branch_day_of_week_operator.py
[2025-10-08T23:44:41.756+0000] {processor.py:914} INFO - Processing file /home/airflow/.local/lib/python3.12/site-packages/airflow/example_dags/example_branch_day_of_week_operator.py for tasks to queue
[2025-10-08T23:44:41.760+0000] {logging_mixin.py:190} INFO - [2025-10-08T23:44:41.759+0000] {dagbag.py:588} INFO - Filling up the DagBag from /home/airflow/.local/lib/python3.12/site-packages/airflow/example_dags/example_branch_day_of_week_operator.py
[2025-10-08T23:44:41.773+0000] {processor.py:925} INFO - DAG(s) 'example_weekday_branch_operator' retrieved from /home/airflow/.local/lib/python3.12/site-packages/airflow/example_dags/example_branch_day_of_week_operator.py
[2025-10-08T23:44:41.800+0000] {logging_mixin.py:190} INFO - [2025-10-08T23:44:41.799+0000] {dag.py:3239} INFO - Sync 1 DAGs
[2025-10-08T23:44:41.828+0000] {logging_mixin.py:190} INFO - [2025-10-08T23:44:41.828+0000] {dag.py:4180} INFO - Setting next_dagrun for example_weekday_branch_operator to 2025-10-07 00:00:00+00:00, run_after=2025-10-08 00:00:00+00:00
[2025-10-08T23:44:41.849+0000] {processor.py:208} INFO - Processing /home/airflow/.local/lib/python3.12/site-packages/airflow/example_dags/example_branch_day_of_week_operator.py took 0.103 seconds
