[2025-10-08T23:41:36.091+0000] {processor.py:186} INFO - Started process (PID=82) to work on /home/airflow/.local/lib/python3.12/site-packages/airflow/example_dags/example_task_group.py
[2025-10-08T23:41:36.093+0000] {processor.py:914} INFO - Processing file /home/airflow/.local/lib/python3.12/site-packages/airflow/example_dags/example_task_group.py for tasks to queue
[2025-10-08T23:41:36.096+0000] {logging_mixin.py:190} INFO - [2025-10-08T23:41:36.096+0000] {dagbag.py:588} INFO - Filling up the DagBag from /home/airflow/.local/lib/python3.12/site-packages/airflow/example_dags/example_task_group.py
[2025-10-08T23:41:36.111+0000] {processor.py:925} INFO - DAG(s) 'example_task_group' retrieved from /home/airflow/.local/lib/python3.12/site-packages/airflow/example_dags/example_task_group.py
[2025-10-08T23:41:36.165+0000] {logging_mixin.py:190} INFO - [2025-10-08T23:41:36.165+0000] {dag.py:3239} INFO - Sync 1 DAGs
[2025-10-08T23:41:36.186+0000] {logging_mixin.py:190} INFO - [2025-10-08T23:41:36.186+0000] {dag.py:4180} INFO - Setting next_dagrun for example_task_group to None, run_after=None
[2025-10-08T23:41:36.215+0000] {processor.py:208} INFO - Processing /home/airflow/.local/lib/python3.12/site-packages/airflow/example_dags/example_task_group.py took 0.131 seconds
[2025-10-08T23:42:06.432+0000] {processor.py:186} INFO - Started process (PID=147) to work on /home/airflow/.local/lib/python3.12/site-packages/airflow/example_dags/example_task_group.py
[2025-10-08T23:42:06.433+0000] {processor.py:914} INFO - Processing file /home/airflow/.local/lib/python3.12/site-packages/airflow/example_dags/example_task_group.py for tasks to queue
[2025-10-08T23:42:06.436+0000] {logging_mixin.py:190} INFO - [2025-10-08T23:42:06.436+0000] {dagbag.py:588} INFO - Filling up the DagBag from /home/airflow/.local/lib/python3.12/site-packages/airflow/example_dags/example_task_group.py
[2025-10-08T23:42:06.446+0000] {processor.py:925} INFO - DAG(s) 'example_task_group' retrieved from /home/airflow/.local/lib/python3.12/site-packages/airflow/example_dags/example_task_group.py
[2025-10-08T23:42:06.468+0000] {logging_mixin.py:190} INFO - [2025-10-08T23:42:06.468+0000] {dag.py:3239} INFO - Sync 1 DAGs
[2025-10-08T23:42:06.482+0000] {logging_mixin.py:190} INFO - [2025-10-08T23:42:06.482+0000] {dag.py:4180} INFO - Setting next_dagrun for example_task_group to None, run_after=None
[2025-10-08T23:42:06.499+0000] {processor.py:208} INFO - Processing /home/airflow/.local/lib/python3.12/site-packages/airflow/example_dags/example_task_group.py took 0.075 seconds
[2025-10-08T23:42:36.737+0000] {processor.py:186} INFO - Started process (PID=211) to work on /home/airflow/.local/lib/python3.12/site-packages/airflow/example_dags/example_task_group.py
[2025-10-08T23:42:36.738+0000] {processor.py:914} INFO - Processing file /home/airflow/.local/lib/python3.12/site-packages/airflow/example_dags/example_task_group.py for tasks to queue
[2025-10-08T23:42:36.742+0000] {logging_mixin.py:190} INFO - [2025-10-08T23:42:36.742+0000] {dagbag.py:588} INFO - Filling up the DagBag from /home/airflow/.local/lib/python3.12/site-packages/airflow/example_dags/example_task_group.py
[2025-10-08T23:42:36.759+0000] {processor.py:925} INFO - DAG(s) 'example_task_group' retrieved from /home/airflow/.local/lib/python3.12/site-packages/airflow/example_dags/example_task_group.py
[2025-10-08T23:42:36.783+0000] {logging_mixin.py:190} INFO - [2025-10-08T23:42:36.783+0000] {dag.py:3239} INFO - Sync 1 DAGs
[2025-10-08T23:42:36.799+0000] {logging_mixin.py:190} INFO - [2025-10-08T23:42:36.798+0000] {dag.py:4180} INFO - Setting next_dagrun for example_task_group to None, run_after=None
[2025-10-08T23:42:36.817+0000] {processor.py:208} INFO - Processing /home/airflow/.local/lib/python3.12/site-packages/airflow/example_dags/example_task_group.py took 0.088 seconds
[2025-10-08T23:43:07.154+0000] {processor.py:186} INFO - Started process (PID=275) to work on /home/airflow/.local/lib/python3.12/site-packages/airflow/example_dags/example_task_group.py
[2025-10-08T23:43:07.155+0000] {processor.py:914} INFO - Processing file /home/airflow/.local/lib/python3.12/site-packages/airflow/example_dags/example_task_group.py for tasks to queue
[2025-10-08T23:43:07.159+0000] {logging_mixin.py:190} INFO - [2025-10-08T23:43:07.159+0000] {dagbag.py:588} INFO - Filling up the DagBag from /home/airflow/.local/lib/python3.12/site-packages/airflow/example_dags/example_task_group.py
[2025-10-08T23:43:07.171+0000] {processor.py:925} INFO - DAG(s) 'example_task_group' retrieved from /home/airflow/.local/lib/python3.12/site-packages/airflow/example_dags/example_task_group.py
[2025-10-08T23:43:07.195+0000] {logging_mixin.py:190} INFO - [2025-10-08T23:43:07.195+0000] {dag.py:3239} INFO - Sync 1 DAGs
[2025-10-08T23:43:07.211+0000] {logging_mixin.py:190} INFO - [2025-10-08T23:43:07.211+0000] {dag.py:4180} INFO - Setting next_dagrun for example_task_group to None, run_after=None
[2025-10-08T23:43:07.233+0000] {processor.py:208} INFO - Processing /home/airflow/.local/lib/python3.12/site-packages/airflow/example_dags/example_task_group.py took 0.087 seconds
[2025-10-08T23:43:37.978+0000] {processor.py:186} INFO - Started process (PID=339) to work on /home/airflow/.local/lib/python3.12/site-packages/airflow/example_dags/example_task_group.py
[2025-10-08T23:43:37.979+0000] {processor.py:914} INFO - Processing file /home/airflow/.local/lib/python3.12/site-packages/airflow/example_dags/example_task_group.py for tasks to queue
[2025-10-08T23:43:37.987+0000] {logging_mixin.py:190} INFO - [2025-10-08T23:43:37.986+0000] {dagbag.py:588} INFO - Filling up the DagBag from /home/airflow/.local/lib/python3.12/site-packages/airflow/example_dags/example_task_group.py
[2025-10-08T23:43:37.999+0000] {processor.py:925} INFO - DAG(s) 'example_task_group' retrieved from /home/airflow/.local/lib/python3.12/site-packages/airflow/example_dags/example_task_group.py
[2025-10-08T23:43:38.029+0000] {logging_mixin.py:190} INFO - [2025-10-08T23:43:38.029+0000] {dag.py:3239} INFO - Sync 1 DAGs
[2025-10-08T23:43:38.046+0000] {logging_mixin.py:190} INFO - [2025-10-08T23:43:38.046+0000] {dag.py:4180} INFO - Setting next_dagrun for example_task_group to None, run_after=None
[2025-10-08T23:43:38.066+0000] {processor.py:208} INFO - Processing /home/airflow/.local/lib/python3.12/site-packages/airflow/example_dags/example_task_group.py took 0.096 seconds
[2025-10-08T23:44:09.383+0000] {processor.py:186} INFO - Started process (PID=403) to work on /home/airflow/.local/lib/python3.12/site-packages/airflow/example_dags/example_task_group.py
[2025-10-08T23:44:09.387+0000] {processor.py:914} INFO - Processing file /home/airflow/.local/lib/python3.12/site-packages/airflow/example_dags/example_task_group.py for tasks to queue
[2025-10-08T23:44:09.391+0000] {logging_mixin.py:190} INFO - [2025-10-08T23:44:09.391+0000] {dagbag.py:588} INFO - Filling up the DagBag from /home/airflow/.local/lib/python3.12/site-packages/airflow/example_dags/example_task_group.py
[2025-10-08T23:44:09.401+0000] {processor.py:925} INFO - DAG(s) 'example_task_group' retrieved from /home/airflow/.local/lib/python3.12/site-packages/airflow/example_dags/example_task_group.py
[2025-10-08T23:44:09.423+0000] {logging_mixin.py:190} INFO - [2025-10-08T23:44:09.423+0000] {dag.py:3239} INFO - Sync 1 DAGs
[2025-10-08T23:44:09.442+0000] {logging_mixin.py:190} INFO - [2025-10-08T23:44:09.441+0000] {dag.py:4180} INFO - Setting next_dagrun for example_task_group to None, run_after=None
[2025-10-08T23:44:09.458+0000] {processor.py:208} INFO - Processing /home/airflow/.local/lib/python3.12/site-packages/airflow/example_dags/example_task_group.py took 0.083 seconds
[2025-10-08T23:44:39.645+0000] {processor.py:186} INFO - Started process (PID=467) to work on /home/airflow/.local/lib/python3.12/site-packages/airflow/example_dags/example_task_group.py
[2025-10-08T23:44:39.647+0000] {processor.py:914} INFO - Processing file /home/airflow/.local/lib/python3.12/site-packages/airflow/example_dags/example_task_group.py for tasks to queue
[2025-10-08T23:44:39.650+0000] {logging_mixin.py:190} INFO - [2025-10-08T23:44:39.650+0000] {dagbag.py:588} INFO - Filling up the DagBag from /home/airflow/.local/lib/python3.12/site-packages/airflow/example_dags/example_task_group.py
[2025-10-08T23:44:39.661+0000] {processor.py:925} INFO - DAG(s) 'example_task_group' retrieved from /home/airflow/.local/lib/python3.12/site-packages/airflow/example_dags/example_task_group.py
[2025-10-08T23:44:39.686+0000] {logging_mixin.py:190} INFO - [2025-10-08T23:44:39.685+0000] {dag.py:3239} INFO - Sync 1 DAGs
[2025-10-08T23:44:39.701+0000] {logging_mixin.py:190} INFO - [2025-10-08T23:44:39.701+0000] {dag.py:4180} INFO - Setting next_dagrun for example_task_group to None, run_after=None
[2025-10-08T23:44:39.720+0000] {processor.py:208} INFO - Processing /home/airflow/.local/lib/python3.12/site-packages/airflow/example_dags/example_task_group.py took 0.083 seconds
