[2025-10-08T23:21:55.620+0000] {processor.py:186} INFO - Started process (PID=66) to work on /home/airflow/.local/lib/python3.12/site-packages/airflow/example_dags/example_subdag_operator.py
[2025-10-08T23:21:55.622+0000] {processor.py:914} INFO - Processing file /home/airflow/.local/lib/python3.12/site-packages/airflow/example_dags/example_subdag_operator.py for tasks to queue
[2025-10-08T23:21:55.626+0000] {logging_mixin.py:190} INFO - [2025-10-08T23:21:55.626+0000] {dagbag.py:588} INFO - Filling up the DagBag from /home/airflow/.local/lib/python3.12/site-packages/airflow/example_dags/example_subdag_operator.py
[2025-10-08T23:21:55.753+0000] {processor.py:925} INFO - DAG(s) 'example_subdag_operator.section-1', 'example_subdag_operator.section-2', 'example_subdag_operator' retrieved from /home/airflow/.local/lib/python3.12/site-packages/airflow/example_dags/example_subdag_operator.py
[2025-10-08T23:21:55.931+0000] {logging_mixin.py:190} INFO - [2025-10-08T23:21:55.930+0000] {override.py:1900} INFO - Created Permission View: can delete on DAG:example_subdag_operator
[2025-10-08T23:21:55.955+0000] {logging_mixin.py:190} INFO - [2025-10-08T23:21:55.955+0000] {override.py:1900} INFO - Created Permission View: can edit on DAG:example_subdag_operator
[2025-10-08T23:21:55.968+0000] {logging_mixin.py:190} INFO - [2025-10-08T23:21:55.967+0000] {override.py:1900} INFO - Created Permission View: can read on DAG:example_subdag_operator
[2025-10-08T23:21:55.987+0000] {logging_mixin.py:190} INFO - [2025-10-08T23:21:55.987+0000] {override.py:1900} INFO - Created Permission View: can delete on DAG Run:example_subdag_operator
[2025-10-08T23:21:56.000+0000] {logging_mixin.py:190} INFO - [2025-10-08T23:21:55.999+0000] {override.py:1900} INFO - Created Permission View: can create on DAG Run:example_subdag_operator
[2025-10-08T23:21:56.013+0000] {logging_mixin.py:190} INFO - [2025-10-08T23:21:56.013+0000] {override.py:1900} INFO - Created Permission View: menu access on DAG Run:example_subdag_operator
[2025-10-08T23:21:56.025+0000] {logging_mixin.py:190} INFO - [2025-10-08T23:21:56.025+0000] {override.py:1900} INFO - Created Permission View: can read on DAG Run:example_subdag_operator
[2025-10-08T23:21:56.026+0000] {logging_mixin.py:190} INFO - [2025-10-08T23:21:56.025+0000] {dag.py:3239} INFO - Sync 3 DAGs
[2025-10-08T23:21:56.039+0000] {logging_mixin.py:190} INFO - [2025-10-08T23:21:56.039+0000] {dag.py:3262} INFO - Creating ORM DAG for example_subdag_operator.section-1
[2025-10-08T23:21:56.040+0000] {logging_mixin.py:190} INFO - [2025-10-08T23:21:56.039+0000] {dag.py:3262} INFO - Creating ORM DAG for example_subdag_operator
[2025-10-08T23:21:56.041+0000] {logging_mixin.py:190} INFO - [2025-10-08T23:21:56.040+0000] {dag.py:3262} INFO - Creating ORM DAG for example_subdag_operator.section-2
[2025-10-08T23:21:56.068+0000] {logging_mixin.py:190} INFO - [2025-10-08T23:21:56.067+0000] {dag.py:4180} INFO - Setting next_dagrun for example_subdag_operator to 2022-01-01 00:00:00+00:00, run_after=2022-01-01 00:00:00+00:00
[2025-10-08T23:21:56.069+0000] {logging_mixin.py:190} INFO - [2025-10-08T23:21:56.069+0000] {dag.py:4180} INFO - Setting next_dagrun for example_subdag_operator.section-1 to None, run_after=None
[2025-10-08T23:21:56.071+0000] {logging_mixin.py:190} INFO - [2025-10-08T23:21:56.071+0000] {dag.py:4180} INFO - Setting next_dagrun for example_subdag_operator.section-2 to None, run_after=None
[2025-10-08T23:21:56.107+0000] {logging_mixin.py:190} INFO - [2025-10-08T23:21:56.106+0000] {dag.py:3239} INFO - Sync 2 DAGs
[2025-10-08T23:21:56.119+0000] {logging_mixin.py:190} INFO - [2025-10-08T23:21:56.119+0000] {dag.py:4180} INFO - Setting next_dagrun for example_subdag_operator.section-1 to None, run_after=None
[2025-10-08T23:21:56.146+0000] {logging_mixin.py:190} INFO - [2025-10-08T23:21:56.145+0000] {dag.py:4180} INFO - Setting next_dagrun for example_subdag_operator.section-2 to None, run_after=None
[2025-10-08T23:21:56.179+0000] {processor.py:208} INFO - Processing /home/airflow/.local/lib/python3.12/site-packages/airflow/example_dags/example_subdag_operator.py took 0.576 seconds
[2025-10-08T23:22:26.681+0000] {processor.py:186} INFO - Started process (PID=129) to work on /home/airflow/.local/lib/python3.12/site-packages/airflow/example_dags/example_subdag_operator.py
[2025-10-08T23:22:26.683+0000] {processor.py:914} INFO - Processing file /home/airflow/.local/lib/python3.12/site-packages/airflow/example_dags/example_subdag_operator.py for tasks to queue
[2025-10-08T23:22:26.778+0000] {logging_mixin.py:190} INFO - [2025-10-08T23:22:26.777+0000] {dagbag.py:588} INFO - Filling up the DagBag from /home/airflow/.local/lib/python3.12/site-packages/airflow/example_dags/example_subdag_operator.py
[2025-10-08T23:22:26.935+0000] {processor.py:925} INFO - DAG(s) 'example_subdag_operator.section-1', 'example_subdag_operator.section-2', 'example_subdag_operator' retrieved from /home/airflow/.local/lib/python3.12/site-packages/airflow/example_dags/example_subdag_operator.py
[2025-10-08T23:22:26.956+0000] {logging_mixin.py:190} INFO - [2025-10-08T23:22:26.956+0000] {dag.py:3239} INFO - Sync 3 DAGs
[2025-10-08T23:22:26.982+0000] {logging_mixin.py:190} INFO - [2025-10-08T23:22:26.982+0000] {dag.py:4180} INFO - Setting next_dagrun for example_subdag_operator to 2022-01-01 00:00:00+00:00, run_after=2022-01-01 00:00:00+00:00
[2025-10-08T23:22:26.986+0000] {logging_mixin.py:190} INFO - [2025-10-08T23:22:26.986+0000] {dag.py:4180} INFO - Setting next_dagrun for example_subdag_operator.section-1 to None, run_after=None
[2025-10-08T23:22:26.988+0000] {logging_mixin.py:190} INFO - [2025-10-08T23:22:26.987+0000] {dag.py:4180} INFO - Setting next_dagrun for example_subdag_operator.section-2 to None, run_after=None
[2025-10-08T23:22:26.996+0000] {logging_mixin.py:190} INFO - [2025-10-08T23:22:26.996+0000] {dag.py:3239} INFO - Sync 2 DAGs
[2025-10-08T23:22:27.002+0000] {logging_mixin.py:190} INFO - [2025-10-08T23:22:27.001+0000] {dag.py:4180} INFO - Setting next_dagrun for example_subdag_operator.section-1 to None, run_after=None
[2025-10-08T23:22:27.002+0000] {logging_mixin.py:190} INFO - [2025-10-08T23:22:27.002+0000] {dag.py:4180} INFO - Setting next_dagrun for example_subdag_operator.section-2 to None, run_after=None
[2025-10-08T23:22:27.015+0000] {processor.py:208} INFO - Processing /home/airflow/.local/lib/python3.12/site-packages/airflow/example_dags/example_subdag_operator.py took 0.367 seconds
[2025-10-08T23:22:57.180+0000] {processor.py:186} INFO - Started process (PID=191) to work on /home/airflow/.local/lib/python3.12/site-packages/airflow/example_dags/example_subdag_operator.py
[2025-10-08T23:22:57.182+0000] {processor.py:914} INFO - Processing file /home/airflow/.local/lib/python3.12/site-packages/airflow/example_dags/example_subdag_operator.py for tasks to queue
[2025-10-08T23:22:57.187+0000] {logging_mixin.py:190} INFO - [2025-10-08T23:22:57.187+0000] {dagbag.py:588} INFO - Filling up the DagBag from /home/airflow/.local/lib/python3.12/site-packages/airflow/example_dags/example_subdag_operator.py
[2025-10-08T23:22:57.230+0000] {processor.py:925} INFO - DAG(s) 'example_subdag_operator.section-1', 'example_subdag_operator.section-2', 'example_subdag_operator' retrieved from /home/airflow/.local/lib/python3.12/site-packages/airflow/example_dags/example_subdag_operator.py
[2025-10-08T23:22:57.253+0000] {logging_mixin.py:190} INFO - [2025-10-08T23:22:57.253+0000] {dag.py:3239} INFO - Sync 3 DAGs
[2025-10-08T23:22:57.295+0000] {logging_mixin.py:190} INFO - [2025-10-08T23:22:57.294+0000] {dag.py:4180} INFO - Setting next_dagrun for example_subdag_operator to 2022-01-01 00:00:00+00:00, run_after=2022-01-01 00:00:00+00:00
[2025-10-08T23:22:57.303+0000] {logging_mixin.py:190} INFO - [2025-10-08T23:22:57.303+0000] {dag.py:4180} INFO - Setting next_dagrun for example_subdag_operator.section-1 to None, run_after=None
[2025-10-08T23:22:57.305+0000] {logging_mixin.py:190} INFO - [2025-10-08T23:22:57.305+0000] {dag.py:4180} INFO - Setting next_dagrun for example_subdag_operator.section-2 to None, run_after=None
[2025-10-08T23:22:57.316+0000] {logging_mixin.py:190} INFO - [2025-10-08T23:22:57.316+0000] {dag.py:3239} INFO - Sync 2 DAGs
[2025-10-08T23:22:57.325+0000] {logging_mixin.py:190} INFO - [2025-10-08T23:22:57.324+0000] {dag.py:4180} INFO - Setting next_dagrun for example_subdag_operator.section-1 to None, run_after=None
[2025-10-08T23:22:57.325+0000] {logging_mixin.py:190} INFO - [2025-10-08T23:22:57.325+0000] {dag.py:4180} INFO - Setting next_dagrun for example_subdag_operator.section-2 to None, run_after=None
[2025-10-08T23:22:57.344+0000] {processor.py:208} INFO - Processing /home/airflow/.local/lib/python3.12/site-packages/airflow/example_dags/example_subdag_operator.py took 0.175 seconds
