[2025-10-08T23:22:00.801+0000] {processor.py:186} INFO - Started process (PID=87) to work on /home/airflow/.local/lib/python3.12/site-packages/airflow/example_dags/example_short_circuit_decorator.py
[2025-10-08T23:22:00.803+0000] {processor.py:914} INFO - Processing file /home/airflow/.local/lib/python3.12/site-packages/airflow/example_dags/example_short_circuit_decorator.py for tasks to queue
[2025-10-08T23:22:00.808+0000] {logging_mixin.py:190} INFO - [2025-10-08T23:22:00.808+0000] {dagbag.py:588} INFO - Filling up the DagBag from /home/airflow/.local/lib/python3.12/site-packages/airflow/example_dags/example_short_circuit_decorator.py
[2025-10-08T23:22:00.834+0000] {processor.py:925} INFO - DAG(s) 'example_short_circuit_decorator' retrieved from /home/airflow/.local/lib/python3.12/site-packages/airflow/example_dags/example_short_circuit_decorator.py
[2025-10-08T23:22:00.999+0000] {logging_mixin.py:190} INFO - [2025-10-08T23:22:00.998+0000] {override.py:1900} INFO - Created Permission View: can delete on DAG:example_short_circuit_decorator
[2025-10-08T23:22:01.020+0000] {logging_mixin.py:190} INFO - [2025-10-08T23:22:01.019+0000] {override.py:1900} INFO - Created Permission View: can edit on DAG:example_short_circuit_decorator
[2025-10-08T23:22:01.034+0000] {logging_mixin.py:190} INFO - [2025-10-08T23:22:01.033+0000] {override.py:1900} INFO - Created Permission View: can read on DAG:example_short_circuit_decorator
[2025-10-08T23:22:01.047+0000] {logging_mixin.py:190} INFO - [2025-10-08T23:22:01.047+0000] {override.py:1900} INFO - Created Permission View: can delete on DAG Run:example_short_circuit_decorator
[2025-10-08T23:22:01.063+0000] {logging_mixin.py:190} INFO - [2025-10-08T23:22:01.063+0000] {override.py:1900} INFO - Created Permission View: can create on DAG Run:example_short_circuit_decorator
[2025-10-08T23:22:01.073+0000] {logging_mixin.py:190} INFO - [2025-10-08T23:22:01.073+0000] {override.py:1900} INFO - Created Permission View: menu access on DAG Run:example_short_circuit_decorator
[2025-10-08T23:22:01.085+0000] {logging_mixin.py:190} INFO - [2025-10-08T23:22:01.084+0000] {override.py:1900} INFO - Created Permission View: can read on DAG Run:example_short_circuit_decorator
[2025-10-08T23:22:01.086+0000] {logging_mixin.py:190} INFO - [2025-10-08T23:22:01.086+0000] {dag.py:3239} INFO - Sync 1 DAGs
[2025-10-08T23:22:01.102+0000] {logging_mixin.py:190} INFO - [2025-10-08T23:22:01.102+0000] {dag.py:3262} INFO - Creating ORM DAG for example_short_circuit_decorator
[2025-10-08T23:22:01.104+0000] {logging_mixin.py:190} INFO - [2025-10-08T23:22:01.103+0000] {dag.py:4180} INFO - Setting next_dagrun for example_short_circuit_decorator to None, run_after=None
[2025-10-08T23:22:01.121+0000] {processor.py:208} INFO - Processing /home/airflow/.local/lib/python3.12/site-packages/airflow/example_dags/example_short_circuit_decorator.py took 0.330 seconds
[2025-10-08T23:22:31.944+0000] {processor.py:186} INFO - Started process (PID=150) to work on /home/airflow/.local/lib/python3.12/site-packages/airflow/example_dags/example_short_circuit_decorator.py
[2025-10-08T23:22:31.946+0000] {processor.py:914} INFO - Processing file /home/airflow/.local/lib/python3.12/site-packages/airflow/example_dags/example_short_circuit_decorator.py for tasks to queue
[2025-10-08T23:22:31.949+0000] {logging_mixin.py:190} INFO - [2025-10-08T23:22:31.948+0000] {dagbag.py:588} INFO - Filling up the DagBag from /home/airflow/.local/lib/python3.12/site-packages/airflow/example_dags/example_short_circuit_decorator.py
[2025-10-08T23:22:31.959+0000] {processor.py:925} INFO - DAG(s) 'example_short_circuit_decorator' retrieved from /home/airflow/.local/lib/python3.12/site-packages/airflow/example_dags/example_short_circuit_decorator.py
[2025-10-08T23:22:31.984+0000] {logging_mixin.py:190} INFO - [2025-10-08T23:22:31.983+0000] {dag.py:3239} INFO - Sync 1 DAGs
[2025-10-08T23:22:31.999+0000] {logging_mixin.py:190} INFO - [2025-10-08T23:22:31.999+0000] {dag.py:4180} INFO - Setting next_dagrun for example_short_circuit_decorator to None, run_after=None
[2025-10-08T23:22:32.018+0000] {processor.py:208} INFO - Processing /home/airflow/.local/lib/python3.12/site-packages/airflow/example_dags/example_short_circuit_decorator.py took 0.079 seconds
[2025-10-08T23:23:02.411+0000] {processor.py:186} INFO - Started process (PID=213) to work on /home/airflow/.local/lib/python3.12/site-packages/airflow/example_dags/example_short_circuit_decorator.py
[2025-10-08T23:23:02.412+0000] {processor.py:914} INFO - Processing file /home/airflow/.local/lib/python3.12/site-packages/airflow/example_dags/example_short_circuit_decorator.py for tasks to queue
[2025-10-08T23:23:02.416+0000] {logging_mixin.py:190} INFO - [2025-10-08T23:23:02.416+0000] {dagbag.py:588} INFO - Filling up the DagBag from /home/airflow/.local/lib/python3.12/site-packages/airflow/example_dags/example_short_circuit_decorator.py
[2025-10-08T23:23:02.429+0000] {processor.py:925} INFO - DAG(s) 'example_short_circuit_decorator' retrieved from /home/airflow/.local/lib/python3.12/site-packages/airflow/example_dags/example_short_circuit_decorator.py
[2025-10-08T23:23:02.459+0000] {logging_mixin.py:190} INFO - [2025-10-08T23:23:02.459+0000] {dag.py:3239} INFO - Sync 1 DAGs
[2025-10-08T23:23:02.483+0000] {logging_mixin.py:190} INFO - [2025-10-08T23:23:02.483+0000] {dag.py:4180} INFO - Setting next_dagrun for example_short_circuit_decorator to None, run_after=None
[2025-10-08T23:23:02.506+0000] {processor.py:208} INFO - Processing /home/airflow/.local/lib/python3.12/site-packages/airflow/example_dags/example_short_circuit_decorator.py took 0.107 seconds
