[2025-10-08T23:21:59.507+0000] {processor.py:186} INFO - Started process (PID=80) to work on /home/airflow/.local/lib/python3.12/site-packages/airflow/example_dags/example_dynamic_task_mapping_with_no_taskflow_operators.py
[2025-10-08T23:21:59.509+0000] {processor.py:914} INFO - Processing file /home/airflow/.local/lib/python3.12/site-packages/airflow/example_dags/example_dynamic_task_mapping_with_no_taskflow_operators.py for tasks to queue
[2025-10-08T23:21:59.512+0000] {logging_mixin.py:190} INFO - [2025-10-08T23:21:59.511+0000] {dagbag.py:588} INFO - Filling up the DagBag from /home/airflow/.local/lib/python3.12/site-packages/airflow/example_dags/example_dynamic_task_mapping_with_no_taskflow_operators.py
[2025-10-08T23:21:59.530+0000] {processor.py:925} INFO - DAG(s) 'example_dynamic_task_mapping_with_no_taskflow_operators' retrieved from /home/airflow/.local/lib/python3.12/site-packages/airflow/example_dags/example_dynamic_task_mapping_with_no_taskflow_operators.py
[2025-10-08T23:21:59.705+0000] {logging_mixin.py:190} INFO - [2025-10-08T23:21:59.704+0000] {override.py:1900} INFO - Created Permission View: can delete on DAG:example_dynamic_task_mapping_with_no_taskflow_operators
[2025-10-08T23:21:59.714+0000] {logging_mixin.py:190} INFO - [2025-10-08T23:21:59.713+0000] {override.py:1900} INFO - Created Permission View: can edit on DAG:example_dynamic_task_mapping_with_no_taskflow_operators
[2025-10-08T23:21:59.720+0000] {logging_mixin.py:190} INFO - [2025-10-08T23:21:59.719+0000] {override.py:1900} INFO - Created Permission View: can read on DAG:example_dynamic_task_mapping_with_no_taskflow_operators
[2025-10-08T23:21:59.726+0000] {logging_mixin.py:190} INFO - [2025-10-08T23:21:59.726+0000] {override.py:1900} INFO - Created Permission View: can delete on DAG Run:example_dynamic_task_mapping_with_no_taskflow_operators
[2025-10-08T23:21:59.732+0000] {logging_mixin.py:190} INFO - [2025-10-08T23:21:59.732+0000] {override.py:1900} INFO - Created Permission View: can create on DAG Run:example_dynamic_task_mapping_with_no_taskflow_operators
[2025-10-08T23:21:59.738+0000] {logging_mixin.py:190} INFO - [2025-10-08T23:21:59.737+0000] {override.py:1900} INFO - Created Permission View: menu access on DAG Run:example_dynamic_task_mapping_with_no_taskflow_operators
[2025-10-08T23:21:59.743+0000] {logging_mixin.py:190} INFO - [2025-10-08T23:21:59.743+0000] {override.py:1900} INFO - Created Permission View: can read on DAG Run:example_dynamic_task_mapping_with_no_taskflow_operators
[2025-10-08T23:21:59.744+0000] {logging_mixin.py:190} INFO - [2025-10-08T23:21:59.744+0000] {dag.py:3239} INFO - Sync 1 DAGs
[2025-10-08T23:21:59.757+0000] {logging_mixin.py:190} INFO - [2025-10-08T23:21:59.757+0000] {dag.py:3262} INFO - Creating ORM DAG for example_dynamic_task_mapping_with_no_taskflow_operators
[2025-10-08T23:21:59.758+0000] {logging_mixin.py:190} INFO - [2025-10-08T23:21:59.758+0000] {dag.py:4180} INFO - Setting next_dagrun for example_dynamic_task_mapping_with_no_taskflow_operators to None, run_after=None
[2025-10-08T23:21:59.771+0000] {processor.py:208} INFO - Processing /home/airflow/.local/lib/python3.12/site-packages/airflow/example_dags/example_dynamic_task_mapping_with_no_taskflow_operators.py took 0.272 seconds
[2025-10-08T23:22:30.319+0000] {processor.py:186} INFO - Started process (PID=143) to work on /home/airflow/.local/lib/python3.12/site-packages/airflow/example_dags/example_dynamic_task_mapping_with_no_taskflow_operators.py
[2025-10-08T23:22:30.320+0000] {processor.py:914} INFO - Processing file /home/airflow/.local/lib/python3.12/site-packages/airflow/example_dags/example_dynamic_task_mapping_with_no_taskflow_operators.py for tasks to queue
[2025-10-08T23:22:30.323+0000] {logging_mixin.py:190} INFO - [2025-10-08T23:22:30.323+0000] {dagbag.py:588} INFO - Filling up the DagBag from /home/airflow/.local/lib/python3.12/site-packages/airflow/example_dags/example_dynamic_task_mapping_with_no_taskflow_operators.py
[2025-10-08T23:22:30.338+0000] {processor.py:925} INFO - DAG(s) 'example_dynamic_task_mapping_with_no_taskflow_operators' retrieved from /home/airflow/.local/lib/python3.12/site-packages/airflow/example_dags/example_dynamic_task_mapping_with_no_taskflow_operators.py
[2025-10-08T23:22:30.360+0000] {logging_mixin.py:190} INFO - [2025-10-08T23:22:30.360+0000] {dag.py:3239} INFO - Sync 1 DAGs
[2025-10-08T23:22:30.375+0000] {logging_mixin.py:190} INFO - [2025-10-08T23:22:30.375+0000] {dag.py:4180} INFO - Setting next_dagrun for example_dynamic_task_mapping_with_no_taskflow_operators to None, run_after=None
[2025-10-08T23:22:30.393+0000] {processor.py:208} INFO - Processing /home/airflow/.local/lib/python3.12/site-packages/airflow/example_dags/example_dynamic_task_mapping_with_no_taskflow_operators.py took 0.081 seconds
[2025-10-08T23:23:00.869+0000] {processor.py:186} INFO - Started process (PID=206) to work on /home/airflow/.local/lib/python3.12/site-packages/airflow/example_dags/example_dynamic_task_mapping_with_no_taskflow_operators.py
[2025-10-08T23:23:00.872+0000] {processor.py:914} INFO - Processing file /home/airflow/.local/lib/python3.12/site-packages/airflow/example_dags/example_dynamic_task_mapping_with_no_taskflow_operators.py for tasks to queue
[2025-10-08T23:23:00.877+0000] {logging_mixin.py:190} INFO - [2025-10-08T23:23:00.876+0000] {dagbag.py:588} INFO - Filling up the DagBag from /home/airflow/.local/lib/python3.12/site-packages/airflow/example_dags/example_dynamic_task_mapping_with_no_taskflow_operators.py
[2025-10-08T23:23:00.895+0000] {processor.py:925} INFO - DAG(s) 'example_dynamic_task_mapping_with_no_taskflow_operators' retrieved from /home/airflow/.local/lib/python3.12/site-packages/airflow/example_dags/example_dynamic_task_mapping_with_no_taskflow_operators.py
[2025-10-08T23:23:00.930+0000] {logging_mixin.py:190} INFO - [2025-10-08T23:23:00.929+0000] {dag.py:3239} INFO - Sync 1 DAGs
[2025-10-08T23:23:00.953+0000] {logging_mixin.py:190} INFO - [2025-10-08T23:23:00.953+0000] {dag.py:4180} INFO - Setting next_dagrun for example_dynamic_task_mapping_with_no_taskflow_operators to None, run_after=None
[2025-10-08T23:23:00.975+0000] {processor.py:208} INFO - Processing /home/airflow/.local/lib/python3.12/site-packages/airflow/example_dags/example_dynamic_task_mapping_with_no_taskflow_operators.py took 0.115 seconds
