[2025-10-08T23:41:38.672+0000] {processor.py:186} INFO - Started process (PID=100) to work on /home/airflow/.local/lib/python3.12/site-packages/airflow/example_dags/tutorial_objectstorage.py
[2025-10-08T23:41:38.675+0000] {processor.py:914} INFO - Processing file /home/airflow/.local/lib/python3.12/site-packages/airflow/example_dags/tutorial_objectstorage.py for tasks to queue
[2025-10-08T23:41:38.695+0000] {logging_mixin.py:190} INFO - [2025-10-08T23:41:38.694+0000] {dagbag.py:588} INFO - Filling up the DagBag from /home/airflow/.local/lib/python3.12/site-packages/airflow/example_dags/tutorial_objectstorage.py
[2025-10-08T23:41:38.779+0000] {processor.py:925} INFO - DAG(s) 'tutorial_objectstorage' retrieved from /home/airflow/.local/lib/python3.12/site-packages/airflow/example_dags/tutorial_objectstorage.py
[2025-10-08T23:41:38.847+0000] {logging_mixin.py:190} INFO - [2025-10-08T23:41:38.846+0000] {dag.py:3239} INFO - Sync 1 DAGs
[2025-10-08T23:41:38.910+0000] {logging_mixin.py:190} INFO - [2025-10-08T23:41:38.909+0000] {dag.py:4180} INFO - Setting next_dagrun for tutorial_objectstorage to None, run_after=None
[2025-10-08T23:41:38.960+0000] {processor.py:208} INFO - Processing /home/airflow/.local/lib/python3.12/site-packages/airflow/example_dags/tutorial_objectstorage.py took 0.305 seconds
[2025-10-08T23:42:09.230+0000] {processor.py:186} INFO - Started process (PID=165) to work on /home/airflow/.local/lib/python3.12/site-packages/airflow/example_dags/tutorial_objectstorage.py
[2025-10-08T23:42:09.231+0000] {processor.py:914} INFO - Processing file /home/airflow/.local/lib/python3.12/site-packages/airflow/example_dags/tutorial_objectstorage.py for tasks to queue
[2025-10-08T23:42:09.234+0000] {logging_mixin.py:190} INFO - [2025-10-08T23:42:09.234+0000] {dagbag.py:588} INFO - Filling up the DagBag from /home/airflow/.local/lib/python3.12/site-packages/airflow/example_dags/tutorial_objectstorage.py
[2025-10-08T23:42:09.254+0000] {processor.py:925} INFO - DAG(s) 'tutorial_objectstorage' retrieved from /home/airflow/.local/lib/python3.12/site-packages/airflow/example_dags/tutorial_objectstorage.py
[2025-10-08T23:42:09.274+0000] {logging_mixin.py:190} INFO - [2025-10-08T23:42:09.274+0000] {dag.py:3239} INFO - Sync 1 DAGs
[2025-10-08T23:42:09.289+0000] {logging_mixin.py:190} INFO - [2025-10-08T23:42:09.289+0000] {dag.py:4180} INFO - Setting next_dagrun for tutorial_objectstorage to None, run_after=None
[2025-10-08T23:42:09.306+0000] {processor.py:208} INFO - Processing /home/airflow/.local/lib/python3.12/site-packages/airflow/example_dags/tutorial_objectstorage.py took 0.082 seconds
[2025-10-08T23:42:39.892+0000] {processor.py:186} INFO - Started process (PID=229) to work on /home/airflow/.local/lib/python3.12/site-packages/airflow/example_dags/tutorial_objectstorage.py
[2025-10-08T23:42:39.894+0000] {processor.py:914} INFO - Processing file /home/airflow/.local/lib/python3.12/site-packages/airflow/example_dags/tutorial_objectstorage.py for tasks to queue
[2025-10-08T23:42:39.898+0000] {logging_mixin.py:190} INFO - [2025-10-08T23:42:39.898+0000] {dagbag.py:588} INFO - Filling up the DagBag from /home/airflow/.local/lib/python3.12/site-packages/airflow/example_dags/tutorial_objectstorage.py
[2025-10-08T23:42:39.912+0000] {processor.py:925} INFO - DAG(s) 'tutorial_objectstorage' retrieved from /home/airflow/.local/lib/python3.12/site-packages/airflow/example_dags/tutorial_objectstorage.py
[2025-10-08T23:42:39.943+0000] {logging_mixin.py:190} INFO - [2025-10-08T23:42:39.943+0000] {dag.py:3239} INFO - Sync 1 DAGs
[2025-10-08T23:42:39.964+0000] {logging_mixin.py:190} INFO - [2025-10-08T23:42:39.964+0000] {dag.py:4180} INFO - Setting next_dagrun for tutorial_objectstorage to None, run_after=None
[2025-10-08T23:42:39.992+0000] {processor.py:208} INFO - Processing /home/airflow/.local/lib/python3.12/site-packages/airflow/example_dags/tutorial_objectstorage.py took 0.109 seconds
[2025-10-08T23:43:10.889+0000] {processor.py:186} INFO - Started process (PID=293) to work on /home/airflow/.local/lib/python3.12/site-packages/airflow/example_dags/tutorial_objectstorage.py
[2025-10-08T23:43:10.891+0000] {processor.py:914} INFO - Processing file /home/airflow/.local/lib/python3.12/site-packages/airflow/example_dags/tutorial_objectstorage.py for tasks to queue
[2025-10-08T23:43:10.895+0000] {logging_mixin.py:190} INFO - [2025-10-08T23:43:10.894+0000] {dagbag.py:588} INFO - Filling up the DagBag from /home/airflow/.local/lib/python3.12/site-packages/airflow/example_dags/tutorial_objectstorage.py
[2025-10-08T23:43:10.907+0000] {processor.py:925} INFO - DAG(s) 'tutorial_objectstorage' retrieved from /home/airflow/.local/lib/python3.12/site-packages/airflow/example_dags/tutorial_objectstorage.py
[2025-10-08T23:43:10.932+0000] {logging_mixin.py:190} INFO - [2025-10-08T23:43:10.932+0000] {dag.py:3239} INFO - Sync 1 DAGs
[2025-10-08T23:43:10.952+0000] {logging_mixin.py:190} INFO - [2025-10-08T23:43:10.952+0000] {dag.py:4180} INFO - Setting next_dagrun for tutorial_objectstorage to None, run_after=None
[2025-10-08T23:43:10.973+0000] {processor.py:208} INFO - Processing /home/airflow/.local/lib/python3.12/site-packages/airflow/example_dags/tutorial_objectstorage.py took 0.092 seconds
[2025-10-08T23:43:41.413+0000] {processor.py:186} INFO - Started process (PID=357) to work on /home/airflow/.local/lib/python3.12/site-packages/airflow/example_dags/tutorial_objectstorage.py
[2025-10-08T23:43:41.414+0000] {processor.py:914} INFO - Processing file /home/airflow/.local/lib/python3.12/site-packages/airflow/example_dags/tutorial_objectstorage.py for tasks to queue
[2025-10-08T23:43:41.418+0000] {logging_mixin.py:190} INFO - [2025-10-08T23:43:41.418+0000] {dagbag.py:588} INFO - Filling up the DagBag from /home/airflow/.local/lib/python3.12/site-packages/airflow/example_dags/tutorial_objectstorage.py
[2025-10-08T23:43:41.432+0000] {processor.py:925} INFO - DAG(s) 'tutorial_objectstorage' retrieved from /home/airflow/.local/lib/python3.12/site-packages/airflow/example_dags/tutorial_objectstorage.py
[2025-10-08T23:43:41.456+0000] {logging_mixin.py:190} INFO - [2025-10-08T23:43:41.456+0000] {dag.py:3239} INFO - Sync 1 DAGs
[2025-10-08T23:43:41.479+0000] {logging_mixin.py:190} INFO - [2025-10-08T23:43:41.479+0000] {dag.py:4180} INFO - Setting next_dagrun for tutorial_objectstorage to None, run_after=None
[2025-10-08T23:43:41.522+0000] {processor.py:208} INFO - Processing /home/airflow/.local/lib/python3.12/site-packages/airflow/example_dags/tutorial_objectstorage.py took 0.118 seconds
[2025-10-08T23:44:11.810+0000] {processor.py:186} INFO - Started process (PID=421) to work on /home/airflow/.local/lib/python3.12/site-packages/airflow/example_dags/tutorial_objectstorage.py
[2025-10-08T23:44:11.811+0000] {processor.py:914} INFO - Processing file /home/airflow/.local/lib/python3.12/site-packages/airflow/example_dags/tutorial_objectstorage.py for tasks to queue
[2025-10-08T23:44:11.816+0000] {logging_mixin.py:190} INFO - [2025-10-08T23:44:11.816+0000] {dagbag.py:588} INFO - Filling up the DagBag from /home/airflow/.local/lib/python3.12/site-packages/airflow/example_dags/tutorial_objectstorage.py
[2025-10-08T23:44:11.830+0000] {processor.py:925} INFO - DAG(s) 'tutorial_objectstorage' retrieved from /home/airflow/.local/lib/python3.12/site-packages/airflow/example_dags/tutorial_objectstorage.py
[2025-10-08T23:44:11.857+0000] {logging_mixin.py:190} INFO - [2025-10-08T23:44:11.856+0000] {dag.py:3239} INFO - Sync 1 DAGs
[2025-10-08T23:44:11.875+0000] {logging_mixin.py:190} INFO - [2025-10-08T23:44:11.875+0000] {dag.py:4180} INFO - Setting next_dagrun for tutorial_objectstorage to None, run_after=None
[2025-10-08T23:44:11.899+0000] {processor.py:208} INFO - Processing /home/airflow/.local/lib/python3.12/site-packages/airflow/example_dags/tutorial_objectstorage.py took 0.099 seconds
[2025-10-08T23:44:42.008+0000] {processor.py:186} INFO - Started process (PID=485) to work on /home/airflow/.local/lib/python3.12/site-packages/airflow/example_dags/tutorial_objectstorage.py
[2025-10-08T23:44:42.009+0000] {processor.py:914} INFO - Processing file /home/airflow/.local/lib/python3.12/site-packages/airflow/example_dags/tutorial_objectstorage.py for tasks to queue
[2025-10-08T23:44:42.013+0000] {logging_mixin.py:190} INFO - [2025-10-08T23:44:42.012+0000] {dagbag.py:588} INFO - Filling up the DagBag from /home/airflow/.local/lib/python3.12/site-packages/airflow/example_dags/tutorial_objectstorage.py
[2025-10-08T23:44:42.025+0000] {processor.py:925} INFO - DAG(s) 'tutorial_objectstorage' retrieved from /home/airflow/.local/lib/python3.12/site-packages/airflow/example_dags/tutorial_objectstorage.py
[2025-10-08T23:44:42.047+0000] {logging_mixin.py:190} INFO - [2025-10-08T23:44:42.047+0000] {dag.py:3239} INFO - Sync 1 DAGs
[2025-10-08T23:44:42.069+0000] {logging_mixin.py:190} INFO - [2025-10-08T23:44:42.069+0000] {dag.py:4180} INFO - Setting next_dagrun for tutorial_objectstorage to None, run_after=None
[2025-10-08T23:44:42.088+0000] {processor.py:208} INFO - Processing /home/airflow/.local/lib/python3.12/site-packages/airflow/example_dags/tutorial_objectstorage.py took 0.089 seconds
