[2025-10-05T23:11:14.136+0000] {processor.py:186} INFO - Started process (PID=126) to work on /home/airflow/.local/lib/python3.12/site-packages/airflow/example_dags/example_local_kubernetes_executor.py
[2025-10-05T23:11:14.138+0000] {processor.py:914} INFO - Processing file /home/airflow/.local/lib/python3.12/site-packages/airflow/example_dags/example_local_kubernetes_executor.py for tasks to queue
[2025-10-05T23:11:14.146+0000] {logging_mixin.py:190} INFO - [2025-10-05T23:11:14.145+0000] {dagbag.py:588} INFO - Filling up the DagBag from /home/airflow/.local/lib/python3.12/site-packages/airflow/example_dags/example_local_kubernetes_executor.py
[2025-10-05T23:11:14.198+0000] {processor.py:925} INFO - DAG(s) 'example_local_kubernetes_executor' retrieved from /home/airflow/.local/lib/python3.12/site-packages/airflow/example_dags/example_local_kubernetes_executor.py
[2025-10-05T23:11:14.611+0000] {logging_mixin.py:190} INFO - [2025-10-05T23:11:14.609+0000] {override.py:1900} INFO - Created Permission View: can edit on DAG:example_local_kubernetes_executor
[2025-10-05T23:11:14.644+0000] {logging_mixin.py:190} INFO - [2025-10-05T23:11:14.643+0000] {override.py:1900} INFO - Created Permission View: can delete on DAG:example_local_kubernetes_executor
[2025-10-05T23:11:14.664+0000] {logging_mixin.py:190} INFO - [2025-10-05T23:11:14.663+0000] {override.py:1900} INFO - Created Permission View: can read on DAG:example_local_kubernetes_executor
[2025-10-05T23:11:14.688+0000] {logging_mixin.py:190} INFO - [2025-10-05T23:11:14.687+0000] {override.py:1900} INFO - Created Permission View: can create on DAG Run:example_local_kubernetes_executor
[2025-10-05T23:11:14.712+0000] {logging_mixin.py:190} INFO - [2025-10-05T23:11:14.710+0000] {override.py:1900} INFO - Created Permission View: menu access on DAG Run:example_local_kubernetes_executor
[2025-10-05T23:11:14.730+0000] {logging_mixin.py:190} INFO - [2025-10-05T23:11:14.729+0000] {override.py:1900} INFO - Created Permission View: can delete on DAG Run:example_local_kubernetes_executor
[2025-10-05T23:11:14.753+0000] {logging_mixin.py:190} INFO - [2025-10-05T23:11:14.751+0000] {override.py:1900} INFO - Created Permission View: can read on DAG Run:example_local_kubernetes_executor
[2025-10-05T23:11:14.755+0000] {logging_mixin.py:190} INFO - [2025-10-05T23:11:14.754+0000] {dag.py:3239} INFO - Sync 1 DAGs
[2025-10-05T23:11:14.793+0000] {logging_mixin.py:190} INFO - [2025-10-05T23:11:14.792+0000] {dag.py:3262} INFO - Creating ORM DAG for example_local_kubernetes_executor
[2025-10-05T23:11:14.796+0000] {logging_mixin.py:190} INFO - [2025-10-05T23:11:14.795+0000] {dag.py:4180} INFO - Setting next_dagrun for example_local_kubernetes_executor to None, run_after=None
[2025-10-05T23:11:14.853+0000] {processor.py:208} INFO - Processing /home/airflow/.local/lib/python3.12/site-packages/airflow/example_dags/example_local_kubernetes_executor.py took 0.737 seconds
[2025-10-05T23:11:45.469+0000] {processor.py:186} INFO - Started process (PID=189) to work on /home/airflow/.local/lib/python3.12/site-packages/airflow/example_dags/example_local_kubernetes_executor.py
[2025-10-05T23:11:45.488+0000] {processor.py:914} INFO - Processing file /home/airflow/.local/lib/python3.12/site-packages/airflow/example_dags/example_local_kubernetes_executor.py for tasks to queue
[2025-10-05T23:11:45.498+0000] {logging_mixin.py:190} INFO - [2025-10-05T23:11:45.497+0000] {dagbag.py:588} INFO - Filling up the DagBag from /home/airflow/.local/lib/python3.12/site-packages/airflow/example_dags/example_local_kubernetes_executor.py
[2025-10-05T23:11:45.582+0000] {processor.py:925} INFO - DAG(s) 'example_local_kubernetes_executor' retrieved from /home/airflow/.local/lib/python3.12/site-packages/airflow/example_dags/example_local_kubernetes_executor.py
[2025-10-05T23:11:45.854+0000] {logging_mixin.py:190} INFO - [2025-10-05T23:11:45.853+0000] {dag.py:3239} INFO - Sync 1 DAGs
[2025-10-05T23:11:45.995+0000] {logging_mixin.py:190} INFO - [2025-10-05T23:11:45.995+0000] {dag.py:4180} INFO - Setting next_dagrun for example_local_kubernetes_executor to None, run_after=None
[2025-10-05T23:11:46.117+0000] {processor.py:208} INFO - Processing /home/airflow/.local/lib/python3.12/site-packages/airflow/example_dags/example_local_kubernetes_executor.py took 0.699 seconds
[2025-10-05T23:12:16.286+0000] {processor.py:186} INFO - Started process (PID=252) to work on /home/airflow/.local/lib/python3.12/site-packages/airflow/example_dags/example_local_kubernetes_executor.py
[2025-10-05T23:12:16.294+0000] {processor.py:914} INFO - Processing file /home/airflow/.local/lib/python3.12/site-packages/airflow/example_dags/example_local_kubernetes_executor.py for tasks to queue
[2025-10-05T23:12:16.317+0000] {logging_mixin.py:190} INFO - [2025-10-05T23:12:16.314+0000] {dagbag.py:588} INFO - Filling up the DagBag from /home/airflow/.local/lib/python3.12/site-packages/airflow/example_dags/example_local_kubernetes_executor.py
[2025-10-05T23:12:16.376+0000] {processor.py:925} INFO - DAG(s) 'example_local_kubernetes_executor' retrieved from /home/airflow/.local/lib/python3.12/site-packages/airflow/example_dags/example_local_kubernetes_executor.py
[2025-10-05T23:12:16.504+0000] {logging_mixin.py:190} INFO - [2025-10-05T23:12:16.503+0000] {dag.py:3239} INFO - Sync 1 DAGs
[2025-10-05T23:12:16.558+0000] {logging_mixin.py:190} INFO - [2025-10-05T23:12:16.557+0000] {dag.py:4180} INFO - Setting next_dagrun for example_local_kubernetes_executor to None, run_after=None
[2025-10-05T23:12:16.635+0000] {processor.py:208} INFO - Processing /home/airflow/.local/lib/python3.12/site-packages/airflow/example_dags/example_local_kubernetes_executor.py took 0.389 seconds
[2025-10-05T23:12:49.585+0000] {processor.py:186} INFO - Started process (PID=315) to work on /home/airflow/.local/lib/python3.12/site-packages/airflow/example_dags/example_local_kubernetes_executor.py
[2025-10-05T23:12:49.589+0000] {processor.py:914} INFO - Processing file /home/airflow/.local/lib/python3.12/site-packages/airflow/example_dags/example_local_kubernetes_executor.py for tasks to queue
[2025-10-05T23:12:49.595+0000] {logging_mixin.py:190} INFO - [2025-10-05T23:12:49.595+0000] {dagbag.py:588} INFO - Filling up the DagBag from /home/airflow/.local/lib/python3.12/site-packages/airflow/example_dags/example_local_kubernetes_executor.py
[2025-10-05T23:12:49.616+0000] {processor.py:925} INFO - DAG(s) 'example_local_kubernetes_executor' retrieved from /home/airflow/.local/lib/python3.12/site-packages/airflow/example_dags/example_local_kubernetes_executor.py
[2025-10-05T23:12:49.664+0000] {logging_mixin.py:190} INFO - [2025-10-05T23:12:49.663+0000] {dag.py:3239} INFO - Sync 1 DAGs
[2025-10-05T23:12:49.688+0000] {logging_mixin.py:190} INFO - [2025-10-05T23:12:49.688+0000] {dag.py:4180} INFO - Setting next_dagrun for example_local_kubernetes_executor to None, run_after=None
[2025-10-05T23:12:49.739+0000] {processor.py:208} INFO - Processing /home/airflow/.local/lib/python3.12/site-packages/airflow/example_dags/example_local_kubernetes_executor.py took 0.166 seconds
[2025-10-05T23:13:19.870+0000] {processor.py:186} INFO - Started process (PID=379) to work on /home/airflow/.local/lib/python3.12/site-packages/airflow/example_dags/example_local_kubernetes_executor.py
[2025-10-05T23:13:19.872+0000] {processor.py:914} INFO - Processing file /home/airflow/.local/lib/python3.12/site-packages/airflow/example_dags/example_local_kubernetes_executor.py for tasks to queue
[2025-10-05T23:13:19.876+0000] {logging_mixin.py:190} INFO - [2025-10-05T23:13:19.876+0000] {dagbag.py:588} INFO - Filling up the DagBag from /home/airflow/.local/lib/python3.12/site-packages/airflow/example_dags/example_local_kubernetes_executor.py
[2025-10-05T23:13:19.894+0000] {processor.py:925} INFO - DAG(s) 'example_local_kubernetes_executor' retrieved from /home/airflow/.local/lib/python3.12/site-packages/airflow/example_dags/example_local_kubernetes_executor.py
[2025-10-05T23:13:19.950+0000] {logging_mixin.py:190} INFO - [2025-10-05T23:13:19.949+0000] {dag.py:3239} INFO - Sync 1 DAGs
[2025-10-05T23:13:19.973+0000] {logging_mixin.py:190} INFO - [2025-10-05T23:13:19.973+0000] {dag.py:4180} INFO - Setting next_dagrun for example_local_kubernetes_executor to None, run_after=None
[2025-10-05T23:13:20.005+0000] {processor.py:208} INFO - Processing /home/airflow/.local/lib/python3.12/site-packages/airflow/example_dags/example_local_kubernetes_executor.py took 0.148 seconds
[2025-10-05T23:13:50.777+0000] {processor.py:186} INFO - Started process (PID=442) to work on /home/airflow/.local/lib/python3.12/site-packages/airflow/example_dags/example_local_kubernetes_executor.py
[2025-10-05T23:13:50.780+0000] {processor.py:914} INFO - Processing file /home/airflow/.local/lib/python3.12/site-packages/airflow/example_dags/example_local_kubernetes_executor.py for tasks to queue
[2025-10-05T23:13:50.788+0000] {logging_mixin.py:190} INFO - [2025-10-05T23:13:50.787+0000] {dagbag.py:588} INFO - Filling up the DagBag from /home/airflow/.local/lib/python3.12/site-packages/airflow/example_dags/example_local_kubernetes_executor.py
[2025-10-05T23:13:50.807+0000] {processor.py:925} INFO - DAG(s) 'example_local_kubernetes_executor' retrieved from /home/airflow/.local/lib/python3.12/site-packages/airflow/example_dags/example_local_kubernetes_executor.py
[2025-10-05T23:13:50.872+0000] {logging_mixin.py:190} INFO - [2025-10-05T23:13:50.872+0000] {dag.py:3239} INFO - Sync 1 DAGs
[2025-10-05T23:13:50.889+0000] {logging_mixin.py:190} INFO - [2025-10-05T23:13:50.889+0000] {dag.py:4180} INFO - Setting next_dagrun for example_local_kubernetes_executor to None, run_after=None
[2025-10-05T23:13:50.991+0000] {processor.py:208} INFO - Processing /home/airflow/.local/lib/python3.12/site-packages/airflow/example_dags/example_local_kubernetes_executor.py took 0.238 seconds
[2025-10-05T23:14:21.075+0000] {processor.py:186} INFO - Started process (PID=499) to work on /home/airflow/.local/lib/python3.12/site-packages/airflow/example_dags/example_local_kubernetes_executor.py
[2025-10-05T23:14:21.077+0000] {processor.py:914} INFO - Processing file /home/airflow/.local/lib/python3.12/site-packages/airflow/example_dags/example_local_kubernetes_executor.py for tasks to queue
[2025-10-05T23:14:21.080+0000] {logging_mixin.py:190} INFO - [2025-10-05T23:14:21.080+0000] {dagbag.py:588} INFO - Filling up the DagBag from /home/airflow/.local/lib/python3.12/site-packages/airflow/example_dags/example_local_kubernetes_executor.py
[2025-10-05T23:14:21.092+0000] {processor.py:925} INFO - DAG(s) 'example_local_kubernetes_executor' retrieved from /home/airflow/.local/lib/python3.12/site-packages/airflow/example_dags/example_local_kubernetes_executor.py
[2025-10-05T23:14:21.130+0000] {logging_mixin.py:190} INFO - [2025-10-05T23:14:21.130+0000] {dag.py:3239} INFO - Sync 1 DAGs
[2025-10-05T23:14:21.147+0000] {logging_mixin.py:190} INFO - [2025-10-05T23:14:21.147+0000] {dag.py:4180} INFO - Setting next_dagrun for example_local_kubernetes_executor to None, run_after=None
[2025-10-05T23:14:21.170+0000] {processor.py:208} INFO - Processing /home/airflow/.local/lib/python3.12/site-packages/airflow/example_dags/example_local_kubernetes_executor.py took 0.102 seconds
[2025-10-05T23:14:54.594+0000] {processor.py:186} INFO - Started process (PID=568) to work on /home/airflow/.local/lib/python3.12/site-packages/airflow/example_dags/example_local_kubernetes_executor.py
[2025-10-05T23:14:54.719+0000] {processor.py:914} INFO - Processing file /home/airflow/.local/lib/python3.12/site-packages/airflow/example_dags/example_local_kubernetes_executor.py for tasks to queue
[2025-10-05T23:14:54.735+0000] {logging_mixin.py:190} INFO - [2025-10-05T23:14:54.729+0000] {dagbag.py:588} INFO - Filling up the DagBag from /home/airflow/.local/lib/python3.12/site-packages/airflow/example_dags/example_local_kubernetes_executor.py
[2025-10-05T23:14:54.923+0000] {processor.py:925} INFO - DAG(s) 'example_local_kubernetes_executor' retrieved from /home/airflow/.local/lib/python3.12/site-packages/airflow/example_dags/example_local_kubernetes_executor.py
[2025-10-05T23:14:55.250+0000] {logging_mixin.py:190} INFO - [2025-10-05T23:14:55.249+0000] {dag.py:3239} INFO - Sync 1 DAGs
[2025-10-05T23:14:55.486+0000] {logging_mixin.py:190} INFO - [2025-10-05T23:14:55.485+0000] {dag.py:4180} INFO - Setting next_dagrun for example_local_kubernetes_executor to None, run_after=None
[2025-10-05T23:15:00.690+0000] {processor.py:208} INFO - Processing /home/airflow/.local/lib/python3.12/site-packages/airflow/example_dags/example_local_kubernetes_executor.py took 6.145 seconds
[2025-10-05T23:15:31.709+0000] {processor.py:186} INFO - Started process (PID=631) to work on /home/airflow/.local/lib/python3.12/site-packages/airflow/example_dags/example_local_kubernetes_executor.py
[2025-10-05T23:15:31.711+0000] {processor.py:914} INFO - Processing file /home/airflow/.local/lib/python3.12/site-packages/airflow/example_dags/example_local_kubernetes_executor.py for tasks to queue
[2025-10-05T23:15:31.716+0000] {logging_mixin.py:190} INFO - [2025-10-05T23:15:31.716+0000] {dagbag.py:588} INFO - Filling up the DagBag from /home/airflow/.local/lib/python3.12/site-packages/airflow/example_dags/example_local_kubernetes_executor.py
[2025-10-05T23:15:31.751+0000] {processor.py:925} INFO - DAG(s) 'example_local_kubernetes_executor' retrieved from /home/airflow/.local/lib/python3.12/site-packages/airflow/example_dags/example_local_kubernetes_executor.py
[2025-10-05T23:15:32.030+0000] {logging_mixin.py:190} INFO - [2025-10-05T23:15:32.029+0000] {dag.py:3239} INFO - Sync 1 DAGs
[2025-10-05T23:15:32.061+0000] {logging_mixin.py:190} INFO - [2025-10-05T23:15:32.060+0000] {dag.py:4180} INFO - Setting next_dagrun for example_local_kubernetes_executor to None, run_after=None
[2025-10-05T23:15:32.098+0000] {processor.py:208} INFO - Processing /home/airflow/.local/lib/python3.12/site-packages/airflow/example_dags/example_local_kubernetes_executor.py took 0.403 seconds
[2025-10-05T23:16:02.742+0000] {processor.py:186} INFO - Started process (PID=694) to work on /home/airflow/.local/lib/python3.12/site-packages/airflow/example_dags/example_local_kubernetes_executor.py
[2025-10-05T23:16:02.744+0000] {processor.py:914} INFO - Processing file /home/airflow/.local/lib/python3.12/site-packages/airflow/example_dags/example_local_kubernetes_executor.py for tasks to queue
[2025-10-05T23:16:02.748+0000] {logging_mixin.py:190} INFO - [2025-10-05T23:16:02.748+0000] {dagbag.py:588} INFO - Filling up the DagBag from /home/airflow/.local/lib/python3.12/site-packages/airflow/example_dags/example_local_kubernetes_executor.py
[2025-10-05T23:16:02.763+0000] {processor.py:925} INFO - DAG(s) 'example_local_kubernetes_executor' retrieved from /home/airflow/.local/lib/python3.12/site-packages/airflow/example_dags/example_local_kubernetes_executor.py
[2025-10-05T23:16:02.814+0000] {logging_mixin.py:190} INFO - [2025-10-05T23:16:02.814+0000] {dag.py:3239} INFO - Sync 1 DAGs
[2025-10-05T23:16:02.834+0000] {logging_mixin.py:190} INFO - [2025-10-05T23:16:02.834+0000] {dag.py:4180} INFO - Setting next_dagrun for example_local_kubernetes_executor to None, run_after=None
[2025-10-05T23:16:02.857+0000] {processor.py:208} INFO - Processing /home/airflow/.local/lib/python3.12/site-packages/airflow/example_dags/example_local_kubernetes_executor.py took 0.123 seconds
[2025-10-05T23:16:40.789+0000] {processor.py:186} INFO - Started process (PID=755) to work on /home/airflow/.local/lib/python3.12/site-packages/airflow/example_dags/example_local_kubernetes_executor.py
[2025-10-05T23:16:40.790+0000] {processor.py:914} INFO - Processing file /home/airflow/.local/lib/python3.12/site-packages/airflow/example_dags/example_local_kubernetes_executor.py for tasks to queue
[2025-10-05T23:16:40.794+0000] {logging_mixin.py:190} INFO - [2025-10-05T23:16:40.793+0000] {dagbag.py:588} INFO - Filling up the DagBag from /home/airflow/.local/lib/python3.12/site-packages/airflow/example_dags/example_local_kubernetes_executor.py
[2025-10-05T23:16:40.810+0000] {processor.py:925} INFO - DAG(s) 'example_local_kubernetes_executor' retrieved from /home/airflow/.local/lib/python3.12/site-packages/airflow/example_dags/example_local_kubernetes_executor.py
[2025-10-05T23:16:40.872+0000] {logging_mixin.py:190} INFO - [2025-10-05T23:16:40.872+0000] {dag.py:3239} INFO - Sync 1 DAGs
[2025-10-05T23:16:40.897+0000] {logging_mixin.py:190} INFO - [2025-10-05T23:16:40.897+0000] {dag.py:4180} INFO - Setting next_dagrun for example_local_kubernetes_executor to None, run_after=None
[2025-10-05T23:16:40.929+0000] {processor.py:208} INFO - Processing /home/airflow/.local/lib/python3.12/site-packages/airflow/example_dags/example_local_kubernetes_executor.py took 0.148 seconds
[2025-10-05T23:17:11.395+0000] {processor.py:186} INFO - Started process (PID=819) to work on /home/airflow/.local/lib/python3.12/site-packages/airflow/example_dags/example_local_kubernetes_executor.py
[2025-10-05T23:17:11.397+0000] {processor.py:914} INFO - Processing file /home/airflow/.local/lib/python3.12/site-packages/airflow/example_dags/example_local_kubernetes_executor.py for tasks to queue
[2025-10-05T23:17:11.401+0000] {logging_mixin.py:190} INFO - [2025-10-05T23:17:11.400+0000] {dagbag.py:588} INFO - Filling up the DagBag from /home/airflow/.local/lib/python3.12/site-packages/airflow/example_dags/example_local_kubernetes_executor.py
[2025-10-05T23:17:11.422+0000] {processor.py:925} INFO - DAG(s) 'example_local_kubernetes_executor' retrieved from /home/airflow/.local/lib/python3.12/site-packages/airflow/example_dags/example_local_kubernetes_executor.py
[2025-10-05T23:17:11.493+0000] {logging_mixin.py:190} INFO - [2025-10-05T23:17:11.492+0000] {dag.py:3239} INFO - Sync 1 DAGs
[2025-10-05T23:17:11.520+0000] {logging_mixin.py:190} INFO - [2025-10-05T23:17:11.519+0000] {dag.py:4180} INFO - Setting next_dagrun for example_local_kubernetes_executor to None, run_after=None
[2025-10-05T23:17:11.564+0000] {processor.py:208} INFO - Processing /home/airflow/.local/lib/python3.12/site-packages/airflow/example_dags/example_local_kubernetes_executor.py took 0.181 seconds
[2025-10-05T23:17:42.193+0000] {processor.py:186} INFO - Started process (PID=882) to work on /home/airflow/.local/lib/python3.12/site-packages/airflow/example_dags/example_local_kubernetes_executor.py
[2025-10-05T23:17:42.194+0000] {processor.py:914} INFO - Processing file /home/airflow/.local/lib/python3.12/site-packages/airflow/example_dags/example_local_kubernetes_executor.py for tasks to queue
[2025-10-05T23:17:42.197+0000] {logging_mixin.py:190} INFO - [2025-10-05T23:17:42.197+0000] {dagbag.py:588} INFO - Filling up the DagBag from /home/airflow/.local/lib/python3.12/site-packages/airflow/example_dags/example_local_kubernetes_executor.py
[2025-10-05T23:17:42.213+0000] {processor.py:925} INFO - DAG(s) 'example_local_kubernetes_executor' retrieved from /home/airflow/.local/lib/python3.12/site-packages/airflow/example_dags/example_local_kubernetes_executor.py
[2025-10-05T23:17:42.261+0000] {logging_mixin.py:190} INFO - [2025-10-05T23:17:42.261+0000] {dag.py:3239} INFO - Sync 1 DAGs
[2025-10-05T23:17:42.278+0000] {logging_mixin.py:190} INFO - [2025-10-05T23:17:42.278+0000] {dag.py:4180} INFO - Setting next_dagrun for example_local_kubernetes_executor to None, run_after=None
[2025-10-05T23:17:42.299+0000] {processor.py:208} INFO - Processing /home/airflow/.local/lib/python3.12/site-packages/airflow/example_dags/example_local_kubernetes_executor.py took 0.114 seconds
[2025-10-05T23:18:13.352+0000] {processor.py:186} INFO - Started process (PID=945) to work on /home/airflow/.local/lib/python3.12/site-packages/airflow/example_dags/example_local_kubernetes_executor.py
[2025-10-05T23:18:13.354+0000] {processor.py:914} INFO - Processing file /home/airflow/.local/lib/python3.12/site-packages/airflow/example_dags/example_local_kubernetes_executor.py for tasks to queue
[2025-10-05T23:18:13.360+0000] {logging_mixin.py:190} INFO - [2025-10-05T23:18:13.358+0000] {dagbag.py:588} INFO - Filling up the DagBag from /home/airflow/.local/lib/python3.12/site-packages/airflow/example_dags/example_local_kubernetes_executor.py
[2025-10-05T23:18:13.388+0000] {processor.py:925} INFO - DAG(s) 'example_local_kubernetes_executor' retrieved from /home/airflow/.local/lib/python3.12/site-packages/airflow/example_dags/example_local_kubernetes_executor.py
[2025-10-05T23:18:13.451+0000] {logging_mixin.py:190} INFO - [2025-10-05T23:18:13.451+0000] {dag.py:3239} INFO - Sync 1 DAGs
[2025-10-05T23:18:13.478+0000] {logging_mixin.py:190} INFO - [2025-10-05T23:18:13.477+0000] {dag.py:4180} INFO - Setting next_dagrun for example_local_kubernetes_executor to None, run_after=None
[2025-10-05T23:18:13.505+0000] {processor.py:208} INFO - Processing /home/airflow/.local/lib/python3.12/site-packages/airflow/example_dags/example_local_kubernetes_executor.py took 0.168 seconds
[2025-10-05T23:18:44.530+0000] {processor.py:186} INFO - Started process (PID=1008) to work on /home/airflow/.local/lib/python3.12/site-packages/airflow/example_dags/example_local_kubernetes_executor.py
[2025-10-05T23:18:44.532+0000] {processor.py:914} INFO - Processing file /home/airflow/.local/lib/python3.12/site-packages/airflow/example_dags/example_local_kubernetes_executor.py for tasks to queue
[2025-10-05T23:18:44.536+0000] {logging_mixin.py:190} INFO - [2025-10-05T23:18:44.536+0000] {dagbag.py:588} INFO - Filling up the DagBag from /home/airflow/.local/lib/python3.12/site-packages/airflow/example_dags/example_local_kubernetes_executor.py
[2025-10-05T23:18:44.549+0000] {processor.py:925} INFO - DAG(s) 'example_local_kubernetes_executor' retrieved from /home/airflow/.local/lib/python3.12/site-packages/airflow/example_dags/example_local_kubernetes_executor.py
[2025-10-05T23:18:44.591+0000] {logging_mixin.py:190} INFO - [2025-10-05T23:18:44.590+0000] {dag.py:3239} INFO - Sync 1 DAGs
[2025-10-05T23:18:44.617+0000] {logging_mixin.py:190} INFO - [2025-10-05T23:18:44.616+0000] {dag.py:4180} INFO - Setting next_dagrun for example_local_kubernetes_executor to None, run_after=None
[2025-10-05T23:18:44.652+0000] {processor.py:208} INFO - Processing /home/airflow/.local/lib/python3.12/site-packages/airflow/example_dags/example_local_kubernetes_executor.py took 0.130 seconds
[2025-10-05T23:19:15.939+0000] {processor.py:186} INFO - Started process (PID=1073) to work on /home/airflow/.local/lib/python3.12/site-packages/airflow/example_dags/example_local_kubernetes_executor.py
[2025-10-05T23:19:15.941+0000] {processor.py:914} INFO - Processing file /home/airflow/.local/lib/python3.12/site-packages/airflow/example_dags/example_local_kubernetes_executor.py for tasks to queue
[2025-10-05T23:19:15.945+0000] {logging_mixin.py:190} INFO - [2025-10-05T23:19:15.944+0000] {dagbag.py:588} INFO - Filling up the DagBag from /home/airflow/.local/lib/python3.12/site-packages/airflow/example_dags/example_local_kubernetes_executor.py
[2025-10-05T23:19:15.956+0000] {processor.py:925} INFO - DAG(s) 'example_local_kubernetes_executor' retrieved from /home/airflow/.local/lib/python3.12/site-packages/airflow/example_dags/example_local_kubernetes_executor.py
[2025-10-05T23:19:15.999+0000] {logging_mixin.py:190} INFO - [2025-10-05T23:19:15.998+0000] {dag.py:3239} INFO - Sync 1 DAGs
[2025-10-05T23:19:16.018+0000] {logging_mixin.py:190} INFO - [2025-10-05T23:19:16.018+0000] {dag.py:4180} INFO - Setting next_dagrun for example_local_kubernetes_executor to None, run_after=None
[2025-10-05T23:19:16.040+0000] {processor.py:208} INFO - Processing /home/airflow/.local/lib/python3.12/site-packages/airflow/example_dags/example_local_kubernetes_executor.py took 0.110 seconds
[2025-10-05T23:20:07.841+0000] {processor.py:186} INFO - Started process (PID=1145) to work on /home/airflow/.local/lib/python3.12/site-packages/airflow/example_dags/example_local_kubernetes_executor.py
[2025-10-05T23:20:07.842+0000] {processor.py:914} INFO - Processing file /home/airflow/.local/lib/python3.12/site-packages/airflow/example_dags/example_local_kubernetes_executor.py for tasks to queue
[2025-10-05T23:20:07.846+0000] {logging_mixin.py:190} INFO - [2025-10-05T23:20:07.846+0000] {dagbag.py:588} INFO - Filling up the DagBag from /home/airflow/.local/lib/python3.12/site-packages/airflow/example_dags/example_local_kubernetes_executor.py
[2025-10-05T23:20:07.861+0000] {processor.py:925} INFO - DAG(s) 'example_local_kubernetes_executor' retrieved from /home/airflow/.local/lib/python3.12/site-packages/airflow/example_dags/example_local_kubernetes_executor.py
[2025-10-05T23:20:07.907+0000] {logging_mixin.py:190} INFO - [2025-10-05T23:20:07.907+0000] {dag.py:3239} INFO - Sync 1 DAGs
[2025-10-05T23:20:07.926+0000] {logging_mixin.py:190} INFO - [2025-10-05T23:20:07.925+0000] {dag.py:4180} INFO - Setting next_dagrun for example_local_kubernetes_executor to None, run_after=None
[2025-10-05T23:20:07.951+0000] {processor.py:208} INFO - Processing /home/airflow/.local/lib/python3.12/site-packages/airflow/example_dags/example_local_kubernetes_executor.py took 0.118 seconds
[2025-10-05T23:20:38.440+0000] {processor.py:186} INFO - Started process (PID=1208) to work on /home/airflow/.local/lib/python3.12/site-packages/airflow/example_dags/example_local_kubernetes_executor.py
[2025-10-05T23:20:38.441+0000] {processor.py:914} INFO - Processing file /home/airflow/.local/lib/python3.12/site-packages/airflow/example_dags/example_local_kubernetes_executor.py for tasks to queue
[2025-10-05T23:20:38.445+0000] {logging_mixin.py:190} INFO - [2025-10-05T23:20:38.444+0000] {dagbag.py:588} INFO - Filling up the DagBag from /home/airflow/.local/lib/python3.12/site-packages/airflow/example_dags/example_local_kubernetes_executor.py
[2025-10-05T23:20:38.459+0000] {processor.py:925} INFO - DAG(s) 'example_local_kubernetes_executor' retrieved from /home/airflow/.local/lib/python3.12/site-packages/airflow/example_dags/example_local_kubernetes_executor.py
[2025-10-05T23:20:38.508+0000] {logging_mixin.py:190} INFO - [2025-10-05T23:20:38.508+0000] {dag.py:3239} INFO - Sync 1 DAGs
[2025-10-05T23:20:38.527+0000] {logging_mixin.py:190} INFO - [2025-10-05T23:20:38.527+0000] {dag.py:4180} INFO - Setting next_dagrun for example_local_kubernetes_executor to None, run_after=None
[2025-10-05T23:20:38.552+0000] {processor.py:208} INFO - Processing /home/airflow/.local/lib/python3.12/site-packages/airflow/example_dags/example_local_kubernetes_executor.py took 0.121 seconds
[2025-10-05T23:21:19.488+0000] {processor.py:186} INFO - Started process (PID=1266) to work on /home/airflow/.local/lib/python3.12/site-packages/airflow/example_dags/example_local_kubernetes_executor.py
[2025-10-05T23:21:19.490+0000] {processor.py:914} INFO - Processing file /home/airflow/.local/lib/python3.12/site-packages/airflow/example_dags/example_local_kubernetes_executor.py for tasks to queue
[2025-10-05T23:21:19.493+0000] {logging_mixin.py:190} INFO - [2025-10-05T23:21:19.493+0000] {dagbag.py:588} INFO - Filling up the DagBag from /home/airflow/.local/lib/python3.12/site-packages/airflow/example_dags/example_local_kubernetes_executor.py
[2025-10-05T23:21:19.510+0000] {processor.py:925} INFO - DAG(s) 'example_local_kubernetes_executor' retrieved from /home/airflow/.local/lib/python3.12/site-packages/airflow/example_dags/example_local_kubernetes_executor.py
[2025-10-05T23:21:19.561+0000] {logging_mixin.py:190} INFO - [2025-10-05T23:21:19.561+0000] {dag.py:3239} INFO - Sync 1 DAGs
[2025-10-05T23:21:19.580+0000] {logging_mixin.py:190} INFO - [2025-10-05T23:21:19.580+0000] {dag.py:4180} INFO - Setting next_dagrun for example_local_kubernetes_executor to None, run_after=None
[2025-10-05T23:21:19.607+0000] {processor.py:208} INFO - Processing /home/airflow/.local/lib/python3.12/site-packages/airflow/example_dags/example_local_kubernetes_executor.py took 0.130 seconds
[2025-10-05T23:26:45.577+0000] {processor.py:186} INFO - Started process (PID=1360) to work on /home/airflow/.local/lib/python3.12/site-packages/airflow/example_dags/example_local_kubernetes_executor.py
[2025-10-05T23:26:45.579+0000] {processor.py:914} INFO - Processing file /home/airflow/.local/lib/python3.12/site-packages/airflow/example_dags/example_local_kubernetes_executor.py for tasks to queue
[2025-10-05T23:26:45.582+0000] {logging_mixin.py:190} INFO - [2025-10-05T23:26:45.581+0000] {dagbag.py:588} INFO - Filling up the DagBag from /home/airflow/.local/lib/python3.12/site-packages/airflow/example_dags/example_local_kubernetes_executor.py
[2025-10-05T23:26:45.600+0000] {processor.py:925} INFO - DAG(s) 'example_local_kubernetes_executor' retrieved from /home/airflow/.local/lib/python3.12/site-packages/airflow/example_dags/example_local_kubernetes_executor.py
[2025-10-05T23:26:45.673+0000] {logging_mixin.py:190} INFO - [2025-10-05T23:26:45.673+0000] {dag.py:3239} INFO - Sync 1 DAGs
[2025-10-05T23:26:45.703+0000] {logging_mixin.py:190} INFO - [2025-10-05T23:26:45.702+0000] {dag.py:4180} INFO - Setting next_dagrun for example_local_kubernetes_executor to None, run_after=None
[2025-10-05T23:26:45.737+0000] {processor.py:208} INFO - Processing /home/airflow/.local/lib/python3.12/site-packages/airflow/example_dags/example_local_kubernetes_executor.py took 0.171 seconds
[2025-10-05T23:28:19.924+0000] {processor.py:186} INFO - Started process (PID=1422) to work on /home/airflow/.local/lib/python3.12/site-packages/airflow/example_dags/example_local_kubernetes_executor.py
[2025-10-05T23:28:19.930+0000] {processor.py:914} INFO - Processing file /home/airflow/.local/lib/python3.12/site-packages/airflow/example_dags/example_local_kubernetes_executor.py for tasks to queue
[2025-10-05T23:28:19.937+0000] {logging_mixin.py:190} INFO - [2025-10-05T23:28:19.934+0000] {dagbag.py:588} INFO - Filling up the DagBag from /home/airflow/.local/lib/python3.12/site-packages/airflow/example_dags/example_local_kubernetes_executor.py
[2025-10-05T23:28:19.999+0000] {processor.py:925} INFO - DAG(s) 'example_local_kubernetes_executor' retrieved from /home/airflow/.local/lib/python3.12/site-packages/airflow/example_dags/example_local_kubernetes_executor.py
