[2025-10-05T23:10:34.000+0000] {processor.py:186} INFO - Started process (PID=79) to work on /home/airflow/.local/lib/python3.12/site-packages/airflow/example_dags/example_branch_day_of_week_operator.py
[2025-10-05T23:10:34.005+0000] {processor.py:914} INFO - Processing file /home/airflow/.local/lib/python3.12/site-packages/airflow/example_dags/example_branch_day_of_week_operator.py for tasks to queue
[2025-10-05T23:10:34.172+0000] {logging_mixin.py:190} INFO - [2025-10-05T23:10:34.164+0000] {dagbag.py:588} INFO - Filling up the DagBag from /home/airflow/.local/lib/python3.12/site-packages/airflow/example_dags/example_branch_day_of_week_operator.py
[2025-10-05T23:10:34.466+0000] {processor.py:925} INFO - DAG(s) 'example_weekday_branch_operator' retrieved from /home/airflow/.local/lib/python3.12/site-packages/airflow/example_dags/example_branch_day_of_week_operator.py
[2025-10-05T23:10:36.555+0000] {logging_mixin.py:190} INFO - [2025-10-05T23:10:36.552+0000] {override.py:1900} INFO - Created Permission View: can edit on DAG:example_weekday_branch_operator
[2025-10-05T23:10:36.640+0000] {logging_mixin.py:190} INFO - [2025-10-05T23:10:36.638+0000] {override.py:1900} INFO - Created Permission View: can delete on DAG:example_weekday_branch_operator
[2025-10-05T23:10:36.674+0000] {logging_mixin.py:190} INFO - [2025-10-05T23:10:36.671+0000] {override.py:1900} INFO - Created Permission View: can read on DAG:example_weekday_branch_operator
[2025-10-05T23:10:36.715+0000] {logging_mixin.py:190} INFO - [2025-10-05T23:10:36.712+0000] {override.py:1900} INFO - Created Permission View: can create on DAG Run:example_weekday_branch_operator
[2025-10-05T23:10:36.765+0000] {logging_mixin.py:190} INFO - [2025-10-05T23:10:36.764+0000] {override.py:1900} INFO - Created Permission View: menu access on DAG Run:example_weekday_branch_operator
[2025-10-05T23:10:36.813+0000] {logging_mixin.py:190} INFO - [2025-10-05T23:10:36.812+0000] {override.py:1900} INFO - Created Permission View: can delete on DAG Run:example_weekday_branch_operator
[2025-10-05T23:10:36.846+0000] {logging_mixin.py:190} INFO - [2025-10-05T23:10:36.843+0000] {override.py:1900} INFO - Created Permission View: can read on DAG Run:example_weekday_branch_operator
[2025-10-05T23:10:36.849+0000] {logging_mixin.py:190} INFO - [2025-10-05T23:10:36.849+0000] {dag.py:3239} INFO - Sync 1 DAGs
[2025-10-05T23:10:36.912+0000] {logging_mixin.py:190} INFO - [2025-10-05T23:10:36.912+0000] {dag.py:3262} INFO - Creating ORM DAG for example_weekday_branch_operator
[2025-10-05T23:10:36.999+0000] {logging_mixin.py:190} INFO - [2025-10-05T23:10:36.998+0000] {dag.py:4180} INFO - Setting next_dagrun for example_weekday_branch_operator to 2025-10-04 00:00:00+00:00, run_after=2025-10-05 00:00:00+00:00
[2025-10-05T23:10:37.067+0000] {processor.py:208} INFO - Processing /home/airflow/.local/lib/python3.12/site-packages/airflow/example_dags/example_branch_day_of_week_operator.py took 3.106 seconds
[2025-10-05T23:11:23.359+0000] {processor.py:186} INFO - Started process (PID=148) to work on /home/airflow/.local/lib/python3.12/site-packages/airflow/example_dags/example_branch_day_of_week_operator.py
[2025-10-05T23:11:23.361+0000] {processor.py:914} INFO - Processing file /home/airflow/.local/lib/python3.12/site-packages/airflow/example_dags/example_branch_day_of_week_operator.py for tasks to queue
[2025-10-05T23:11:23.369+0000] {logging_mixin.py:190} INFO - [2025-10-05T23:11:23.368+0000] {dagbag.py:588} INFO - Filling up the DagBag from /home/airflow/.local/lib/python3.12/site-packages/airflow/example_dags/example_branch_day_of_week_operator.py
[2025-10-05T23:11:23.395+0000] {processor.py:925} INFO - DAG(s) 'example_weekday_branch_operator' retrieved from /home/airflow/.local/lib/python3.12/site-packages/airflow/example_dags/example_branch_day_of_week_operator.py
[2025-10-05T23:11:23.457+0000] {logging_mixin.py:190} INFO - [2025-10-05T23:11:23.456+0000] {dag.py:3239} INFO - Sync 1 DAGs
[2025-10-05T23:11:23.539+0000] {logging_mixin.py:190} INFO - [2025-10-05T23:11:23.538+0000] {dag.py:4180} INFO - Setting next_dagrun for example_weekday_branch_operator to 2025-10-04 00:00:00+00:00, run_after=2025-10-05 00:00:00+00:00
[2025-10-05T23:11:23.635+0000] {processor.py:208} INFO - Processing /home/airflow/.local/lib/python3.12/site-packages/airflow/example_dags/example_branch_day_of_week_operator.py took 0.290 seconds
[2025-10-05T23:11:54.174+0000] {processor.py:186} INFO - Started process (PID=211) to work on /home/airflow/.local/lib/python3.12/site-packages/airflow/example_dags/example_branch_day_of_week_operator.py
[2025-10-05T23:11:54.178+0000] {processor.py:914} INFO - Processing file /home/airflow/.local/lib/python3.12/site-packages/airflow/example_dags/example_branch_day_of_week_operator.py for tasks to queue
[2025-10-05T23:11:54.185+0000] {logging_mixin.py:190} INFO - [2025-10-05T23:11:54.184+0000] {dagbag.py:588} INFO - Filling up the DagBag from /home/airflow/.local/lib/python3.12/site-packages/airflow/example_dags/example_branch_day_of_week_operator.py
[2025-10-05T23:11:54.217+0000] {processor.py:925} INFO - DAG(s) 'example_weekday_branch_operator' retrieved from /home/airflow/.local/lib/python3.12/site-packages/airflow/example_dags/example_branch_day_of_week_operator.py
[2025-10-05T23:11:54.274+0000] {logging_mixin.py:190} INFO - [2025-10-05T23:11:54.273+0000] {dag.py:3239} INFO - Sync 1 DAGs
[2025-10-05T23:11:54.359+0000] {logging_mixin.py:190} INFO - [2025-10-05T23:11:54.358+0000] {dag.py:4180} INFO - Setting next_dagrun for example_weekday_branch_operator to 2025-10-04 00:00:00+00:00, run_after=2025-10-05 00:00:00+00:00
[2025-10-05T23:11:54.422+0000] {processor.py:208} INFO - Processing /home/airflow/.local/lib/python3.12/site-packages/airflow/example_dags/example_branch_day_of_week_operator.py took 0.263 seconds
[2025-10-05T23:12:25.873+0000] {processor.py:186} INFO - Started process (PID=274) to work on /home/airflow/.local/lib/python3.12/site-packages/airflow/example_dags/example_branch_day_of_week_operator.py
[2025-10-05T23:12:25.876+0000] {processor.py:914} INFO - Processing file /home/airflow/.local/lib/python3.12/site-packages/airflow/example_dags/example_branch_day_of_week_operator.py for tasks to queue
[2025-10-05T23:12:25.882+0000] {logging_mixin.py:190} INFO - [2025-10-05T23:12:25.881+0000] {dagbag.py:588} INFO - Filling up the DagBag from /home/airflow/.local/lib/python3.12/site-packages/airflow/example_dags/example_branch_day_of_week_operator.py
[2025-10-05T23:12:25.907+0000] {processor.py:925} INFO - DAG(s) 'example_weekday_branch_operator' retrieved from /home/airflow/.local/lib/python3.12/site-packages/airflow/example_dags/example_branch_day_of_week_operator.py
[2025-10-05T23:12:25.959+0000] {logging_mixin.py:190} INFO - [2025-10-05T23:12:25.958+0000] {dag.py:3239} INFO - Sync 1 DAGs
[2025-10-05T23:12:26.021+0000] {logging_mixin.py:190} INFO - [2025-10-05T23:12:26.020+0000] {dag.py:4180} INFO - Setting next_dagrun for example_weekday_branch_operator to 2025-10-04 00:00:00+00:00, run_after=2025-10-05 00:00:00+00:00
[2025-10-05T23:12:26.067+0000] {processor.py:208} INFO - Processing /home/airflow/.local/lib/python3.12/site-packages/airflow/example_dags/example_branch_day_of_week_operator.py took 0.207 seconds
[2025-10-05T23:12:56.594+0000] {processor.py:186} INFO - Started process (PID=336) to work on /home/airflow/.local/lib/python3.12/site-packages/airflow/example_dags/example_branch_day_of_week_operator.py
[2025-10-05T23:12:56.596+0000] {processor.py:914} INFO - Processing file /home/airflow/.local/lib/python3.12/site-packages/airflow/example_dags/example_branch_day_of_week_operator.py for tasks to queue
[2025-10-05T23:12:56.600+0000] {logging_mixin.py:190} INFO - [2025-10-05T23:12:56.600+0000] {dagbag.py:588} INFO - Filling up the DagBag from /home/airflow/.local/lib/python3.12/site-packages/airflow/example_dags/example_branch_day_of_week_operator.py
[2025-10-05T23:12:56.617+0000] {processor.py:925} INFO - DAG(s) 'example_weekday_branch_operator' retrieved from /home/airflow/.local/lib/python3.12/site-packages/airflow/example_dags/example_branch_day_of_week_operator.py
[2025-10-05T23:12:56.650+0000] {logging_mixin.py:190} INFO - [2025-10-05T23:12:56.650+0000] {dag.py:3239} INFO - Sync 1 DAGs
[2025-10-05T23:12:56.687+0000] {logging_mixin.py:190} INFO - [2025-10-05T23:12:56.686+0000] {dag.py:4180} INFO - Setting next_dagrun for example_weekday_branch_operator to 2025-10-04 00:00:00+00:00, run_after=2025-10-05 00:00:00+00:00
[2025-10-05T23:12:56.711+0000] {processor.py:208} INFO - Processing /home/airflow/.local/lib/python3.12/site-packages/airflow/example_dags/example_branch_day_of_week_operator.py took 0.125 seconds
[2025-10-05T23:13:27.639+0000] {processor.py:186} INFO - Started process (PID=400) to work on /home/airflow/.local/lib/python3.12/site-packages/airflow/example_dags/example_branch_day_of_week_operator.py
[2025-10-05T23:13:27.640+0000] {processor.py:914} INFO - Processing file /home/airflow/.local/lib/python3.12/site-packages/airflow/example_dags/example_branch_day_of_week_operator.py for tasks to queue
[2025-10-05T23:13:27.644+0000] {logging_mixin.py:190} INFO - [2025-10-05T23:13:27.644+0000] {dagbag.py:588} INFO - Filling up the DagBag from /home/airflow/.local/lib/python3.12/site-packages/airflow/example_dags/example_branch_day_of_week_operator.py
[2025-10-05T23:13:27.661+0000] {processor.py:925} INFO - DAG(s) 'example_weekday_branch_operator' retrieved from /home/airflow/.local/lib/python3.12/site-packages/airflow/example_dags/example_branch_day_of_week_operator.py
[2025-10-05T23:13:27.689+0000] {logging_mixin.py:190} INFO - [2025-10-05T23:13:27.689+0000] {dag.py:3239} INFO - Sync 1 DAGs
[2025-10-05T23:13:27.733+0000] {logging_mixin.py:190} INFO - [2025-10-05T23:13:27.733+0000] {dag.py:4180} INFO - Setting next_dagrun for example_weekday_branch_operator to 2025-10-04 00:00:00+00:00, run_after=2025-10-05 00:00:00+00:00
[2025-10-05T23:13:27.760+0000] {processor.py:208} INFO - Processing /home/airflow/.local/lib/python3.12/site-packages/airflow/example_dags/example_branch_day_of_week_operator.py took 0.131 seconds
[2025-10-05T23:13:58.467+0000] {processor.py:186} INFO - Started process (PID=463) to work on /home/airflow/.local/lib/python3.12/site-packages/airflow/example_dags/example_branch_day_of_week_operator.py
[2025-10-05T23:13:58.468+0000] {processor.py:914} INFO - Processing file /home/airflow/.local/lib/python3.12/site-packages/airflow/example_dags/example_branch_day_of_week_operator.py for tasks to queue
[2025-10-05T23:13:58.472+0000] {logging_mixin.py:190} INFO - [2025-10-05T23:13:58.471+0000] {dagbag.py:588} INFO - Filling up the DagBag from /home/airflow/.local/lib/python3.12/site-packages/airflow/example_dags/example_branch_day_of_week_operator.py
[2025-10-05T23:13:58.493+0000] {processor.py:925} INFO - DAG(s) 'example_weekday_branch_operator' retrieved from /home/airflow/.local/lib/python3.12/site-packages/airflow/example_dags/example_branch_day_of_week_operator.py
[2025-10-05T23:13:58.539+0000] {logging_mixin.py:190} INFO - [2025-10-05T23:13:58.539+0000] {dag.py:3239} INFO - Sync 1 DAGs
[2025-10-05T23:13:58.606+0000] {logging_mixin.py:190} INFO - [2025-10-05T23:13:58.606+0000] {dag.py:4180} INFO - Setting next_dagrun for example_weekday_branch_operator to 2025-10-04 00:00:00+00:00, run_after=2025-10-05 00:00:00+00:00
[2025-10-05T23:13:58.640+0000] {processor.py:208} INFO - Processing /home/airflow/.local/lib/python3.12/site-packages/airflow/example_dags/example_branch_day_of_week_operator.py took 0.183 seconds
[2025-10-05T23:14:28.985+0000] {processor.py:186} INFO - Started process (PID=526) to work on /home/airflow/.local/lib/python3.12/site-packages/airflow/example_dags/example_branch_day_of_week_operator.py
[2025-10-05T23:14:28.986+0000] {processor.py:914} INFO - Processing file /home/airflow/.local/lib/python3.12/site-packages/airflow/example_dags/example_branch_day_of_week_operator.py for tasks to queue
[2025-10-05T23:14:28.990+0000] {logging_mixin.py:190} INFO - [2025-10-05T23:14:28.989+0000] {dagbag.py:588} INFO - Filling up the DagBag from /home/airflow/.local/lib/python3.12/site-packages/airflow/example_dags/example_branch_day_of_week_operator.py
[2025-10-05T23:14:29.001+0000] {processor.py:925} INFO - DAG(s) 'example_weekday_branch_operator' retrieved from /home/airflow/.local/lib/python3.12/site-packages/airflow/example_dags/example_branch_day_of_week_operator.py
[2025-10-05T23:14:29.029+0000] {logging_mixin.py:190} INFO - [2025-10-05T23:14:29.029+0000] {dag.py:3239} INFO - Sync 1 DAGs
[2025-10-05T23:14:29.057+0000] {logging_mixin.py:190} INFO - [2025-10-05T23:14:29.057+0000] {dag.py:4180} INFO - Setting next_dagrun for example_weekday_branch_operator to 2025-10-04 00:00:00+00:00, run_after=2025-10-05 00:00:00+00:00
[2025-10-05T23:14:29.078+0000] {processor.py:208} INFO - Processing /home/airflow/.local/lib/python3.12/site-packages/airflow/example_dags/example_branch_day_of_week_operator.py took 0.100 seconds
[2025-10-05T23:15:08.737+0000] {processor.py:186} INFO - Started process (PID=582) to work on /home/airflow/.local/lib/python3.12/site-packages/airflow/example_dags/example_branch_day_of_week_operator.py
[2025-10-05T23:15:08.740+0000] {processor.py:914} INFO - Processing file /home/airflow/.local/lib/python3.12/site-packages/airflow/example_dags/example_branch_day_of_week_operator.py for tasks to queue
[2025-10-05T23:15:08.745+0000] {logging_mixin.py:190} INFO - [2025-10-05T23:15:08.744+0000] {dagbag.py:588} INFO - Filling up the DagBag from /home/airflow/.local/lib/python3.12/site-packages/airflow/example_dags/example_branch_day_of_week_operator.py
[2025-10-05T23:15:08.766+0000] {processor.py:925} INFO - DAG(s) 'example_weekday_branch_operator' retrieved from /home/airflow/.local/lib/python3.12/site-packages/airflow/example_dags/example_branch_day_of_week_operator.py
[2025-10-05T23:15:08.832+0000] {logging_mixin.py:190} INFO - [2025-10-05T23:15:08.832+0000] {dag.py:3239} INFO - Sync 1 DAGs
[2025-10-05T23:15:08.934+0000] {logging_mixin.py:190} INFO - [2025-10-05T23:15:08.934+0000] {dag.py:4180} INFO - Setting next_dagrun for example_weekday_branch_operator to 2025-10-04 00:00:00+00:00, run_after=2025-10-05 00:00:00+00:00
[2025-10-05T23:15:09.024+0000] {processor.py:208} INFO - Processing /home/airflow/.local/lib/python3.12/site-packages/airflow/example_dags/example_branch_day_of_week_operator.py took 0.330 seconds
[2025-10-05T23:15:39.579+0000] {processor.py:186} INFO - Started process (PID=645) to work on /home/airflow/.local/lib/python3.12/site-packages/airflow/example_dags/example_branch_day_of_week_operator.py
[2025-10-05T23:15:39.581+0000] {processor.py:914} INFO - Processing file /home/airflow/.local/lib/python3.12/site-packages/airflow/example_dags/example_branch_day_of_week_operator.py for tasks to queue
[2025-10-05T23:15:39.584+0000] {logging_mixin.py:190} INFO - [2025-10-05T23:15:39.583+0000] {dagbag.py:588} INFO - Filling up the DagBag from /home/airflow/.local/lib/python3.12/site-packages/airflow/example_dags/example_branch_day_of_week_operator.py
[2025-10-05T23:15:39.596+0000] {processor.py:925} INFO - DAG(s) 'example_weekday_branch_operator' retrieved from /home/airflow/.local/lib/python3.12/site-packages/airflow/example_dags/example_branch_day_of_week_operator.py
[2025-10-05T23:15:39.620+0000] {logging_mixin.py:190} INFO - [2025-10-05T23:15:39.620+0000] {dag.py:3239} INFO - Sync 1 DAGs
[2025-10-05T23:15:39.648+0000] {logging_mixin.py:190} INFO - [2025-10-05T23:15:39.648+0000] {dag.py:4180} INFO - Setting next_dagrun for example_weekday_branch_operator to 2025-10-04 00:00:00+00:00, run_after=2025-10-05 00:00:00+00:00
[2025-10-05T23:15:39.678+0000] {processor.py:208} INFO - Processing /home/airflow/.local/lib/python3.12/site-packages/airflow/example_dags/example_branch_day_of_week_operator.py took 0.106 seconds
[2025-10-05T23:16:10.743+0000] {processor.py:186} INFO - Started process (PID=708) to work on /home/airflow/.local/lib/python3.12/site-packages/airflow/example_dags/example_branch_day_of_week_operator.py
[2025-10-05T23:16:10.745+0000] {processor.py:914} INFO - Processing file /home/airflow/.local/lib/python3.12/site-packages/airflow/example_dags/example_branch_day_of_week_operator.py for tasks to queue
[2025-10-05T23:16:10.750+0000] {logging_mixin.py:190} INFO - [2025-10-05T23:16:10.749+0000] {dagbag.py:588} INFO - Filling up the DagBag from /home/airflow/.local/lib/python3.12/site-packages/airflow/example_dags/example_branch_day_of_week_operator.py
[2025-10-05T23:16:10.770+0000] {processor.py:925} INFO - DAG(s) 'example_weekday_branch_operator' retrieved from /home/airflow/.local/lib/python3.12/site-packages/airflow/example_dags/example_branch_day_of_week_operator.py
[2025-10-05T23:16:11.004+0000] {logging_mixin.py:190} INFO - [2025-10-05T23:16:11.000+0000] {dag.py:3239} INFO - Sync 1 DAGs
[2025-10-05T23:16:11.060+0000] {logging_mixin.py:190} INFO - [2025-10-05T23:16:11.059+0000] {dag.py:4180} INFO - Setting next_dagrun for example_weekday_branch_operator to 2025-10-04 00:00:00+00:00, run_after=2025-10-05 00:00:00+00:00
[2025-10-05T23:16:11.086+0000] {processor.py:208} INFO - Processing /home/airflow/.local/lib/python3.12/site-packages/airflow/example_dags/example_branch_day_of_week_operator.py took 0.352 seconds
[2025-10-05T23:16:42.660+0000] {processor.py:186} INFO - Started process (PID=770) to work on /home/airflow/.local/lib/python3.12/site-packages/airflow/example_dags/example_branch_day_of_week_operator.py
[2025-10-05T23:16:42.661+0000] {processor.py:914} INFO - Processing file /home/airflow/.local/lib/python3.12/site-packages/airflow/example_dags/example_branch_day_of_week_operator.py for tasks to queue
[2025-10-05T23:16:42.665+0000] {logging_mixin.py:190} INFO - [2025-10-05T23:16:42.664+0000] {dagbag.py:588} INFO - Filling up the DagBag from /home/airflow/.local/lib/python3.12/site-packages/airflow/example_dags/example_branch_day_of_week_operator.py
[2025-10-05T23:16:42.681+0000] {processor.py:925} INFO - DAG(s) 'example_weekday_branch_operator' retrieved from /home/airflow/.local/lib/python3.12/site-packages/airflow/example_dags/example_branch_day_of_week_operator.py
[2025-10-05T23:16:42.712+0000] {logging_mixin.py:190} INFO - [2025-10-05T23:16:42.712+0000] {dag.py:3239} INFO - Sync 1 DAGs
[2025-10-05T23:16:42.747+0000] {logging_mixin.py:190} INFO - [2025-10-05T23:16:42.746+0000] {dag.py:4180} INFO - Setting next_dagrun for example_weekday_branch_operator to 2025-10-04 00:00:00+00:00, run_after=2025-10-05 00:00:00+00:00
[2025-10-05T23:16:42.774+0000] {processor.py:208} INFO - Processing /home/airflow/.local/lib/python3.12/site-packages/airflow/example_dags/example_branch_day_of_week_operator.py took 0.124 seconds
[2025-10-05T23:17:15.302+0000] {processor.py:186} INFO - Started process (PID=831) to work on /home/airflow/.local/lib/python3.12/site-packages/airflow/example_dags/example_branch_day_of_week_operator.py
[2025-10-05T23:17:15.305+0000] {processor.py:914} INFO - Processing file /home/airflow/.local/lib/python3.12/site-packages/airflow/example_dags/example_branch_day_of_week_operator.py for tasks to queue
[2025-10-05T23:17:15.311+0000] {logging_mixin.py:190} INFO - [2025-10-05T23:17:15.309+0000] {dagbag.py:588} INFO - Filling up the DagBag from /home/airflow/.local/lib/python3.12/site-packages/airflow/example_dags/example_branch_day_of_week_operator.py
[2025-10-05T23:17:15.386+0000] {processor.py:925} INFO - DAG(s) 'example_weekday_branch_operator' retrieved from /home/airflow/.local/lib/python3.12/site-packages/airflow/example_dags/example_branch_day_of_week_operator.py
[2025-10-05T23:17:16.421+0000] {logging_mixin.py:190} INFO - [2025-10-05T23:17:16.416+0000] {dag.py:3239} INFO - Sync 1 DAGs
[2025-10-05T23:17:16.459+0000] {logging_mixin.py:190} INFO - [2025-10-05T23:17:16.458+0000] {dag.py:4180} INFO - Setting next_dagrun for example_weekday_branch_operator to 2025-10-04 00:00:00+00:00, run_after=2025-10-05 00:00:00+00:00
[2025-10-05T23:17:16.490+0000] {processor.py:208} INFO - Processing /home/airflow/.local/lib/python3.12/site-packages/airflow/example_dags/example_branch_day_of_week_operator.py took 1.202 seconds
[2025-10-05T23:17:47.252+0000] {processor.py:186} INFO - Started process (PID=894) to work on /home/airflow/.local/lib/python3.12/site-packages/airflow/example_dags/example_branch_day_of_week_operator.py
[2025-10-05T23:17:47.254+0000] {processor.py:914} INFO - Processing file /home/airflow/.local/lib/python3.12/site-packages/airflow/example_dags/example_branch_day_of_week_operator.py for tasks to queue
[2025-10-05T23:17:47.257+0000] {logging_mixin.py:190} INFO - [2025-10-05T23:17:47.257+0000] {dagbag.py:588} INFO - Filling up the DagBag from /home/airflow/.local/lib/python3.12/site-packages/airflow/example_dags/example_branch_day_of_week_operator.py
[2025-10-05T23:17:47.273+0000] {processor.py:925} INFO - DAG(s) 'example_weekday_branch_operator' retrieved from /home/airflow/.local/lib/python3.12/site-packages/airflow/example_dags/example_branch_day_of_week_operator.py
[2025-10-05T23:17:47.307+0000] {logging_mixin.py:190} INFO - [2025-10-05T23:17:47.306+0000] {dag.py:3239} INFO - Sync 1 DAGs
[2025-10-05T23:17:47.348+0000] {logging_mixin.py:190} INFO - [2025-10-05T23:17:47.348+0000] {dag.py:4180} INFO - Setting next_dagrun for example_weekday_branch_operator to 2025-10-04 00:00:00+00:00, run_after=2025-10-05 00:00:00+00:00
[2025-10-05T23:17:47.374+0000] {processor.py:208} INFO - Processing /home/airflow/.local/lib/python3.12/site-packages/airflow/example_dags/example_branch_day_of_week_operator.py took 0.131 seconds
[2025-10-05T23:18:17.857+0000] {processor.py:186} INFO - Started process (PID=957) to work on /home/airflow/.local/lib/python3.12/site-packages/airflow/example_dags/example_branch_day_of_week_operator.py
[2025-10-05T23:18:17.859+0000] {processor.py:914} INFO - Processing file /home/airflow/.local/lib/python3.12/site-packages/airflow/example_dags/example_branch_day_of_week_operator.py for tasks to queue
[2025-10-05T23:18:17.862+0000] {logging_mixin.py:190} INFO - [2025-10-05T23:18:17.861+0000] {dagbag.py:588} INFO - Filling up the DagBag from /home/airflow/.local/lib/python3.12/site-packages/airflow/example_dags/example_branch_day_of_week_operator.py
[2025-10-05T23:18:17.874+0000] {processor.py:925} INFO - DAG(s) 'example_weekday_branch_operator' retrieved from /home/airflow/.local/lib/python3.12/site-packages/airflow/example_dags/example_branch_day_of_week_operator.py
[2025-10-05T23:18:17.899+0000] {logging_mixin.py:190} INFO - [2025-10-05T23:18:17.898+0000] {dag.py:3239} INFO - Sync 1 DAGs
[2025-10-05T23:18:17.926+0000] {logging_mixin.py:190} INFO - [2025-10-05T23:18:17.926+0000] {dag.py:4180} INFO - Setting next_dagrun for example_weekday_branch_operator to 2025-10-04 00:00:00+00:00, run_after=2025-10-05 00:00:00+00:00
[2025-10-05T23:18:17.954+0000] {processor.py:208} INFO - Processing /home/airflow/.local/lib/python3.12/site-packages/airflow/example_dags/example_branch_day_of_week_operator.py took 0.105 seconds
[2025-10-05T23:18:48.977+0000] {processor.py:186} INFO - Started process (PID=1021) to work on /home/airflow/.local/lib/python3.12/site-packages/airflow/example_dags/example_branch_day_of_week_operator.py
[2025-10-05T23:18:48.978+0000] {processor.py:914} INFO - Processing file /home/airflow/.local/lib/python3.12/site-packages/airflow/example_dags/example_branch_day_of_week_operator.py for tasks to queue
[2025-10-05T23:18:48.981+0000] {logging_mixin.py:190} INFO - [2025-10-05T23:18:48.981+0000] {dagbag.py:588} INFO - Filling up the DagBag from /home/airflow/.local/lib/python3.12/site-packages/airflow/example_dags/example_branch_day_of_week_operator.py
[2025-10-05T23:18:48.994+0000] {processor.py:925} INFO - DAG(s) 'example_weekday_branch_operator' retrieved from /home/airflow/.local/lib/python3.12/site-packages/airflow/example_dags/example_branch_day_of_week_operator.py
[2025-10-05T23:18:49.018+0000] {logging_mixin.py:190} INFO - [2025-10-05T23:18:49.017+0000] {dag.py:3239} INFO - Sync 1 DAGs
[2025-10-05T23:18:49.051+0000] {logging_mixin.py:190} INFO - [2025-10-05T23:18:49.050+0000] {dag.py:4180} INFO - Setting next_dagrun for example_weekday_branch_operator to 2025-10-04 00:00:00+00:00, run_after=2025-10-05 00:00:00+00:00
[2025-10-05T23:18:49.096+0000] {processor.py:208} INFO - Processing /home/airflow/.local/lib/python3.12/site-packages/airflow/example_dags/example_branch_day_of_week_operator.py took 0.127 seconds
[2025-10-05T23:19:19.303+0000] {processor.py:186} INFO - Started process (PID=1083) to work on /home/airflow/.local/lib/python3.12/site-packages/airflow/example_dags/example_branch_day_of_week_operator.py
[2025-10-05T23:19:19.305+0000] {processor.py:914} INFO - Processing file /home/airflow/.local/lib/python3.12/site-packages/airflow/example_dags/example_branch_day_of_week_operator.py for tasks to queue
[2025-10-05T23:19:19.308+0000] {logging_mixin.py:190} INFO - [2025-10-05T23:19:19.307+0000] {dagbag.py:588} INFO - Filling up the DagBag from /home/airflow/.local/lib/python3.12/site-packages/airflow/example_dags/example_branch_day_of_week_operator.py
[2025-10-05T23:19:19.319+0000] {processor.py:925} INFO - DAG(s) 'example_weekday_branch_operator' retrieved from /home/airflow/.local/lib/python3.12/site-packages/airflow/example_dags/example_branch_day_of_week_operator.py
[2025-10-05T23:19:19.344+0000] {logging_mixin.py:190} INFO - [2025-10-05T23:19:19.343+0000] {dag.py:3239} INFO - Sync 1 DAGs
[2025-10-05T23:19:19.373+0000] {logging_mixin.py:190} INFO - [2025-10-05T23:19:19.373+0000] {dag.py:4180} INFO - Setting next_dagrun for example_weekday_branch_operator to 2025-10-04 00:00:00+00:00, run_after=2025-10-05 00:00:00+00:00
[2025-10-05T23:19:19.405+0000] {processor.py:208} INFO - Processing /home/airflow/.local/lib/python3.12/site-packages/airflow/example_dags/example_branch_day_of_week_operator.py took 0.108 seconds
[2025-10-05T23:20:05.957+0000] {processor.py:186} INFO - Started process (PID=1130) to work on /home/airflow/.local/lib/python3.12/site-packages/airflow/example_dags/example_branch_day_of_week_operator.py
[2025-10-05T23:20:05.958+0000] {processor.py:914} INFO - Processing file /home/airflow/.local/lib/python3.12/site-packages/airflow/example_dags/example_branch_day_of_week_operator.py for tasks to queue
[2025-10-05T23:20:05.962+0000] {logging_mixin.py:190} INFO - [2025-10-05T23:20:05.962+0000] {dagbag.py:588} INFO - Filling up the DagBag from /home/airflow/.local/lib/python3.12/site-packages/airflow/example_dags/example_branch_day_of_week_operator.py
[2025-10-05T23:20:05.978+0000] {processor.py:925} INFO - DAG(s) 'example_weekday_branch_operator' retrieved from /home/airflow/.local/lib/python3.12/site-packages/airflow/example_dags/example_branch_day_of_week_operator.py
[2025-10-05T23:20:06.008+0000] {logging_mixin.py:190} INFO - [2025-10-05T23:20:06.007+0000] {dag.py:3239} INFO - Sync 1 DAGs
[2025-10-05T23:20:06.046+0000] {logging_mixin.py:190} INFO - [2025-10-05T23:20:06.045+0000] {dag.py:4180} INFO - Setting next_dagrun for example_weekday_branch_operator to 2025-10-04 00:00:00+00:00, run_after=2025-10-05 00:00:00+00:00
[2025-10-05T23:20:06.078+0000] {processor.py:208} INFO - Processing /home/airflow/.local/lib/python3.12/site-packages/airflow/example_dags/example_branch_day_of_week_operator.py took 0.130 seconds
[2025-10-05T23:20:36.813+0000] {processor.py:186} INFO - Started process (PID=1188) to work on /home/airflow/.local/lib/python3.12/site-packages/airflow/example_dags/example_branch_day_of_week_operator.py
[2025-10-05T23:20:36.814+0000] {processor.py:914} INFO - Processing file /home/airflow/.local/lib/python3.12/site-packages/airflow/example_dags/example_branch_day_of_week_operator.py for tasks to queue
[2025-10-05T23:20:36.819+0000] {logging_mixin.py:190} INFO - [2025-10-05T23:20:36.819+0000] {dagbag.py:588} INFO - Filling up the DagBag from /home/airflow/.local/lib/python3.12/site-packages/airflow/example_dags/example_branch_day_of_week_operator.py
[2025-10-05T23:20:36.837+0000] {processor.py:925} INFO - DAG(s) 'example_weekday_branch_operator' retrieved from /home/airflow/.local/lib/python3.12/site-packages/airflow/example_dags/example_branch_day_of_week_operator.py
[2025-10-05T23:20:36.876+0000] {logging_mixin.py:190} INFO - [2025-10-05T23:20:36.875+0000] {dag.py:3239} INFO - Sync 1 DAGs
[2025-10-05T23:20:36.919+0000] {logging_mixin.py:190} INFO - [2025-10-05T23:20:36.918+0000] {dag.py:4180} INFO - Setting next_dagrun for example_weekday_branch_operator to 2025-10-04 00:00:00+00:00, run_after=2025-10-05 00:00:00+00:00
[2025-10-05T23:20:36.959+0000] {processor.py:208} INFO - Processing /home/airflow/.local/lib/python3.12/site-packages/airflow/example_dags/example_branch_day_of_week_operator.py took 0.156 seconds
[2025-10-05T23:21:16.969+0000] {processor.py:186} INFO - Started process (PID=1249) to work on /home/airflow/.local/lib/python3.12/site-packages/airflow/example_dags/example_branch_day_of_week_operator.py
[2025-10-05T23:21:16.971+0000] {processor.py:914} INFO - Processing file /home/airflow/.local/lib/python3.12/site-packages/airflow/example_dags/example_branch_day_of_week_operator.py for tasks to queue
[2025-10-05T23:21:16.976+0000] {logging_mixin.py:190} INFO - [2025-10-05T23:21:16.975+0000] {dagbag.py:588} INFO - Filling up the DagBag from /home/airflow/.local/lib/python3.12/site-packages/airflow/example_dags/example_branch_day_of_week_operator.py
[2025-10-05T23:21:17.003+0000] {processor.py:925} INFO - DAG(s) 'example_weekday_branch_operator' retrieved from /home/airflow/.local/lib/python3.12/site-packages/airflow/example_dags/example_branch_day_of_week_operator.py
[2025-10-05T23:21:17.053+0000] {logging_mixin.py:190} INFO - [2025-10-05T23:21:17.052+0000] {dag.py:3239} INFO - Sync 1 DAGs
[2025-10-05T23:21:17.115+0000] {logging_mixin.py:190} INFO - [2025-10-05T23:21:17.114+0000] {dag.py:4180} INFO - Setting next_dagrun for example_weekday_branch_operator to 2025-10-04 00:00:00+00:00, run_after=2025-10-05 00:00:00+00:00
[2025-10-05T23:21:17.161+0000] {processor.py:208} INFO - Processing /home/airflow/.local/lib/python3.12/site-packages/airflow/example_dags/example_branch_day_of_week_operator.py took 0.206 seconds
[2025-10-05T23:22:00.441+0000] {processor.py:186} INFO - Started process (PID=1306) to work on /home/airflow/.local/lib/python3.12/site-packages/airflow/example_dags/example_branch_day_of_week_operator.py
[2025-10-05T23:22:00.444+0000] {processor.py:914} INFO - Processing file /home/airflow/.local/lib/python3.12/site-packages/airflow/example_dags/example_branch_day_of_week_operator.py for tasks to queue
[2025-10-05T23:22:00.448+0000] {logging_mixin.py:190} INFO - [2025-10-05T23:22:00.446+0000] {dagbag.py:588} INFO - Filling up the DagBag from /home/airflow/.local/lib/python3.12/site-packages/airflow/example_dags/example_branch_day_of_week_operator.py
[2025-10-05T23:22:00.479+0000] {processor.py:925} INFO - DAG(s) 'example_weekday_branch_operator' retrieved from /home/airflow/.local/lib/python3.12/site-packages/airflow/example_dags/example_branch_day_of_week_operator.py
[2025-10-05T23:22:00.574+0000] {logging_mixin.py:190} INFO - [2025-10-05T23:22:00.573+0000] {dag.py:3239} INFO - Sync 1 DAGs
[2025-10-05T23:22:00.671+0000] {logging_mixin.py:190} INFO - [2025-10-05T23:22:00.669+0000] {dag.py:4180} INFO - Setting next_dagrun for example_weekday_branch_operator to 2025-10-04 00:00:00+00:00, run_after=2025-10-05 00:00:00+00:00
[2025-10-05T23:22:00.736+0000] {processor.py:208} INFO - Processing /home/airflow/.local/lib/python3.12/site-packages/airflow/example_dags/example_branch_day_of_week_operator.py took 0.311 seconds
[2025-10-05T23:26:35.372+0000] {processor.py:186} INFO - Started process (PID=1329) to work on /home/airflow/.local/lib/python3.12/site-packages/airflow/example_dags/example_branch_day_of_week_operator.py
[2025-10-05T23:26:35.847+0000] {processor.py:914} INFO - Processing file /home/airflow/.local/lib/python3.12/site-packages/airflow/example_dags/example_branch_day_of_week_operator.py for tasks to queue
[2025-10-05T23:26:35.851+0000] {logging_mixin.py:190} INFO - [2025-10-05T23:26:35.850+0000] {dagbag.py:588} INFO - Filling up the DagBag from /home/airflow/.local/lib/python3.12/site-packages/airflow/example_dags/example_branch_day_of_week_operator.py
[2025-10-05T23:26:35.871+0000] {processor.py:925} INFO - DAG(s) 'example_weekday_branch_operator' retrieved from /home/airflow/.local/lib/python3.12/site-packages/airflow/example_dags/example_branch_day_of_week_operator.py
[2025-10-05T23:26:36.447+0000] {logging_mixin.py:190} INFO - [2025-10-05T23:26:36.445+0000] {dag.py:3239} INFO - Sync 1 DAGs
[2025-10-05T23:26:36.503+0000] {logging_mixin.py:190} INFO - [2025-10-05T23:26:36.502+0000] {dag.py:4180} INFO - Setting next_dagrun for example_weekday_branch_operator to 2025-10-04 00:00:00+00:00, run_after=2025-10-05 00:00:00+00:00
[2025-10-05T23:26:36.924+0000] {processor.py:208} INFO - Processing /home/airflow/.local/lib/python3.12/site-packages/airflow/example_dags/example_branch_day_of_week_operator.py took 1.561 seconds
[2025-10-05T23:28:11.698+0000] {processor.py:186} INFO - Started process (PID=1387) to work on /home/airflow/.local/lib/python3.12/site-packages/airflow/example_dags/example_branch_day_of_week_operator.py
[2025-10-05T23:28:11.701+0000] {processor.py:914} INFO - Processing file /home/airflow/.local/lib/python3.12/site-packages/airflow/example_dags/example_branch_day_of_week_operator.py for tasks to queue
[2025-10-05T23:28:11.705+0000] {logging_mixin.py:190} INFO - [2025-10-05T23:28:11.704+0000] {dagbag.py:588} INFO - Filling up the DagBag from /home/airflow/.local/lib/python3.12/site-packages/airflow/example_dags/example_branch_day_of_week_operator.py
[2025-10-05T23:28:11.730+0000] {processor.py:925} INFO - DAG(s) 'example_weekday_branch_operator' retrieved from /home/airflow/.local/lib/python3.12/site-packages/airflow/example_dags/example_branch_day_of_week_operator.py
[2025-10-05T23:28:11.803+0000] {logging_mixin.py:190} INFO - [2025-10-05T23:28:11.802+0000] {dag.py:3239} INFO - Sync 1 DAGs
[2025-10-05T23:28:11.882+0000] {logging_mixin.py:190} INFO - [2025-10-05T23:28:11.881+0000] {dag.py:4180} INFO - Setting next_dagrun for example_weekday_branch_operator to 2025-10-04 00:00:00+00:00, run_after=2025-10-05 00:00:00+00:00
[2025-10-05T23:28:11.926+0000] {processor.py:208} INFO - Processing /home/airflow/.local/lib/python3.12/site-packages/airflow/example_dags/example_branch_day_of_week_operator.py took 0.262 seconds
