[2025-10-05T23:11:13.273+0000] {processor.py:186} INFO - Started process (PID=118) to work on /home/airflow/.local/lib/python3.12/site-packages/airflow/example_dags/example_latest_only_with_trigger.py
[2025-10-05T23:11:13.276+0000] {processor.py:914} INFO - Processing file /home/airflow/.local/lib/python3.12/site-packages/airflow/example_dags/example_latest_only_with_trigger.py for tasks to queue
[2025-10-05T23:11:13.290+0000] {logging_mixin.py:190} INFO - [2025-10-05T23:11:13.289+0000] {dagbag.py:588} INFO - Filling up the DagBag from /home/airflow/.local/lib/python3.12/site-packages/airflow/example_dags/example_latest_only_with_trigger.py
[2025-10-05T23:11:13.330+0000] {processor.py:925} INFO - DAG(s) 'latest_only_with_trigger' retrieved from /home/airflow/.local/lib/python3.12/site-packages/airflow/example_dags/example_latest_only_with_trigger.py
[2025-10-05T23:11:13.729+0000] {logging_mixin.py:190} INFO - [2025-10-05T23:11:13.727+0000] {override.py:1900} INFO - Created Permission View: can edit on DAG:latest_only_with_trigger
[2025-10-05T23:11:13.759+0000] {logging_mixin.py:190} INFO - [2025-10-05T23:11:13.758+0000] {override.py:1900} INFO - Created Permission View: can delete on DAG:latest_only_with_trigger
[2025-10-05T23:11:13.779+0000] {logging_mixin.py:190} INFO - [2025-10-05T23:11:13.779+0000] {override.py:1900} INFO - Created Permission View: can read on DAG:latest_only_with_trigger
[2025-10-05T23:11:13.801+0000] {logging_mixin.py:190} INFO - [2025-10-05T23:11:13.800+0000] {override.py:1900} INFO - Created Permission View: can create on DAG Run:latest_only_with_trigger
[2025-10-05T23:11:13.829+0000] {logging_mixin.py:190} INFO - [2025-10-05T23:11:13.828+0000] {override.py:1900} INFO - Created Permission View: menu access on DAG Run:latest_only_with_trigger
[2025-10-05T23:11:13.850+0000] {logging_mixin.py:190} INFO - [2025-10-05T23:11:13.849+0000] {override.py:1900} INFO - Created Permission View: can delete on DAG Run:latest_only_with_trigger
[2025-10-05T23:11:13.874+0000] {logging_mixin.py:190} INFO - [2025-10-05T23:11:13.873+0000] {override.py:1900} INFO - Created Permission View: can read on DAG Run:latest_only_with_trigger
[2025-10-05T23:11:13.876+0000] {logging_mixin.py:190} INFO - [2025-10-05T23:11:13.875+0000] {dag.py:3239} INFO - Sync 1 DAGs
[2025-10-05T23:11:13.922+0000] {logging_mixin.py:190} INFO - [2025-10-05T23:11:13.921+0000] {dag.py:3262} INFO - Creating ORM DAG for latest_only_with_trigger
[2025-10-05T23:11:13.956+0000] {logging_mixin.py:190} INFO - [2025-10-05T23:11:13.956+0000] {dag.py:4180} INFO - Setting next_dagrun for latest_only_with_trigger to 2025-10-05 16:00:00+00:00, run_after=2025-10-05 20:00:00+00:00
[2025-10-05T23:11:14.022+0000] {processor.py:208} INFO - Processing /home/airflow/.local/lib/python3.12/site-packages/airflow/example_dags/example_latest_only_with_trigger.py took 0.779 seconds
[2025-10-05T23:11:44.408+0000] {processor.py:186} INFO - Started process (PID=181) to work on /home/airflow/.local/lib/python3.12/site-packages/airflow/example_dags/example_latest_only_with_trigger.py
[2025-10-05T23:11:44.414+0000] {processor.py:914} INFO - Processing file /home/airflow/.local/lib/python3.12/site-packages/airflow/example_dags/example_latest_only_with_trigger.py for tasks to queue
[2025-10-05T23:11:44.423+0000] {logging_mixin.py:190} INFO - [2025-10-05T23:11:44.422+0000] {dagbag.py:588} INFO - Filling up the DagBag from /home/airflow/.local/lib/python3.12/site-packages/airflow/example_dags/example_latest_only_with_trigger.py
[2025-10-05T23:11:44.456+0000] {processor.py:925} INFO - DAG(s) 'latest_only_with_trigger' retrieved from /home/airflow/.local/lib/python3.12/site-packages/airflow/example_dags/example_latest_only_with_trigger.py
[2025-10-05T23:11:44.544+0000] {logging_mixin.py:190} INFO - [2025-10-05T23:11:44.543+0000] {dag.py:3239} INFO - Sync 1 DAGs
[2025-10-05T23:11:44.625+0000] {logging_mixin.py:190} INFO - [2025-10-05T23:11:44.625+0000] {dag.py:4180} INFO - Setting next_dagrun for latest_only_with_trigger to 2025-10-05 16:00:00+00:00, run_after=2025-10-05 20:00:00+00:00
[2025-10-05T23:11:44.696+0000] {processor.py:208} INFO - Processing /home/airflow/.local/lib/python3.12/site-packages/airflow/example_dags/example_latest_only_with_trigger.py took 0.321 seconds
[2025-10-05T23:12:14.933+0000] {processor.py:186} INFO - Started process (PID=244) to work on /home/airflow/.local/lib/python3.12/site-packages/airflow/example_dags/example_latest_only_with_trigger.py
[2025-10-05T23:12:14.935+0000] {processor.py:914} INFO - Processing file /home/airflow/.local/lib/python3.12/site-packages/airflow/example_dags/example_latest_only_with_trigger.py for tasks to queue
[2025-10-05T23:12:14.942+0000] {logging_mixin.py:190} INFO - [2025-10-05T23:12:14.941+0000] {dagbag.py:588} INFO - Filling up the DagBag from /home/airflow/.local/lib/python3.12/site-packages/airflow/example_dags/example_latest_only_with_trigger.py
[2025-10-05T23:12:14.963+0000] {processor.py:925} INFO - DAG(s) 'latest_only_with_trigger' retrieved from /home/airflow/.local/lib/python3.12/site-packages/airflow/example_dags/example_latest_only_with_trigger.py
[2025-10-05T23:12:15.030+0000] {logging_mixin.py:190} INFO - [2025-10-05T23:12:15.029+0000] {dag.py:3239} INFO - Sync 1 DAGs
[2025-10-05T23:12:15.098+0000] {logging_mixin.py:190} INFO - [2025-10-05T23:12:15.097+0000] {dag.py:4180} INFO - Setting next_dagrun for latest_only_with_trigger to 2025-10-05 16:00:00+00:00, run_after=2025-10-05 20:00:00+00:00
[2025-10-05T23:12:15.143+0000] {processor.py:208} INFO - Processing /home/airflow/.local/lib/python3.12/site-packages/airflow/example_dags/example_latest_only_with_trigger.py took 0.224 seconds
[2025-10-05T23:12:49.148+0000] {processor.py:186} INFO - Started process (PID=313) to work on /home/airflow/.local/lib/python3.12/site-packages/airflow/example_dags/example_latest_only_with_trigger.py
[2025-10-05T23:12:49.150+0000] {processor.py:914} INFO - Processing file /home/airflow/.local/lib/python3.12/site-packages/airflow/example_dags/example_latest_only_with_trigger.py for tasks to queue
[2025-10-05T23:12:49.157+0000] {logging_mixin.py:190} INFO - [2025-10-05T23:12:49.156+0000] {dagbag.py:588} INFO - Filling up the DagBag from /home/airflow/.local/lib/python3.12/site-packages/airflow/example_dags/example_latest_only_with_trigger.py
[2025-10-05T23:12:49.170+0000] {processor.py:925} INFO - DAG(s) 'latest_only_with_trigger' retrieved from /home/airflow/.local/lib/python3.12/site-packages/airflow/example_dags/example_latest_only_with_trigger.py
[2025-10-05T23:12:49.209+0000] {logging_mixin.py:190} INFO - [2025-10-05T23:12:49.208+0000] {dag.py:3239} INFO - Sync 1 DAGs
[2025-10-05T23:12:49.262+0000] {logging_mixin.py:190} INFO - [2025-10-05T23:12:49.262+0000] {dag.py:4180} INFO - Setting next_dagrun for latest_only_with_trigger to 2025-10-05 16:00:00+00:00, run_after=2025-10-05 20:00:00+00:00
[2025-10-05T23:12:49.317+0000] {processor.py:208} INFO - Processing /home/airflow/.local/lib/python3.12/site-packages/airflow/example_dags/example_latest_only_with_trigger.py took 0.180 seconds
[2025-10-05T23:13:19.557+0000] {processor.py:186} INFO - Started process (PID=377) to work on /home/airflow/.local/lib/python3.12/site-packages/airflow/example_dags/example_latest_only_with_trigger.py
[2025-10-05T23:13:19.559+0000] {processor.py:914} INFO - Processing file /home/airflow/.local/lib/python3.12/site-packages/airflow/example_dags/example_latest_only_with_trigger.py for tasks to queue
[2025-10-05T23:13:19.564+0000] {logging_mixin.py:190} INFO - [2025-10-05T23:13:19.563+0000] {dagbag.py:588} INFO - Filling up the DagBag from /home/airflow/.local/lib/python3.12/site-packages/airflow/example_dags/example_latest_only_with_trigger.py
[2025-10-05T23:13:19.579+0000] {processor.py:925} INFO - DAG(s) 'latest_only_with_trigger' retrieved from /home/airflow/.local/lib/python3.12/site-packages/airflow/example_dags/example_latest_only_with_trigger.py
[2025-10-05T23:13:19.622+0000] {logging_mixin.py:190} INFO - [2025-10-05T23:13:19.621+0000] {dag.py:3239} INFO - Sync 1 DAGs
[2025-10-05T23:13:19.659+0000] {logging_mixin.py:190} INFO - [2025-10-05T23:13:19.659+0000] {dag.py:4180} INFO - Setting next_dagrun for latest_only_with_trigger to 2025-10-05 16:00:00+00:00, run_after=2025-10-05 20:00:00+00:00
[2025-10-05T23:13:19.688+0000] {processor.py:208} INFO - Processing /home/airflow/.local/lib/python3.12/site-packages/airflow/example_dags/example_latest_only_with_trigger.py took 0.144 seconds
[2025-10-05T23:13:50.353+0000] {processor.py:186} INFO - Started process (PID=434) to work on /home/airflow/.local/lib/python3.12/site-packages/airflow/example_dags/example_latest_only_with_trigger.py
[2025-10-05T23:13:50.354+0000] {processor.py:914} INFO - Processing file /home/airflow/.local/lib/python3.12/site-packages/airflow/example_dags/example_latest_only_with_trigger.py for tasks to queue
[2025-10-05T23:13:50.357+0000] {logging_mixin.py:190} INFO - [2025-10-05T23:13:50.356+0000] {dagbag.py:588} INFO - Filling up the DagBag from /home/airflow/.local/lib/python3.12/site-packages/airflow/example_dags/example_latest_only_with_trigger.py
[2025-10-05T23:13:50.368+0000] {processor.py:925} INFO - DAG(s) 'latest_only_with_trigger' retrieved from /home/airflow/.local/lib/python3.12/site-packages/airflow/example_dags/example_latest_only_with_trigger.py
[2025-10-05T23:13:50.392+0000] {logging_mixin.py:190} INFO - [2025-10-05T23:13:50.392+0000] {dag.py:3239} INFO - Sync 1 DAGs
[2025-10-05T23:13:50.434+0000] {logging_mixin.py:190} INFO - [2025-10-05T23:13:50.434+0000] {dag.py:4180} INFO - Setting next_dagrun for latest_only_with_trigger to 2025-10-05 16:00:00+00:00, run_after=2025-10-05 20:00:00+00:00
[2025-10-05T23:13:50.512+0000] {processor.py:208} INFO - Processing /home/airflow/.local/lib/python3.12/site-packages/airflow/example_dags/example_latest_only_with_trigger.py took 0.168 seconds
[2025-10-05T23:14:20.801+0000] {processor.py:186} INFO - Started process (PID=497) to work on /home/airflow/.local/lib/python3.12/site-packages/airflow/example_dags/example_latest_only_with_trigger.py
[2025-10-05T23:14:20.802+0000] {processor.py:914} INFO - Processing file /home/airflow/.local/lib/python3.12/site-packages/airflow/example_dags/example_latest_only_with_trigger.py for tasks to queue
[2025-10-05T23:14:20.806+0000] {logging_mixin.py:190} INFO - [2025-10-05T23:14:20.805+0000] {dagbag.py:588} INFO - Filling up the DagBag from /home/airflow/.local/lib/python3.12/site-packages/airflow/example_dags/example_latest_only_with_trigger.py
[2025-10-05T23:14:20.814+0000] {processor.py:925} INFO - DAG(s) 'latest_only_with_trigger' retrieved from /home/airflow/.local/lib/python3.12/site-packages/airflow/example_dags/example_latest_only_with_trigger.py
[2025-10-05T23:14:20.842+0000] {logging_mixin.py:190} INFO - [2025-10-05T23:14:20.842+0000] {dag.py:3239} INFO - Sync 1 DAGs
[2025-10-05T23:14:20.870+0000] {logging_mixin.py:190} INFO - [2025-10-05T23:14:20.870+0000] {dag.py:4180} INFO - Setting next_dagrun for latest_only_with_trigger to 2025-10-05 16:00:00+00:00, run_after=2025-10-05 20:00:00+00:00
[2025-10-05T23:14:20.895+0000] {processor.py:208} INFO - Processing /home/airflow/.local/lib/python3.12/site-packages/airflow/example_dags/example_latest_only_with_trigger.py took 0.102 seconds
[2025-10-05T23:14:54.068+0000] {processor.py:186} INFO - Started process (PID=566) to work on /home/airflow/.local/lib/python3.12/site-packages/airflow/example_dags/example_latest_only_with_trigger.py
[2025-10-05T23:14:54.071+0000] {processor.py:914} INFO - Processing file /home/airflow/.local/lib/python3.12/site-packages/airflow/example_dags/example_latest_only_with_trigger.py for tasks to queue
[2025-10-05T23:14:54.078+0000] {logging_mixin.py:190} INFO - [2025-10-05T23:14:54.077+0000] {dagbag.py:588} INFO - Filling up the DagBag from /home/airflow/.local/lib/python3.12/site-packages/airflow/example_dags/example_latest_only_with_trigger.py
[2025-10-05T23:14:54.096+0000] {processor.py:925} INFO - DAG(s) 'latest_only_with_trigger' retrieved from /home/airflow/.local/lib/python3.12/site-packages/airflow/example_dags/example_latest_only_with_trigger.py
[2025-10-05T23:14:54.172+0000] {logging_mixin.py:190} INFO - [2025-10-05T23:14:54.171+0000] {dag.py:3239} INFO - Sync 1 DAGs
[2025-10-05T23:14:54.255+0000] {logging_mixin.py:190} INFO - [2025-10-05T23:14:54.255+0000] {dag.py:4180} INFO - Setting next_dagrun for latest_only_with_trigger to 2025-10-05 16:00:00+00:00, run_after=2025-10-05 20:00:00+00:00
[2025-10-05T23:14:54.352+0000] {processor.py:208} INFO - Processing /home/airflow/.local/lib/python3.12/site-packages/airflow/example_dags/example_latest_only_with_trigger.py took 0.300 seconds
[2025-10-05T23:15:24.596+0000] {processor.py:186} INFO - Started process (PID=623) to work on /home/airflow/.local/lib/python3.12/site-packages/airflow/example_dags/example_latest_only_with_trigger.py
[2025-10-05T23:15:24.599+0000] {processor.py:914} INFO - Processing file /home/airflow/.local/lib/python3.12/site-packages/airflow/example_dags/example_latest_only_with_trigger.py for tasks to queue
[2025-10-05T23:15:24.603+0000] {logging_mixin.py:190} INFO - [2025-10-05T23:15:24.603+0000] {dagbag.py:588} INFO - Filling up the DagBag from /home/airflow/.local/lib/python3.12/site-packages/airflow/example_dags/example_latest_only_with_trigger.py
[2025-10-05T23:15:24.620+0000] {processor.py:925} INFO - DAG(s) 'latest_only_with_trigger' retrieved from /home/airflow/.local/lib/python3.12/site-packages/airflow/example_dags/example_latest_only_with_trigger.py
[2025-10-05T23:15:24.671+0000] {logging_mixin.py:190} INFO - [2025-10-05T23:15:24.671+0000] {dag.py:3239} INFO - Sync 1 DAGs
[2025-10-05T23:15:24.724+0000] {logging_mixin.py:190} INFO - [2025-10-05T23:15:24.724+0000] {dag.py:4180} INFO - Setting next_dagrun for latest_only_with_trigger to 2025-10-05 16:00:00+00:00, run_after=2025-10-05 20:00:00+00:00
[2025-10-05T23:15:24.763+0000] {processor.py:208} INFO - Processing /home/airflow/.local/lib/python3.12/site-packages/airflow/example_dags/example_latest_only_with_trigger.py took 0.179 seconds
[2025-10-05T23:15:55.484+0000] {processor.py:186} INFO - Started process (PID=686) to work on /home/airflow/.local/lib/python3.12/site-packages/airflow/example_dags/example_latest_only_with_trigger.py
[2025-10-05T23:15:55.485+0000] {processor.py:914} INFO - Processing file /home/airflow/.local/lib/python3.12/site-packages/airflow/example_dags/example_latest_only_with_trigger.py for tasks to queue
[2025-10-05T23:15:55.490+0000] {logging_mixin.py:190} INFO - [2025-10-05T23:15:55.489+0000] {dagbag.py:588} INFO - Filling up the DagBag from /home/airflow/.local/lib/python3.12/site-packages/airflow/example_dags/example_latest_only_with_trigger.py
[2025-10-05T23:15:55.502+0000] {processor.py:925} INFO - DAG(s) 'latest_only_with_trigger' retrieved from /home/airflow/.local/lib/python3.12/site-packages/airflow/example_dags/example_latest_only_with_trigger.py
[2025-10-05T23:15:55.532+0000] {logging_mixin.py:190} INFO - [2025-10-05T23:15:55.532+0000] {dag.py:3239} INFO - Sync 1 DAGs
[2025-10-05T23:15:55.564+0000] {logging_mixin.py:190} INFO - [2025-10-05T23:15:55.564+0000] {dag.py:4180} INFO - Setting next_dagrun for latest_only_with_trigger to 2025-10-05 16:00:00+00:00, run_after=2025-10-05 20:00:00+00:00
[2025-10-05T23:15:55.602+0000] {processor.py:208} INFO - Processing /home/airflow/.local/lib/python3.12/site-packages/airflow/example_dags/example_latest_only_with_trigger.py took 0.126 seconds
[2025-10-05T23:16:40.626+0000] {processor.py:186} INFO - Started process (PID=753) to work on /home/airflow/.local/lib/python3.12/site-packages/airflow/example_dags/example_latest_only_with_trigger.py
[2025-10-05T23:16:40.627+0000] {processor.py:914} INFO - Processing file /home/airflow/.local/lib/python3.12/site-packages/airflow/example_dags/example_latest_only_with_trigger.py for tasks to queue
[2025-10-05T23:16:40.632+0000] {logging_mixin.py:190} INFO - [2025-10-05T23:16:40.632+0000] {dagbag.py:588} INFO - Filling up the DagBag from /home/airflow/.local/lib/python3.12/site-packages/airflow/example_dags/example_latest_only_with_trigger.py
[2025-10-05T23:16:40.648+0000] {processor.py:925} INFO - DAG(s) 'latest_only_with_trigger' retrieved from /home/airflow/.local/lib/python3.12/site-packages/airflow/example_dags/example_latest_only_with_trigger.py
[2025-10-05T23:16:40.679+0000] {logging_mixin.py:190} INFO - [2025-10-05T23:16:40.678+0000] {dag.py:3239} INFO - Sync 1 DAGs
[2025-10-05T23:16:40.715+0000] {logging_mixin.py:190} INFO - [2025-10-05T23:16:40.715+0000] {dag.py:4180} INFO - Setting next_dagrun for latest_only_with_trigger to 2025-10-05 16:00:00+00:00, run_after=2025-10-05 20:00:00+00:00
[2025-10-05T23:16:40.743+0000] {processor.py:208} INFO - Processing /home/airflow/.local/lib/python3.12/site-packages/airflow/example_dags/example_latest_only_with_trigger.py took 0.127 seconds
[2025-10-05T23:17:11.230+0000] {processor.py:186} INFO - Started process (PID=817) to work on /home/airflow/.local/lib/python3.12/site-packages/airflow/example_dags/example_latest_only_with_trigger.py
[2025-10-05T23:17:11.232+0000] {processor.py:914} INFO - Processing file /home/airflow/.local/lib/python3.12/site-packages/airflow/example_dags/example_latest_only_with_trigger.py for tasks to queue
[2025-10-05T23:17:11.236+0000] {logging_mixin.py:190} INFO - [2025-10-05T23:17:11.235+0000] {dagbag.py:588} INFO - Filling up the DagBag from /home/airflow/.local/lib/python3.12/site-packages/airflow/example_dags/example_latest_only_with_trigger.py
[2025-10-05T23:17:11.248+0000] {processor.py:925} INFO - DAG(s) 'latest_only_with_trigger' retrieved from /home/airflow/.local/lib/python3.12/site-packages/airflow/example_dags/example_latest_only_with_trigger.py
[2025-10-05T23:17:11.277+0000] {logging_mixin.py:190} INFO - [2025-10-05T23:17:11.277+0000] {dag.py:3239} INFO - Sync 1 DAGs
[2025-10-05T23:17:11.312+0000] {logging_mixin.py:190} INFO - [2025-10-05T23:17:11.312+0000] {dag.py:4180} INFO - Setting next_dagrun for latest_only_with_trigger to 2025-10-05 16:00:00+00:00, run_after=2025-10-05 20:00:00+00:00
[2025-10-05T23:17:11.339+0000] {processor.py:208} INFO - Processing /home/airflow/.local/lib/python3.12/site-packages/airflow/example_dags/example_latest_only_with_trigger.py took 0.119 seconds
[2025-10-05T23:17:42.056+0000] {processor.py:186} INFO - Started process (PID=880) to work on /home/airflow/.local/lib/python3.12/site-packages/airflow/example_dags/example_latest_only_with_trigger.py
[2025-10-05T23:17:42.057+0000] {processor.py:914} INFO - Processing file /home/airflow/.local/lib/python3.12/site-packages/airflow/example_dags/example_latest_only_with_trigger.py for tasks to queue
[2025-10-05T23:17:42.060+0000] {logging_mixin.py:190} INFO - [2025-10-05T23:17:42.060+0000] {dagbag.py:588} INFO - Filling up the DagBag from /home/airflow/.local/lib/python3.12/site-packages/airflow/example_dags/example_latest_only_with_trigger.py
[2025-10-05T23:17:42.071+0000] {processor.py:925} INFO - DAG(s) 'latest_only_with_trigger' retrieved from /home/airflow/.local/lib/python3.12/site-packages/airflow/example_dags/example_latest_only_with_trigger.py
[2025-10-05T23:17:42.094+0000] {logging_mixin.py:190} INFO - [2025-10-05T23:17:42.093+0000] {dag.py:3239} INFO - Sync 1 DAGs
[2025-10-05T23:17:42.125+0000] {logging_mixin.py:190} INFO - [2025-10-05T23:17:42.124+0000] {dag.py:4180} INFO - Setting next_dagrun for latest_only_with_trigger to 2025-10-05 16:00:00+00:00, run_after=2025-10-05 20:00:00+00:00
[2025-10-05T23:17:42.149+0000] {processor.py:208} INFO - Processing /home/airflow/.local/lib/python3.12/site-packages/airflow/example_dags/example_latest_only_with_trigger.py took 0.100 seconds
[2025-10-05T23:18:13.073+0000] {processor.py:186} INFO - Started process (PID=943) to work on /home/airflow/.local/lib/python3.12/site-packages/airflow/example_dags/example_latest_only_with_trigger.py
[2025-10-05T23:18:13.074+0000] {processor.py:914} INFO - Processing file /home/airflow/.local/lib/python3.12/site-packages/airflow/example_dags/example_latest_only_with_trigger.py for tasks to queue
[2025-10-05T23:18:13.077+0000] {logging_mixin.py:190} INFO - [2025-10-05T23:18:13.076+0000] {dagbag.py:588} INFO - Filling up the DagBag from /home/airflow/.local/lib/python3.12/site-packages/airflow/example_dags/example_latest_only_with_trigger.py
[2025-10-05T23:18:13.086+0000] {processor.py:925} INFO - DAG(s) 'latest_only_with_trigger' retrieved from /home/airflow/.local/lib/python3.12/site-packages/airflow/example_dags/example_latest_only_with_trigger.py
[2025-10-05T23:18:13.109+0000] {logging_mixin.py:190} INFO - [2025-10-05T23:18:13.109+0000] {dag.py:3239} INFO - Sync 1 DAGs
[2025-10-05T23:18:13.135+0000] {logging_mixin.py:190} INFO - [2025-10-05T23:18:13.135+0000] {dag.py:4180} INFO - Setting next_dagrun for latest_only_with_trigger to 2025-10-05 16:00:00+00:00, run_after=2025-10-05 20:00:00+00:00
[2025-10-05T23:18:13.157+0000] {processor.py:208} INFO - Processing /home/airflow/.local/lib/python3.12/site-packages/airflow/example_dags/example_latest_only_with_trigger.py took 0.092 seconds
[2025-10-05T23:18:44.379+0000] {processor.py:186} INFO - Started process (PID=1006) to work on /home/airflow/.local/lib/python3.12/site-packages/airflow/example_dags/example_latest_only_with_trigger.py
[2025-10-05T23:18:44.380+0000] {processor.py:914} INFO - Processing file /home/airflow/.local/lib/python3.12/site-packages/airflow/example_dags/example_latest_only_with_trigger.py for tasks to queue
[2025-10-05T23:18:44.384+0000] {logging_mixin.py:190} INFO - [2025-10-05T23:18:44.384+0000] {dagbag.py:588} INFO - Filling up the DagBag from /home/airflow/.local/lib/python3.12/site-packages/airflow/example_dags/example_latest_only_with_trigger.py
[2025-10-05T23:18:44.396+0000] {processor.py:925} INFO - DAG(s) 'latest_only_with_trigger' retrieved from /home/airflow/.local/lib/python3.12/site-packages/airflow/example_dags/example_latest_only_with_trigger.py
[2025-10-05T23:18:44.424+0000] {logging_mixin.py:190} INFO - [2025-10-05T23:18:44.424+0000] {dag.py:3239} INFO - Sync 1 DAGs
[2025-10-05T23:18:44.455+0000] {logging_mixin.py:190} INFO - [2025-10-05T23:18:44.454+0000] {dag.py:4180} INFO - Setting next_dagrun for latest_only_with_trigger to 2025-10-05 16:00:00+00:00, run_after=2025-10-05 20:00:00+00:00
[2025-10-05T23:18:44.478+0000] {processor.py:208} INFO - Processing /home/airflow/.local/lib/python3.12/site-packages/airflow/example_dags/example_latest_only_with_trigger.py took 0.109 seconds
[2025-10-05T23:19:15.389+0000] {processor.py:186} INFO - Started process (PID=1069) to work on /home/airflow/.local/lib/python3.12/site-packages/airflow/example_dags/example_latest_only_with_trigger.py
[2025-10-05T23:19:15.391+0000] {processor.py:914} INFO - Processing file /home/airflow/.local/lib/python3.12/site-packages/airflow/example_dags/example_latest_only_with_trigger.py for tasks to queue
[2025-10-05T23:19:15.394+0000] {logging_mixin.py:190} INFO - [2025-10-05T23:19:15.394+0000] {dagbag.py:588} INFO - Filling up the DagBag from /home/airflow/.local/lib/python3.12/site-packages/airflow/example_dags/example_latest_only_with_trigger.py
[2025-10-05T23:19:15.404+0000] {processor.py:925} INFO - DAG(s) 'latest_only_with_trigger' retrieved from /home/airflow/.local/lib/python3.12/site-packages/airflow/example_dags/example_latest_only_with_trigger.py
[2025-10-05T23:19:15.429+0000] {logging_mixin.py:190} INFO - [2025-10-05T23:19:15.429+0000] {dag.py:3239} INFO - Sync 1 DAGs
[2025-10-05T23:19:15.456+0000] {logging_mixin.py:190} INFO - [2025-10-05T23:19:15.455+0000] {dag.py:4180} INFO - Setting next_dagrun for latest_only_with_trigger to 2025-10-05 16:00:00+00:00, run_after=2025-10-05 20:00:00+00:00
[2025-10-05T23:19:15.484+0000] {processor.py:208} INFO - Processing /home/airflow/.local/lib/python3.12/site-packages/airflow/example_dags/example_latest_only_with_trigger.py took 0.102 seconds
[2025-10-05T23:20:07.521+0000] {processor.py:186} INFO - Started process (PID=1143) to work on /home/airflow/.local/lib/python3.12/site-packages/airflow/example_dags/example_latest_only_with_trigger.py
[2025-10-05T23:20:07.523+0000] {processor.py:914} INFO - Processing file /home/airflow/.local/lib/python3.12/site-packages/airflow/example_dags/example_latest_only_with_trigger.py for tasks to queue
[2025-10-05T23:20:07.526+0000] {logging_mixin.py:190} INFO - [2025-10-05T23:20:07.526+0000] {dagbag.py:588} INFO - Filling up the DagBag from /home/airflow/.local/lib/python3.12/site-packages/airflow/example_dags/example_latest_only_with_trigger.py
[2025-10-05T23:20:07.538+0000] {processor.py:925} INFO - DAG(s) 'latest_only_with_trigger' retrieved from /home/airflow/.local/lib/python3.12/site-packages/airflow/example_dags/example_latest_only_with_trigger.py
[2025-10-05T23:20:07.566+0000] {logging_mixin.py:190} INFO - [2025-10-05T23:20:07.565+0000] {dag.py:3239} INFO - Sync 1 DAGs
[2025-10-05T23:20:07.600+0000] {logging_mixin.py:190} INFO - [2025-10-05T23:20:07.599+0000] {dag.py:4180} INFO - Setting next_dagrun for latest_only_with_trigger to 2025-10-05 16:00:00+00:00, run_after=2025-10-05 20:00:00+00:00
[2025-10-05T23:20:07.629+0000] {processor.py:208} INFO - Processing /home/airflow/.local/lib/python3.12/site-packages/airflow/example_dags/example_latest_only_with_trigger.py took 0.116 seconds
[2025-10-05T23:20:38.278+0000] {processor.py:186} INFO - Started process (PID=1206) to work on /home/airflow/.local/lib/python3.12/site-packages/airflow/example_dags/example_latest_only_with_trigger.py
[2025-10-05T23:20:38.280+0000] {processor.py:914} INFO - Processing file /home/airflow/.local/lib/python3.12/site-packages/airflow/example_dags/example_latest_only_with_trigger.py for tasks to queue
[2025-10-05T23:20:38.284+0000] {logging_mixin.py:190} INFO - [2025-10-05T23:20:38.283+0000] {dagbag.py:588} INFO - Filling up the DagBag from /home/airflow/.local/lib/python3.12/site-packages/airflow/example_dags/example_latest_only_with_trigger.py
[2025-10-05T23:20:38.297+0000] {processor.py:925} INFO - DAG(s) 'latest_only_with_trigger' retrieved from /home/airflow/.local/lib/python3.12/site-packages/airflow/example_dags/example_latest_only_with_trigger.py
[2025-10-05T23:20:38.329+0000] {logging_mixin.py:190} INFO - [2025-10-05T23:20:38.329+0000] {dag.py:3239} INFO - Sync 1 DAGs
[2025-10-05T23:20:38.358+0000] {logging_mixin.py:190} INFO - [2025-10-05T23:20:38.358+0000] {dag.py:4180} INFO - Setting next_dagrun for latest_only_with_trigger to 2025-10-05 16:00:00+00:00, run_after=2025-10-05 20:00:00+00:00
[2025-10-05T23:20:38.384+0000] {processor.py:208} INFO - Processing /home/airflow/.local/lib/python3.12/site-packages/airflow/example_dags/example_latest_only_with_trigger.py took 0.113 seconds
[2025-10-05T23:21:19.324+0000] {processor.py:186} INFO - Started process (PID=1264) to work on /home/airflow/.local/lib/python3.12/site-packages/airflow/example_dags/example_latest_only_with_trigger.py
[2025-10-05T23:21:19.326+0000] {processor.py:914} INFO - Processing file /home/airflow/.local/lib/python3.12/site-packages/airflow/example_dags/example_latest_only_with_trigger.py for tasks to queue
[2025-10-05T23:21:19.330+0000] {logging_mixin.py:190} INFO - [2025-10-05T23:21:19.330+0000] {dagbag.py:588} INFO - Filling up the DagBag from /home/airflow/.local/lib/python3.12/site-packages/airflow/example_dags/example_latest_only_with_trigger.py
[2025-10-05T23:21:19.344+0000] {processor.py:925} INFO - DAG(s) 'latest_only_with_trigger' retrieved from /home/airflow/.local/lib/python3.12/site-packages/airflow/example_dags/example_latest_only_with_trigger.py
[2025-10-05T23:21:19.379+0000] {logging_mixin.py:190} INFO - [2025-10-05T23:21:19.378+0000] {dag.py:3239} INFO - Sync 1 DAGs
[2025-10-05T23:21:19.413+0000] {logging_mixin.py:190} INFO - [2025-10-05T23:21:19.413+0000] {dag.py:4180} INFO - Setting next_dagrun for latest_only_with_trigger to 2025-10-05 16:00:00+00:00, run_after=2025-10-05 20:00:00+00:00
[2025-10-05T23:21:19.439+0000] {processor.py:208} INFO - Processing /home/airflow/.local/lib/python3.12/site-packages/airflow/example_dags/example_latest_only_with_trigger.py took 0.124 seconds
[2025-10-05T23:26:45.362+0000] {processor.py:186} INFO - Started process (PID=1358) to work on /home/airflow/.local/lib/python3.12/site-packages/airflow/example_dags/example_latest_only_with_trigger.py
[2025-10-05T23:26:45.364+0000] {processor.py:914} INFO - Processing file /home/airflow/.local/lib/python3.12/site-packages/airflow/example_dags/example_latest_only_with_trigger.py for tasks to queue
[2025-10-05T23:26:45.367+0000] {logging_mixin.py:190} INFO - [2025-10-05T23:26:45.366+0000] {dagbag.py:588} INFO - Filling up the DagBag from /home/airflow/.local/lib/python3.12/site-packages/airflow/example_dags/example_latest_only_with_trigger.py
[2025-10-05T23:26:45.383+0000] {processor.py:925} INFO - DAG(s) 'latest_only_with_trigger' retrieved from /home/airflow/.local/lib/python3.12/site-packages/airflow/example_dags/example_latest_only_with_trigger.py
[2025-10-05T23:26:45.420+0000] {logging_mixin.py:190} INFO - [2025-10-05T23:26:45.420+0000] {dag.py:3239} INFO - Sync 1 DAGs
[2025-10-05T23:26:45.466+0000] {logging_mixin.py:190} INFO - [2025-10-05T23:26:45.465+0000] {dag.py:4180} INFO - Setting next_dagrun for latest_only_with_trigger to 2025-10-05 16:00:00+00:00, run_after=2025-10-05 20:00:00+00:00
[2025-10-05T23:26:45.499+0000] {processor.py:208} INFO - Processing /home/airflow/.local/lib/python3.12/site-packages/airflow/example_dags/example_latest_only_with_trigger.py took 0.147 seconds
[2025-10-05T23:28:18.890+0000] {processor.py:186} INFO - Started process (PID=1420) to work on /home/airflow/.local/lib/python3.12/site-packages/airflow/example_dags/example_latest_only_with_trigger.py
[2025-10-05T23:28:18.894+0000] {processor.py:914} INFO - Processing file /home/airflow/.local/lib/python3.12/site-packages/airflow/example_dags/example_latest_only_with_trigger.py for tasks to queue
[2025-10-05T23:28:18.898+0000] {logging_mixin.py:190} INFO - [2025-10-05T23:28:18.896+0000] {dagbag.py:588} INFO - Filling up the DagBag from /home/airflow/.local/lib/python3.12/site-packages/airflow/example_dags/example_latest_only_with_trigger.py
[2025-10-05T23:28:18.944+0000] {processor.py:925} INFO - DAG(s) 'latest_only_with_trigger' retrieved from /home/airflow/.local/lib/python3.12/site-packages/airflow/example_dags/example_latest_only_with_trigger.py
[2025-10-05T23:28:19.464+0000] {logging_mixin.py:190} INFO - [2025-10-05T23:28:19.451+0000] {dag.py:3239} INFO - Sync 1 DAGs
[2025-10-05T23:28:19.607+0000] {logging_mixin.py:190} INFO - [2025-10-05T23:28:19.594+0000] {dag.py:4180} INFO - Setting next_dagrun for latest_only_with_trigger to 2025-10-05 16:00:00+00:00, run_after=2025-10-05 20:00:00+00:00
[2025-10-05T23:28:19.726+0000] {processor.py:208} INFO - Processing /home/airflow/.local/lib/python3.12/site-packages/airflow/example_dags/example_latest_only_with_trigger.py took 0.856 seconds
