[2025-10-05T23:10:31.772+0000] {processor.py:186} INFO - Started process (PID=78) to work on /home/airflow/.local/lib/python3.12/site-packages/airflow/example_dags/example_workday_timetable.py
[2025-10-05T23:10:31.785+0000] {processor.py:914} INFO - Processing file /home/airflow/.local/lib/python3.12/site-packages/airflow/example_dags/example_workday_timetable.py for tasks to queue
[2025-10-05T23:10:31.807+0000] {logging_mixin.py:190} INFO - [2025-10-05T23:10:31.806+0000] {dagbag.py:588} INFO - Filling up the DagBag from /home/airflow/.local/lib/python3.12/site-packages/airflow/example_dags/example_workday_timetable.py
[2025-10-05T23:10:31.880+0000] {processor.py:925} INFO - DAG(s) 'example_workday_timetable' retrieved from /home/airflow/.local/lib/python3.12/site-packages/airflow/example_dags/example_workday_timetable.py
[2025-10-05T23:10:33.853+0000] {logging_mixin.py:190} INFO - [2025-10-05T23:10:33.848+0000] {override.py:1900} INFO - Created Permission View: can edit on DAG:example_workday_timetable
[2025-10-05T23:10:33.898+0000] {logging_mixin.py:190} INFO - [2025-10-05T23:10:33.897+0000] {override.py:1900} INFO - Created Permission View: can delete on DAG:example_workday_timetable
[2025-10-05T23:10:33.932+0000] {logging_mixin.py:190} INFO - [2025-10-05T23:10:33.931+0000] {override.py:1900} INFO - Created Permission View: can read on DAG:example_workday_timetable
[2025-10-05T23:10:33.990+0000] {logging_mixin.py:190} INFO - [2025-10-05T23:10:33.986+0000] {override.py:1900} INFO - Created Permission View: can create on DAG Run:example_workday_timetable
[2025-10-05T23:10:34.021+0000] {logging_mixin.py:190} INFO - [2025-10-05T23:10:34.020+0000] {override.py:1900} INFO - Created Permission View: menu access on DAG Run:example_workday_timetable
[2025-10-05T23:10:34.053+0000] {logging_mixin.py:190} INFO - [2025-10-05T23:10:34.052+0000] {override.py:1900} INFO - Created Permission View: can delete on DAG Run:example_workday_timetable
[2025-10-05T23:10:34.082+0000] {logging_mixin.py:190} INFO - [2025-10-05T23:10:34.077+0000] {override.py:1900} INFO - Created Permission View: can read on DAG Run:example_workday_timetable
[2025-10-05T23:10:34.086+0000] {logging_mixin.py:190} INFO - [2025-10-05T23:10:34.085+0000] {dag.py:3239} INFO - Sync 1 DAGs
[2025-10-05T23:10:34.229+0000] {logging_mixin.py:190} INFO - [2025-10-05T23:10:34.228+0000] {dag.py:3262} INFO - Creating ORM DAG for example_workday_timetable
[2025-10-05T23:10:34.977+0000] {logging_mixin.py:190} INFO - [2025-10-05T23:10:34.976+0000] {dag.py:4180} INFO - Setting next_dagrun for example_workday_timetable to 2021-01-04 00:00:00+00:00, run_after=2021-01-05 00:00:00+00:00
[2025-10-05T23:10:35.084+0000] {processor.py:208} INFO - Processing /home/airflow/.local/lib/python3.12/site-packages/airflow/example_dags/example_workday_timetable.py took 3.381 seconds
[2025-10-05T23:11:23.162+0000] {processor.py:186} INFO - Started process (PID=147) to work on /home/airflow/.local/lib/python3.12/site-packages/airflow/example_dags/example_workday_timetable.py
[2025-10-05T23:11:23.165+0000] {processor.py:914} INFO - Processing file /home/airflow/.local/lib/python3.12/site-packages/airflow/example_dags/example_workday_timetable.py for tasks to queue
[2025-10-05T23:11:23.171+0000] {logging_mixin.py:190} INFO - [2025-10-05T23:11:23.170+0000] {dagbag.py:588} INFO - Filling up the DagBag from /home/airflow/.local/lib/python3.12/site-packages/airflow/example_dags/example_workday_timetable.py
[2025-10-05T23:11:23.187+0000] {processor.py:925} INFO - DAG(s) 'example_workday_timetable' retrieved from /home/airflow/.local/lib/python3.12/site-packages/airflow/example_dags/example_workday_timetable.py
[2025-10-05T23:11:23.238+0000] {logging_mixin.py:190} INFO - [2025-10-05T23:11:23.237+0000] {dag.py:3239} INFO - Sync 1 DAGs
[2025-10-05T23:11:23.461+0000] {logging_mixin.py:190} INFO - [2025-10-05T23:11:23.460+0000] {dag.py:4180} INFO - Setting next_dagrun for example_workday_timetable to 2021-01-04 00:00:00+00:00, run_after=2021-01-05 00:00:00+00:00
[2025-10-05T23:11:23.518+0000] {processor.py:208} INFO - Processing /home/airflow/.local/lib/python3.12/site-packages/airflow/example_dags/example_workday_timetable.py took 0.372 seconds
[2025-10-05T23:11:53.929+0000] {processor.py:186} INFO - Started process (PID=210) to work on /home/airflow/.local/lib/python3.12/site-packages/airflow/example_dags/example_workday_timetable.py
[2025-10-05T23:11:53.933+0000] {processor.py:914} INFO - Processing file /home/airflow/.local/lib/python3.12/site-packages/airflow/example_dags/example_workday_timetable.py for tasks to queue
[2025-10-05T23:11:53.941+0000] {logging_mixin.py:190} INFO - [2025-10-05T23:11:53.940+0000] {dagbag.py:588} INFO - Filling up the DagBag from /home/airflow/.local/lib/python3.12/site-packages/airflow/example_dags/example_workday_timetable.py
[2025-10-05T23:11:53.959+0000] {processor.py:925} INFO - DAG(s) 'example_workday_timetable' retrieved from /home/airflow/.local/lib/python3.12/site-packages/airflow/example_dags/example_workday_timetable.py
[2025-10-05T23:11:54.021+0000] {logging_mixin.py:190} INFO - [2025-10-05T23:11:54.020+0000] {dag.py:3239} INFO - Sync 1 DAGs
[2025-10-05T23:11:54.261+0000] {logging_mixin.py:190} INFO - [2025-10-05T23:11:54.261+0000] {dag.py:4180} INFO - Setting next_dagrun for example_workday_timetable to 2021-01-04 00:00:00+00:00, run_after=2021-01-05 00:00:00+00:00
[2025-10-05T23:11:54.311+0000] {processor.py:208} INFO - Processing /home/airflow/.local/lib/python3.12/site-packages/airflow/example_dags/example_workday_timetable.py took 0.400 seconds
[2025-10-05T23:12:25.804+0000] {processor.py:186} INFO - Started process (PID=273) to work on /home/airflow/.local/lib/python3.12/site-packages/airflow/example_dags/example_workday_timetable.py
[2025-10-05T23:12:25.808+0000] {processor.py:914} INFO - Processing file /home/airflow/.local/lib/python3.12/site-packages/airflow/example_dags/example_workday_timetable.py for tasks to queue
[2025-10-05T23:12:25.814+0000] {logging_mixin.py:190} INFO - [2025-10-05T23:12:25.813+0000] {dagbag.py:588} INFO - Filling up the DagBag from /home/airflow/.local/lib/python3.12/site-packages/airflow/example_dags/example_workday_timetable.py
[2025-10-05T23:12:25.831+0000] {processor.py:925} INFO - DAG(s) 'example_workday_timetable' retrieved from /home/airflow/.local/lib/python3.12/site-packages/airflow/example_dags/example_workday_timetable.py
[2025-10-05T23:12:25.876+0000] {logging_mixin.py:190} INFO - [2025-10-05T23:12:25.876+0000] {dag.py:3239} INFO - Sync 1 DAGs
[2025-10-05T23:12:26.034+0000] {logging_mixin.py:190} INFO - [2025-10-05T23:12:26.033+0000] {dag.py:4180} INFO - Setting next_dagrun for example_workday_timetable to 2021-01-04 00:00:00+00:00, run_after=2021-01-05 00:00:00+00:00
[2025-10-05T23:12:26.081+0000] {processor.py:208} INFO - Processing /home/airflow/.local/lib/python3.12/site-packages/airflow/example_dags/example_workday_timetable.py took 0.293 seconds
[2025-10-05T23:12:56.201+0000] {processor.py:186} INFO - Started process (PID=335) to work on /home/airflow/.local/lib/python3.12/site-packages/airflow/example_dags/example_workday_timetable.py
[2025-10-05T23:12:56.206+0000] {processor.py:914} INFO - Processing file /home/airflow/.local/lib/python3.12/site-packages/airflow/example_dags/example_workday_timetable.py for tasks to queue
[2025-10-05T23:12:56.235+0000] {logging_mixin.py:190} INFO - [2025-10-05T23:12:56.234+0000] {dagbag.py:588} INFO - Filling up the DagBag from /home/airflow/.local/lib/python3.12/site-packages/airflow/example_dags/example_workday_timetable.py
[2025-10-05T23:12:56.275+0000] {processor.py:925} INFO - DAG(s) 'example_workday_timetable' retrieved from /home/airflow/.local/lib/python3.12/site-packages/airflow/example_dags/example_workday_timetable.py
[2025-10-05T23:12:56.372+0000] {logging_mixin.py:190} INFO - [2025-10-05T23:12:56.371+0000] {dag.py:3239} INFO - Sync 1 DAGs
[2025-10-05T23:12:56.581+0000] {logging_mixin.py:190} INFO - [2025-10-05T23:12:56.580+0000] {dag.py:4180} INFO - Setting next_dagrun for example_workday_timetable to 2021-01-04 00:00:00+00:00, run_after=2021-01-05 00:00:00+00:00
[2025-10-05T23:12:56.609+0000] {processor.py:208} INFO - Processing /home/airflow/.local/lib/python3.12/site-packages/airflow/example_dags/example_workday_timetable.py took 0.417 seconds
[2025-10-05T23:13:27.597+0000] {processor.py:186} INFO - Started process (PID=399) to work on /home/airflow/.local/lib/python3.12/site-packages/airflow/example_dags/example_workday_timetable.py
[2025-10-05T23:13:27.599+0000] {processor.py:914} INFO - Processing file /home/airflow/.local/lib/python3.12/site-packages/airflow/example_dags/example_workday_timetable.py for tasks to queue
[2025-10-05T23:13:27.603+0000] {logging_mixin.py:190} INFO - [2025-10-05T23:13:27.603+0000] {dagbag.py:588} INFO - Filling up the DagBag from /home/airflow/.local/lib/python3.12/site-packages/airflow/example_dags/example_workday_timetable.py
[2025-10-05T23:13:27.610+0000] {processor.py:925} INFO - DAG(s) 'example_workday_timetable' retrieved from /home/airflow/.local/lib/python3.12/site-packages/airflow/example_dags/example_workday_timetable.py
[2025-10-05T23:13:27.640+0000] {logging_mixin.py:190} INFO - [2025-10-05T23:13:27.639+0000] {dag.py:3239} INFO - Sync 1 DAGs
[2025-10-05T23:13:27.743+0000] {logging_mixin.py:190} INFO - [2025-10-05T23:13:27.742+0000] {dag.py:4180} INFO - Setting next_dagrun for example_workday_timetable to 2021-01-04 00:00:00+00:00, run_after=2021-01-05 00:00:00+00:00
[2025-10-05T23:13:27.772+0000] {processor.py:208} INFO - Processing /home/airflow/.local/lib/python3.12/site-packages/airflow/example_dags/example_workday_timetable.py took 0.184 seconds
[2025-10-05T23:13:58.248+0000] {processor.py:186} INFO - Started process (PID=462) to work on /home/airflow/.local/lib/python3.12/site-packages/airflow/example_dags/example_workday_timetable.py
[2025-10-05T23:13:58.251+0000] {processor.py:914} INFO - Processing file /home/airflow/.local/lib/python3.12/site-packages/airflow/example_dags/example_workday_timetable.py for tasks to queue
[2025-10-05T23:13:58.261+0000] {logging_mixin.py:190} INFO - [2025-10-05T23:13:58.256+0000] {dagbag.py:588} INFO - Filling up the DagBag from /home/airflow/.local/lib/python3.12/site-packages/airflow/example_dags/example_workday_timetable.py
[2025-10-05T23:13:58.272+0000] {processor.py:925} INFO - DAG(s) 'example_workday_timetable' retrieved from /home/airflow/.local/lib/python3.12/site-packages/airflow/example_dags/example_workday_timetable.py
[2025-10-05T23:13:58.327+0000] {logging_mixin.py:190} INFO - [2025-10-05T23:13:58.327+0000] {dag.py:3239} INFO - Sync 1 DAGs
[2025-10-05T23:13:58.457+0000] {logging_mixin.py:190} INFO - [2025-10-05T23:13:58.457+0000] {dag.py:4180} INFO - Setting next_dagrun for example_workday_timetable to 2021-01-04 00:00:00+00:00, run_after=2021-01-05 00:00:00+00:00
[2025-10-05T23:13:58.512+0000] {processor.py:208} INFO - Processing /home/airflow/.local/lib/python3.12/site-packages/airflow/example_dags/example_workday_timetable.py took 0.271 seconds
[2025-10-05T23:14:28.878+0000] {processor.py:186} INFO - Started process (PID=525) to work on /home/airflow/.local/lib/python3.12/site-packages/airflow/example_dags/example_workday_timetable.py
[2025-10-05T23:14:28.879+0000] {processor.py:914} INFO - Processing file /home/airflow/.local/lib/python3.12/site-packages/airflow/example_dags/example_workday_timetable.py for tasks to queue
[2025-10-05T23:14:28.881+0000] {logging_mixin.py:190} INFO - [2025-10-05T23:14:28.881+0000] {dagbag.py:588} INFO - Filling up the DagBag from /home/airflow/.local/lib/python3.12/site-packages/airflow/example_dags/example_workday_timetable.py
[2025-10-05T23:14:28.887+0000] {processor.py:925} INFO - DAG(s) 'example_workday_timetable' retrieved from /home/airflow/.local/lib/python3.12/site-packages/airflow/example_dags/example_workday_timetable.py
[2025-10-05T23:14:28.909+0000] {logging_mixin.py:190} INFO - [2025-10-05T23:14:28.909+0000] {dag.py:3239} INFO - Sync 1 DAGs
[2025-10-05T23:14:28.979+0000] {logging_mixin.py:190} INFO - [2025-10-05T23:14:28.979+0000] {dag.py:4180} INFO - Setting next_dagrun for example_workday_timetable to 2021-01-04 00:00:00+00:00, run_after=2021-01-05 00:00:00+00:00
[2025-10-05T23:14:28.999+0000] {processor.py:208} INFO - Processing /home/airflow/.local/lib/python3.12/site-packages/airflow/example_dags/example_workday_timetable.py took 0.128 seconds
[2025-10-05T23:15:08.630+0000] {processor.py:186} INFO - Started process (PID=581) to work on /home/airflow/.local/lib/python3.12/site-packages/airflow/example_dags/example_workday_timetable.py
[2025-10-05T23:15:08.632+0000] {processor.py:914} INFO - Processing file /home/airflow/.local/lib/python3.12/site-packages/airflow/example_dags/example_workday_timetable.py for tasks to queue
[2025-10-05T23:15:08.638+0000] {logging_mixin.py:190} INFO - [2025-10-05T23:15:08.637+0000] {dagbag.py:588} INFO - Filling up the DagBag from /home/airflow/.local/lib/python3.12/site-packages/airflow/example_dags/example_workday_timetable.py
[2025-10-05T23:15:08.653+0000] {processor.py:925} INFO - DAG(s) 'example_workday_timetable' retrieved from /home/airflow/.local/lib/python3.12/site-packages/airflow/example_dags/example_workday_timetable.py
[2025-10-05T23:15:08.693+0000] {logging_mixin.py:190} INFO - [2025-10-05T23:15:08.693+0000] {dag.py:3239} INFO - Sync 1 DAGs
[2025-10-05T23:15:09.100+0000] {logging_mixin.py:190} INFO - [2025-10-05T23:15:09.099+0000] {dag.py:4180} INFO - Setting next_dagrun for example_workday_timetable to 2021-01-04 00:00:00+00:00, run_after=2021-01-05 00:00:00+00:00
[2025-10-05T23:15:09.152+0000] {processor.py:208} INFO - Processing /home/airflow/.local/lib/python3.12/site-packages/airflow/example_dags/example_workday_timetable.py took 0.534 seconds
[2025-10-05T23:15:39.553+0000] {processor.py:186} INFO - Started process (PID=644) to work on /home/airflow/.local/lib/python3.12/site-packages/airflow/example_dags/example_workday_timetable.py
[2025-10-05T23:15:39.555+0000] {processor.py:914} INFO - Processing file /home/airflow/.local/lib/python3.12/site-packages/airflow/example_dags/example_workday_timetable.py for tasks to queue
[2025-10-05T23:15:39.558+0000] {logging_mixin.py:190} INFO - [2025-10-05T23:15:39.557+0000] {dagbag.py:588} INFO - Filling up the DagBag from /home/airflow/.local/lib/python3.12/site-packages/airflow/example_dags/example_workday_timetable.py
[2025-10-05T23:15:39.567+0000] {processor.py:925} INFO - DAG(s) 'example_workday_timetable' retrieved from /home/airflow/.local/lib/python3.12/site-packages/airflow/example_dags/example_workday_timetable.py
[2025-10-05T23:15:39.589+0000] {logging_mixin.py:190} INFO - [2025-10-05T23:15:39.588+0000] {dag.py:3239} INFO - Sync 1 DAGs
[2025-10-05T23:15:39.748+0000] {logging_mixin.py:190} INFO - [2025-10-05T23:15:39.747+0000] {dag.py:4180} INFO - Setting next_dagrun for example_workday_timetable to 2021-01-04 00:00:00+00:00, run_after=2021-01-05 00:00:00+00:00
[2025-10-05T23:15:39.769+0000] {processor.py:208} INFO - Processing /home/airflow/.local/lib/python3.12/site-packages/airflow/example_dags/example_workday_timetable.py took 0.225 seconds
[2025-10-05T23:16:10.393+0000] {processor.py:186} INFO - Started process (PID=707) to work on /home/airflow/.local/lib/python3.12/site-packages/airflow/example_dags/example_workday_timetable.py
[2025-10-05T23:16:10.394+0000] {processor.py:914} INFO - Processing file /home/airflow/.local/lib/python3.12/site-packages/airflow/example_dags/example_workday_timetable.py for tasks to queue
[2025-10-05T23:16:10.398+0000] {logging_mixin.py:190} INFO - [2025-10-05T23:16:10.398+0000] {dagbag.py:588} INFO - Filling up the DagBag from /home/airflow/.local/lib/python3.12/site-packages/airflow/example_dags/example_workday_timetable.py
[2025-10-05T23:16:10.413+0000] {processor.py:925} INFO - DAG(s) 'example_workday_timetable' retrieved from /home/airflow/.local/lib/python3.12/site-packages/airflow/example_dags/example_workday_timetable.py
[2025-10-05T23:16:10.457+0000] {logging_mixin.py:190} INFO - [2025-10-05T23:16:10.457+0000] {dag.py:3239} INFO - Sync 1 DAGs
[2025-10-05T23:16:10.643+0000] {logging_mixin.py:190} INFO - [2025-10-05T23:16:10.642+0000] {dag.py:4180} INFO - Setting next_dagrun for example_workday_timetable to 2021-01-04 00:00:00+00:00, run_after=2021-01-05 00:00:00+00:00
[2025-10-05T23:16:10.679+0000] {processor.py:208} INFO - Processing /home/airflow/.local/lib/python3.12/site-packages/airflow/example_dags/example_workday_timetable.py took 0.300 seconds
[2025-10-05T23:16:42.539+0000] {processor.py:186} INFO - Started process (PID=769) to work on /home/airflow/.local/lib/python3.12/site-packages/airflow/example_dags/example_workday_timetable.py
[2025-10-05T23:16:42.541+0000] {processor.py:914} INFO - Processing file /home/airflow/.local/lib/python3.12/site-packages/airflow/example_dags/example_workday_timetable.py for tasks to queue
[2025-10-05T23:16:42.544+0000] {logging_mixin.py:190} INFO - [2025-10-05T23:16:42.544+0000] {dagbag.py:588} INFO - Filling up the DagBag from /home/airflow/.local/lib/python3.12/site-packages/airflow/example_dags/example_workday_timetable.py
[2025-10-05T23:16:42.553+0000] {processor.py:925} INFO - DAG(s) 'example_workday_timetable' retrieved from /home/airflow/.local/lib/python3.12/site-packages/airflow/example_dags/example_workday_timetable.py
[2025-10-05T23:16:42.585+0000] {logging_mixin.py:190} INFO - [2025-10-05T23:16:42.584+0000] {dag.py:3239} INFO - Sync 1 DAGs
[2025-10-05T23:16:42.757+0000] {logging_mixin.py:190} INFO - [2025-10-05T23:16:42.756+0000] {dag.py:4180} INFO - Setting next_dagrun for example_workday_timetable to 2021-01-04 00:00:00+00:00, run_after=2021-01-05 00:00:00+00:00
[2025-10-05T23:16:42.788+0000] {processor.py:208} INFO - Processing /home/airflow/.local/lib/python3.12/site-packages/airflow/example_dags/example_workday_timetable.py took 0.257 seconds
[2025-10-05T23:17:17.080+0000] {processor.py:186} INFO - Started process (PID=834) to work on /home/airflow/.local/lib/python3.12/site-packages/airflow/example_dags/example_workday_timetable.py
[2025-10-05T23:17:17.081+0000] {processor.py:914} INFO - Processing file /home/airflow/.local/lib/python3.12/site-packages/airflow/example_dags/example_workday_timetable.py for tasks to queue
[2025-10-05T23:17:17.084+0000] {logging_mixin.py:190} INFO - [2025-10-05T23:17:17.083+0000] {dagbag.py:588} INFO - Filling up the DagBag from /home/airflow/.local/lib/python3.12/site-packages/airflow/example_dags/example_workday_timetable.py
[2025-10-05T23:17:17.091+0000] {processor.py:925} INFO - DAG(s) 'example_workday_timetable' retrieved from /home/airflow/.local/lib/python3.12/site-packages/airflow/example_dags/example_workday_timetable.py
[2025-10-05T23:17:17.116+0000] {logging_mixin.py:190} INFO - [2025-10-05T23:17:17.115+0000] {dag.py:3239} INFO - Sync 1 DAGs
[2025-10-05T23:17:17.261+0000] {logging_mixin.py:190} INFO - [2025-10-05T23:17:17.261+0000] {dag.py:4180} INFO - Setting next_dagrun for example_workday_timetable to 2021-01-04 00:00:00+00:00, run_after=2021-01-05 00:00:00+00:00
[2025-10-05T23:17:17.282+0000] {processor.py:208} INFO - Processing /home/airflow/.local/lib/python3.12/site-packages/airflow/example_dags/example_workday_timetable.py took 0.210 seconds
[2025-10-05T23:17:47.939+0000] {processor.py:186} INFO - Started process (PID=898) to work on /home/airflow/.local/lib/python3.12/site-packages/airflow/example_dags/example_workday_timetable.py
[2025-10-05T23:17:47.940+0000] {processor.py:914} INFO - Processing file /home/airflow/.local/lib/python3.12/site-packages/airflow/example_dags/example_workday_timetable.py for tasks to queue
[2025-10-05T23:17:47.947+0000] {logging_mixin.py:190} INFO - [2025-10-05T23:17:47.946+0000] {dagbag.py:588} INFO - Filling up the DagBag from /home/airflow/.local/lib/python3.12/site-packages/airflow/example_dags/example_workday_timetable.py
[2025-10-05T23:17:47.960+0000] {processor.py:925} INFO - DAG(s) 'example_workday_timetable' retrieved from /home/airflow/.local/lib/python3.12/site-packages/airflow/example_dags/example_workday_timetable.py
[2025-10-05T23:17:47.992+0000] {logging_mixin.py:190} INFO - [2025-10-05T23:17:47.992+0000] {dag.py:3239} INFO - Sync 1 DAGs
[2025-10-05T23:17:48.153+0000] {logging_mixin.py:190} INFO - [2025-10-05T23:17:48.152+0000] {dag.py:4180} INFO - Setting next_dagrun for example_workday_timetable to 2021-01-04 00:00:00+00:00, run_after=2021-01-05 00:00:00+00:00
[2025-10-05T23:17:48.183+0000] {processor.py:208} INFO - Processing /home/airflow/.local/lib/python3.12/site-packages/airflow/example_dags/example_workday_timetable.py took 0.257 seconds
[2025-10-05T23:18:18.278+0000] {processor.py:186} INFO - Started process (PID=962) to work on /home/airflow/.local/lib/python3.12/site-packages/airflow/example_dags/example_workday_timetable.py
[2025-10-05T23:18:18.279+0000] {processor.py:914} INFO - Processing file /home/airflow/.local/lib/python3.12/site-packages/airflow/example_dags/example_workday_timetable.py for tasks to queue
[2025-10-05T23:18:18.282+0000] {logging_mixin.py:190} INFO - [2025-10-05T23:18:18.282+0000] {dagbag.py:588} INFO - Filling up the DagBag from /home/airflow/.local/lib/python3.12/site-packages/airflow/example_dags/example_workday_timetable.py
[2025-10-05T23:18:18.289+0000] {processor.py:925} INFO - DAG(s) 'example_workday_timetable' retrieved from /home/airflow/.local/lib/python3.12/site-packages/airflow/example_dags/example_workday_timetable.py
[2025-10-05T23:18:18.318+0000] {logging_mixin.py:190} INFO - [2025-10-05T23:18:18.317+0000] {dag.py:3239} INFO - Sync 1 DAGs
[2025-10-05T23:18:18.473+0000] {logging_mixin.py:190} INFO - [2025-10-05T23:18:18.473+0000] {dag.py:4180} INFO - Setting next_dagrun for example_workday_timetable to 2021-01-04 00:00:00+00:00, run_after=2021-01-05 00:00:00+00:00
[2025-10-05T23:18:18.496+0000] {processor.py:208} INFO - Processing /home/airflow/.local/lib/python3.12/site-packages/airflow/example_dags/example_workday_timetable.py took 0.225 seconds
[2025-10-05T23:18:48.974+0000] {processor.py:186} INFO - Started process (PID=1020) to work on /home/airflow/.local/lib/python3.12/site-packages/airflow/example_dags/example_workday_timetable.py
[2025-10-05T23:18:48.975+0000] {processor.py:914} INFO - Processing file /home/airflow/.local/lib/python3.12/site-packages/airflow/example_dags/example_workday_timetable.py for tasks to queue
[2025-10-05T23:18:48.978+0000] {logging_mixin.py:190} INFO - [2025-10-05T23:18:48.978+0000] {dagbag.py:588} INFO - Filling up the DagBag from /home/airflow/.local/lib/python3.12/site-packages/airflow/example_dags/example_workday_timetable.py
[2025-10-05T23:18:48.986+0000] {processor.py:925} INFO - DAG(s) 'example_workday_timetable' retrieved from /home/airflow/.local/lib/python3.12/site-packages/airflow/example_dags/example_workday_timetable.py
[2025-10-05T23:18:49.010+0000] {logging_mixin.py:190} INFO - [2025-10-05T23:18:49.010+0000] {dag.py:3239} INFO - Sync 1 DAGs
[2025-10-05T23:18:49.204+0000] {logging_mixin.py:190} INFO - [2025-10-05T23:18:49.203+0000] {dag.py:4180} INFO - Setting next_dagrun for example_workday_timetable to 2021-01-04 00:00:00+00:00, run_after=2021-01-05 00:00:00+00:00
[2025-10-05T23:18:49.233+0000] {processor.py:208} INFO - Processing /home/airflow/.local/lib/python3.12/site-packages/airflow/example_dags/example_workday_timetable.py took 0.267 seconds
[2025-10-05T23:19:19.311+0000] {processor.py:186} INFO - Started process (PID=1084) to work on /home/airflow/.local/lib/python3.12/site-packages/airflow/example_dags/example_workday_timetable.py
[2025-10-05T23:19:19.312+0000] {processor.py:914} INFO - Processing file /home/airflow/.local/lib/python3.12/site-packages/airflow/example_dags/example_workday_timetable.py for tasks to queue
[2025-10-05T23:19:19.315+0000] {logging_mixin.py:190} INFO - [2025-10-05T23:19:19.314+0000] {dagbag.py:588} INFO - Filling up the DagBag from /home/airflow/.local/lib/python3.12/site-packages/airflow/example_dags/example_workday_timetable.py
[2025-10-05T23:19:19.323+0000] {processor.py:925} INFO - DAG(s) 'example_workday_timetable' retrieved from /home/airflow/.local/lib/python3.12/site-packages/airflow/example_dags/example_workday_timetable.py
[2025-10-05T23:19:19.346+0000] {logging_mixin.py:190} INFO - [2025-10-05T23:19:19.346+0000] {dag.py:3239} INFO - Sync 1 DAGs
[2025-10-05T23:19:19.629+0000] {logging_mixin.py:190} INFO - [2025-10-05T23:19:19.629+0000] {dag.py:4180} INFO - Setting next_dagrun for example_workday_timetable to 2021-01-04 00:00:00+00:00, run_after=2021-01-05 00:00:00+00:00
[2025-10-05T23:19:19.655+0000] {processor.py:208} INFO - Processing /home/airflow/.local/lib/python3.12/site-packages/airflow/example_dags/example_workday_timetable.py took 0.352 seconds
[2025-10-05T23:20:05.799+0000] {processor.py:186} INFO - Started process (PID=1129) to work on /home/airflow/.local/lib/python3.12/site-packages/airflow/example_dags/example_workday_timetable.py
[2025-10-05T23:20:05.801+0000] {processor.py:914} INFO - Processing file /home/airflow/.local/lib/python3.12/site-packages/airflow/example_dags/example_workday_timetable.py for tasks to queue
[2025-10-05T23:20:05.805+0000] {logging_mixin.py:190} INFO - [2025-10-05T23:20:05.805+0000] {dagbag.py:588} INFO - Filling up the DagBag from /home/airflow/.local/lib/python3.12/site-packages/airflow/example_dags/example_workday_timetable.py
[2025-10-05T23:20:05.817+0000] {processor.py:925} INFO - DAG(s) 'example_workday_timetable' retrieved from /home/airflow/.local/lib/python3.12/site-packages/airflow/example_dags/example_workday_timetable.py
[2025-10-05T23:20:05.849+0000] {logging_mixin.py:190} INFO - [2025-10-05T23:20:05.848+0000] {dag.py:3239} INFO - Sync 1 DAGs
[2025-10-05T23:20:06.021+0000] {logging_mixin.py:190} INFO - [2025-10-05T23:20:06.021+0000] {dag.py:4180} INFO - Setting next_dagrun for example_workday_timetable to 2021-01-04 00:00:00+00:00, run_after=2021-01-05 00:00:00+00:00
[2025-10-05T23:20:06.049+0000] {processor.py:208} INFO - Processing /home/airflow/.local/lib/python3.12/site-packages/airflow/example_dags/example_workday_timetable.py took 0.260 seconds
[2025-10-05T23:20:36.642+0000] {processor.py:186} INFO - Started process (PID=1186) to work on /home/airflow/.local/lib/python3.12/site-packages/airflow/example_dags/example_workday_timetable.py
[2025-10-05T23:20:36.644+0000] {processor.py:914} INFO - Processing file /home/airflow/.local/lib/python3.12/site-packages/airflow/example_dags/example_workday_timetable.py for tasks to queue
[2025-10-05T23:20:36.648+0000] {logging_mixin.py:190} INFO - [2025-10-05T23:20:36.647+0000] {dagbag.py:588} INFO - Filling up the DagBag from /home/airflow/.local/lib/python3.12/site-packages/airflow/example_dags/example_workday_timetable.py
[2025-10-05T23:20:36.656+0000] {processor.py:925} INFO - DAG(s) 'example_workday_timetable' retrieved from /home/airflow/.local/lib/python3.12/site-packages/airflow/example_dags/example_workday_timetable.py
[2025-10-05T23:20:36.681+0000] {logging_mixin.py:190} INFO - [2025-10-05T23:20:36.681+0000] {dag.py:3239} INFO - Sync 1 DAGs
[2025-10-05T23:20:36.872+0000] {logging_mixin.py:190} INFO - [2025-10-05T23:20:36.872+0000] {dag.py:4180} INFO - Setting next_dagrun for example_workday_timetable to 2021-01-04 00:00:00+00:00, run_after=2021-01-05 00:00:00+00:00
[2025-10-05T23:20:36.904+0000] {processor.py:208} INFO - Processing /home/airflow/.local/lib/python3.12/site-packages/airflow/example_dags/example_workday_timetable.py took 0.269 seconds
[2025-10-05T23:21:16.927+0000] {processor.py:186} INFO - Started process (PID=1248) to work on /home/airflow/.local/lib/python3.12/site-packages/airflow/example_dags/example_workday_timetable.py
[2025-10-05T23:21:16.929+0000] {processor.py:914} INFO - Processing file /home/airflow/.local/lib/python3.12/site-packages/airflow/example_dags/example_workday_timetable.py for tasks to queue
[2025-10-05T23:21:16.934+0000] {logging_mixin.py:190} INFO - [2025-10-05T23:21:16.934+0000] {dagbag.py:588} INFO - Filling up the DagBag from /home/airflow/.local/lib/python3.12/site-packages/airflow/example_dags/example_workday_timetable.py
[2025-10-05T23:21:16.949+0000] {processor.py:925} INFO - DAG(s) 'example_workday_timetable' retrieved from /home/airflow/.local/lib/python3.12/site-packages/airflow/example_dags/example_workday_timetable.py
[2025-10-05T23:21:16.991+0000] {logging_mixin.py:190} INFO - [2025-10-05T23:21:16.990+0000] {dag.py:3239} INFO - Sync 1 DAGs
[2025-10-05T23:21:17.361+0000] {logging_mixin.py:190} INFO - [2025-10-05T23:21:17.360+0000] {dag.py:4180} INFO - Setting next_dagrun for example_workday_timetable to 2021-01-04 00:00:00+00:00, run_after=2021-01-05 00:00:00+00:00
[2025-10-05T23:21:17.402+0000] {processor.py:208} INFO - Processing /home/airflow/.local/lib/python3.12/site-packages/airflow/example_dags/example_workday_timetable.py took 0.491 seconds
[2025-10-05T23:22:00.418+0000] {processor.py:186} INFO - Started process (PID=1305) to work on /home/airflow/.local/lib/python3.12/site-packages/airflow/example_dags/example_workday_timetable.py
[2025-10-05T23:22:00.421+0000] {processor.py:914} INFO - Processing file /home/airflow/.local/lib/python3.12/site-packages/airflow/example_dags/example_workday_timetable.py for tasks to queue
[2025-10-05T23:22:00.425+0000] {logging_mixin.py:190} INFO - [2025-10-05T23:22:00.424+0000] {dagbag.py:588} INFO - Filling up the DagBag from /home/airflow/.local/lib/python3.12/site-packages/airflow/example_dags/example_workday_timetable.py
[2025-10-05T23:22:00.450+0000] {processor.py:925} INFO - DAG(s) 'example_workday_timetable' retrieved from /home/airflow/.local/lib/python3.12/site-packages/airflow/example_dags/example_workday_timetable.py
[2025-10-05T23:22:00.574+0000] {logging_mixin.py:190} INFO - [2025-10-05T23:22:00.573+0000] {dag.py:3239} INFO - Sync 1 DAGs
[2025-10-05T23:22:00.992+0000] {logging_mixin.py:190} INFO - [2025-10-05T23:22:00.992+0000] {dag.py:4180} INFO - Setting next_dagrun for example_workday_timetable to 2021-01-04 00:00:00+00:00, run_after=2021-01-05 00:00:00+00:00
[2025-10-05T23:22:01.060+0000] {processor.py:208} INFO - Processing /home/airflow/.local/lib/python3.12/site-packages/airflow/example_dags/example_workday_timetable.py took 0.661 seconds
[2025-10-05T23:26:34.633+0000] {processor.py:186} INFO - Started process (PID=1328) to work on /home/airflow/.local/lib/python3.12/site-packages/airflow/example_dags/example_workday_timetable.py
[2025-10-05T23:26:34.635+0000] {processor.py:914} INFO - Processing file /home/airflow/.local/lib/python3.12/site-packages/airflow/example_dags/example_workday_timetable.py for tasks to queue
[2025-10-05T23:26:34.638+0000] {logging_mixin.py:190} INFO - [2025-10-05T23:26:34.638+0000] {dagbag.py:588} INFO - Filling up the DagBag from /home/airflow/.local/lib/python3.12/site-packages/airflow/example_dags/example_workday_timetable.py
[2025-10-05T23:26:34.655+0000] {processor.py:925} INFO - DAG(s) 'example_workday_timetable' retrieved from /home/airflow/.local/lib/python3.12/site-packages/airflow/example_dags/example_workday_timetable.py
[2025-10-05T23:26:34.715+0000] {logging_mixin.py:190} INFO - [2025-10-05T23:26:34.714+0000] {dag.py:3239} INFO - Sync 1 DAGs
[2025-10-05T23:26:39.624+0000] {logging_mixin.py:190} INFO - [2025-10-05T23:26:39.624+0000] {dag.py:4180} INFO - Setting next_dagrun for example_workday_timetable to 2021-01-04 00:00:00+00:00, run_after=2021-01-05 00:00:00+00:00
[2025-10-05T23:26:39.672+0000] {processor.py:208} INFO - Processing /home/airflow/.local/lib/python3.12/site-packages/airflow/example_dags/example_workday_timetable.py took 5.053 seconds
[2025-10-05T23:28:11.580+0000] {processor.py:186} INFO - Started process (PID=1386) to work on /home/airflow/.local/lib/python3.12/site-packages/airflow/example_dags/example_workday_timetable.py
[2025-10-05T23:28:11.584+0000] {processor.py:914} INFO - Processing file /home/airflow/.local/lib/python3.12/site-packages/airflow/example_dags/example_workday_timetable.py for tasks to queue
[2025-10-05T23:28:11.596+0000] {logging_mixin.py:190} INFO - [2025-10-05T23:28:11.595+0000] {dagbag.py:588} INFO - Filling up the DagBag from /home/airflow/.local/lib/python3.12/site-packages/airflow/example_dags/example_workday_timetable.py
[2025-10-05T23:28:11.619+0000] {processor.py:925} INFO - DAG(s) 'example_workday_timetable' retrieved from /home/airflow/.local/lib/python3.12/site-packages/airflow/example_dags/example_workday_timetable.py
[2025-10-05T23:28:11.683+0000] {logging_mixin.py:190} INFO - [2025-10-05T23:28:11.682+0000] {dag.py:3239} INFO - Sync 1 DAGs
[2025-10-05T23:28:11.977+0000] {logging_mixin.py:190} INFO - [2025-10-05T23:28:11.976+0000] {dag.py:4180} INFO - Setting next_dagrun for example_workday_timetable to 2021-01-04 00:00:00+00:00, run_after=2021-01-05 00:00:00+00:00
[2025-10-05T23:28:12.022+0000] {processor.py:208} INFO - Processing /home/airflow/.local/lib/python3.12/site-packages/airflow/example_dags/example_workday_timetable.py took 0.467 seconds
