[2025-10-05T23:10:53.417+0000] {processor.py:186} INFO - Started process (PID=97) to work on /home/airflow/.local/lib/python3.12/site-packages/airflow/example_dags/example_python_decorator.py
[2025-10-05T23:10:53.426+0000] {processor.py:914} INFO - Processing file /home/airflow/.local/lib/python3.12/site-packages/airflow/example_dags/example_python_decorator.py for tasks to queue
[2025-10-05T23:10:53.443+0000] {logging_mixin.py:190} INFO - [2025-10-05T23:10:53.442+0000] {dagbag.py:588} INFO - Filling up the DagBag from /home/airflow/.local/lib/python3.12/site-packages/airflow/example_dags/example_python_decorator.py
[2025-10-05T23:10:53.545+0000] {processor.py:925} INFO - DAG(s) 'example_python_decorator' retrieved from /home/airflow/.local/lib/python3.12/site-packages/airflow/example_dags/example_python_decorator.py
[2025-10-05T23:10:54.139+0000] {logging_mixin.py:190} INFO - [2025-10-05T23:10:54.128+0000] {override.py:1900} INFO - Created Permission View: can edit on DAG:example_python_decorator
[2025-10-05T23:10:54.223+0000] {logging_mixin.py:190} INFO - [2025-10-05T23:10:54.222+0000] {override.py:1900} INFO - Created Permission View: can delete on DAG:example_python_decorator
[2025-10-05T23:10:54.252+0000] {logging_mixin.py:190} INFO - [2025-10-05T23:10:54.251+0000] {override.py:1900} INFO - Created Permission View: can read on DAG:example_python_decorator
[2025-10-05T23:10:54.282+0000] {logging_mixin.py:190} INFO - [2025-10-05T23:10:54.282+0000] {override.py:1900} INFO - Created Permission View: can create on DAG Run:example_python_decorator
[2025-10-05T23:10:54.309+0000] {logging_mixin.py:190} INFO - [2025-10-05T23:10:54.308+0000] {override.py:1900} INFO - Created Permission View: menu access on DAG Run:example_python_decorator
[2025-10-05T23:10:54.334+0000] {logging_mixin.py:190} INFO - [2025-10-05T23:10:54.332+0000] {override.py:1900} INFO - Created Permission View: can delete on DAG Run:example_python_decorator
[2025-10-05T23:10:54.357+0000] {logging_mixin.py:190} INFO - [2025-10-05T23:10:54.356+0000] {override.py:1900} INFO - Created Permission View: can read on DAG Run:example_python_decorator
[2025-10-05T23:10:54.359+0000] {logging_mixin.py:190} INFO - [2025-10-05T23:10:54.359+0000] {dag.py:3239} INFO - Sync 1 DAGs
[2025-10-05T23:10:54.416+0000] {logging_mixin.py:190} INFO - [2025-10-05T23:10:54.415+0000] {dag.py:3262} INFO - Creating ORM DAG for example_python_decorator
[2025-10-05T23:10:54.419+0000] {logging_mixin.py:190} INFO - [2025-10-05T23:10:54.418+0000] {dag.py:4180} INFO - Setting next_dagrun for example_python_decorator to None, run_after=None
[2025-10-05T23:10:54.487+0000] {processor.py:208} INFO - Processing /home/airflow/.local/lib/python3.12/site-packages/airflow/example_dags/example_python_decorator.py took 1.112 seconds
[2025-10-05T23:11:27.027+0000] {processor.py:186} INFO - Started process (PID=160) to work on /home/airflow/.local/lib/python3.12/site-packages/airflow/example_dags/example_python_decorator.py
[2025-10-05T23:11:27.030+0000] {processor.py:914} INFO - Processing file /home/airflow/.local/lib/python3.12/site-packages/airflow/example_dags/example_python_decorator.py for tasks to queue
[2025-10-05T23:11:27.040+0000] {logging_mixin.py:190} INFO - [2025-10-05T23:11:27.038+0000] {dagbag.py:588} INFO - Filling up the DagBag from /home/airflow/.local/lib/python3.12/site-packages/airflow/example_dags/example_python_decorator.py
[2025-10-05T23:11:27.090+0000] {processor.py:925} INFO - DAG(s) 'example_python_decorator' retrieved from /home/airflow/.local/lib/python3.12/site-packages/airflow/example_dags/example_python_decorator.py
[2025-10-05T23:11:27.150+0000] {logging_mixin.py:190} INFO - [2025-10-05T23:11:27.150+0000] {dag.py:3239} INFO - Sync 1 DAGs
[2025-10-05T23:11:27.183+0000] {logging_mixin.py:190} INFO - [2025-10-05T23:11:27.183+0000] {dag.py:4180} INFO - Setting next_dagrun for example_python_decorator to None, run_after=None
[2025-10-05T23:11:27.261+0000] {processor.py:208} INFO - Processing /home/airflow/.local/lib/python3.12/site-packages/airflow/example_dags/example_python_decorator.py took 0.257 seconds
[2025-10-05T23:11:59.425+0000] {processor.py:186} INFO - Started process (PID=223) to work on /home/airflow/.local/lib/python3.12/site-packages/airflow/example_dags/example_python_decorator.py
[2025-10-05T23:11:59.503+0000] {processor.py:914} INFO - Processing file /home/airflow/.local/lib/python3.12/site-packages/airflow/example_dags/example_python_decorator.py for tasks to queue
[2025-10-05T23:11:59.511+0000] {logging_mixin.py:190} INFO - [2025-10-05T23:11:59.510+0000] {dagbag.py:588} INFO - Filling up the DagBag from /home/airflow/.local/lib/python3.12/site-packages/airflow/example_dags/example_python_decorator.py
[2025-10-05T23:11:59.729+0000] {processor.py:925} INFO - DAG(s) 'example_python_decorator' retrieved from /home/airflow/.local/lib/python3.12/site-packages/airflow/example_dags/example_python_decorator.py
[2025-10-05T23:11:59.843+0000] {logging_mixin.py:190} INFO - [2025-10-05T23:11:59.842+0000] {dag.py:3239} INFO - Sync 1 DAGs
[2025-10-05T23:11:59.881+0000] {logging_mixin.py:190} INFO - [2025-10-05T23:11:59.881+0000] {dag.py:4180} INFO - Setting next_dagrun for example_python_decorator to None, run_after=None
[2025-10-05T23:12:00.134+0000] {processor.py:208} INFO - Processing /home/airflow/.local/lib/python3.12/site-packages/airflow/example_dags/example_python_decorator.py took 0.728 seconds
[2025-10-05T23:12:30.739+0000] {processor.py:186} INFO - Started process (PID=286) to work on /home/airflow/.local/lib/python3.12/site-packages/airflow/example_dags/example_python_decorator.py
[2025-10-05T23:12:30.741+0000] {processor.py:914} INFO - Processing file /home/airflow/.local/lib/python3.12/site-packages/airflow/example_dags/example_python_decorator.py for tasks to queue
[2025-10-05T23:12:30.750+0000] {logging_mixin.py:190} INFO - [2025-10-05T23:12:30.749+0000] {dagbag.py:588} INFO - Filling up the DagBag from /home/airflow/.local/lib/python3.12/site-packages/airflow/example_dags/example_python_decorator.py
[2025-10-05T23:12:30.786+0000] {processor.py:925} INFO - DAG(s) 'example_python_decorator' retrieved from /home/airflow/.local/lib/python3.12/site-packages/airflow/example_dags/example_python_decorator.py
[2025-10-05T23:12:30.834+0000] {logging_mixin.py:190} INFO - [2025-10-05T23:12:30.834+0000] {dag.py:3239} INFO - Sync 1 DAGs
[2025-10-05T23:12:30.874+0000] {logging_mixin.py:190} INFO - [2025-10-05T23:12:30.873+0000] {dag.py:4180} INFO - Setting next_dagrun for example_python_decorator to None, run_after=None
[2025-10-05T23:12:30.948+0000] {processor.py:208} INFO - Processing /home/airflow/.local/lib/python3.12/site-packages/airflow/example_dags/example_python_decorator.py took 0.232 seconds
[2025-10-05T23:13:01.323+0000] {processor.py:186} INFO - Started process (PID=349) to work on /home/airflow/.local/lib/python3.12/site-packages/airflow/example_dags/example_python_decorator.py
[2025-10-05T23:13:01.325+0000] {processor.py:914} INFO - Processing file /home/airflow/.local/lib/python3.12/site-packages/airflow/example_dags/example_python_decorator.py for tasks to queue
[2025-10-05T23:13:01.330+0000] {logging_mixin.py:190} INFO - [2025-10-05T23:13:01.329+0000] {dagbag.py:588} INFO - Filling up the DagBag from /home/airflow/.local/lib/python3.12/site-packages/airflow/example_dags/example_python_decorator.py
[2025-10-05T23:13:01.351+0000] {processor.py:925} INFO - DAG(s) 'example_python_decorator' retrieved from /home/airflow/.local/lib/python3.12/site-packages/airflow/example_dags/example_python_decorator.py
[2025-10-05T23:13:01.396+0000] {logging_mixin.py:190} INFO - [2025-10-05T23:13:01.395+0000] {dag.py:3239} INFO - Sync 1 DAGs
[2025-10-05T23:13:01.423+0000] {logging_mixin.py:190} INFO - [2025-10-05T23:13:01.422+0000] {dag.py:4180} INFO - Setting next_dagrun for example_python_decorator to None, run_after=None
[2025-10-05T23:13:01.456+0000] {processor.py:208} INFO - Processing /home/airflow/.local/lib/python3.12/site-packages/airflow/example_dags/example_python_decorator.py took 0.141 seconds
[2025-10-05T23:13:32.217+0000] {processor.py:186} INFO - Started process (PID=413) to work on /home/airflow/.local/lib/python3.12/site-packages/airflow/example_dags/example_python_decorator.py
[2025-10-05T23:13:32.219+0000] {processor.py:914} INFO - Processing file /home/airflow/.local/lib/python3.12/site-packages/airflow/example_dags/example_python_decorator.py for tasks to queue
[2025-10-05T23:13:32.223+0000] {logging_mixin.py:190} INFO - [2025-10-05T23:13:32.223+0000] {dagbag.py:588} INFO - Filling up the DagBag from /home/airflow/.local/lib/python3.12/site-packages/airflow/example_dags/example_python_decorator.py
[2025-10-05T23:13:32.242+0000] {processor.py:925} INFO - DAG(s) 'example_python_decorator' retrieved from /home/airflow/.local/lib/python3.12/site-packages/airflow/example_dags/example_python_decorator.py
[2025-10-05T23:13:32.266+0000] {logging_mixin.py:190} INFO - [2025-10-05T23:13:32.266+0000] {dag.py:3239} INFO - Sync 1 DAGs
[2025-10-05T23:13:32.285+0000] {logging_mixin.py:190} INFO - [2025-10-05T23:13:32.285+0000] {dag.py:4180} INFO - Setting next_dagrun for example_python_decorator to None, run_after=None
[2025-10-05T23:13:32.309+0000] {processor.py:208} INFO - Processing /home/airflow/.local/lib/python3.12/site-packages/airflow/example_dags/example_python_decorator.py took 0.103 seconds
[2025-10-05T23:14:02.555+0000] {processor.py:186} INFO - Started process (PID=476) to work on /home/airflow/.local/lib/python3.12/site-packages/airflow/example_dags/example_python_decorator.py
[2025-10-05T23:14:02.557+0000] {processor.py:914} INFO - Processing file /home/airflow/.local/lib/python3.12/site-packages/airflow/example_dags/example_python_decorator.py for tasks to queue
[2025-10-05T23:14:02.563+0000] {logging_mixin.py:190} INFO - [2025-10-05T23:14:02.563+0000] {dagbag.py:588} INFO - Filling up the DagBag from /home/airflow/.local/lib/python3.12/site-packages/airflow/example_dags/example_python_decorator.py
[2025-10-05T23:14:02.593+0000] {processor.py:925} INFO - DAG(s) 'example_python_decorator' retrieved from /home/airflow/.local/lib/python3.12/site-packages/airflow/example_dags/example_python_decorator.py
[2025-10-05T23:14:02.629+0000] {logging_mixin.py:190} INFO - [2025-10-05T23:14:02.628+0000] {dag.py:3239} INFO - Sync 1 DAGs
[2025-10-05T23:14:02.650+0000] {logging_mixin.py:190} INFO - [2025-10-05T23:14:02.650+0000] {dag.py:4180} INFO - Setting next_dagrun for example_python_decorator to None, run_after=None
[2025-10-05T23:14:02.689+0000] {processor.py:208} INFO - Processing /home/airflow/.local/lib/python3.12/site-packages/airflow/example_dags/example_python_decorator.py took 0.147 seconds
[2025-10-05T23:14:33.093+0000] {processor.py:186} INFO - Started process (PID=539) to work on /home/airflow/.local/lib/python3.12/site-packages/airflow/example_dags/example_python_decorator.py
[2025-10-05T23:14:33.094+0000] {processor.py:914} INFO - Processing file /home/airflow/.local/lib/python3.12/site-packages/airflow/example_dags/example_python_decorator.py for tasks to queue
[2025-10-05T23:14:33.099+0000] {logging_mixin.py:190} INFO - [2025-10-05T23:14:33.098+0000] {dagbag.py:588} INFO - Filling up the DagBag from /home/airflow/.local/lib/python3.12/site-packages/airflow/example_dags/example_python_decorator.py
[2025-10-05T23:14:33.119+0000] {processor.py:925} INFO - DAG(s) 'example_python_decorator' retrieved from /home/airflow/.local/lib/python3.12/site-packages/airflow/example_dags/example_python_decorator.py
[2025-10-05T23:14:33.148+0000] {logging_mixin.py:190} INFO - [2025-10-05T23:14:33.148+0000] {dag.py:3239} INFO - Sync 1 DAGs
[2025-10-05T23:14:33.168+0000] {logging_mixin.py:190} INFO - [2025-10-05T23:14:33.168+0000] {dag.py:4180} INFO - Setting next_dagrun for example_python_decorator to None, run_after=None
[2025-10-05T23:14:33.195+0000] {processor.py:208} INFO - Processing /home/airflow/.local/lib/python3.12/site-packages/airflow/example_dags/example_python_decorator.py took 0.112 seconds
[2025-10-05T23:15:10.228+0000] {processor.py:186} INFO - Started process (PID=594) to work on /home/airflow/.local/lib/python3.12/site-packages/airflow/example_dags/example_python_decorator.py
[2025-10-05T23:15:10.232+0000] {processor.py:914} INFO - Processing file /home/airflow/.local/lib/python3.12/site-packages/airflow/example_dags/example_python_decorator.py for tasks to queue
[2025-10-05T23:15:10.235+0000] {logging_mixin.py:190} INFO - [2025-10-05T23:15:10.235+0000] {dagbag.py:588} INFO - Filling up the DagBag from /home/airflow/.local/lib/python3.12/site-packages/airflow/example_dags/example_python_decorator.py
[2025-10-05T23:15:10.257+0000] {processor.py:925} INFO - DAG(s) 'example_python_decorator' retrieved from /home/airflow/.local/lib/python3.12/site-packages/airflow/example_dags/example_python_decorator.py
[2025-10-05T23:15:10.285+0000] {logging_mixin.py:190} INFO - [2025-10-05T23:15:10.284+0000] {dag.py:3239} INFO - Sync 1 DAGs
[2025-10-05T23:15:10.305+0000] {logging_mixin.py:190} INFO - [2025-10-05T23:15:10.305+0000] {dag.py:4180} INFO - Setting next_dagrun for example_python_decorator to None, run_after=None
[2025-10-05T23:15:10.335+0000] {processor.py:208} INFO - Processing /home/airflow/.local/lib/python3.12/site-packages/airflow/example_dags/example_python_decorator.py took 0.113 seconds
[2025-10-05T23:15:40.555+0000] {processor.py:186} INFO - Started process (PID=657) to work on /home/airflow/.local/lib/python3.12/site-packages/airflow/example_dags/example_python_decorator.py
[2025-10-05T23:15:40.556+0000] {processor.py:914} INFO - Processing file /home/airflow/.local/lib/python3.12/site-packages/airflow/example_dags/example_python_decorator.py for tasks to queue
[2025-10-05T23:15:40.559+0000] {logging_mixin.py:190} INFO - [2025-10-05T23:15:40.558+0000] {dagbag.py:588} INFO - Filling up the DagBag from /home/airflow/.local/lib/python3.12/site-packages/airflow/example_dags/example_python_decorator.py
[2025-10-05T23:15:40.589+0000] {processor.py:925} INFO - DAG(s) 'example_python_decorator' retrieved from /home/airflow/.local/lib/python3.12/site-packages/airflow/example_dags/example_python_decorator.py
[2025-10-05T23:15:40.618+0000] {logging_mixin.py:190} INFO - [2025-10-05T23:15:40.618+0000] {dag.py:3239} INFO - Sync 1 DAGs
[2025-10-05T23:15:40.635+0000] {logging_mixin.py:190} INFO - [2025-10-05T23:15:40.635+0000] {dag.py:4180} INFO - Setting next_dagrun for example_python_decorator to None, run_after=None
[2025-10-05T23:15:40.659+0000] {processor.py:208} INFO - Processing /home/airflow/.local/lib/python3.12/site-packages/airflow/example_dags/example_python_decorator.py took 0.111 seconds
[2025-10-05T23:16:36.376+0000] {processor.py:186} INFO - Started process (PID=725) to work on /home/airflow/.local/lib/python3.12/site-packages/airflow/example_dags/example_python_decorator.py
[2025-10-05T23:16:36.379+0000] {processor.py:914} INFO - Processing file /home/airflow/.local/lib/python3.12/site-packages/airflow/example_dags/example_python_decorator.py for tasks to queue
[2025-10-05T23:16:36.384+0000] {logging_mixin.py:190} INFO - [2025-10-05T23:16:36.384+0000] {dagbag.py:588} INFO - Filling up the DagBag from /home/airflow/.local/lib/python3.12/site-packages/airflow/example_dags/example_python_decorator.py
[2025-10-05T23:16:36.422+0000] {processor.py:925} INFO - DAG(s) 'example_python_decorator' retrieved from /home/airflow/.local/lib/python3.12/site-packages/airflow/example_dags/example_python_decorator.py
[2025-10-05T23:16:36.464+0000] {logging_mixin.py:190} INFO - [2025-10-05T23:16:36.464+0000] {dag.py:3239} INFO - Sync 1 DAGs
[2025-10-05T23:16:36.495+0000] {logging_mixin.py:190} INFO - [2025-10-05T23:16:36.495+0000] {dag.py:4180} INFO - Setting next_dagrun for example_python_decorator to None, run_after=None
[2025-10-05T23:16:36.533+0000] {processor.py:208} INFO - Processing /home/airflow/.local/lib/python3.12/site-packages/airflow/example_dags/example_python_decorator.py took 0.173 seconds
[2025-10-05T23:17:07.892+0000] {processor.py:186} INFO - Started process (PID=789) to work on /home/airflow/.local/lib/python3.12/site-packages/airflow/example_dags/example_python_decorator.py
[2025-10-05T23:17:07.894+0000] {processor.py:914} INFO - Processing file /home/airflow/.local/lib/python3.12/site-packages/airflow/example_dags/example_python_decorator.py for tasks to queue
[2025-10-05T23:17:07.904+0000] {logging_mixin.py:190} INFO - [2025-10-05T23:17:07.903+0000] {dagbag.py:588} INFO - Filling up the DagBag from /home/airflow/.local/lib/python3.12/site-packages/airflow/example_dags/example_python_decorator.py
[2025-10-05T23:17:07.943+0000] {processor.py:925} INFO - DAG(s) 'example_python_decorator' retrieved from /home/airflow/.local/lib/python3.12/site-packages/airflow/example_dags/example_python_decorator.py
[2025-10-05T23:17:08.011+0000] {logging_mixin.py:190} INFO - [2025-10-05T23:17:08.011+0000] {dag.py:3239} INFO - Sync 1 DAGs
[2025-10-05T23:17:08.068+0000] {logging_mixin.py:190} INFO - [2025-10-05T23:17:08.067+0000] {dag.py:4180} INFO - Setting next_dagrun for example_python_decorator to None, run_after=None
[2025-10-05T23:17:08.110+0000] {processor.py:208} INFO - Processing /home/airflow/.local/lib/python3.12/site-packages/airflow/example_dags/example_python_decorator.py took 0.231 seconds
[2025-10-05T23:17:38.481+0000] {processor.py:186} INFO - Started process (PID=846) to work on /home/airflow/.local/lib/python3.12/site-packages/airflow/example_dags/example_python_decorator.py
[2025-10-05T23:17:38.482+0000] {processor.py:914} INFO - Processing file /home/airflow/.local/lib/python3.12/site-packages/airflow/example_dags/example_python_decorator.py for tasks to queue
[2025-10-05T23:17:38.486+0000] {logging_mixin.py:190} INFO - [2025-10-05T23:17:38.486+0000] {dagbag.py:588} INFO - Filling up the DagBag from /home/airflow/.local/lib/python3.12/site-packages/airflow/example_dags/example_python_decorator.py
[2025-10-05T23:17:38.508+0000] {processor.py:925} INFO - DAG(s) 'example_python_decorator' retrieved from /home/airflow/.local/lib/python3.12/site-packages/airflow/example_dags/example_python_decorator.py
[2025-10-05T23:17:38.535+0000] {logging_mixin.py:190} INFO - [2025-10-05T23:17:38.535+0000] {dag.py:3239} INFO - Sync 1 DAGs
[2025-10-05T23:17:38.554+0000] {logging_mixin.py:190} INFO - [2025-10-05T23:17:38.554+0000] {dag.py:4180} INFO - Setting next_dagrun for example_python_decorator to None, run_after=None
[2025-10-05T23:17:38.581+0000] {processor.py:208} INFO - Processing /home/airflow/.local/lib/python3.12/site-packages/airflow/example_dags/example_python_decorator.py took 0.107 seconds
[2025-10-05T23:18:09.648+0000] {processor.py:186} INFO - Started process (PID=909) to work on /home/airflow/.local/lib/python3.12/site-packages/airflow/example_dags/example_python_decorator.py
[2025-10-05T23:18:09.649+0000] {processor.py:914} INFO - Processing file /home/airflow/.local/lib/python3.12/site-packages/airflow/example_dags/example_python_decorator.py for tasks to queue
[2025-10-05T23:18:09.652+0000] {logging_mixin.py:190} INFO - [2025-10-05T23:18:09.652+0000] {dagbag.py:588} INFO - Filling up the DagBag from /home/airflow/.local/lib/python3.12/site-packages/airflow/example_dags/example_python_decorator.py
[2025-10-05T23:18:09.674+0000] {processor.py:925} INFO - DAG(s) 'example_python_decorator' retrieved from /home/airflow/.local/lib/python3.12/site-packages/airflow/example_dags/example_python_decorator.py
[2025-10-05T23:18:09.707+0000] {logging_mixin.py:190} INFO - [2025-10-05T23:18:09.707+0000] {dag.py:3239} INFO - Sync 1 DAGs
[2025-10-05T23:18:09.726+0000] {logging_mixin.py:190} INFO - [2025-10-05T23:18:09.725+0000] {dag.py:4180} INFO - Setting next_dagrun for example_python_decorator to None, run_after=None
[2025-10-05T23:18:09.752+0000] {processor.py:208} INFO - Processing /home/airflow/.local/lib/python3.12/site-packages/airflow/example_dags/example_python_decorator.py took 0.112 seconds
[2025-10-05T23:18:40.896+0000] {processor.py:186} INFO - Started process (PID=972) to work on /home/airflow/.local/lib/python3.12/site-packages/airflow/example_dags/example_python_decorator.py
[2025-10-05T23:18:40.897+0000] {processor.py:914} INFO - Processing file /home/airflow/.local/lib/python3.12/site-packages/airflow/example_dags/example_python_decorator.py for tasks to queue
[2025-10-05T23:18:40.900+0000] {logging_mixin.py:190} INFO - [2025-10-05T23:18:40.900+0000] {dagbag.py:588} INFO - Filling up the DagBag from /home/airflow/.local/lib/python3.12/site-packages/airflow/example_dags/example_python_decorator.py
[2025-10-05T23:18:40.926+0000] {processor.py:925} INFO - DAG(s) 'example_python_decorator' retrieved from /home/airflow/.local/lib/python3.12/site-packages/airflow/example_dags/example_python_decorator.py
[2025-10-05T23:18:40.952+0000] {logging_mixin.py:190} INFO - [2025-10-05T23:18:40.951+0000] {dag.py:3239} INFO - Sync 1 DAGs
[2025-10-05T23:18:40.969+0000] {logging_mixin.py:190} INFO - [2025-10-05T23:18:40.969+0000] {dag.py:4180} INFO - Setting next_dagrun for example_python_decorator to None, run_after=None
[2025-10-05T23:18:40.997+0000] {processor.py:208} INFO - Processing /home/airflow/.local/lib/python3.12/site-packages/airflow/example_dags/example_python_decorator.py took 0.108 seconds
[2025-10-05T23:19:12.188+0000] {processor.py:186} INFO - Started process (PID=1035) to work on /home/airflow/.local/lib/python3.12/site-packages/airflow/example_dags/example_python_decorator.py
[2025-10-05T23:19:12.190+0000] {processor.py:914} INFO - Processing file /home/airflow/.local/lib/python3.12/site-packages/airflow/example_dags/example_python_decorator.py for tasks to queue
[2025-10-05T23:19:12.194+0000] {logging_mixin.py:190} INFO - [2025-10-05T23:19:12.193+0000] {dagbag.py:588} INFO - Filling up the DagBag from /home/airflow/.local/lib/python3.12/site-packages/airflow/example_dags/example_python_decorator.py
[2025-10-05T23:19:12.217+0000] {processor.py:925} INFO - DAG(s) 'example_python_decorator' retrieved from /home/airflow/.local/lib/python3.12/site-packages/airflow/example_dags/example_python_decorator.py
[2025-10-05T23:19:12.247+0000] {logging_mixin.py:190} INFO - [2025-10-05T23:19:12.247+0000] {dag.py:3239} INFO - Sync 1 DAGs
[2025-10-05T23:19:12.266+0000] {logging_mixin.py:190} INFO - [2025-10-05T23:19:12.266+0000] {dag.py:4180} INFO - Setting next_dagrun for example_python_decorator to None, run_after=None
[2025-10-05T23:19:12.288+0000] {processor.py:208} INFO - Processing /home/airflow/.local/lib/python3.12/site-packages/airflow/example_dags/example_python_decorator.py took 0.106 seconds
[2025-10-05T23:19:43.045+0000] {processor.py:186} INFO - Started process (PID=1098) to work on /home/airflow/.local/lib/python3.12/site-packages/airflow/example_dags/example_python_decorator.py
[2025-10-05T23:19:43.046+0000] {processor.py:914} INFO - Processing file /home/airflow/.local/lib/python3.12/site-packages/airflow/example_dags/example_python_decorator.py for tasks to queue
[2025-10-05T23:19:43.050+0000] {logging_mixin.py:190} INFO - [2025-10-05T23:19:43.049+0000] {dagbag.py:588} INFO - Filling up the DagBag from /home/airflow/.local/lib/python3.12/site-packages/airflow/example_dags/example_python_decorator.py
[2025-10-05T23:19:43.071+0000] {processor.py:925} INFO - DAG(s) 'example_python_decorator' retrieved from /home/airflow/.local/lib/python3.12/site-packages/airflow/example_dags/example_python_decorator.py
[2025-10-05T23:19:43.105+0000] {logging_mixin.py:190} INFO - [2025-10-05T23:19:43.105+0000] {dag.py:3239} INFO - Sync 1 DAGs
[2025-10-05T23:19:43.129+0000] {logging_mixin.py:190} INFO - [2025-10-05T23:19:43.129+0000] {dag.py:4180} INFO - Setting next_dagrun for example_python_decorator to None, run_after=None
[2025-10-05T23:19:43.160+0000] {processor.py:208} INFO - Processing /home/airflow/.local/lib/python3.12/site-packages/airflow/example_dags/example_python_decorator.py took 0.126 seconds
[2025-10-05T23:20:14.707+0000] {processor.py:186} INFO - Started process (PID=1161) to work on /home/airflow/.local/lib/python3.12/site-packages/airflow/example_dags/example_python_decorator.py
[2025-10-05T23:20:14.709+0000] {processor.py:914} INFO - Processing file /home/airflow/.local/lib/python3.12/site-packages/airflow/example_dags/example_python_decorator.py for tasks to queue
[2025-10-05T23:20:14.712+0000] {logging_mixin.py:190} INFO - [2025-10-05T23:20:14.711+0000] {dagbag.py:588} INFO - Filling up the DagBag from /home/airflow/.local/lib/python3.12/site-packages/airflow/example_dags/example_python_decorator.py
[2025-10-05T23:20:14.729+0000] {processor.py:925} INFO - DAG(s) 'example_python_decorator' retrieved from /home/airflow/.local/lib/python3.12/site-packages/airflow/example_dags/example_python_decorator.py
[2025-10-05T23:20:14.755+0000] {logging_mixin.py:190} INFO - [2025-10-05T23:20:14.755+0000] {dag.py:3239} INFO - Sync 1 DAGs
[2025-10-05T23:20:14.772+0000] {logging_mixin.py:190} INFO - [2025-10-05T23:20:14.772+0000] {dag.py:4180} INFO - Setting next_dagrun for example_python_decorator to None, run_after=None
[2025-10-05T23:20:14.796+0000] {processor.py:208} INFO - Processing /home/airflow/.local/lib/python3.12/site-packages/airflow/example_dags/example_python_decorator.py took 0.096 seconds
[2025-10-05T23:21:14.545+0000] {processor.py:186} INFO - Started process (PID=1224) to work on /home/airflow/.local/lib/python3.12/site-packages/airflow/example_dags/example_python_decorator.py
[2025-10-05T23:21:14.548+0000] {processor.py:914} INFO - Processing file /home/airflow/.local/lib/python3.12/site-packages/airflow/example_dags/example_python_decorator.py for tasks to queue
[2025-10-05T23:21:14.556+0000] {logging_mixin.py:190} INFO - [2025-10-05T23:21:14.555+0000] {dagbag.py:588} INFO - Filling up the DagBag from /home/airflow/.local/lib/python3.12/site-packages/airflow/example_dags/example_python_decorator.py
[2025-10-05T23:21:14.616+0000] {processor.py:925} INFO - DAG(s) 'example_python_decorator' retrieved from /home/airflow/.local/lib/python3.12/site-packages/airflow/example_dags/example_python_decorator.py
[2025-10-05T23:21:14.743+0000] {logging_mixin.py:190} INFO - [2025-10-05T23:21:14.741+0000] {dag.py:3239} INFO - Sync 1 DAGs
[2025-10-05T23:21:14.800+0000] {logging_mixin.py:190} INFO - [2025-10-05T23:21:14.799+0000] {dag.py:4180} INFO - Setting next_dagrun for example_python_decorator to None, run_after=None
[2025-10-05T23:21:14.871+0000] {processor.py:208} INFO - Processing /home/airflow/.local/lib/python3.12/site-packages/airflow/example_dags/example_python_decorator.py took 0.345 seconds
[2025-10-05T23:21:46.006+0000] {processor.py:186} INFO - Started process (PID=1286) to work on /home/airflow/.local/lib/python3.12/site-packages/airflow/example_dags/example_python_decorator.py
[2025-10-05T23:21:46.007+0000] {processor.py:914} INFO - Processing file /home/airflow/.local/lib/python3.12/site-packages/airflow/example_dags/example_python_decorator.py for tasks to queue
[2025-10-05T23:21:46.009+0000] {logging_mixin.py:190} INFO - [2025-10-05T23:21:46.009+0000] {dagbag.py:588} INFO - Filling up the DagBag from /home/airflow/.local/lib/python3.12/site-packages/airflow/example_dags/example_python_decorator.py
[2025-10-05T23:21:46.026+0000] {processor.py:925} INFO - DAG(s) 'example_python_decorator' retrieved from /home/airflow/.local/lib/python3.12/site-packages/airflow/example_dags/example_python_decorator.py
[2025-10-05T23:21:46.056+0000] {logging_mixin.py:190} INFO - [2025-10-05T23:21:46.056+0000] {dag.py:3239} INFO - Sync 1 DAGs
[2025-10-05T23:21:46.083+0000] {logging_mixin.py:190} INFO - [2025-10-05T23:21:46.083+0000] {dag.py:4180} INFO - Setting next_dagrun for example_python_decorator to None, run_after=None
[2025-10-05T23:21:46.113+0000] {processor.py:208} INFO - Processing /home/airflow/.local/lib/python3.12/site-packages/airflow/example_dags/example_python_decorator.py took 0.115 seconds
[2025-10-05T23:26:42.034+0000] {processor.py:186} INFO - Started process (PID=1341) to work on /home/airflow/.local/lib/python3.12/site-packages/airflow/example_dags/example_python_decorator.py
[2025-10-05T23:26:42.037+0000] {processor.py:914} INFO - Processing file /home/airflow/.local/lib/python3.12/site-packages/airflow/example_dags/example_python_decorator.py for tasks to queue
[2025-10-05T23:26:42.041+0000] {logging_mixin.py:190} INFO - [2025-10-05T23:26:42.039+0000] {dagbag.py:588} INFO - Filling up the DagBag from /home/airflow/.local/lib/python3.12/site-packages/airflow/example_dags/example_python_decorator.py
[2025-10-05T23:26:42.081+0000] {processor.py:925} INFO - DAG(s) 'example_python_decorator' retrieved from /home/airflow/.local/lib/python3.12/site-packages/airflow/example_dags/example_python_decorator.py
[2025-10-05T23:26:42.139+0000] {logging_mixin.py:190} INFO - [2025-10-05T23:26:42.138+0000] {dag.py:3239} INFO - Sync 1 DAGs
[2025-10-05T23:26:42.166+0000] {logging_mixin.py:190} INFO - [2025-10-05T23:26:42.166+0000] {dag.py:4180} INFO - Setting next_dagrun for example_python_decorator to None, run_after=None
[2025-10-05T23:26:42.217+0000] {processor.py:208} INFO - Processing /home/airflow/.local/lib/python3.12/site-packages/airflow/example_dags/example_python_decorator.py took 0.198 seconds
[2025-10-05T23:28:13.667+0000] {processor.py:186} INFO - Started process (PID=1399) to work on /home/airflow/.local/lib/python3.12/site-packages/airflow/example_dags/example_python_decorator.py
[2025-10-05T23:28:13.669+0000] {processor.py:914} INFO - Processing file /home/airflow/.local/lib/python3.12/site-packages/airflow/example_dags/example_python_decorator.py for tasks to queue
[2025-10-05T23:28:13.672+0000] {logging_mixin.py:190} INFO - [2025-10-05T23:28:13.672+0000] {dagbag.py:588} INFO - Filling up the DagBag from /home/airflow/.local/lib/python3.12/site-packages/airflow/example_dags/example_python_decorator.py
[2025-10-05T23:28:13.705+0000] {processor.py:925} INFO - DAG(s) 'example_python_decorator' retrieved from /home/airflow/.local/lib/python3.12/site-packages/airflow/example_dags/example_python_decorator.py
[2025-10-05T23:28:13.744+0000] {logging_mixin.py:190} INFO - [2025-10-05T23:28:13.743+0000] {dag.py:3239} INFO - Sync 1 DAGs
[2025-10-05T23:28:13.773+0000] {logging_mixin.py:190} INFO - [2025-10-05T23:28:13.772+0000] {dag.py:4180} INFO - Setting next_dagrun for example_python_decorator to None, run_after=None
[2025-10-05T23:28:13.809+0000] {processor.py:208} INFO - Processing /home/airflow/.local/lib/python3.12/site-packages/airflow/example_dags/example_python_decorator.py took 0.154 seconds
