[2025-10-05T23:11:10.741+0000] {processor.py:186} INFO - Started process (PID=114) to work on /home/airflow/.local/lib/python3.12/site-packages/airflow/example_dags/example_display_name.py
[2025-10-05T23:11:10.744+0000] {processor.py:914} INFO - Processing file /home/airflow/.local/lib/python3.12/site-packages/airflow/example_dags/example_display_name.py for tasks to queue
[2025-10-05T23:11:10.756+0000] {logging_mixin.py:190} INFO - [2025-10-05T23:11:10.755+0000] {dagbag.py:588} INFO - Filling up the DagBag from /home/airflow/.local/lib/python3.12/site-packages/airflow/example_dags/example_display_name.py
[2025-10-05T23:11:10.795+0000] {processor.py:925} INFO - DAG(s) 'example_display_name' retrieved from /home/airflow/.local/lib/python3.12/site-packages/airflow/example_dags/example_display_name.py
[2025-10-05T23:11:11.551+0000] {logging_mixin.py:190} INFO - [2025-10-05T23:11:11.548+0000] {override.py:1900} INFO - Created Permission View: can edit on DAG:example_display_name
[2025-10-05T23:11:11.619+0000] {logging_mixin.py:190} INFO - [2025-10-05T23:11:11.618+0000] {override.py:1900} INFO - Created Permission View: can delete on DAG:example_display_name
[2025-10-05T23:11:11.643+0000] {logging_mixin.py:190} INFO - [2025-10-05T23:11:11.642+0000] {override.py:1900} INFO - Created Permission View: can read on DAG:example_display_name
[2025-10-05T23:11:11.669+0000] {logging_mixin.py:190} INFO - [2025-10-05T23:11:11.668+0000] {override.py:1900} INFO - Created Permission View: can create on DAG Run:example_display_name
[2025-10-05T23:11:11.695+0000] {logging_mixin.py:190} INFO - [2025-10-05T23:11:11.694+0000] {override.py:1900} INFO - Created Permission View: menu access on DAG Run:example_display_name
[2025-10-05T23:11:11.737+0000] {logging_mixin.py:190} INFO - [2025-10-05T23:11:11.736+0000] {override.py:1900} INFO - Created Permission View: can delete on DAG Run:example_display_name
[2025-10-05T23:11:11.758+0000] {logging_mixin.py:190} INFO - [2025-10-05T23:11:11.757+0000] {override.py:1900} INFO - Created Permission View: can read on DAG Run:example_display_name
[2025-10-05T23:11:11.760+0000] {logging_mixin.py:190} INFO - [2025-10-05T23:11:11.759+0000] {dag.py:3239} INFO - Sync 1 DAGs
[2025-10-05T23:11:11.806+0000] {logging_mixin.py:190} INFO - [2025-10-05T23:11:11.806+0000] {dag.py:3262} INFO - Creating ORM DAG for example_display_name
[2025-10-05T23:11:11.810+0000] {logging_mixin.py:190} INFO - [2025-10-05T23:11:11.809+0000] {dag.py:4180} INFO - Setting next_dagrun for example_display_name to None, run_after=None
[2025-10-05T23:11:11.869+0000] {processor.py:208} INFO - Processing /home/airflow/.local/lib/python3.12/site-packages/airflow/example_dags/example_display_name.py took 1.154 seconds
[2025-10-05T23:11:42.438+0000] {processor.py:186} INFO - Started process (PID=177) to work on /home/airflow/.local/lib/python3.12/site-packages/airflow/example_dags/example_display_name.py
[2025-10-05T23:11:42.443+0000] {processor.py:914} INFO - Processing file /home/airflow/.local/lib/python3.12/site-packages/airflow/example_dags/example_display_name.py for tasks to queue
[2025-10-05T23:11:42.451+0000] {logging_mixin.py:190} INFO - [2025-10-05T23:11:42.450+0000] {dagbag.py:588} INFO - Filling up the DagBag from /home/airflow/.local/lib/python3.12/site-packages/airflow/example_dags/example_display_name.py
[2025-10-05T23:11:42.490+0000] {processor.py:925} INFO - DAG(s) 'example_display_name' retrieved from /home/airflow/.local/lib/python3.12/site-packages/airflow/example_dags/example_display_name.py
[2025-10-05T23:11:42.596+0000] {logging_mixin.py:190} INFO - [2025-10-05T23:11:42.595+0000] {dag.py:3239} INFO - Sync 1 DAGs
[2025-10-05T23:11:42.662+0000] {logging_mixin.py:190} INFO - [2025-10-05T23:11:42.661+0000] {dag.py:4180} INFO - Setting next_dagrun for example_display_name to None, run_after=None
[2025-10-05T23:11:42.747+0000] {processor.py:208} INFO - Processing /home/airflow/.local/lib/python3.12/site-packages/airflow/example_dags/example_display_name.py took 0.331 seconds
[2025-10-05T23:12:12.858+0000] {processor.py:186} INFO - Started process (PID=239) to work on /home/airflow/.local/lib/python3.12/site-packages/airflow/example_dags/example_display_name.py
[2025-10-05T23:12:12.861+0000] {processor.py:914} INFO - Processing file /home/airflow/.local/lib/python3.12/site-packages/airflow/example_dags/example_display_name.py for tasks to queue
[2025-10-05T23:12:12.867+0000] {logging_mixin.py:190} INFO - [2025-10-05T23:12:12.866+0000] {dagbag.py:588} INFO - Filling up the DagBag from /home/airflow/.local/lib/python3.12/site-packages/airflow/example_dags/example_display_name.py
[2025-10-05T23:12:12.885+0000] {processor.py:925} INFO - DAG(s) 'example_display_name' retrieved from /home/airflow/.local/lib/python3.12/site-packages/airflow/example_dags/example_display_name.py
[2025-10-05T23:12:12.928+0000] {logging_mixin.py:190} INFO - [2025-10-05T23:12:12.928+0000] {dag.py:3239} INFO - Sync 1 DAGs
[2025-10-05T23:12:12.959+0000] {logging_mixin.py:190} INFO - [2025-10-05T23:12:12.959+0000] {dag.py:4180} INFO - Setting next_dagrun for example_display_name to None, run_after=None
[2025-10-05T23:12:13.007+0000] {processor.py:208} INFO - Processing /home/airflow/.local/lib/python3.12/site-packages/airflow/example_dags/example_display_name.py took 0.164 seconds
[2025-10-05T23:12:48.610+0000] {processor.py:186} INFO - Started process (PID=309) to work on /home/airflow/.local/lib/python3.12/site-packages/airflow/example_dags/example_display_name.py
[2025-10-05T23:12:48.615+0000] {processor.py:914} INFO - Processing file /home/airflow/.local/lib/python3.12/site-packages/airflow/example_dags/example_display_name.py for tasks to queue
[2025-10-05T23:12:48.621+0000] {logging_mixin.py:190} INFO - [2025-10-05T23:12:48.620+0000] {dagbag.py:588} INFO - Filling up the DagBag from /home/airflow/.local/lib/python3.12/site-packages/airflow/example_dags/example_display_name.py
[2025-10-05T23:12:48.637+0000] {processor.py:925} INFO - DAG(s) 'example_display_name' retrieved from /home/airflow/.local/lib/python3.12/site-packages/airflow/example_dags/example_display_name.py
[2025-10-05T23:12:48.668+0000] {logging_mixin.py:190} INFO - [2025-10-05T23:12:48.668+0000] {dag.py:3239} INFO - Sync 1 DAGs
[2025-10-05T23:12:48.693+0000] {logging_mixin.py:190} INFO - [2025-10-05T23:12:48.693+0000] {dag.py:4180} INFO - Setting next_dagrun for example_display_name to None, run_after=None
[2025-10-05T23:12:48.720+0000] {processor.py:208} INFO - Processing /home/airflow/.local/lib/python3.12/site-packages/airflow/example_dags/example_display_name.py took 0.127 seconds
[2025-10-05T23:13:18.870+0000] {processor.py:186} INFO - Started process (PID=365) to work on /home/airflow/.local/lib/python3.12/site-packages/airflow/example_dags/example_display_name.py
[2025-10-05T23:13:18.871+0000] {processor.py:914} INFO - Processing file /home/airflow/.local/lib/python3.12/site-packages/airflow/example_dags/example_display_name.py for tasks to queue
[2025-10-05T23:13:18.874+0000] {logging_mixin.py:190} INFO - [2025-10-05T23:13:18.874+0000] {dagbag.py:588} INFO - Filling up the DagBag from /home/airflow/.local/lib/python3.12/site-packages/airflow/example_dags/example_display_name.py
[2025-10-05T23:13:18.883+0000] {processor.py:925} INFO - DAG(s) 'example_display_name' retrieved from /home/airflow/.local/lib/python3.12/site-packages/airflow/example_dags/example_display_name.py
[2025-10-05T23:13:18.906+0000] {logging_mixin.py:190} INFO - [2025-10-05T23:13:18.906+0000] {dag.py:3239} INFO - Sync 1 DAGs
[2025-10-05T23:13:18.923+0000] {logging_mixin.py:190} INFO - [2025-10-05T23:13:18.922+0000] {dag.py:4180} INFO - Setting next_dagrun for example_display_name to None, run_after=None
[2025-10-05T23:13:18.957+0000] {processor.py:208} INFO - Processing /home/airflow/.local/lib/python3.12/site-packages/airflow/example_dags/example_display_name.py took 0.094 seconds
[2025-10-05T23:13:49.813+0000] {processor.py:186} INFO - Started process (PID=429) to work on /home/airflow/.local/lib/python3.12/site-packages/airflow/example_dags/example_display_name.py
[2025-10-05T23:13:49.815+0000] {processor.py:914} INFO - Processing file /home/airflow/.local/lib/python3.12/site-packages/airflow/example_dags/example_display_name.py for tasks to queue
[2025-10-05T23:13:49.818+0000] {logging_mixin.py:190} INFO - [2025-10-05T23:13:49.818+0000] {dagbag.py:588} INFO - Filling up the DagBag from /home/airflow/.local/lib/python3.12/site-packages/airflow/example_dags/example_display_name.py
[2025-10-05T23:13:49.828+0000] {processor.py:925} INFO - DAG(s) 'example_display_name' retrieved from /home/airflow/.local/lib/python3.12/site-packages/airflow/example_dags/example_display_name.py
[2025-10-05T23:13:49.851+0000] {logging_mixin.py:190} INFO - [2025-10-05T23:13:49.851+0000] {dag.py:3239} INFO - Sync 1 DAGs
[2025-10-05T23:13:49.868+0000] {logging_mixin.py:190} INFO - [2025-10-05T23:13:49.868+0000] {dag.py:4180} INFO - Setting next_dagrun for example_display_name to None, run_after=None
[2025-10-05T23:13:49.935+0000] {processor.py:208} INFO - Processing /home/airflow/.local/lib/python3.12/site-packages/airflow/example_dags/example_display_name.py took 0.130 seconds
[2025-10-05T23:14:20.085+0000] {processor.py:186} INFO - Started process (PID=492) to work on /home/airflow/.local/lib/python3.12/site-packages/airflow/example_dags/example_display_name.py
[2025-10-05T23:14:20.086+0000] {processor.py:914} INFO - Processing file /home/airflow/.local/lib/python3.12/site-packages/airflow/example_dags/example_display_name.py for tasks to queue
[2025-10-05T23:14:20.088+0000] {logging_mixin.py:190} INFO - [2025-10-05T23:14:20.088+0000] {dagbag.py:588} INFO - Filling up the DagBag from /home/airflow/.local/lib/python3.12/site-packages/airflow/example_dags/example_display_name.py
[2025-10-05T23:14:20.097+0000] {processor.py:925} INFO - DAG(s) 'example_display_name' retrieved from /home/airflow/.local/lib/python3.12/site-packages/airflow/example_dags/example_display_name.py
[2025-10-05T23:14:20.120+0000] {logging_mixin.py:190} INFO - [2025-10-05T23:14:20.119+0000] {dag.py:3239} INFO - Sync 1 DAGs
[2025-10-05T23:14:20.139+0000] {logging_mixin.py:190} INFO - [2025-10-05T23:14:20.138+0000] {dag.py:4180} INFO - Setting next_dagrun for example_display_name to None, run_after=None
[2025-10-05T23:14:20.164+0000] {processor.py:208} INFO - Processing /home/airflow/.local/lib/python3.12/site-packages/airflow/example_dags/example_display_name.py took 0.086 seconds
[2025-10-05T23:14:51.258+0000] {processor.py:186} INFO - Started process (PID=555) to work on /home/airflow/.local/lib/python3.12/site-packages/airflow/example_dags/example_display_name.py
[2025-10-05T23:14:51.262+0000] {processor.py:914} INFO - Processing file /home/airflow/.local/lib/python3.12/site-packages/airflow/example_dags/example_display_name.py for tasks to queue
[2025-10-05T23:14:51.271+0000] {logging_mixin.py:190} INFO - [2025-10-05T23:14:51.270+0000] {dagbag.py:588} INFO - Filling up the DagBag from /home/airflow/.local/lib/python3.12/site-packages/airflow/example_dags/example_display_name.py
[2025-10-05T23:14:51.293+0000] {processor.py:925} INFO - DAG(s) 'example_display_name' retrieved from /home/airflow/.local/lib/python3.12/site-packages/airflow/example_dags/example_display_name.py
[2025-10-05T23:14:51.373+0000] {logging_mixin.py:190} INFO - [2025-10-05T23:14:51.372+0000] {dag.py:3239} INFO - Sync 1 DAGs
[2025-10-05T23:14:51.504+0000] {logging_mixin.py:190} INFO - [2025-10-05T23:14:51.504+0000] {dag.py:4180} INFO - Setting next_dagrun for example_display_name to None, run_after=None
[2025-10-05T23:14:51.603+0000] {processor.py:208} INFO - Processing /home/airflow/.local/lib/python3.12/site-packages/airflow/example_dags/example_display_name.py took 0.361 seconds
[2025-10-05T23:15:22.388+0000] {processor.py:186} INFO - Started process (PID=618) to work on /home/airflow/.local/lib/python3.12/site-packages/airflow/example_dags/example_display_name.py
[2025-10-05T23:15:22.390+0000] {processor.py:914} INFO - Processing file /home/airflow/.local/lib/python3.12/site-packages/airflow/example_dags/example_display_name.py for tasks to queue
[2025-10-05T23:15:22.393+0000] {logging_mixin.py:190} INFO - [2025-10-05T23:15:22.393+0000] {dagbag.py:588} INFO - Filling up the DagBag from /home/airflow/.local/lib/python3.12/site-packages/airflow/example_dags/example_display_name.py
[2025-10-05T23:15:22.415+0000] {processor.py:925} INFO - DAG(s) 'example_display_name' retrieved from /home/airflow/.local/lib/python3.12/site-packages/airflow/example_dags/example_display_name.py
[2025-10-05T23:15:22.446+0000] {logging_mixin.py:190} INFO - [2025-10-05T23:15:22.446+0000] {dag.py:3239} INFO - Sync 1 DAGs
[2025-10-05T23:15:22.466+0000] {logging_mixin.py:190} INFO - [2025-10-05T23:15:22.466+0000] {dag.py:4180} INFO - Setting next_dagrun for example_display_name to None, run_after=None
[2025-10-05T23:15:22.493+0000] {processor.py:208} INFO - Processing /home/airflow/.local/lib/python3.12/site-packages/airflow/example_dags/example_display_name.py took 0.111 seconds
[2025-10-05T23:15:52.757+0000] {processor.py:186} INFO - Started process (PID=680) to work on /home/airflow/.local/lib/python3.12/site-packages/airflow/example_dags/example_display_name.py
[2025-10-05T23:15:52.758+0000] {processor.py:914} INFO - Processing file /home/airflow/.local/lib/python3.12/site-packages/airflow/example_dags/example_display_name.py for tasks to queue
[2025-10-05T23:15:52.762+0000] {logging_mixin.py:190} INFO - [2025-10-05T23:15:52.761+0000] {dagbag.py:588} INFO - Filling up the DagBag from /home/airflow/.local/lib/python3.12/site-packages/airflow/example_dags/example_display_name.py
[2025-10-05T23:15:52.771+0000] {processor.py:925} INFO - DAG(s) 'example_display_name' retrieved from /home/airflow/.local/lib/python3.12/site-packages/airflow/example_dags/example_display_name.py
[2025-10-05T23:15:52.794+0000] {logging_mixin.py:190} INFO - [2025-10-05T23:15:52.794+0000] {dag.py:3239} INFO - Sync 1 DAGs
[2025-10-05T23:15:52.811+0000] {logging_mixin.py:190} INFO - [2025-10-05T23:15:52.811+0000] {dag.py:4180} INFO - Setting next_dagrun for example_display_name to None, run_after=None
[2025-10-05T23:15:52.836+0000] {processor.py:208} INFO - Processing /home/airflow/.local/lib/python3.12/site-packages/airflow/example_dags/example_display_name.py took 0.087 seconds
[2025-10-05T23:16:40.056+0000] {processor.py:186} INFO - Started process (PID=749) to work on /home/airflow/.local/lib/python3.12/site-packages/airflow/example_dags/example_display_name.py
[2025-10-05T23:16:40.058+0000] {processor.py:914} INFO - Processing file /home/airflow/.local/lib/python3.12/site-packages/airflow/example_dags/example_display_name.py for tasks to queue
[2025-10-05T23:16:40.062+0000] {logging_mixin.py:190} INFO - [2025-10-05T23:16:40.061+0000] {dagbag.py:588} INFO - Filling up the DagBag from /home/airflow/.local/lib/python3.12/site-packages/airflow/example_dags/example_display_name.py
[2025-10-05T23:16:40.075+0000] {processor.py:925} INFO - DAG(s) 'example_display_name' retrieved from /home/airflow/.local/lib/python3.12/site-packages/airflow/example_dags/example_display_name.py
[2025-10-05T23:16:40.109+0000] {logging_mixin.py:190} INFO - [2025-10-05T23:16:40.109+0000] {dag.py:3239} INFO - Sync 1 DAGs
[2025-10-05T23:16:40.137+0000] {logging_mixin.py:190} INFO - [2025-10-05T23:16:40.136+0000] {dag.py:4180} INFO - Setting next_dagrun for example_display_name to None, run_after=None
[2025-10-05T23:16:40.166+0000] {processor.py:208} INFO - Processing /home/airflow/.local/lib/python3.12/site-packages/airflow/example_dags/example_display_name.py took 0.122 seconds
[2025-10-05T23:17:10.359+0000] {processor.py:186} INFO - Started process (PID=812) to work on /home/airflow/.local/lib/python3.12/site-packages/airflow/example_dags/example_display_name.py
[2025-10-05T23:17:10.361+0000] {processor.py:914} INFO - Processing file /home/airflow/.local/lib/python3.12/site-packages/airflow/example_dags/example_display_name.py for tasks to queue
[2025-10-05T23:17:10.366+0000] {logging_mixin.py:190} INFO - [2025-10-05T23:17:10.365+0000] {dagbag.py:588} INFO - Filling up the DagBag from /home/airflow/.local/lib/python3.12/site-packages/airflow/example_dags/example_display_name.py
[2025-10-05T23:17:10.390+0000] {processor.py:925} INFO - DAG(s) 'example_display_name' retrieved from /home/airflow/.local/lib/python3.12/site-packages/airflow/example_dags/example_display_name.py
[2025-10-05T23:17:10.432+0000] {logging_mixin.py:190} INFO - [2025-10-05T23:17:10.431+0000] {dag.py:3239} INFO - Sync 1 DAGs
[2025-10-05T23:17:10.465+0000] {logging_mixin.py:190} INFO - [2025-10-05T23:17:10.465+0000] {dag.py:4180} INFO - Setting next_dagrun for example_display_name to None, run_after=None
[2025-10-05T23:17:10.506+0000] {processor.py:208} INFO - Processing /home/airflow/.local/lib/python3.12/site-packages/airflow/example_dags/example_display_name.py took 0.160 seconds
[2025-10-05T23:17:41.436+0000] {processor.py:186} INFO - Started process (PID=875) to work on /home/airflow/.local/lib/python3.12/site-packages/airflow/example_dags/example_display_name.py
[2025-10-05T23:17:41.437+0000] {processor.py:914} INFO - Processing file /home/airflow/.local/lib/python3.12/site-packages/airflow/example_dags/example_display_name.py for tasks to queue
[2025-10-05T23:17:41.441+0000] {logging_mixin.py:190} INFO - [2025-10-05T23:17:41.440+0000] {dagbag.py:588} INFO - Filling up the DagBag from /home/airflow/.local/lib/python3.12/site-packages/airflow/example_dags/example_display_name.py
[2025-10-05T23:17:41.451+0000] {processor.py:925} INFO - DAG(s) 'example_display_name' retrieved from /home/airflow/.local/lib/python3.12/site-packages/airflow/example_dags/example_display_name.py
[2025-10-05T23:17:41.475+0000] {logging_mixin.py:190} INFO - [2025-10-05T23:17:41.474+0000] {dag.py:3239} INFO - Sync 1 DAGs
[2025-10-05T23:17:41.492+0000] {logging_mixin.py:190} INFO - [2025-10-05T23:17:41.491+0000] {dag.py:4180} INFO - Setting next_dagrun for example_display_name to None, run_after=None
[2025-10-05T23:17:41.517+0000] {processor.py:208} INFO - Processing /home/airflow/.local/lib/python3.12/site-packages/airflow/example_dags/example_display_name.py took 0.088 seconds
[2025-10-05T23:18:12.664+0000] {processor.py:186} INFO - Started process (PID=939) to work on /home/airflow/.local/lib/python3.12/site-packages/airflow/example_dags/example_display_name.py
[2025-10-05T23:18:12.665+0000] {processor.py:914} INFO - Processing file /home/airflow/.local/lib/python3.12/site-packages/airflow/example_dags/example_display_name.py for tasks to queue
[2025-10-05T23:18:12.669+0000] {logging_mixin.py:190} INFO - [2025-10-05T23:18:12.668+0000] {dagbag.py:588} INFO - Filling up the DagBag from /home/airflow/.local/lib/python3.12/site-packages/airflow/example_dags/example_display_name.py
[2025-10-05T23:18:12.678+0000] {processor.py:925} INFO - DAG(s) 'example_display_name' retrieved from /home/airflow/.local/lib/python3.12/site-packages/airflow/example_dags/example_display_name.py
[2025-10-05T23:18:12.710+0000] {logging_mixin.py:190} INFO - [2025-10-05T23:18:12.710+0000] {dag.py:3239} INFO - Sync 1 DAGs
[2025-10-05T23:18:12.735+0000] {logging_mixin.py:190} INFO - [2025-10-05T23:18:12.734+0000] {dag.py:4180} INFO - Setting next_dagrun for example_display_name to None, run_after=None
[2025-10-05T23:18:12.765+0000] {processor.py:208} INFO - Processing /home/airflow/.local/lib/python3.12/site-packages/airflow/example_dags/example_display_name.py took 0.108 seconds
[2025-10-05T23:18:43.949+0000] {processor.py:186} INFO - Started process (PID=1002) to work on /home/airflow/.local/lib/python3.12/site-packages/airflow/example_dags/example_display_name.py
[2025-10-05T23:18:43.950+0000] {processor.py:914} INFO - Processing file /home/airflow/.local/lib/python3.12/site-packages/airflow/example_dags/example_display_name.py for tasks to queue
[2025-10-05T23:18:43.954+0000] {logging_mixin.py:190} INFO - [2025-10-05T23:18:43.953+0000] {dagbag.py:588} INFO - Filling up the DagBag from /home/airflow/.local/lib/python3.12/site-packages/airflow/example_dags/example_display_name.py
[2025-10-05T23:18:43.965+0000] {processor.py:925} INFO - DAG(s) 'example_display_name' retrieved from /home/airflow/.local/lib/python3.12/site-packages/airflow/example_dags/example_display_name.py
[2025-10-05T23:18:43.993+0000] {logging_mixin.py:190} INFO - [2025-10-05T23:18:43.993+0000] {dag.py:3239} INFO - Sync 1 DAGs
[2025-10-05T23:18:44.010+0000] {logging_mixin.py:190} INFO - [2025-10-05T23:18:44.010+0000] {dag.py:4180} INFO - Setting next_dagrun for example_display_name to None, run_after=None
[2025-10-05T23:18:44.035+0000] {processor.py:208} INFO - Processing /home/airflow/.local/lib/python3.12/site-packages/airflow/example_dags/example_display_name.py took 0.093 seconds
[2025-10-05T23:19:14.999+0000] {processor.py:186} INFO - Started process (PID=1065) to work on /home/airflow/.local/lib/python3.12/site-packages/airflow/example_dags/example_display_name.py
[2025-10-05T23:19:15.000+0000] {processor.py:914} INFO - Processing file /home/airflow/.local/lib/python3.12/site-packages/airflow/example_dags/example_display_name.py for tasks to queue
[2025-10-05T23:19:15.003+0000] {logging_mixin.py:190} INFO - [2025-10-05T23:19:15.002+0000] {dagbag.py:588} INFO - Filling up the DagBag from /home/airflow/.local/lib/python3.12/site-packages/airflow/example_dags/example_display_name.py
[2025-10-05T23:19:15.014+0000] {processor.py:925} INFO - DAG(s) 'example_display_name' retrieved from /home/airflow/.local/lib/python3.12/site-packages/airflow/example_dags/example_display_name.py
[2025-10-05T23:19:15.041+0000] {logging_mixin.py:190} INFO - [2025-10-05T23:19:15.041+0000] {dag.py:3239} INFO - Sync 1 DAGs
[2025-10-05T23:19:15.060+0000] {logging_mixin.py:190} INFO - [2025-10-05T23:19:15.060+0000] {dag.py:4180} INFO - Setting next_dagrun for example_display_name to None, run_after=None
[2025-10-05T23:19:15.087+0000] {processor.py:208} INFO - Processing /home/airflow/.local/lib/python3.12/site-packages/airflow/example_dags/example_display_name.py took 0.095 seconds
[2025-10-05T23:20:07.088+0000] {processor.py:186} INFO - Started process (PID=1139) to work on /home/airflow/.local/lib/python3.12/site-packages/airflow/example_dags/example_display_name.py
[2025-10-05T23:20:07.090+0000] {processor.py:914} INFO - Processing file /home/airflow/.local/lib/python3.12/site-packages/airflow/example_dags/example_display_name.py for tasks to queue
[2025-10-05T23:20:07.094+0000] {logging_mixin.py:190} INFO - [2025-10-05T23:20:07.093+0000] {dagbag.py:588} INFO - Filling up the DagBag from /home/airflow/.local/lib/python3.12/site-packages/airflow/example_dags/example_display_name.py
[2025-10-05T23:20:07.106+0000] {processor.py:925} INFO - DAG(s) 'example_display_name' retrieved from /home/airflow/.local/lib/python3.12/site-packages/airflow/example_dags/example_display_name.py
[2025-10-05T23:20:07.135+0000] {logging_mixin.py:190} INFO - [2025-10-05T23:20:07.135+0000] {dag.py:3239} INFO - Sync 1 DAGs
[2025-10-05T23:20:07.159+0000] {logging_mixin.py:190} INFO - [2025-10-05T23:20:07.159+0000] {dag.py:4180} INFO - Setting next_dagrun for example_display_name to None, run_after=None
[2025-10-05T23:20:07.187+0000] {processor.py:208} INFO - Processing /home/airflow/.local/lib/python3.12/site-packages/airflow/example_dags/example_display_name.py took 0.108 seconds
[2025-10-05T23:20:37.908+0000] {processor.py:186} INFO - Started process (PID=1202) to work on /home/airflow/.local/lib/python3.12/site-packages/airflow/example_dags/example_display_name.py
[2025-10-05T23:20:37.910+0000] {processor.py:914} INFO - Processing file /home/airflow/.local/lib/python3.12/site-packages/airflow/example_dags/example_display_name.py for tasks to queue
[2025-10-05T23:20:37.914+0000] {logging_mixin.py:190} INFO - [2025-10-05T23:20:37.913+0000] {dagbag.py:588} INFO - Filling up the DagBag from /home/airflow/.local/lib/python3.12/site-packages/airflow/example_dags/example_display_name.py
[2025-10-05T23:20:37.927+0000] {processor.py:925} INFO - DAG(s) 'example_display_name' retrieved from /home/airflow/.local/lib/python3.12/site-packages/airflow/example_dags/example_display_name.py
[2025-10-05T23:20:37.951+0000] {logging_mixin.py:190} INFO - [2025-10-05T23:20:37.951+0000] {dag.py:3239} INFO - Sync 1 DAGs
[2025-10-05T23:20:37.971+0000] {logging_mixin.py:190} INFO - [2025-10-05T23:20:37.971+0000] {dag.py:4180} INFO - Setting next_dagrun for example_display_name to None, run_after=None
[2025-10-05T23:20:37.996+0000] {processor.py:208} INFO - Processing /home/airflow/.local/lib/python3.12/site-packages/airflow/example_dags/example_display_name.py took 0.097 seconds
[2025-10-05T23:21:18.864+0000] {processor.py:186} INFO - Started process (PID=1260) to work on /home/airflow/.local/lib/python3.12/site-packages/airflow/example_dags/example_display_name.py
[2025-10-05T23:21:18.866+0000] {processor.py:914} INFO - Processing file /home/airflow/.local/lib/python3.12/site-packages/airflow/example_dags/example_display_name.py for tasks to queue
[2025-10-05T23:21:18.870+0000] {logging_mixin.py:190} INFO - [2025-10-05T23:21:18.869+0000] {dagbag.py:588} INFO - Filling up the DagBag from /home/airflow/.local/lib/python3.12/site-packages/airflow/example_dags/example_display_name.py
[2025-10-05T23:21:18.883+0000] {processor.py:925} INFO - DAG(s) 'example_display_name' retrieved from /home/airflow/.local/lib/python3.12/site-packages/airflow/example_dags/example_display_name.py
[2025-10-05T23:21:18.910+0000] {logging_mixin.py:190} INFO - [2025-10-05T23:21:18.910+0000] {dag.py:3239} INFO - Sync 1 DAGs
[2025-10-05T23:21:18.931+0000] {logging_mixin.py:190} INFO - [2025-10-05T23:21:18.930+0000] {dag.py:4180} INFO - Setting next_dagrun for example_display_name to None, run_after=None
[2025-10-05T23:21:18.956+0000] {processor.py:208} INFO - Processing /home/airflow/.local/lib/python3.12/site-packages/airflow/example_dags/example_display_name.py took 0.101 seconds
[2025-10-05T23:26:44.673+0000] {processor.py:186} INFO - Started process (PID=1354) to work on /home/airflow/.local/lib/python3.12/site-packages/airflow/example_dags/example_display_name.py
[2025-10-05T23:26:44.676+0000] {processor.py:914} INFO - Processing file /home/airflow/.local/lib/python3.12/site-packages/airflow/example_dags/example_display_name.py for tasks to queue
[2025-10-05T23:26:44.680+0000] {logging_mixin.py:190} INFO - [2025-10-05T23:26:44.679+0000] {dagbag.py:588} INFO - Filling up the DagBag from /home/airflow/.local/lib/python3.12/site-packages/airflow/example_dags/example_display_name.py
[2025-10-05T23:26:44.701+0000] {processor.py:925} INFO - DAG(s) 'example_display_name' retrieved from /home/airflow/.local/lib/python3.12/site-packages/airflow/example_dags/example_display_name.py
[2025-10-05T23:26:44.748+0000] {logging_mixin.py:190} INFO - [2025-10-05T23:26:44.748+0000] {dag.py:3239} INFO - Sync 1 DAGs
[2025-10-05T23:26:44.782+0000] {logging_mixin.py:190} INFO - [2025-10-05T23:26:44.781+0000] {dag.py:4180} INFO - Setting next_dagrun for example_display_name to None, run_after=None
[2025-10-05T23:26:44.819+0000] {processor.py:208} INFO - Processing /home/airflow/.local/lib/python3.12/site-packages/airflow/example_dags/example_display_name.py took 0.165 seconds
[2025-10-05T23:28:17.050+0000] {processor.py:186} INFO - Started process (PID=1416) to work on /home/airflow/.local/lib/python3.12/site-packages/airflow/example_dags/example_display_name.py
[2025-10-05T23:28:17.052+0000] {processor.py:914} INFO - Processing file /home/airflow/.local/lib/python3.12/site-packages/airflow/example_dags/example_display_name.py for tasks to queue
[2025-10-05T23:28:17.056+0000] {logging_mixin.py:190} INFO - [2025-10-05T23:28:17.055+0000] {dagbag.py:588} INFO - Filling up the DagBag from /home/airflow/.local/lib/python3.12/site-packages/airflow/example_dags/example_display_name.py
[2025-10-05T23:28:17.078+0000] {processor.py:925} INFO - DAG(s) 'example_display_name' retrieved from /home/airflow/.local/lib/python3.12/site-packages/airflow/example_dags/example_display_name.py
[2025-10-05T23:28:17.341+0000] {logging_mixin.py:190} INFO - [2025-10-05T23:28:17.340+0000] {dag.py:3239} INFO - Sync 1 DAGs
[2025-10-05T23:28:17.388+0000] {logging_mixin.py:190} INFO - [2025-10-05T23:28:17.387+0000] {dag.py:4180} INFO - Setting next_dagrun for example_display_name to None, run_after=None
[2025-10-05T23:28:17.447+0000] {processor.py:208} INFO - Processing /home/airflow/.local/lib/python3.12/site-packages/airflow/example_dags/example_display_name.py took 0.411 seconds
