[2025-10-05T23:11:16.437+0000] {processor.py:186} INFO - Started process (PID=130) to work on /home/airflow/.local/lib/python3.12/site-packages/airflow/example_dags/example_latest_only.py
[2025-10-05T23:11:16.450+0000] {processor.py:914} INFO - Processing file /home/airflow/.local/lib/python3.12/site-packages/airflow/example_dags/example_latest_only.py for tasks to queue
[2025-10-05T23:11:16.468+0000] {logging_mixin.py:190} INFO - [2025-10-05T23:11:16.466+0000] {dagbag.py:588} INFO - Filling up the DagBag from /home/airflow/.local/lib/python3.12/site-packages/airflow/example_dags/example_latest_only.py
[2025-10-05T23:11:16.545+0000] {processor.py:925} INFO - DAG(s) 'latest_only' retrieved from /home/airflow/.local/lib/python3.12/site-packages/airflow/example_dags/example_latest_only.py
[2025-10-05T23:11:16.977+0000] {logging_mixin.py:190} INFO - [2025-10-05T23:11:16.975+0000] {override.py:1900} INFO - Created Permission View: can edit on DAG:latest_only
[2025-10-05T23:11:17.018+0000] {logging_mixin.py:190} INFO - [2025-10-05T23:11:17.017+0000] {override.py:1900} INFO - Created Permission View: can delete on DAG:latest_only
[2025-10-05T23:11:17.041+0000] {logging_mixin.py:190} INFO - [2025-10-05T23:11:17.039+0000] {override.py:1900} INFO - Created Permission View: can read on DAG:latest_only
[2025-10-05T23:11:17.075+0000] {logging_mixin.py:190} INFO - [2025-10-05T23:11:17.071+0000] {override.py:1900} INFO - Created Permission View: can create on DAG Run:latest_only
[2025-10-05T23:11:17.102+0000] {logging_mixin.py:190} INFO - [2025-10-05T23:11:17.101+0000] {override.py:1900} INFO - Created Permission View: menu access on DAG Run:latest_only
[2025-10-05T23:11:17.129+0000] {logging_mixin.py:190} INFO - [2025-10-05T23:11:17.128+0000] {override.py:1900} INFO - Created Permission View: can delete on DAG Run:latest_only
[2025-10-05T23:11:17.157+0000] {logging_mixin.py:190} INFO - [2025-10-05T23:11:17.156+0000] {override.py:1900} INFO - Created Permission View: can read on DAG Run:latest_only
[2025-10-05T23:11:17.162+0000] {logging_mixin.py:190} INFO - [2025-10-05T23:11:17.160+0000] {dag.py:3239} INFO - Sync 1 DAGs
[2025-10-05T23:11:17.216+0000] {logging_mixin.py:190} INFO - [2025-10-05T23:11:17.216+0000] {dag.py:3262} INFO - Creating ORM DAG for latest_only
[2025-10-05T23:11:17.254+0000] {logging_mixin.py:190} INFO - [2025-10-05T23:11:17.253+0000] {dag.py:4180} INFO - Setting next_dagrun for latest_only to 2025-10-05 16:00:00+00:00, run_after=2025-10-05 20:00:00+00:00
[2025-10-05T23:11:17.309+0000] {processor.py:208} INFO - Processing /home/airflow/.local/lib/python3.12/site-packages/airflow/example_dags/example_latest_only.py took 0.932 seconds
[2025-10-05T23:11:47.978+0000] {processor.py:186} INFO - Started process (PID=193) to work on /home/airflow/.local/lib/python3.12/site-packages/airflow/example_dags/example_latest_only.py
[2025-10-05T23:11:47.986+0000] {processor.py:914} INFO - Processing file /home/airflow/.local/lib/python3.12/site-packages/airflow/example_dags/example_latest_only.py for tasks to queue
[2025-10-05T23:11:48.004+0000] {logging_mixin.py:190} INFO - [2025-10-05T23:11:48.003+0000] {dagbag.py:588} INFO - Filling up the DagBag from /home/airflow/.local/lib/python3.12/site-packages/airflow/example_dags/example_latest_only.py
[2025-10-05T23:11:48.044+0000] {processor.py:925} INFO - DAG(s) 'latest_only' retrieved from /home/airflow/.local/lib/python3.12/site-packages/airflow/example_dags/example_latest_only.py
[2025-10-05T23:11:48.172+0000] {logging_mixin.py:190} INFO - [2025-10-05T23:11:48.171+0000] {dag.py:3239} INFO - Sync 1 DAGs
[2025-10-05T23:11:48.332+0000] {logging_mixin.py:190} INFO - [2025-10-05T23:11:48.331+0000] {dag.py:4180} INFO - Setting next_dagrun for latest_only to 2025-10-05 16:00:00+00:00, run_after=2025-10-05 20:00:00+00:00
[2025-10-05T23:11:48.448+0000] {processor.py:208} INFO - Processing /home/airflow/.local/lib/python3.12/site-packages/airflow/example_dags/example_latest_only.py took 0.508 seconds
[2025-10-05T23:12:19.173+0000] {processor.py:186} INFO - Started process (PID=256) to work on /home/airflow/.local/lib/python3.12/site-packages/airflow/example_dags/example_latest_only.py
[2025-10-05T23:12:19.176+0000] {processor.py:914} INFO - Processing file /home/airflow/.local/lib/python3.12/site-packages/airflow/example_dags/example_latest_only.py for tasks to queue
[2025-10-05T23:12:19.184+0000] {logging_mixin.py:190} INFO - [2025-10-05T23:12:19.184+0000] {dagbag.py:588} INFO - Filling up the DagBag from /home/airflow/.local/lib/python3.12/site-packages/airflow/example_dags/example_latest_only.py
[2025-10-05T23:12:19.204+0000] {processor.py:925} INFO - DAG(s) 'latest_only' retrieved from /home/airflow/.local/lib/python3.12/site-packages/airflow/example_dags/example_latest_only.py
[2025-10-05T23:12:19.247+0000] {logging_mixin.py:190} INFO - [2025-10-05T23:12:19.246+0000] {dag.py:3239} INFO - Sync 1 DAGs
[2025-10-05T23:12:19.308+0000] {logging_mixin.py:190} INFO - [2025-10-05T23:12:19.307+0000] {dag.py:4180} INFO - Setting next_dagrun for latest_only to 2025-10-05 16:00:00+00:00, run_after=2025-10-05 20:00:00+00:00
[2025-10-05T23:12:19.363+0000] {processor.py:208} INFO - Processing /home/airflow/.local/lib/python3.12/site-packages/airflow/example_dags/example_latest_only.py took 0.208 seconds
[2025-10-05T23:12:50.479+0000] {processor.py:186} INFO - Started process (PID=319) to work on /home/airflow/.local/lib/python3.12/site-packages/airflow/example_dags/example_latest_only.py
[2025-10-05T23:12:50.494+0000] {processor.py:914} INFO - Processing file /home/airflow/.local/lib/python3.12/site-packages/airflow/example_dags/example_latest_only.py for tasks to queue
[2025-10-05T23:12:50.501+0000] {logging_mixin.py:190} INFO - [2025-10-05T23:12:50.500+0000] {dagbag.py:588} INFO - Filling up the DagBag from /home/airflow/.local/lib/python3.12/site-packages/airflow/example_dags/example_latest_only.py
[2025-10-05T23:12:50.524+0000] {processor.py:925} INFO - DAG(s) 'latest_only' retrieved from /home/airflow/.local/lib/python3.12/site-packages/airflow/example_dags/example_latest_only.py
[2025-10-05T23:12:50.590+0000] {logging_mixin.py:190} INFO - [2025-10-05T23:12:50.590+0000] {dag.py:3239} INFO - Sync 1 DAGs
[2025-10-05T23:12:50.685+0000] {logging_mixin.py:190} INFO - [2025-10-05T23:12:50.684+0000] {dag.py:4180} INFO - Setting next_dagrun for latest_only to 2025-10-05 16:00:00+00:00, run_after=2025-10-05 20:00:00+00:00
[2025-10-05T23:12:50.756+0000] {processor.py:208} INFO - Processing /home/airflow/.local/lib/python3.12/site-packages/airflow/example_dags/example_latest_only.py took 0.298 seconds
[2025-10-05T23:13:21.310+0000] {processor.py:186} INFO - Started process (PID=383) to work on /home/airflow/.local/lib/python3.12/site-packages/airflow/example_dags/example_latest_only.py
[2025-10-05T23:13:21.313+0000] {processor.py:914} INFO - Processing file /home/airflow/.local/lib/python3.12/site-packages/airflow/example_dags/example_latest_only.py for tasks to queue
[2025-10-05T23:13:21.319+0000] {logging_mixin.py:190} INFO - [2025-10-05T23:13:21.318+0000] {dagbag.py:588} INFO - Filling up the DagBag from /home/airflow/.local/lib/python3.12/site-packages/airflow/example_dags/example_latest_only.py
[2025-10-05T23:13:21.333+0000] {processor.py:925} INFO - DAG(s) 'latest_only' retrieved from /home/airflow/.local/lib/python3.12/site-packages/airflow/example_dags/example_latest_only.py
[2025-10-05T23:13:21.368+0000] {logging_mixin.py:190} INFO - [2025-10-05T23:13:21.367+0000] {dag.py:3239} INFO - Sync 1 DAGs
[2025-10-05T23:13:21.424+0000] {logging_mixin.py:190} INFO - [2025-10-05T23:13:21.424+0000] {dag.py:4180} INFO - Setting next_dagrun for latest_only to 2025-10-05 16:00:00+00:00, run_after=2025-10-05 20:00:00+00:00
[2025-10-05T23:13:21.460+0000] {processor.py:208} INFO - Processing /home/airflow/.local/lib/python3.12/site-packages/airflow/example_dags/example_latest_only.py took 0.162 seconds
[2025-10-05T23:13:52.152+0000] {processor.py:186} INFO - Started process (PID=446) to work on /home/airflow/.local/lib/python3.12/site-packages/airflow/example_dags/example_latest_only.py
[2025-10-05T23:13:52.154+0000] {processor.py:914} INFO - Processing file /home/airflow/.local/lib/python3.12/site-packages/airflow/example_dags/example_latest_only.py for tasks to queue
[2025-10-05T23:13:52.157+0000] {logging_mixin.py:190} INFO - [2025-10-05T23:13:52.156+0000] {dagbag.py:588} INFO - Filling up the DagBag from /home/airflow/.local/lib/python3.12/site-packages/airflow/example_dags/example_latest_only.py
[2025-10-05T23:13:52.168+0000] {processor.py:925} INFO - DAG(s) 'latest_only' retrieved from /home/airflow/.local/lib/python3.12/site-packages/airflow/example_dags/example_latest_only.py
[2025-10-05T23:13:52.196+0000] {logging_mixin.py:190} INFO - [2025-10-05T23:13:52.196+0000] {dag.py:3239} INFO - Sync 1 DAGs
[2025-10-05T23:13:52.227+0000] {logging_mixin.py:190} INFO - [2025-10-05T23:13:52.227+0000] {dag.py:4180} INFO - Setting next_dagrun for latest_only to 2025-10-05 16:00:00+00:00, run_after=2025-10-05 20:00:00+00:00
[2025-10-05T23:13:52.260+0000] {processor.py:208} INFO - Processing /home/airflow/.local/lib/python3.12/site-packages/airflow/example_dags/example_latest_only.py took 0.115 seconds
[2025-10-05T23:14:22.664+0000] {processor.py:186} INFO - Started process (PID=509) to work on /home/airflow/.local/lib/python3.12/site-packages/airflow/example_dags/example_latest_only.py
[2025-10-05T23:14:22.667+0000] {processor.py:914} INFO - Processing file /home/airflow/.local/lib/python3.12/site-packages/airflow/example_dags/example_latest_only.py for tasks to queue
[2025-10-05T23:14:22.682+0000] {logging_mixin.py:190} INFO - [2025-10-05T23:14:22.681+0000] {dagbag.py:588} INFO - Filling up the DagBag from /home/airflow/.local/lib/python3.12/site-packages/airflow/example_dags/example_latest_only.py
[2025-10-05T23:14:22.714+0000] {processor.py:925} INFO - DAG(s) 'latest_only' retrieved from /home/airflow/.local/lib/python3.12/site-packages/airflow/example_dags/example_latest_only.py
[2025-10-05T23:14:22.781+0000] {logging_mixin.py:190} INFO - [2025-10-05T23:14:22.781+0000] {dag.py:3239} INFO - Sync 1 DAGs
[2025-10-05T23:14:22.826+0000] {logging_mixin.py:190} INFO - [2025-10-05T23:14:22.825+0000] {dag.py:4180} INFO - Setting next_dagrun for latest_only to 2025-10-05 16:00:00+00:00, run_after=2025-10-05 20:00:00+00:00
[2025-10-05T23:14:22.876+0000] {processor.py:208} INFO - Processing /home/airflow/.local/lib/python3.12/site-packages/airflow/example_dags/example_latest_only.py took 0.233 seconds
[2025-10-05T23:15:03.672+0000] {processor.py:186} INFO - Started process (PID=572) to work on /home/airflow/.local/lib/python3.12/site-packages/airflow/example_dags/example_latest_only.py
[2025-10-05T23:15:03.675+0000] {processor.py:914} INFO - Processing file /home/airflow/.local/lib/python3.12/site-packages/airflow/example_dags/example_latest_only.py for tasks to queue
[2025-10-05T23:15:03.705+0000] {logging_mixin.py:190} INFO - [2025-10-05T23:15:03.699+0000] {dagbag.py:588} INFO - Filling up the DagBag from /home/airflow/.local/lib/python3.12/site-packages/airflow/example_dags/example_latest_only.py
[2025-10-05T23:15:03.797+0000] {processor.py:925} INFO - DAG(s) 'latest_only' retrieved from /home/airflow/.local/lib/python3.12/site-packages/airflow/example_dags/example_latest_only.py
[2025-10-05T23:15:03.936+0000] {logging_mixin.py:190} INFO - [2025-10-05T23:15:03.934+0000] {dag.py:3239} INFO - Sync 1 DAGs
[2025-10-05T23:15:05.124+0000] {logging_mixin.py:190} INFO - [2025-10-05T23:15:05.122+0000] {dag.py:4180} INFO - Setting next_dagrun for latest_only to 2025-10-05 16:00:00+00:00, run_after=2025-10-05 20:00:00+00:00
[2025-10-05T23:15:05.205+0000] {processor.py:208} INFO - Processing /home/airflow/.local/lib/python3.12/site-packages/airflow/example_dags/example_latest_only.py took 1.546 seconds
[2025-10-05T23:15:35.521+0000] {processor.py:186} INFO - Started process (PID=634) to work on /home/airflow/.local/lib/python3.12/site-packages/airflow/example_dags/example_latest_only.py
[2025-10-05T23:15:35.524+0000] {processor.py:914} INFO - Processing file /home/airflow/.local/lib/python3.12/site-packages/airflow/example_dags/example_latest_only.py for tasks to queue
[2025-10-05T23:15:35.531+0000] {logging_mixin.py:190} INFO - [2025-10-05T23:15:35.528+0000] {dagbag.py:588} INFO - Filling up the DagBag from /home/airflow/.local/lib/python3.12/site-packages/airflow/example_dags/example_latest_only.py
[2025-10-05T23:15:35.555+0000] {processor.py:925} INFO - DAG(s) 'latest_only' retrieved from /home/airflow/.local/lib/python3.12/site-packages/airflow/example_dags/example_latest_only.py
[2025-10-05T23:15:35.653+0000] {logging_mixin.py:190} INFO - [2025-10-05T23:15:35.652+0000] {dag.py:3239} INFO - Sync 1 DAGs
[2025-10-05T23:15:35.688+0000] {logging_mixin.py:190} INFO - [2025-10-05T23:15:35.688+0000] {dag.py:4180} INFO - Setting next_dagrun for latest_only to 2025-10-05 16:00:00+00:00, run_after=2025-10-05 20:00:00+00:00
[2025-10-05T23:15:35.714+0000] {processor.py:208} INFO - Processing /home/airflow/.local/lib/python3.12/site-packages/airflow/example_dags/example_latest_only.py took 0.208 seconds
[2025-10-05T23:16:05.942+0000] {processor.py:186} INFO - Started process (PID=697) to work on /home/airflow/.local/lib/python3.12/site-packages/airflow/example_dags/example_latest_only.py
[2025-10-05T23:16:05.944+0000] {processor.py:914} INFO - Processing file /home/airflow/.local/lib/python3.12/site-packages/airflow/example_dags/example_latest_only.py for tasks to queue
[2025-10-05T23:16:05.947+0000] {logging_mixin.py:190} INFO - [2025-10-05T23:16:05.946+0000] {dagbag.py:588} INFO - Filling up the DagBag from /home/airflow/.local/lib/python3.12/site-packages/airflow/example_dags/example_latest_only.py
[2025-10-05T23:16:05.956+0000] {processor.py:925} INFO - DAG(s) 'latest_only' retrieved from /home/airflow/.local/lib/python3.12/site-packages/airflow/example_dags/example_latest_only.py
[2025-10-05T23:16:05.983+0000] {logging_mixin.py:190} INFO - [2025-10-05T23:16:05.983+0000] {dag.py:3239} INFO - Sync 1 DAGs
[2025-10-05T23:16:06.014+0000] {logging_mixin.py:190} INFO - [2025-10-05T23:16:06.014+0000] {dag.py:4180} INFO - Setting next_dagrun for latest_only to 2025-10-05 16:00:00+00:00, run_after=2025-10-05 20:00:00+00:00
[2025-10-05T23:16:06.043+0000] {processor.py:208} INFO - Processing /home/airflow/.local/lib/python3.12/site-packages/airflow/example_dags/example_latest_only.py took 0.109 seconds
[2025-10-05T23:16:41.325+0000] {processor.py:186} INFO - Started process (PID=759) to work on /home/airflow/.local/lib/python3.12/site-packages/airflow/example_dags/example_latest_only.py
[2025-10-05T23:16:41.327+0000] {processor.py:914} INFO - Processing file /home/airflow/.local/lib/python3.12/site-packages/airflow/example_dags/example_latest_only.py for tasks to queue
[2025-10-05T23:16:41.333+0000] {logging_mixin.py:190} INFO - [2025-10-05T23:16:41.332+0000] {dagbag.py:588} INFO - Filling up the DagBag from /home/airflow/.local/lib/python3.12/site-packages/airflow/example_dags/example_latest_only.py
[2025-10-05T23:16:41.349+0000] {processor.py:925} INFO - DAG(s) 'latest_only' retrieved from /home/airflow/.local/lib/python3.12/site-packages/airflow/example_dags/example_latest_only.py
[2025-10-05T23:16:41.381+0000] {logging_mixin.py:190} INFO - [2025-10-05T23:16:41.380+0000] {dag.py:3239} INFO - Sync 1 DAGs
[2025-10-05T23:16:41.425+0000] {logging_mixin.py:190} INFO - [2025-10-05T23:16:41.424+0000] {dag.py:4180} INFO - Setting next_dagrun for latest_only to 2025-10-05 16:00:00+00:00, run_after=2025-10-05 20:00:00+00:00
[2025-10-05T23:16:41.458+0000] {processor.py:208} INFO - Processing /home/airflow/.local/lib/python3.12/site-packages/airflow/example_dags/example_latest_only.py took 0.146 seconds
[2025-10-05T23:17:11.865+0000] {processor.py:186} INFO - Started process (PID=823) to work on /home/airflow/.local/lib/python3.12/site-packages/airflow/example_dags/example_latest_only.py
[2025-10-05T23:17:11.867+0000] {processor.py:914} INFO - Processing file /home/airflow/.local/lib/python3.12/site-packages/airflow/example_dags/example_latest_only.py for tasks to queue
[2025-10-05T23:17:11.870+0000] {logging_mixin.py:190} INFO - [2025-10-05T23:17:11.870+0000] {dagbag.py:588} INFO - Filling up the DagBag from /home/airflow/.local/lib/python3.12/site-packages/airflow/example_dags/example_latest_only.py
[2025-10-05T23:17:11.881+0000] {processor.py:925} INFO - DAG(s) 'latest_only' retrieved from /home/airflow/.local/lib/python3.12/site-packages/airflow/example_dags/example_latest_only.py
[2025-10-05T23:17:11.909+0000] {logging_mixin.py:190} INFO - [2025-10-05T23:17:11.909+0000] {dag.py:3239} INFO - Sync 1 DAGs
[2025-10-05T23:17:11.953+0000] {logging_mixin.py:190} INFO - [2025-10-05T23:17:11.952+0000] {dag.py:4180} INFO - Setting next_dagrun for latest_only to 2025-10-05 16:00:00+00:00, run_after=2025-10-05 20:00:00+00:00
[2025-10-05T23:17:11.984+0000] {processor.py:208} INFO - Processing /home/airflow/.local/lib/python3.12/site-packages/airflow/example_dags/example_latest_only.py took 0.127 seconds
[2025-10-05T23:17:42.386+0000] {processor.py:186} INFO - Started process (PID=885) to work on /home/airflow/.local/lib/python3.12/site-packages/airflow/example_dags/example_latest_only.py
[2025-10-05T23:17:42.388+0000] {processor.py:914} INFO - Processing file /home/airflow/.local/lib/python3.12/site-packages/airflow/example_dags/example_latest_only.py for tasks to queue
[2025-10-05T23:17:42.391+0000] {logging_mixin.py:190} INFO - [2025-10-05T23:17:42.391+0000] {dagbag.py:588} INFO - Filling up the DagBag from /home/airflow/.local/lib/python3.12/site-packages/airflow/example_dags/example_latest_only.py
[2025-10-05T23:17:42.400+0000] {processor.py:925} INFO - DAG(s) 'latest_only' retrieved from /home/airflow/.local/lib/python3.12/site-packages/airflow/example_dags/example_latest_only.py
[2025-10-05T23:17:42.423+0000] {logging_mixin.py:190} INFO - [2025-10-05T23:17:42.423+0000] {dag.py:3239} INFO - Sync 1 DAGs
[2025-10-05T23:17:42.453+0000] {logging_mixin.py:190} INFO - [2025-10-05T23:17:42.453+0000] {dag.py:4180} INFO - Setting next_dagrun for latest_only to 2025-10-05 16:00:00+00:00, run_after=2025-10-05 20:00:00+00:00
[2025-10-05T23:17:42.476+0000] {processor.py:208} INFO - Processing /home/airflow/.local/lib/python3.12/site-packages/airflow/example_dags/example_latest_only.py took 0.098 seconds
[2025-10-05T23:18:13.892+0000] {processor.py:186} INFO - Started process (PID=949) to work on /home/airflow/.local/lib/python3.12/site-packages/airflow/example_dags/example_latest_only.py
[2025-10-05T23:18:13.894+0000] {processor.py:914} INFO - Processing file /home/airflow/.local/lib/python3.12/site-packages/airflow/example_dags/example_latest_only.py for tasks to queue
[2025-10-05T23:18:13.899+0000] {logging_mixin.py:190} INFO - [2025-10-05T23:18:13.899+0000] {dagbag.py:588} INFO - Filling up the DagBag from /home/airflow/.local/lib/python3.12/site-packages/airflow/example_dags/example_latest_only.py
[2025-10-05T23:18:13.913+0000] {processor.py:925} INFO - DAG(s) 'latest_only' retrieved from /home/airflow/.local/lib/python3.12/site-packages/airflow/example_dags/example_latest_only.py
[2025-10-05T23:18:13.945+0000] {logging_mixin.py:190} INFO - [2025-10-05T23:18:13.945+0000] {dag.py:3239} INFO - Sync 1 DAGs
[2025-10-05T23:18:13.988+0000] {logging_mixin.py:190} INFO - [2025-10-05T23:18:13.987+0000] {dag.py:4180} INFO - Setting next_dagrun for latest_only to 2025-10-05 16:00:00+00:00, run_after=2025-10-05 20:00:00+00:00
[2025-10-05T23:18:14.024+0000] {processor.py:208} INFO - Processing /home/airflow/.local/lib/python3.12/site-packages/airflow/example_dags/example_latest_only.py took 0.140 seconds
[2025-10-05T23:18:45.349+0000] {processor.py:186} INFO - Started process (PID=1014) to work on /home/airflow/.local/lib/python3.12/site-packages/airflow/example_dags/example_latest_only.py
[2025-10-05T23:18:45.350+0000] {processor.py:914} INFO - Processing file /home/airflow/.local/lib/python3.12/site-packages/airflow/example_dags/example_latest_only.py for tasks to queue
[2025-10-05T23:18:45.354+0000] {logging_mixin.py:190} INFO - [2025-10-05T23:18:45.354+0000] {dagbag.py:588} INFO - Filling up the DagBag from /home/airflow/.local/lib/python3.12/site-packages/airflow/example_dags/example_latest_only.py
[2025-10-05T23:18:45.363+0000] {processor.py:925} INFO - DAG(s) 'latest_only' retrieved from /home/airflow/.local/lib/python3.12/site-packages/airflow/example_dags/example_latest_only.py
[2025-10-05T23:18:45.390+0000] {logging_mixin.py:190} INFO - [2025-10-05T23:18:45.389+0000] {dag.py:3239} INFO - Sync 1 DAGs
[2025-10-05T23:18:45.417+0000] {logging_mixin.py:190} INFO - [2025-10-05T23:18:45.416+0000] {dag.py:4180} INFO - Setting next_dagrun for latest_only to 2025-10-05 16:00:00+00:00, run_after=2025-10-05 20:00:00+00:00
[2025-10-05T23:18:45.439+0000] {processor.py:208} INFO - Processing /home/airflow/.local/lib/python3.12/site-packages/airflow/example_dags/example_latest_only.py took 0.097 seconds
[2025-10-05T23:19:16.415+0000] {processor.py:186} INFO - Started process (PID=1077) to work on /home/airflow/.local/lib/python3.12/site-packages/airflow/example_dags/example_latest_only.py
[2025-10-05T23:19:16.416+0000] {processor.py:914} INFO - Processing file /home/airflow/.local/lib/python3.12/site-packages/airflow/example_dags/example_latest_only.py for tasks to queue
[2025-10-05T23:19:16.419+0000] {logging_mixin.py:190} INFO - [2025-10-05T23:19:16.419+0000] {dagbag.py:588} INFO - Filling up the DagBag from /home/airflow/.local/lib/python3.12/site-packages/airflow/example_dags/example_latest_only.py
[2025-10-05T23:19:16.430+0000] {processor.py:925} INFO - DAG(s) 'latest_only' retrieved from /home/airflow/.local/lib/python3.12/site-packages/airflow/example_dags/example_latest_only.py
[2025-10-05T23:19:16.468+0000] {logging_mixin.py:190} INFO - [2025-10-05T23:19:16.467+0000] {dag.py:3239} INFO - Sync 1 DAGs
[2025-10-05T23:19:16.523+0000] {logging_mixin.py:190} INFO - [2025-10-05T23:19:16.523+0000] {dag.py:4180} INFO - Setting next_dagrun for latest_only to 2025-10-05 16:00:00+00:00, run_after=2025-10-05 20:00:00+00:00
[2025-10-05T23:19:16.560+0000] {processor.py:208} INFO - Processing /home/airflow/.local/lib/python3.12/site-packages/airflow/example_dags/example_latest_only.py took 0.153 seconds
[2025-10-05T23:20:08.334+0000] {processor.py:186} INFO - Started process (PID=1149) to work on /home/airflow/.local/lib/python3.12/site-packages/airflow/example_dags/example_latest_only.py
[2025-10-05T23:20:08.335+0000] {processor.py:914} INFO - Processing file /home/airflow/.local/lib/python3.12/site-packages/airflow/example_dags/example_latest_only.py for tasks to queue
[2025-10-05T23:20:08.339+0000] {logging_mixin.py:190} INFO - [2025-10-05T23:20:08.338+0000] {dagbag.py:588} INFO - Filling up the DagBag from /home/airflow/.local/lib/python3.12/site-packages/airflow/example_dags/example_latest_only.py
[2025-10-05T23:20:08.349+0000] {processor.py:925} INFO - DAG(s) 'latest_only' retrieved from /home/airflow/.local/lib/python3.12/site-packages/airflow/example_dags/example_latest_only.py
[2025-10-05T23:20:08.377+0000] {logging_mixin.py:190} INFO - [2025-10-05T23:20:08.377+0000] {dag.py:3239} INFO - Sync 1 DAGs
[2025-10-05T23:20:08.407+0000] {logging_mixin.py:190} INFO - [2025-10-05T23:20:08.407+0000] {dag.py:4180} INFO - Setting next_dagrun for latest_only to 2025-10-05 16:00:00+00:00, run_after=2025-10-05 20:00:00+00:00
[2025-10-05T23:20:08.435+0000] {processor.py:208} INFO - Processing /home/airflow/.local/lib/python3.12/site-packages/airflow/example_dags/example_latest_only.py took 0.109 seconds
[2025-10-05T23:20:38.837+0000] {processor.py:186} INFO - Started process (PID=1212) to work on /home/airflow/.local/lib/python3.12/site-packages/airflow/example_dags/example_latest_only.py
[2025-10-05T23:20:38.839+0000] {processor.py:914} INFO - Processing file /home/airflow/.local/lib/python3.12/site-packages/airflow/example_dags/example_latest_only.py for tasks to queue
[2025-10-05T23:20:38.845+0000] {logging_mixin.py:190} INFO - [2025-10-05T23:20:38.844+0000] {dagbag.py:588} INFO - Filling up the DagBag from /home/airflow/.local/lib/python3.12/site-packages/airflow/example_dags/example_latest_only.py
[2025-10-05T23:20:38.859+0000] {processor.py:925} INFO - DAG(s) 'latest_only' retrieved from /home/airflow/.local/lib/python3.12/site-packages/airflow/example_dags/example_latest_only.py
[2025-10-05T23:20:38.894+0000] {logging_mixin.py:190} INFO - [2025-10-05T23:20:38.894+0000] {dag.py:3239} INFO - Sync 1 DAGs
[2025-10-05T23:20:38.940+0000] {logging_mixin.py:190} INFO - [2025-10-05T23:20:38.939+0000] {dag.py:4180} INFO - Setting next_dagrun for latest_only to 2025-10-05 16:00:00+00:00, run_after=2025-10-05 20:00:00+00:00
[2025-10-05T23:20:38.974+0000] {processor.py:208} INFO - Processing /home/airflow/.local/lib/python3.12/site-packages/airflow/example_dags/example_latest_only.py took 0.148 seconds
[2025-10-05T23:21:19.882+0000] {processor.py:186} INFO - Started process (PID=1270) to work on /home/airflow/.local/lib/python3.12/site-packages/airflow/example_dags/example_latest_only.py
[2025-10-05T23:21:19.884+0000] {processor.py:914} INFO - Processing file /home/airflow/.local/lib/python3.12/site-packages/airflow/example_dags/example_latest_only.py for tasks to queue
[2025-10-05T23:21:19.888+0000] {logging_mixin.py:190} INFO - [2025-10-05T23:21:19.888+0000] {dagbag.py:588} INFO - Filling up the DagBag from /home/airflow/.local/lib/python3.12/site-packages/airflow/example_dags/example_latest_only.py
[2025-10-05T23:21:19.901+0000] {processor.py:925} INFO - DAG(s) 'latest_only' retrieved from /home/airflow/.local/lib/python3.12/site-packages/airflow/example_dags/example_latest_only.py
[2025-10-05T23:21:19.943+0000] {logging_mixin.py:190} INFO - [2025-10-05T23:21:19.942+0000] {dag.py:3239} INFO - Sync 1 DAGs
[2025-10-05T23:21:19.984+0000] {logging_mixin.py:190} INFO - [2025-10-05T23:21:19.984+0000] {dag.py:4180} INFO - Setting next_dagrun for latest_only to 2025-10-05 16:00:00+00:00, run_after=2025-10-05 20:00:00+00:00
[2025-10-05T23:21:20.020+0000] {processor.py:208} INFO - Processing /home/airflow/.local/lib/python3.12/site-packages/airflow/example_dags/example_latest_only.py took 0.147 seconds
[2025-10-05T23:26:46.265+0000] {processor.py:186} INFO - Started process (PID=1364) to work on /home/airflow/.local/lib/python3.12/site-packages/airflow/example_dags/example_latest_only.py
[2025-10-05T23:26:46.269+0000] {processor.py:914} INFO - Processing file /home/airflow/.local/lib/python3.12/site-packages/airflow/example_dags/example_latest_only.py for tasks to queue
[2025-10-05T23:26:46.272+0000] {logging_mixin.py:190} INFO - [2025-10-05T23:26:46.271+0000] {dagbag.py:588} INFO - Filling up the DagBag from /home/airflow/.local/lib/python3.12/site-packages/airflow/example_dags/example_latest_only.py
[2025-10-05T23:26:46.292+0000] {processor.py:925} INFO - DAG(s) 'latest_only' retrieved from /home/airflow/.local/lib/python3.12/site-packages/airflow/example_dags/example_latest_only.py
[2025-10-05T23:26:46.335+0000] {logging_mixin.py:190} INFO - [2025-10-05T23:26:46.334+0000] {dag.py:3239} INFO - Sync 1 DAGs
[2025-10-05T23:26:46.399+0000] {logging_mixin.py:190} INFO - [2025-10-05T23:26:46.399+0000] {dag.py:4180} INFO - Setting next_dagrun for latest_only to 2025-10-05 16:00:00+00:00, run_after=2025-10-05 20:00:00+00:00
[2025-10-05T23:26:46.448+0000] {processor.py:208} INFO - Processing /home/airflow/.local/lib/python3.12/site-packages/airflow/example_dags/example_latest_only.py took 0.201 seconds
