[2025-10-05T23:11:04.900+0000] {processor.py:186} INFO - Started process (PID=111) to work on /home/airflow/.local/lib/python3.12/site-packages/airflow/example_dags/example_inlet_event_extra.py
[2025-10-05T23:11:04.903+0000] {processor.py:914} INFO - Processing file /home/airflow/.local/lib/python3.12/site-packages/airflow/example_dags/example_inlet_event_extra.py for tasks to queue
[2025-10-05T23:11:04.911+0000] {logging_mixin.py:190} INFO - [2025-10-05T23:11:04.910+0000] {dagbag.py:588} INFO - Filling up the DagBag from /home/airflow/.local/lib/python3.12/site-packages/airflow/example_dags/example_inlet_event_extra.py
[2025-10-05T23:11:06.312+0000] {processor.py:925} INFO - DAG(s) 'read_dataset_event', 'read_dataset_event_from_classic' retrieved from /home/airflow/.local/lib/python3.12/site-packages/airflow/example_dags/example_inlet_event_extra.py
[2025-10-05T23:11:07.085+0000] {logging_mixin.py:190} INFO - [2025-10-05T23:11:07.082+0000] {override.py:1900} INFO - Created Permission View: can edit on DAG:read_dataset_event
[2025-10-05T23:11:07.162+0000] {logging_mixin.py:190} INFO - [2025-10-05T23:11:07.161+0000] {override.py:1900} INFO - Created Permission View: can delete on DAG:read_dataset_event
[2025-10-05T23:11:07.183+0000] {logging_mixin.py:190} INFO - [2025-10-05T23:11:07.182+0000] {override.py:1900} INFO - Created Permission View: can read on DAG:read_dataset_event
[2025-10-05T23:11:07.205+0000] {logging_mixin.py:190} INFO - [2025-10-05T23:11:07.204+0000] {override.py:1900} INFO - Created Permission View: can create on DAG Run:read_dataset_event
[2025-10-05T23:11:07.223+0000] {logging_mixin.py:190} INFO - [2025-10-05T23:11:07.222+0000] {override.py:1900} INFO - Created Permission View: menu access on DAG Run:read_dataset_event
[2025-10-05T23:11:07.258+0000] {logging_mixin.py:190} INFO - [2025-10-05T23:11:07.257+0000] {override.py:1900} INFO - Created Permission View: can delete on DAG Run:read_dataset_event
[2025-10-05T23:11:07.302+0000] {logging_mixin.py:190} INFO - [2025-10-05T23:11:07.301+0000] {override.py:1900} INFO - Created Permission View: can read on DAG Run:read_dataset_event
[2025-10-05T23:11:07.367+0000] {logging_mixin.py:190} INFO - [2025-10-05T23:11:07.365+0000] {override.py:1900} INFO - Created Permission View: can edit on DAG:read_dataset_event_from_classic
[2025-10-05T23:11:07.389+0000] {logging_mixin.py:190} INFO - [2025-10-05T23:11:07.388+0000] {override.py:1900} INFO - Created Permission View: can delete on DAG:read_dataset_event_from_classic
[2025-10-05T23:11:07.417+0000] {logging_mixin.py:190} INFO - [2025-10-05T23:11:07.416+0000] {override.py:1900} INFO - Created Permission View: can read on DAG:read_dataset_event_from_classic
[2025-10-05T23:11:07.445+0000] {logging_mixin.py:190} INFO - [2025-10-05T23:11:07.444+0000] {override.py:1900} INFO - Created Permission View: can create on DAG Run:read_dataset_event_from_classic
[2025-10-05T23:11:07.478+0000] {logging_mixin.py:190} INFO - [2025-10-05T23:11:07.477+0000] {override.py:1900} INFO - Created Permission View: menu access on DAG Run:read_dataset_event_from_classic
[2025-10-05T23:11:07.507+0000] {logging_mixin.py:190} INFO - [2025-10-05T23:11:07.507+0000] {override.py:1900} INFO - Created Permission View: can delete on DAG Run:read_dataset_event_from_classic
[2025-10-05T23:11:07.536+0000] {logging_mixin.py:190} INFO - [2025-10-05T23:11:07.535+0000] {override.py:1900} INFO - Created Permission View: can read on DAG Run:read_dataset_event_from_classic
[2025-10-05T23:11:07.538+0000] {logging_mixin.py:190} INFO - [2025-10-05T23:11:07.538+0000] {dag.py:3239} INFO - Sync 2 DAGs
[2025-10-05T23:11:07.634+0000] {logging_mixin.py:190} INFO - [2025-10-05T23:11:07.633+0000] {dag.py:3262} INFO - Creating ORM DAG for read_dataset_event_from_classic
[2025-10-05T23:11:07.639+0000] {logging_mixin.py:190} INFO - [2025-10-05T23:11:07.638+0000] {dag.py:3262} INFO - Creating ORM DAG for read_dataset_event
[2025-10-05T23:11:07.705+0000] {logging_mixin.py:190} INFO - [2025-10-05T23:11:07.704+0000] {dag.py:4180} INFO - Setting next_dagrun for read_dataset_event to 2025-10-04 00:00:00+00:00, run_after=2025-10-05 00:00:00+00:00
[2025-10-05T23:11:07.713+0000] {logging_mixin.py:190} INFO - [2025-10-05T23:11:07.713+0000] {dag.py:4180} INFO - Setting next_dagrun for read_dataset_event_from_classic to 2025-10-04 00:00:00+00:00, run_after=2025-10-05 00:00:00+00:00
[2025-10-05T23:11:07.815+0000] {processor.py:208} INFO - Processing /home/airflow/.local/lib/python3.12/site-packages/airflow/example_dags/example_inlet_event_extra.py took 2.936 seconds
[2025-10-05T23:11:37.982+0000] {processor.py:186} INFO - Started process (PID=174) to work on /home/airflow/.local/lib/python3.12/site-packages/airflow/example_dags/example_inlet_event_extra.py
[2025-10-05T23:11:37.989+0000] {processor.py:914} INFO - Processing file /home/airflow/.local/lib/python3.12/site-packages/airflow/example_dags/example_inlet_event_extra.py for tasks to queue
[2025-10-05T23:11:38.006+0000] {logging_mixin.py:190} INFO - [2025-10-05T23:11:38.005+0000] {dagbag.py:588} INFO - Filling up the DagBag from /home/airflow/.local/lib/python3.12/site-packages/airflow/example_dags/example_inlet_event_extra.py
[2025-10-05T23:11:38.904+0000] {processor.py:925} INFO - DAG(s) 'read_dataset_event', 'read_dataset_event_from_classic' retrieved from /home/airflow/.local/lib/python3.12/site-packages/airflow/example_dags/example_inlet_event_extra.py
[2025-10-05T23:11:38.965+0000] {logging_mixin.py:190} INFO - [2025-10-05T23:11:38.964+0000] {dag.py:3239} INFO - Sync 2 DAGs
[2025-10-05T23:11:39.049+0000] {logging_mixin.py:190} INFO - [2025-10-05T23:11:39.048+0000] {dag.py:4180} INFO - Setting next_dagrun for read_dataset_event to 2025-10-04 00:00:00+00:00, run_after=2025-10-05 00:00:00+00:00
[2025-10-05T23:11:39.068+0000] {logging_mixin.py:190} INFO - [2025-10-05T23:11:39.067+0000] {dag.py:4180} INFO - Setting next_dagrun for read_dataset_event_from_classic to 2025-10-04 00:00:00+00:00, run_after=2025-10-05 00:00:00+00:00
[2025-10-05T23:11:39.128+0000] {processor.py:208} INFO - Processing /home/airflow/.local/lib/python3.12/site-packages/airflow/example_dags/example_inlet_event_extra.py took 1.184 seconds
[2025-10-05T23:12:09.495+0000] {processor.py:186} INFO - Started process (PID=237) to work on /home/airflow/.local/lib/python3.12/site-packages/airflow/example_dags/example_inlet_event_extra.py
[2025-10-05T23:12:09.511+0000] {processor.py:914} INFO - Processing file /home/airflow/.local/lib/python3.12/site-packages/airflow/example_dags/example_inlet_event_extra.py for tasks to queue
[2025-10-05T23:12:09.547+0000] {logging_mixin.py:190} INFO - [2025-10-05T23:12:09.545+0000] {dagbag.py:588} INFO - Filling up the DagBag from /home/airflow/.local/lib/python3.12/site-packages/airflow/example_dags/example_inlet_event_extra.py
[2025-10-05T23:12:10.247+0000] {processor.py:925} INFO - DAG(s) 'read_dataset_event', 'read_dataset_event_from_classic' retrieved from /home/airflow/.local/lib/python3.12/site-packages/airflow/example_dags/example_inlet_event_extra.py
[2025-10-05T23:12:10.326+0000] {logging_mixin.py:190} INFO - [2025-10-05T23:12:10.326+0000] {dag.py:3239} INFO - Sync 2 DAGs
[2025-10-05T23:12:10.425+0000] {logging_mixin.py:190} INFO - [2025-10-05T23:12:10.424+0000] {dag.py:4180} INFO - Setting next_dagrun for read_dataset_event to 2025-10-04 00:00:00+00:00, run_after=2025-10-05 00:00:00+00:00
[2025-10-05T23:12:10.447+0000] {logging_mixin.py:190} INFO - [2025-10-05T23:12:10.446+0000] {dag.py:4180} INFO - Setting next_dagrun for read_dataset_event_from_classic to 2025-10-04 00:00:00+00:00, run_after=2025-10-05 00:00:00+00:00
[2025-10-05T23:12:10.489+0000] {processor.py:208} INFO - Processing /home/airflow/.local/lib/python3.12/site-packages/airflow/example_dags/example_inlet_event_extra.py took 1.021 seconds
[2025-10-05T23:12:40.779+0000] {processor.py:186} INFO - Started process (PID=300) to work on /home/airflow/.local/lib/python3.12/site-packages/airflow/example_dags/example_inlet_event_extra.py
[2025-10-05T23:12:40.785+0000] {processor.py:914} INFO - Processing file /home/airflow/.local/lib/python3.12/site-packages/airflow/example_dags/example_inlet_event_extra.py for tasks to queue
[2025-10-05T23:12:40.801+0000] {logging_mixin.py:190} INFO - [2025-10-05T23:12:40.799+0000] {dagbag.py:588} INFO - Filling up the DagBag from /home/airflow/.local/lib/python3.12/site-packages/airflow/example_dags/example_inlet_event_extra.py
[2025-10-05T23:12:41.736+0000] {processor.py:925} INFO - DAG(s) 'read_dataset_event', 'read_dataset_event_from_classic' retrieved from /home/airflow/.local/lib/python3.12/site-packages/airflow/example_dags/example_inlet_event_extra.py
[2025-10-05T23:12:41.973+0000] {logging_mixin.py:190} INFO - [2025-10-05T23:12:41.971+0000] {dag.py:3239} INFO - Sync 2 DAGs
[2025-10-05T23:12:43.190+0000] {logging_mixin.py:190} INFO - [2025-10-05T23:12:42.807+0000] {dag.py:4180} INFO - Setting next_dagrun for read_dataset_event to 2025-10-04 00:00:00+00:00, run_after=2025-10-05 00:00:00+00:00
[2025-10-05T23:12:47.517+0000] {logging_mixin.py:190} INFO - [2025-10-05T23:12:47.514+0000] {dag.py:4180} INFO - Setting next_dagrun for read_dataset_event_from_classic to 2025-10-04 00:00:00+00:00, run_after=2025-10-05 00:00:00+00:00
[2025-10-05T23:12:48.119+0000] {processor.py:208} INFO - Processing /home/airflow/.local/lib/python3.12/site-packages/airflow/example_dags/example_inlet_event_extra.py took 6.190 seconds
[2025-10-05T23:13:18.445+0000] {processor.py:186} INFO - Started process (PID=363) to work on /home/airflow/.local/lib/python3.12/site-packages/airflow/example_dags/example_inlet_event_extra.py
[2025-10-05T23:13:18.446+0000] {processor.py:914} INFO - Processing file /home/airflow/.local/lib/python3.12/site-packages/airflow/example_dags/example_inlet_event_extra.py for tasks to queue
[2025-10-05T23:13:18.449+0000] {logging_mixin.py:190} INFO - [2025-10-05T23:13:18.449+0000] {dagbag.py:588} INFO - Filling up the DagBag from /home/airflow/.local/lib/python3.12/site-packages/airflow/example_dags/example_inlet_event_extra.py
[2025-10-05T23:13:18.595+0000] {processor.py:925} INFO - DAG(s) 'read_dataset_event_from_classic', 'read_dataset_event' retrieved from /home/airflow/.local/lib/python3.12/site-packages/airflow/example_dags/example_inlet_event_extra.py
[2025-10-05T23:13:18.622+0000] {logging_mixin.py:190} INFO - [2025-10-05T23:13:18.622+0000] {dag.py:3239} INFO - Sync 2 DAGs
[2025-10-05T23:13:18.652+0000] {logging_mixin.py:190} INFO - [2025-10-05T23:13:18.652+0000] {dag.py:4180} INFO - Setting next_dagrun for read_dataset_event to 2025-10-04 00:00:00+00:00, run_after=2025-10-05 00:00:00+00:00
[2025-10-05T23:13:18.658+0000] {logging_mixin.py:190} INFO - [2025-10-05T23:13:18.657+0000] {dag.py:4180} INFO - Setting next_dagrun for read_dataset_event_from_classic to 2025-10-04 00:00:00+00:00, run_after=2025-10-05 00:00:00+00:00
[2025-10-05T23:13:18.676+0000] {processor.py:208} INFO - Processing /home/airflow/.local/lib/python3.12/site-packages/airflow/example_dags/example_inlet_event_extra.py took 0.238 seconds
[2025-10-05T23:13:49.370+0000] {processor.py:186} INFO - Started process (PID=427) to work on /home/airflow/.local/lib/python3.12/site-packages/airflow/example_dags/example_inlet_event_extra.py
[2025-10-05T23:13:49.371+0000] {processor.py:914} INFO - Processing file /home/airflow/.local/lib/python3.12/site-packages/airflow/example_dags/example_inlet_event_extra.py for tasks to queue
[2025-10-05T23:13:49.375+0000] {logging_mixin.py:190} INFO - [2025-10-05T23:13:49.374+0000] {dagbag.py:588} INFO - Filling up the DagBag from /home/airflow/.local/lib/python3.12/site-packages/airflow/example_dags/example_inlet_event_extra.py
[2025-10-05T23:13:49.566+0000] {processor.py:925} INFO - DAG(s) 'read_dataset_event_from_classic', 'read_dataset_event' retrieved from /home/airflow/.local/lib/python3.12/site-packages/airflow/example_dags/example_inlet_event_extra.py
[2025-10-05T23:13:49.594+0000] {logging_mixin.py:190} INFO - [2025-10-05T23:13:49.594+0000] {dag.py:3239} INFO - Sync 2 DAGs
[2025-10-05T23:13:49.622+0000] {logging_mixin.py:190} INFO - [2025-10-05T23:13:49.622+0000] {dag.py:4180} INFO - Setting next_dagrun for read_dataset_event to 2025-10-04 00:00:00+00:00, run_after=2025-10-05 00:00:00+00:00
[2025-10-05T23:13:49.766+0000] {logging_mixin.py:190} INFO - [2025-10-05T23:13:49.766+0000] {dag.py:4180} INFO - Setting next_dagrun for read_dataset_event_from_classic to 2025-10-04 00:00:00+00:00, run_after=2025-10-05 00:00:00+00:00
[2025-10-05T23:13:49.813+0000] {processor.py:208} INFO - Processing /home/airflow/.local/lib/python3.12/site-packages/airflow/example_dags/example_inlet_event_extra.py took 0.452 seconds
[2025-10-05T23:14:19.927+0000] {processor.py:186} INFO - Started process (PID=490) to work on /home/airflow/.local/lib/python3.12/site-packages/airflow/example_dags/example_inlet_event_extra.py
[2025-10-05T23:14:19.928+0000] {processor.py:914} INFO - Processing file /home/airflow/.local/lib/python3.12/site-packages/airflow/example_dags/example_inlet_event_extra.py for tasks to queue
[2025-10-05T23:14:19.932+0000] {logging_mixin.py:190} INFO - [2025-10-05T23:14:19.931+0000] {dagbag.py:588} INFO - Filling up the DagBag from /home/airflow/.local/lib/python3.12/site-packages/airflow/example_dags/example_inlet_event_extra.py
[2025-10-05T23:14:20.111+0000] {processor.py:925} INFO - DAG(s) 'read_dataset_event', 'read_dataset_event_from_classic' retrieved from /home/airflow/.local/lib/python3.12/site-packages/airflow/example_dags/example_inlet_event_extra.py
[2025-10-05T23:14:20.139+0000] {logging_mixin.py:190} INFO - [2025-10-05T23:14:20.139+0000] {dag.py:3239} INFO - Sync 2 DAGs
[2025-10-05T23:14:20.174+0000] {logging_mixin.py:190} INFO - [2025-10-05T23:14:20.174+0000] {dag.py:4180} INFO - Setting next_dagrun for read_dataset_event to 2025-10-04 00:00:00+00:00, run_after=2025-10-05 00:00:00+00:00
[2025-10-05T23:14:20.181+0000] {logging_mixin.py:190} INFO - [2025-10-05T23:14:20.181+0000] {dag.py:4180} INFO - Setting next_dagrun for read_dataset_event_from_classic to 2025-10-04 00:00:00+00:00, run_after=2025-10-05 00:00:00+00:00
[2025-10-05T23:14:20.201+0000] {processor.py:208} INFO - Processing /home/airflow/.local/lib/python3.12/site-packages/airflow/example_dags/example_inlet_event_extra.py took 0.281 seconds
[2025-10-05T23:14:50.556+0000] {processor.py:186} INFO - Started process (PID=553) to work on /home/airflow/.local/lib/python3.12/site-packages/airflow/example_dags/example_inlet_event_extra.py
[2025-10-05T23:14:50.571+0000] {processor.py:914} INFO - Processing file /home/airflow/.local/lib/python3.12/site-packages/airflow/example_dags/example_inlet_event_extra.py for tasks to queue
[2025-10-05T23:14:50.593+0000] {logging_mixin.py:190} INFO - [2025-10-05T23:14:50.590+0000] {dagbag.py:588} INFO - Filling up the DagBag from /home/airflow/.local/lib/python3.12/site-packages/airflow/example_dags/example_inlet_event_extra.py
[2025-10-05T23:14:51.341+0000] {processor.py:925} INFO - DAG(s) 'read_dataset_event_from_classic', 'read_dataset_event' retrieved from /home/airflow/.local/lib/python3.12/site-packages/airflow/example_dags/example_inlet_event_extra.py
[2025-10-05T23:14:51.469+0000] {logging_mixin.py:190} INFO - [2025-10-05T23:14:51.468+0000] {dag.py:3239} INFO - Sync 2 DAGs
[2025-10-05T23:14:51.660+0000] {logging_mixin.py:190} INFO - [2025-10-05T23:14:51.659+0000] {dag.py:4180} INFO - Setting next_dagrun for read_dataset_event to 2025-10-04 00:00:00+00:00, run_after=2025-10-05 00:00:00+00:00
[2025-10-05T23:14:51.684+0000] {logging_mixin.py:190} INFO - [2025-10-05T23:14:51.683+0000] {dag.py:4180} INFO - Setting next_dagrun for read_dataset_event_from_classic to 2025-10-04 00:00:00+00:00, run_after=2025-10-05 00:00:00+00:00
[2025-10-05T23:14:51.772+0000] {processor.py:208} INFO - Processing /home/airflow/.local/lib/python3.12/site-packages/airflow/example_dags/example_inlet_event_extra.py took 1.304 seconds
[2025-10-05T23:15:22.389+0000] {processor.py:186} INFO - Started process (PID=617) to work on /home/airflow/.local/lib/python3.12/site-packages/airflow/example_dags/example_inlet_event_extra.py
[2025-10-05T23:15:22.390+0000] {processor.py:914} INFO - Processing file /home/airflow/.local/lib/python3.12/site-packages/airflow/example_dags/example_inlet_event_extra.py for tasks to queue
[2025-10-05T23:15:22.394+0000] {logging_mixin.py:190} INFO - [2025-10-05T23:15:22.393+0000] {dagbag.py:588} INFO - Filling up the DagBag from /home/airflow/.local/lib/python3.12/site-packages/airflow/example_dags/example_inlet_event_extra.py
[2025-10-05T23:15:22.594+0000] {processor.py:925} INFO - DAG(s) 'read_dataset_event_from_classic', 'read_dataset_event' retrieved from /home/airflow/.local/lib/python3.12/site-packages/airflow/example_dags/example_inlet_event_extra.py
[2025-10-05T23:15:22.659+0000] {logging_mixin.py:190} INFO - [2025-10-05T23:15:22.659+0000] {dag.py:3239} INFO - Sync 2 DAGs
[2025-10-05T23:15:22.699+0000] {logging_mixin.py:190} INFO - [2025-10-05T23:15:22.699+0000] {dag.py:4180} INFO - Setting next_dagrun for read_dataset_event to 2025-10-04 00:00:00+00:00, run_after=2025-10-05 00:00:00+00:00
[2025-10-05T23:15:22.705+0000] {logging_mixin.py:190} INFO - [2025-10-05T23:15:22.705+0000] {dag.py:4180} INFO - Setting next_dagrun for read_dataset_event_from_classic to 2025-10-04 00:00:00+00:00, run_after=2025-10-05 00:00:00+00:00
[2025-10-05T23:15:22.726+0000] {processor.py:208} INFO - Processing /home/airflow/.local/lib/python3.12/site-packages/airflow/example_dags/example_inlet_event_extra.py took 0.346 seconds
[2025-10-05T23:15:52.850+0000] {processor.py:186} INFO - Started process (PID=681) to work on /home/airflow/.local/lib/python3.12/site-packages/airflow/example_dags/example_inlet_event_extra.py
[2025-10-05T23:15:52.852+0000] {processor.py:914} INFO - Processing file /home/airflow/.local/lib/python3.12/site-packages/airflow/example_dags/example_inlet_event_extra.py for tasks to queue
[2025-10-05T23:15:52.855+0000] {logging_mixin.py:190} INFO - [2025-10-05T23:15:52.854+0000] {dagbag.py:588} INFO - Filling up the DagBag from /home/airflow/.local/lib/python3.12/site-packages/airflow/example_dags/example_inlet_event_extra.py
[2025-10-05T23:15:53.002+0000] {processor.py:925} INFO - DAG(s) 'read_dataset_event', 'read_dataset_event_from_classic' retrieved from /home/airflow/.local/lib/python3.12/site-packages/airflow/example_dags/example_inlet_event_extra.py
[2025-10-05T23:15:53.025+0000] {logging_mixin.py:190} INFO - [2025-10-05T23:15:53.024+0000] {dag.py:3239} INFO - Sync 2 DAGs
[2025-10-05T23:15:53.052+0000] {logging_mixin.py:190} INFO - [2025-10-05T23:15:53.052+0000] {dag.py:4180} INFO - Setting next_dagrun for read_dataset_event to 2025-10-04 00:00:00+00:00, run_after=2025-10-05 00:00:00+00:00
[2025-10-05T23:15:53.059+0000] {logging_mixin.py:190} INFO - [2025-10-05T23:15:53.059+0000] {dag.py:4180} INFO - Setting next_dagrun for read_dataset_event_from_classic to 2025-10-04 00:00:00+00:00, run_after=2025-10-05 00:00:00+00:00
[2025-10-05T23:15:53.085+0000] {processor.py:208} INFO - Processing /home/airflow/.local/lib/python3.12/site-packages/airflow/example_dags/example_inlet_event_extra.py took 0.243 seconds
[2025-10-05T23:16:39.254+0000] {processor.py:186} INFO - Started process (PID=746) to work on /home/airflow/.local/lib/python3.12/site-packages/airflow/example_dags/example_inlet_event_extra.py
[2025-10-05T23:16:39.255+0000] {processor.py:914} INFO - Processing file /home/airflow/.local/lib/python3.12/site-packages/airflow/example_dags/example_inlet_event_extra.py for tasks to queue
[2025-10-05T23:16:39.259+0000] {logging_mixin.py:190} INFO - [2025-10-05T23:16:39.259+0000] {dagbag.py:588} INFO - Filling up the DagBag from /home/airflow/.local/lib/python3.12/site-packages/airflow/example_dags/example_inlet_event_extra.py
[2025-10-05T23:16:39.688+0000] {processor.py:925} INFO - DAG(s) 'read_dataset_event', 'read_dataset_event_from_classic' retrieved from /home/airflow/.local/lib/python3.12/site-packages/airflow/example_dags/example_inlet_event_extra.py
[2025-10-05T23:16:39.726+0000] {logging_mixin.py:190} INFO - [2025-10-05T23:16:39.726+0000] {dag.py:3239} INFO - Sync 2 DAGs
[2025-10-05T23:16:39.762+0000] {logging_mixin.py:190} INFO - [2025-10-05T23:16:39.762+0000] {dag.py:4180} INFO - Setting next_dagrun for read_dataset_event to 2025-10-04 00:00:00+00:00, run_after=2025-10-05 00:00:00+00:00
[2025-10-05T23:16:39.769+0000] {logging_mixin.py:190} INFO - [2025-10-05T23:16:39.769+0000] {dag.py:4180} INFO - Setting next_dagrun for read_dataset_event_from_classic to 2025-10-04 00:00:00+00:00, run_after=2025-10-05 00:00:00+00:00
[2025-10-05T23:16:39.798+0000] {processor.py:208} INFO - Processing /home/airflow/.local/lib/python3.12/site-packages/airflow/example_dags/example_inlet_event_extra.py took 0.555 seconds
[2025-10-05T23:17:09.982+0000] {processor.py:186} INFO - Started process (PID=810) to work on /home/airflow/.local/lib/python3.12/site-packages/airflow/example_dags/example_inlet_event_extra.py
[2025-10-05T23:17:09.984+0000] {processor.py:914} INFO - Processing file /home/airflow/.local/lib/python3.12/site-packages/airflow/example_dags/example_inlet_event_extra.py for tasks to queue
[2025-10-05T23:17:09.991+0000] {logging_mixin.py:190} INFO - [2025-10-05T23:17:09.990+0000] {dagbag.py:588} INFO - Filling up the DagBag from /home/airflow/.local/lib/python3.12/site-packages/airflow/example_dags/example_inlet_event_extra.py
[2025-10-05T23:17:10.454+0000] {processor.py:925} INFO - DAG(s) 'read_dataset_event', 'read_dataset_event_from_classic' retrieved from /home/airflow/.local/lib/python3.12/site-packages/airflow/example_dags/example_inlet_event_extra.py
[2025-10-05T23:17:10.499+0000] {logging_mixin.py:190} INFO - [2025-10-05T23:17:10.499+0000] {dag.py:3239} INFO - Sync 2 DAGs
[2025-10-05T23:17:10.557+0000] {logging_mixin.py:190} INFO - [2025-10-05T23:17:10.556+0000] {dag.py:4180} INFO - Setting next_dagrun for read_dataset_event to 2025-10-04 00:00:00+00:00, run_after=2025-10-05 00:00:00+00:00
[2025-10-05T23:17:10.567+0000] {logging_mixin.py:190} INFO - [2025-10-05T23:17:10.567+0000] {dag.py:4180} INFO - Setting next_dagrun for read_dataset_event_from_classic to 2025-10-04 00:00:00+00:00, run_after=2025-10-05 00:00:00+00:00
[2025-10-05T23:17:10.603+0000] {processor.py:208} INFO - Processing /home/airflow/.local/lib/python3.12/site-packages/airflow/example_dags/example_inlet_event_extra.py took 0.633 seconds
[2025-10-05T23:17:41.090+0000] {processor.py:186} INFO - Started process (PID=873) to work on /home/airflow/.local/lib/python3.12/site-packages/airflow/example_dags/example_inlet_event_extra.py
[2025-10-05T23:17:41.092+0000] {processor.py:914} INFO - Processing file /home/airflow/.local/lib/python3.12/site-packages/airflow/example_dags/example_inlet_event_extra.py for tasks to queue
[2025-10-05T23:17:41.095+0000] {logging_mixin.py:190} INFO - [2025-10-05T23:17:41.094+0000] {dagbag.py:588} INFO - Filling up the DagBag from /home/airflow/.local/lib/python3.12/site-packages/airflow/example_dags/example_inlet_event_extra.py
[2025-10-05T23:17:41.289+0000] {processor.py:925} INFO - DAG(s) 'read_dataset_event', 'read_dataset_event_from_classic' retrieved from /home/airflow/.local/lib/python3.12/site-packages/airflow/example_dags/example_inlet_event_extra.py
[2025-10-05T23:17:41.319+0000] {logging_mixin.py:190} INFO - [2025-10-05T23:17:41.318+0000] {dag.py:3239} INFO - Sync 2 DAGs
[2025-10-05T23:17:41.349+0000] {logging_mixin.py:190} INFO - [2025-10-05T23:17:41.349+0000] {dag.py:4180} INFO - Setting next_dagrun for read_dataset_event to 2025-10-04 00:00:00+00:00, run_after=2025-10-05 00:00:00+00:00
[2025-10-05T23:17:41.356+0000] {logging_mixin.py:190} INFO - [2025-10-05T23:17:41.356+0000] {dag.py:4180} INFO - Setting next_dagrun for read_dataset_event_from_classic to 2025-10-04 00:00:00+00:00, run_after=2025-10-05 00:00:00+00:00
[2025-10-05T23:17:41.380+0000] {processor.py:208} INFO - Processing /home/airflow/.local/lib/python3.12/site-packages/airflow/example_dags/example_inlet_event_extra.py took 0.298 seconds
[2025-10-05T23:18:12.242+0000] {processor.py:186} INFO - Started process (PID=936) to work on /home/airflow/.local/lib/python3.12/site-packages/airflow/example_dags/example_inlet_event_extra.py
[2025-10-05T23:18:12.244+0000] {processor.py:914} INFO - Processing file /home/airflow/.local/lib/python3.12/site-packages/airflow/example_dags/example_inlet_event_extra.py for tasks to queue
[2025-10-05T23:18:12.247+0000] {logging_mixin.py:190} INFO - [2025-10-05T23:18:12.246+0000] {dagbag.py:588} INFO - Filling up the DagBag from /home/airflow/.local/lib/python3.12/site-packages/airflow/example_dags/example_inlet_event_extra.py
[2025-10-05T23:18:12.467+0000] {processor.py:925} INFO - DAG(s) 'read_dataset_event', 'read_dataset_event_from_classic' retrieved from /home/airflow/.local/lib/python3.12/site-packages/airflow/example_dags/example_inlet_event_extra.py
[2025-10-05T23:18:12.494+0000] {logging_mixin.py:190} INFO - [2025-10-05T23:18:12.493+0000] {dag.py:3239} INFO - Sync 2 DAGs
[2025-10-05T23:18:12.520+0000] {logging_mixin.py:190} INFO - [2025-10-05T23:18:12.519+0000] {dag.py:4180} INFO - Setting next_dagrun for read_dataset_event to 2025-10-04 00:00:00+00:00, run_after=2025-10-05 00:00:00+00:00
[2025-10-05T23:18:12.525+0000] {logging_mixin.py:190} INFO - [2025-10-05T23:18:12.525+0000] {dag.py:4180} INFO - Setting next_dagrun for read_dataset_event_from_classic to 2025-10-04 00:00:00+00:00, run_after=2025-10-05 00:00:00+00:00
[2025-10-05T23:18:12.544+0000] {processor.py:208} INFO - Processing /home/airflow/.local/lib/python3.12/site-packages/airflow/example_dags/example_inlet_event_extra.py took 0.311 seconds
[2025-10-05T23:18:43.568+0000] {processor.py:186} INFO - Started process (PID=999) to work on /home/airflow/.local/lib/python3.12/site-packages/airflow/example_dags/example_inlet_event_extra.py
[2025-10-05T23:18:43.569+0000] {processor.py:914} INFO - Processing file /home/airflow/.local/lib/python3.12/site-packages/airflow/example_dags/example_inlet_event_extra.py for tasks to queue
[2025-10-05T23:18:43.572+0000] {logging_mixin.py:190} INFO - [2025-10-05T23:18:43.571+0000] {dagbag.py:588} INFO - Filling up the DagBag from /home/airflow/.local/lib/python3.12/site-packages/airflow/example_dags/example_inlet_event_extra.py
[2025-10-05T23:18:43.750+0000] {processor.py:925} INFO - DAG(s) 'read_dataset_event', 'read_dataset_event_from_classic' retrieved from /home/airflow/.local/lib/python3.12/site-packages/airflow/example_dags/example_inlet_event_extra.py
[2025-10-05T23:18:43.774+0000] {logging_mixin.py:190} INFO - [2025-10-05T23:18:43.773+0000] {dag.py:3239} INFO - Sync 2 DAGs
[2025-10-05T23:18:43.801+0000] {logging_mixin.py:190} INFO - [2025-10-05T23:18:43.801+0000] {dag.py:4180} INFO - Setting next_dagrun for read_dataset_event to 2025-10-04 00:00:00+00:00, run_after=2025-10-05 00:00:00+00:00
[2025-10-05T23:18:43.807+0000] {logging_mixin.py:190} INFO - [2025-10-05T23:18:43.806+0000] {dag.py:4180} INFO - Setting next_dagrun for read_dataset_event_from_classic to 2025-10-04 00:00:00+00:00, run_after=2025-10-05 00:00:00+00:00
[2025-10-05T23:18:43.833+0000] {processor.py:208} INFO - Processing /home/airflow/.local/lib/python3.12/site-packages/airflow/example_dags/example_inlet_event_extra.py took 0.272 seconds
[2025-10-05T23:19:14.558+0000] {processor.py:186} INFO - Started process (PID=1062) to work on /home/airflow/.local/lib/python3.12/site-packages/airflow/example_dags/example_inlet_event_extra.py
[2025-10-05T23:19:14.559+0000] {processor.py:914} INFO - Processing file /home/airflow/.local/lib/python3.12/site-packages/airflow/example_dags/example_inlet_event_extra.py for tasks to queue
[2025-10-05T23:19:14.562+0000] {logging_mixin.py:190} INFO - [2025-10-05T23:19:14.562+0000] {dagbag.py:588} INFO - Filling up the DagBag from /home/airflow/.local/lib/python3.12/site-packages/airflow/example_dags/example_inlet_event_extra.py
[2025-10-05T23:19:14.771+0000] {processor.py:925} INFO - DAG(s) 'read_dataset_event_from_classic', 'read_dataset_event' retrieved from /home/airflow/.local/lib/python3.12/site-packages/airflow/example_dags/example_inlet_event_extra.py
[2025-10-05T23:19:14.804+0000] {logging_mixin.py:190} INFO - [2025-10-05T23:19:14.804+0000] {dag.py:3239} INFO - Sync 2 DAGs
[2025-10-05T23:19:14.832+0000] {logging_mixin.py:190} INFO - [2025-10-05T23:19:14.831+0000] {dag.py:4180} INFO - Setting next_dagrun for read_dataset_event to 2025-10-04 00:00:00+00:00, run_after=2025-10-05 00:00:00+00:00
[2025-10-05T23:19:14.839+0000] {logging_mixin.py:190} INFO - [2025-10-05T23:19:14.839+0000] {dag.py:4180} INFO - Setting next_dagrun for read_dataset_event_from_classic to 2025-10-04 00:00:00+00:00, run_after=2025-10-05 00:00:00+00:00
[2025-10-05T23:19:14.861+0000] {processor.py:208} INFO - Processing /home/airflow/.local/lib/python3.12/site-packages/airflow/example_dags/example_inlet_event_extra.py took 0.309 seconds
[2025-10-05T23:20:06.466+0000] {processor.py:186} INFO - Started process (PID=1136) to work on /home/airflow/.local/lib/python3.12/site-packages/airflow/example_dags/example_inlet_event_extra.py
[2025-10-05T23:20:06.468+0000] {processor.py:914} INFO - Processing file /home/airflow/.local/lib/python3.12/site-packages/airflow/example_dags/example_inlet_event_extra.py for tasks to queue
[2025-10-05T23:20:06.472+0000] {logging_mixin.py:190} INFO - [2025-10-05T23:20:06.471+0000] {dagbag.py:588} INFO - Filling up the DagBag from /home/airflow/.local/lib/python3.12/site-packages/airflow/example_dags/example_inlet_event_extra.py
[2025-10-05T23:20:06.863+0000] {processor.py:925} INFO - DAG(s) 'read_dataset_event_from_classic', 'read_dataset_event' retrieved from /home/airflow/.local/lib/python3.12/site-packages/airflow/example_dags/example_inlet_event_extra.py
[2025-10-05T23:20:06.893+0000] {logging_mixin.py:190} INFO - [2025-10-05T23:20:06.893+0000] {dag.py:3239} INFO - Sync 2 DAGs
[2025-10-05T23:20:06.927+0000] {logging_mixin.py:190} INFO - [2025-10-05T23:20:06.927+0000] {dag.py:4180} INFO - Setting next_dagrun for read_dataset_event to 2025-10-04 00:00:00+00:00, run_after=2025-10-05 00:00:00+00:00
[2025-10-05T23:20:06.934+0000] {logging_mixin.py:190} INFO - [2025-10-05T23:20:06.934+0000] {dag.py:4180} INFO - Setting next_dagrun for read_dataset_event_from_classic to 2025-10-04 00:00:00+00:00, run_after=2025-10-05 00:00:00+00:00
[2025-10-05T23:20:06.958+0000] {processor.py:208} INFO - Processing /home/airflow/.local/lib/python3.12/site-packages/airflow/example_dags/example_inlet_event_extra.py took 0.503 seconds
[2025-10-05T23:20:37.359+0000] {processor.py:186} INFO - Started process (PID=1199) to work on /home/airflow/.local/lib/python3.12/site-packages/airflow/example_dags/example_inlet_event_extra.py
[2025-10-05T23:20:37.361+0000] {processor.py:914} INFO - Processing file /home/airflow/.local/lib/python3.12/site-packages/airflow/example_dags/example_inlet_event_extra.py for tasks to queue
[2025-10-05T23:20:37.366+0000] {logging_mixin.py:190} INFO - [2025-10-05T23:20:37.365+0000] {dagbag.py:588} INFO - Filling up the DagBag from /home/airflow/.local/lib/python3.12/site-packages/airflow/example_dags/example_inlet_event_extra.py
[2025-10-05T23:20:37.615+0000] {processor.py:925} INFO - DAG(s) 'read_dataset_event_from_classic', 'read_dataset_event' retrieved from /home/airflow/.local/lib/python3.12/site-packages/airflow/example_dags/example_inlet_event_extra.py
[2025-10-05T23:20:37.642+0000] {logging_mixin.py:190} INFO - [2025-10-05T23:20:37.641+0000] {dag.py:3239} INFO - Sync 2 DAGs
[2025-10-05T23:20:37.675+0000] {logging_mixin.py:190} INFO - [2025-10-05T23:20:37.675+0000] {dag.py:4180} INFO - Setting next_dagrun for read_dataset_event to 2025-10-04 00:00:00+00:00, run_after=2025-10-05 00:00:00+00:00
[2025-10-05T23:20:37.682+0000] {logging_mixin.py:190} INFO - [2025-10-05T23:20:37.682+0000] {dag.py:4180} INFO - Setting next_dagrun for read_dataset_event_from_classic to 2025-10-04 00:00:00+00:00, run_after=2025-10-05 00:00:00+00:00
[2025-10-05T23:20:37.706+0000] {processor.py:208} INFO - Processing /home/airflow/.local/lib/python3.12/site-packages/airflow/example_dags/example_inlet_event_extra.py took 0.358 seconds
[2025-10-05T23:21:18.156+0000] {processor.py:186} INFO - Started process (PID=1257) to work on /home/airflow/.local/lib/python3.12/site-packages/airflow/example_dags/example_inlet_event_extra.py
[2025-10-05T23:21:18.159+0000] {processor.py:914} INFO - Processing file /home/airflow/.local/lib/python3.12/site-packages/airflow/example_dags/example_inlet_event_extra.py for tasks to queue
[2025-10-05T23:21:18.169+0000] {logging_mixin.py:190} INFO - [2025-10-05T23:21:18.168+0000] {dagbag.py:588} INFO - Filling up the DagBag from /home/airflow/.local/lib/python3.12/site-packages/airflow/example_dags/example_inlet_event_extra.py
[2025-10-05T23:21:18.613+0000] {processor.py:925} INFO - DAG(s) 'read_dataset_event', 'read_dataset_event_from_classic' retrieved from /home/airflow/.local/lib/python3.12/site-packages/airflow/example_dags/example_inlet_event_extra.py
[2025-10-05T23:21:18.648+0000] {logging_mixin.py:190} INFO - [2025-10-05T23:21:18.648+0000] {dag.py:3239} INFO - Sync 2 DAGs
[2025-10-05T23:21:18.685+0000] {logging_mixin.py:190} INFO - [2025-10-05T23:21:18.685+0000] {dag.py:4180} INFO - Setting next_dagrun for read_dataset_event to 2025-10-04 00:00:00+00:00, run_after=2025-10-05 00:00:00+00:00
[2025-10-05T23:21:18.692+0000] {logging_mixin.py:190} INFO - [2025-10-05T23:21:18.692+0000] {dag.py:4180} INFO - Setting next_dagrun for read_dataset_event_from_classic to 2025-10-04 00:00:00+00:00, run_after=2025-10-05 00:00:00+00:00
[2025-10-05T23:21:18.720+0000] {processor.py:208} INFO - Processing /home/airflow/.local/lib/python3.12/site-packages/airflow/example_dags/example_inlet_event_extra.py took 0.580 seconds
[2025-10-05T23:26:43.677+0000] {processor.py:186} INFO - Started process (PID=1351) to work on /home/airflow/.local/lib/python3.12/site-packages/airflow/example_dags/example_inlet_event_extra.py
[2025-10-05T23:26:43.681+0000] {processor.py:914} INFO - Processing file /home/airflow/.local/lib/python3.12/site-packages/airflow/example_dags/example_inlet_event_extra.py for tasks to queue
[2025-10-05T23:26:43.687+0000] {logging_mixin.py:190} INFO - [2025-10-05T23:26:43.685+0000] {dagbag.py:588} INFO - Filling up the DagBag from /home/airflow/.local/lib/python3.12/site-packages/airflow/example_dags/example_inlet_event_extra.py
[2025-10-05T23:26:44.166+0000] {processor.py:925} INFO - DAG(s) 'read_dataset_event_from_classic', 'read_dataset_event' retrieved from /home/airflow/.local/lib/python3.12/site-packages/airflow/example_dags/example_inlet_event_extra.py
[2025-10-05T23:26:44.254+0000] {logging_mixin.py:190} INFO - [2025-10-05T23:26:44.252+0000] {dag.py:3239} INFO - Sync 2 DAGs
[2025-10-05T23:26:44.337+0000] {logging_mixin.py:190} INFO - [2025-10-05T23:26:44.337+0000] {dag.py:4180} INFO - Setting next_dagrun for read_dataset_event to 2025-10-04 00:00:00+00:00, run_after=2025-10-05 00:00:00+00:00
[2025-10-05T23:26:44.352+0000] {logging_mixin.py:190} INFO - [2025-10-05T23:26:44.352+0000] {dag.py:4180} INFO - Setting next_dagrun for read_dataset_event_from_classic to 2025-10-04 00:00:00+00:00, run_after=2025-10-05 00:00:00+00:00
[2025-10-05T23:26:44.387+0000] {processor.py:208} INFO - Processing /home/airflow/.local/lib/python3.12/site-packages/airflow/example_dags/example_inlet_event_extra.py took 0.734 seconds
[2025-10-05T23:28:15.772+0000] {processor.py:186} INFO - Started process (PID=1413) to work on /home/airflow/.local/lib/python3.12/site-packages/airflow/example_dags/example_inlet_event_extra.py
[2025-10-05T23:28:15.774+0000] {processor.py:914} INFO - Processing file /home/airflow/.local/lib/python3.12/site-packages/airflow/example_dags/example_inlet_event_extra.py for tasks to queue
[2025-10-05T23:28:15.777+0000] {logging_mixin.py:190} INFO - [2025-10-05T23:28:15.776+0000] {dagbag.py:588} INFO - Filling up the DagBag from /home/airflow/.local/lib/python3.12/site-packages/airflow/example_dags/example_inlet_event_extra.py
[2025-10-05T23:28:16.306+0000] {processor.py:925} INFO - DAG(s) 'read_dataset_event', 'read_dataset_event_from_classic' retrieved from /home/airflow/.local/lib/python3.12/site-packages/airflow/example_dags/example_inlet_event_extra.py
[2025-10-05T23:28:16.687+0000] {logging_mixin.py:190} INFO - [2025-10-05T23:28:16.679+0000] {dag.py:3239} INFO - Sync 2 DAGs
[2025-10-05T23:28:16.778+0000] {logging_mixin.py:190} INFO - [2025-10-05T23:28:16.777+0000] {dag.py:4180} INFO - Setting next_dagrun for read_dataset_event to 2025-10-04 00:00:00+00:00, run_after=2025-10-05 00:00:00+00:00
[2025-10-05T23:28:16.791+0000] {logging_mixin.py:190} INFO - [2025-10-05T23:28:16.790+0000] {dag.py:4180} INFO - Setting next_dagrun for read_dataset_event_from_classic to 2025-10-04 00:00:00+00:00, run_after=2025-10-05 00:00:00+00:00
[2025-10-05T23:28:16.852+0000] {processor.py:208} INFO - Processing /home/airflow/.local/lib/python3.12/site-packages/airflow/example_dags/example_inlet_event_extra.py took 1.092 seconds
