[2025-10-05T23:10:57.678+0000] {processor.py:186} INFO - Started process (PID=103) to work on /home/airflow/.local/lib/python3.12/site-packages/airflow/example_dags/example_subdag_operator.py
[2025-10-05T23:10:57.684+0000] {processor.py:914} INFO - Processing file /home/airflow/.local/lib/python3.12/site-packages/airflow/example_dags/example_subdag_operator.py for tasks to queue
[2025-10-05T23:10:57.696+0000] {logging_mixin.py:190} INFO - [2025-10-05T23:10:57.695+0000] {dagbag.py:588} INFO - Filling up the DagBag from /home/airflow/.local/lib/python3.12/site-packages/airflow/example_dags/example_subdag_operator.py
[2025-10-05T23:10:57.814+0000] {processor.py:925} INFO - DAG(s) 'example_subdag_operator.section-1', 'example_subdag_operator.section-2', 'example_subdag_operator' retrieved from /home/airflow/.local/lib/python3.12/site-packages/airflow/example_dags/example_subdag_operator.py
[2025-10-05T23:10:58.534+0000] {logging_mixin.py:190} INFO - [2025-10-05T23:10:58.532+0000] {override.py:1900} INFO - Created Permission View: can edit on DAG:example_subdag_operator
[2025-10-05T23:10:58.563+0000] {logging_mixin.py:190} INFO - [2025-10-05T23:10:58.562+0000] {override.py:1900} INFO - Created Permission View: can delete on DAG:example_subdag_operator
[2025-10-05T23:10:58.580+0000] {logging_mixin.py:190} INFO - [2025-10-05T23:10:58.579+0000] {override.py:1900} INFO - Created Permission View: can read on DAG:example_subdag_operator
[2025-10-05T23:10:58.599+0000] {logging_mixin.py:190} INFO - [2025-10-05T23:10:58.598+0000] {override.py:1900} INFO - Created Permission View: can create on DAG Run:example_subdag_operator
[2025-10-05T23:10:58.626+0000] {logging_mixin.py:190} INFO - [2025-10-05T23:10:58.625+0000] {override.py:1900} INFO - Created Permission View: menu access on DAG Run:example_subdag_operator
[2025-10-05T23:10:58.649+0000] {logging_mixin.py:190} INFO - [2025-10-05T23:10:58.648+0000] {override.py:1900} INFO - Created Permission View: can delete on DAG Run:example_subdag_operator
[2025-10-05T23:10:58.670+0000] {logging_mixin.py:190} INFO - [2025-10-05T23:10:58.669+0000] {override.py:1900} INFO - Created Permission View: can read on DAG Run:example_subdag_operator
[2025-10-05T23:10:58.672+0000] {logging_mixin.py:190} INFO - [2025-10-05T23:10:58.671+0000] {dag.py:3239} INFO - Sync 3 DAGs
[2025-10-05T23:10:58.773+0000] {logging_mixin.py:190} INFO - [2025-10-05T23:10:58.772+0000] {dag.py:3262} INFO - Creating ORM DAG for example_subdag_operator
[2025-10-05T23:10:58.776+0000] {logging_mixin.py:190} INFO - [2025-10-05T23:10:58.775+0000] {dag.py:3262} INFO - Creating ORM DAG for example_subdag_operator.section-2
[2025-10-05T23:10:58.779+0000] {logging_mixin.py:190} INFO - [2025-10-05T23:10:58.778+0000] {dag.py:3262} INFO - Creating ORM DAG for example_subdag_operator.section-1
[2025-10-05T23:10:58.822+0000] {logging_mixin.py:190} INFO - [2025-10-05T23:10:58.821+0000] {dag.py:4180} INFO - Setting next_dagrun for example_subdag_operator to 2022-01-01 00:00:00+00:00, run_after=2022-01-01 00:00:00+00:00
[2025-10-05T23:10:58.825+0000] {logging_mixin.py:190} INFO - [2025-10-05T23:10:58.824+0000] {dag.py:4180} INFO - Setting next_dagrun for example_subdag_operator.section-1 to None, run_after=None
[2025-10-05T23:10:58.828+0000] {logging_mixin.py:190} INFO - [2025-10-05T23:10:58.827+0000] {dag.py:4180} INFO - Setting next_dagrun for example_subdag_operator.section-2 to None, run_after=None
[2025-10-05T23:10:58.863+0000] {logging_mixin.py:190} INFO - [2025-10-05T23:10:58.863+0000] {dag.py:3239} INFO - Sync 2 DAGs
[2025-10-05T23:10:58.905+0000] {logging_mixin.py:190} INFO - [2025-10-05T23:10:58.898+0000] {dag.py:4180} INFO - Setting next_dagrun for example_subdag_operator.section-1 to None, run_after=None
[2025-10-05T23:10:58.931+0000] {logging_mixin.py:190} INFO - [2025-10-05T23:10:58.930+0000] {dag.py:4180} INFO - Setting next_dagrun for example_subdag_operator.section-2 to None, run_after=None
[2025-10-05T23:10:59.016+0000] {processor.py:208} INFO - Processing /home/airflow/.local/lib/python3.12/site-packages/airflow/example_dags/example_subdag_operator.py took 1.365 seconds
[2025-10-05T23:11:29.366+0000] {processor.py:186} INFO - Started process (PID=166) to work on /home/airflow/.local/lib/python3.12/site-packages/airflow/example_dags/example_subdag_operator.py
[2025-10-05T23:11:29.369+0000] {processor.py:914} INFO - Processing file /home/airflow/.local/lib/python3.12/site-packages/airflow/example_dags/example_subdag_operator.py for tasks to queue
[2025-10-05T23:11:29.375+0000] {logging_mixin.py:190} INFO - [2025-10-05T23:11:29.374+0000] {dagbag.py:588} INFO - Filling up the DagBag from /home/airflow/.local/lib/python3.12/site-packages/airflow/example_dags/example_subdag_operator.py
[2025-10-05T23:11:29.485+0000] {processor.py:925} INFO - DAG(s) 'example_subdag_operator.section-1', 'example_subdag_operator.section-2', 'example_subdag_operator' retrieved from /home/airflow/.local/lib/python3.12/site-packages/airflow/example_dags/example_subdag_operator.py
[2025-10-05T23:11:29.539+0000] {logging_mixin.py:190} INFO - [2025-10-05T23:11:29.538+0000] {dag.py:3239} INFO - Sync 3 DAGs
[2025-10-05T23:11:29.633+0000] {logging_mixin.py:190} INFO - [2025-10-05T23:11:29.632+0000] {dag.py:4180} INFO - Setting next_dagrun for example_subdag_operator to 2022-01-01 00:00:00+00:00, run_after=2022-01-01 00:00:00+00:00
[2025-10-05T23:11:29.646+0000] {logging_mixin.py:190} INFO - [2025-10-05T23:11:29.645+0000] {dag.py:4180} INFO - Setting next_dagrun for example_subdag_operator.section-1 to None, run_after=None
[2025-10-05T23:11:29.651+0000] {logging_mixin.py:190} INFO - [2025-10-05T23:11:29.651+0000] {dag.py:4180} INFO - Setting next_dagrun for example_subdag_operator.section-2 to None, run_after=None
[2025-10-05T23:11:29.676+0000] {logging_mixin.py:190} INFO - [2025-10-05T23:11:29.675+0000] {dag.py:3239} INFO - Sync 2 DAGs
[2025-10-05T23:11:29.694+0000] {logging_mixin.py:190} INFO - [2025-10-05T23:11:29.694+0000] {dag.py:4180} INFO - Setting next_dagrun for example_subdag_operator.section-1 to None, run_after=None
[2025-10-05T23:11:29.696+0000] {logging_mixin.py:190} INFO - [2025-10-05T23:11:29.696+0000] {dag.py:4180} INFO - Setting next_dagrun for example_subdag_operator.section-2 to None, run_after=None
[2025-10-05T23:11:29.728+0000] {processor.py:208} INFO - Processing /home/airflow/.local/lib/python3.12/site-packages/airflow/example_dags/example_subdag_operator.py took 0.386 seconds
[2025-10-05T23:12:00.827+0000] {processor.py:186} INFO - Started process (PID=229) to work on /home/airflow/.local/lib/python3.12/site-packages/airflow/example_dags/example_subdag_operator.py
[2025-10-05T23:12:00.830+0000] {processor.py:914} INFO - Processing file /home/airflow/.local/lib/python3.12/site-packages/airflow/example_dags/example_subdag_operator.py for tasks to queue
[2025-10-05T23:12:00.835+0000] {logging_mixin.py:190} INFO - [2025-10-05T23:12:00.835+0000] {dagbag.py:588} INFO - Filling up the DagBag from /home/airflow/.local/lib/python3.12/site-packages/airflow/example_dags/example_subdag_operator.py
[2025-10-05T23:12:00.899+0000] {processor.py:925} INFO - DAG(s) 'example_subdag_operator.section-1', 'example_subdag_operator.section-2', 'example_subdag_operator' retrieved from /home/airflow/.local/lib/python3.12/site-packages/airflow/example_dags/example_subdag_operator.py
[2025-10-05T23:12:00.943+0000] {logging_mixin.py:190} INFO - [2025-10-05T23:12:00.943+0000] {dag.py:3239} INFO - Sync 3 DAGs
[2025-10-05T23:12:00.998+0000] {logging_mixin.py:190} INFO - [2025-10-05T23:12:00.998+0000] {dag.py:4180} INFO - Setting next_dagrun for example_subdag_operator to 2022-01-01 00:00:00+00:00, run_after=2022-01-01 00:00:00+00:00
[2025-10-05T23:12:01.006+0000] {logging_mixin.py:190} INFO - [2025-10-05T23:12:01.006+0000] {dag.py:4180} INFO - Setting next_dagrun for example_subdag_operator.section-1 to None, run_after=None
[2025-10-05T23:12:01.009+0000] {logging_mixin.py:190} INFO - [2025-10-05T23:12:01.009+0000] {dag.py:4180} INFO - Setting next_dagrun for example_subdag_operator.section-2 to None, run_after=None
[2025-10-05T23:12:01.030+0000] {logging_mixin.py:190} INFO - [2025-10-05T23:12:01.030+0000] {dag.py:3239} INFO - Sync 2 DAGs
[2025-10-05T23:12:01.044+0000] {logging_mixin.py:190} INFO - [2025-10-05T23:12:01.043+0000] {dag.py:4180} INFO - Setting next_dagrun for example_subdag_operator.section-1 to None, run_after=None
[2025-10-05T23:12:01.045+0000] {logging_mixin.py:190} INFO - [2025-10-05T23:12:01.045+0000] {dag.py:4180} INFO - Setting next_dagrun for example_subdag_operator.section-2 to None, run_after=None
[2025-10-05T23:12:01.071+0000] {processor.py:208} INFO - Processing /home/airflow/.local/lib/python3.12/site-packages/airflow/example_dags/example_subdag_operator.py took 0.256 seconds
[2025-10-05T23:12:32.003+0000] {processor.py:186} INFO - Started process (PID=292) to work on /home/airflow/.local/lib/python3.12/site-packages/airflow/example_dags/example_subdag_operator.py
[2025-10-05T23:12:32.005+0000] {processor.py:914} INFO - Processing file /home/airflow/.local/lib/python3.12/site-packages/airflow/example_dags/example_subdag_operator.py for tasks to queue
[2025-10-05T23:12:32.012+0000] {logging_mixin.py:190} INFO - [2025-10-05T23:12:32.011+0000] {dagbag.py:588} INFO - Filling up the DagBag from /home/airflow/.local/lib/python3.12/site-packages/airflow/example_dags/example_subdag_operator.py
[2025-10-05T23:12:32.084+0000] {processor.py:925} INFO - DAG(s) 'example_subdag_operator.section-1', 'example_subdag_operator.section-2', 'example_subdag_operator' retrieved from /home/airflow/.local/lib/python3.12/site-packages/airflow/example_dags/example_subdag_operator.py
[2025-10-05T23:12:32.133+0000] {logging_mixin.py:190} INFO - [2025-10-05T23:12:32.132+0000] {dag.py:3239} INFO - Sync 3 DAGs
[2025-10-05T23:12:32.199+0000] {logging_mixin.py:190} INFO - [2025-10-05T23:12:32.199+0000] {dag.py:4180} INFO - Setting next_dagrun for example_subdag_operator to 2022-01-01 00:00:00+00:00, run_after=2022-01-01 00:00:00+00:00
[2025-10-05T23:12:32.210+0000] {logging_mixin.py:190} INFO - [2025-10-05T23:12:32.210+0000] {dag.py:4180} INFO - Setting next_dagrun for example_subdag_operator.section-1 to None, run_after=None
[2025-10-05T23:12:32.215+0000] {logging_mixin.py:190} INFO - [2025-10-05T23:12:32.214+0000] {dag.py:4180} INFO - Setting next_dagrun for example_subdag_operator.section-2 to None, run_after=None
[2025-10-05T23:12:32.233+0000] {logging_mixin.py:190} INFO - [2025-10-05T23:12:32.233+0000] {dag.py:3239} INFO - Sync 2 DAGs
[2025-10-05T23:12:32.250+0000] {logging_mixin.py:190} INFO - [2025-10-05T23:12:32.249+0000] {dag.py:4180} INFO - Setting next_dagrun for example_subdag_operator.section-1 to None, run_after=None
[2025-10-05T23:12:32.252+0000] {logging_mixin.py:190} INFO - [2025-10-05T23:12:32.252+0000] {dag.py:4180} INFO - Setting next_dagrun for example_subdag_operator.section-2 to None, run_after=None
[2025-10-05T23:12:32.282+0000] {processor.py:208} INFO - Processing /home/airflow/.local/lib/python3.12/site-packages/airflow/example_dags/example_subdag_operator.py took 0.295 seconds
[2025-10-05T23:13:02.896+0000] {processor.py:186} INFO - Started process (PID=355) to work on /home/airflow/.local/lib/python3.12/site-packages/airflow/example_dags/example_subdag_operator.py
[2025-10-05T23:13:02.897+0000] {processor.py:914} INFO - Processing file /home/airflow/.local/lib/python3.12/site-packages/airflow/example_dags/example_subdag_operator.py for tasks to queue
[2025-10-05T23:13:02.901+0000] {logging_mixin.py:190} INFO - [2025-10-05T23:13:02.900+0000] {dagbag.py:588} INFO - Filling up the DagBag from /home/airflow/.local/lib/python3.12/site-packages/airflow/example_dags/example_subdag_operator.py
[2025-10-05T23:13:02.932+0000] {processor.py:925} INFO - DAG(s) 'example_subdag_operator.section-1', 'example_subdag_operator.section-2', 'example_subdag_operator' retrieved from /home/airflow/.local/lib/python3.12/site-packages/airflow/example_dags/example_subdag_operator.py
[2025-10-05T23:13:02.955+0000] {logging_mixin.py:190} INFO - [2025-10-05T23:13:02.954+0000] {dag.py:3239} INFO - Sync 3 DAGs
[2025-10-05T23:13:02.985+0000] {logging_mixin.py:190} INFO - [2025-10-05T23:13:02.984+0000] {dag.py:4180} INFO - Setting next_dagrun for example_subdag_operator to 2022-01-01 00:00:00+00:00, run_after=2022-01-01 00:00:00+00:00
[2025-10-05T23:13:02.991+0000] {logging_mixin.py:190} INFO - [2025-10-05T23:13:02.991+0000] {dag.py:4180} INFO - Setting next_dagrun for example_subdag_operator.section-1 to None, run_after=None
[2025-10-05T23:13:02.993+0000] {logging_mixin.py:190} INFO - [2025-10-05T23:13:02.993+0000] {dag.py:4180} INFO - Setting next_dagrun for example_subdag_operator.section-2 to None, run_after=None
[2025-10-05T23:13:03.004+0000] {logging_mixin.py:190} INFO - [2025-10-05T23:13:03.004+0000] {dag.py:3239} INFO - Sync 2 DAGs
[2025-10-05T23:13:03.013+0000] {logging_mixin.py:190} INFO - [2025-10-05T23:13:03.013+0000] {dag.py:4180} INFO - Setting next_dagrun for example_subdag_operator.section-1 to None, run_after=None
[2025-10-05T23:13:03.014+0000] {logging_mixin.py:190} INFO - [2025-10-05T23:13:03.014+0000] {dag.py:4180} INFO - Setting next_dagrun for example_subdag_operator.section-2 to None, run_after=None
[2025-10-05T23:13:03.076+0000] {processor.py:208} INFO - Processing /home/airflow/.local/lib/python3.12/site-packages/airflow/example_dags/example_subdag_operator.py took 0.188 seconds
[2025-10-05T23:13:33.584+0000] {processor.py:186} INFO - Started process (PID=419) to work on /home/airflow/.local/lib/python3.12/site-packages/airflow/example_dags/example_subdag_operator.py
[2025-10-05T23:13:33.586+0000] {processor.py:914} INFO - Processing file /home/airflow/.local/lib/python3.12/site-packages/airflow/example_dags/example_subdag_operator.py for tasks to queue
[2025-10-05T23:13:33.588+0000] {logging_mixin.py:190} INFO - [2025-10-05T23:13:33.588+0000] {dagbag.py:588} INFO - Filling up the DagBag from /home/airflow/.local/lib/python3.12/site-packages/airflow/example_dags/example_subdag_operator.py
[2025-10-05T23:13:33.619+0000] {processor.py:925} INFO - DAG(s) 'example_subdag_operator.section-1', 'example_subdag_operator.section-2', 'example_subdag_operator' retrieved from /home/airflow/.local/lib/python3.12/site-packages/airflow/example_dags/example_subdag_operator.py
[2025-10-05T23:13:33.636+0000] {logging_mixin.py:190} INFO - [2025-10-05T23:13:33.636+0000] {dag.py:3239} INFO - Sync 3 DAGs
[2025-10-05T23:13:33.669+0000] {logging_mixin.py:190} INFO - [2025-10-05T23:13:33.669+0000] {dag.py:4180} INFO - Setting next_dagrun for example_subdag_operator to 2022-01-01 00:00:00+00:00, run_after=2022-01-01 00:00:00+00:00
[2025-10-05T23:13:33.674+0000] {logging_mixin.py:190} INFO - [2025-10-05T23:13:33.674+0000] {dag.py:4180} INFO - Setting next_dagrun for example_subdag_operator.section-1 to None, run_after=None
[2025-10-05T23:13:33.676+0000] {logging_mixin.py:190} INFO - [2025-10-05T23:13:33.676+0000] {dag.py:4180} INFO - Setting next_dagrun for example_subdag_operator.section-2 to None, run_after=None
[2025-10-05T23:13:33.686+0000] {logging_mixin.py:190} INFO - [2025-10-05T23:13:33.685+0000] {dag.py:3239} INFO - Sync 2 DAGs
[2025-10-05T23:13:33.693+0000] {logging_mixin.py:190} INFO - [2025-10-05T23:13:33.693+0000] {dag.py:4180} INFO - Setting next_dagrun for example_subdag_operator.section-1 to None, run_after=None
[2025-10-05T23:13:33.694+0000] {logging_mixin.py:190} INFO - [2025-10-05T23:13:33.694+0000] {dag.py:4180} INFO - Setting next_dagrun for example_subdag_operator.section-2 to None, run_after=None
[2025-10-05T23:13:33.713+0000] {processor.py:208} INFO - Processing /home/airflow/.local/lib/python3.12/site-packages/airflow/example_dags/example_subdag_operator.py took 0.136 seconds
[2025-10-05T23:14:04.106+0000] {processor.py:186} INFO - Started process (PID=482) to work on /home/airflow/.local/lib/python3.12/site-packages/airflow/example_dags/example_subdag_operator.py
[2025-10-05T23:14:04.107+0000] {processor.py:914} INFO - Processing file /home/airflow/.local/lib/python3.12/site-packages/airflow/example_dags/example_subdag_operator.py for tasks to queue
[2025-10-05T23:14:04.112+0000] {logging_mixin.py:190} INFO - [2025-10-05T23:14:04.110+0000] {dagbag.py:588} INFO - Filling up the DagBag from /home/airflow/.local/lib/python3.12/site-packages/airflow/example_dags/example_subdag_operator.py
[2025-10-05T23:14:04.154+0000] {processor.py:925} INFO - DAG(s) 'example_subdag_operator.section-1', 'example_subdag_operator.section-2', 'example_subdag_operator' retrieved from /home/airflow/.local/lib/python3.12/site-packages/airflow/example_dags/example_subdag_operator.py
[2025-10-05T23:14:04.177+0000] {logging_mixin.py:190} INFO - [2025-10-05T23:14:04.177+0000] {dag.py:3239} INFO - Sync 3 DAGs
[2025-10-05T23:14:04.213+0000] {logging_mixin.py:190} INFO - [2025-10-05T23:14:04.213+0000] {dag.py:4180} INFO - Setting next_dagrun for example_subdag_operator to 2022-01-01 00:00:00+00:00, run_after=2022-01-01 00:00:00+00:00
[2025-10-05T23:14:04.219+0000] {logging_mixin.py:190} INFO - [2025-10-05T23:14:04.219+0000] {dag.py:4180} INFO - Setting next_dagrun for example_subdag_operator.section-1 to None, run_after=None
[2025-10-05T23:14:04.223+0000] {logging_mixin.py:190} INFO - [2025-10-05T23:14:04.223+0000] {dag.py:4180} INFO - Setting next_dagrun for example_subdag_operator.section-2 to None, run_after=None
[2025-10-05T23:14:04.234+0000] {logging_mixin.py:190} INFO - [2025-10-05T23:14:04.234+0000] {dag.py:3239} INFO - Sync 2 DAGs
[2025-10-05T23:14:04.242+0000] {logging_mixin.py:190} INFO - [2025-10-05T23:14:04.242+0000] {dag.py:4180} INFO - Setting next_dagrun for example_subdag_operator.section-1 to None, run_after=None
[2025-10-05T23:14:04.244+0000] {logging_mixin.py:190} INFO - [2025-10-05T23:14:04.243+0000] {dag.py:4180} INFO - Setting next_dagrun for example_subdag_operator.section-2 to None, run_after=None
[2025-10-05T23:14:04.267+0000] {processor.py:208} INFO - Processing /home/airflow/.local/lib/python3.12/site-packages/airflow/example_dags/example_subdag_operator.py took 0.168 seconds
[2025-10-05T23:14:34.643+0000] {processor.py:186} INFO - Started process (PID=545) to work on /home/airflow/.local/lib/python3.12/site-packages/airflow/example_dags/example_subdag_operator.py
[2025-10-05T23:14:34.645+0000] {processor.py:914} INFO - Processing file /home/airflow/.local/lib/python3.12/site-packages/airflow/example_dags/example_subdag_operator.py for tasks to queue
[2025-10-05T23:14:34.651+0000] {logging_mixin.py:190} INFO - [2025-10-05T23:14:34.650+0000] {dagbag.py:588} INFO - Filling up the DagBag from /home/airflow/.local/lib/python3.12/site-packages/airflow/example_dags/example_subdag_operator.py
[2025-10-05T23:14:34.688+0000] {processor.py:925} INFO - DAG(s) 'example_subdag_operator.section-1', 'example_subdag_operator.section-2', 'example_subdag_operator' retrieved from /home/airflow/.local/lib/python3.12/site-packages/airflow/example_dags/example_subdag_operator.py
[2025-10-05T23:14:34.713+0000] {logging_mixin.py:190} INFO - [2025-10-05T23:14:34.713+0000] {dag.py:3239} INFO - Sync 3 DAGs
[2025-10-05T23:14:34.759+0000] {logging_mixin.py:190} INFO - [2025-10-05T23:14:34.758+0000] {dag.py:4180} INFO - Setting next_dagrun for example_subdag_operator to 2022-01-01 00:00:00+00:00, run_after=2022-01-01 00:00:00+00:00
[2025-10-05T23:14:34.766+0000] {logging_mixin.py:190} INFO - [2025-10-05T23:14:34.766+0000] {dag.py:4180} INFO - Setting next_dagrun for example_subdag_operator.section-1 to None, run_after=None
[2025-10-05T23:14:34.769+0000] {logging_mixin.py:190} INFO - [2025-10-05T23:14:34.769+0000] {dag.py:4180} INFO - Setting next_dagrun for example_subdag_operator.section-2 to None, run_after=None
[2025-10-05T23:14:34.781+0000] {logging_mixin.py:190} INFO - [2025-10-05T23:14:34.781+0000] {dag.py:3239} INFO - Sync 2 DAGs
[2025-10-05T23:14:34.791+0000] {logging_mixin.py:190} INFO - [2025-10-05T23:14:34.790+0000] {dag.py:4180} INFO - Setting next_dagrun for example_subdag_operator.section-1 to None, run_after=None
[2025-10-05T23:14:34.792+0000] {logging_mixin.py:190} INFO - [2025-10-05T23:14:34.792+0000] {dag.py:4180} INFO - Setting next_dagrun for example_subdag_operator.section-2 to None, run_after=None
[2025-10-05T23:14:34.813+0000] {processor.py:208} INFO - Processing /home/airflow/.local/lib/python3.12/site-packages/airflow/example_dags/example_subdag_operator.py took 0.182 seconds
[2025-10-05T23:15:10.889+0000] {processor.py:186} INFO - Started process (PID=600) to work on /home/airflow/.local/lib/python3.12/site-packages/airflow/example_dags/example_subdag_operator.py
[2025-10-05T23:15:10.893+0000] {processor.py:914} INFO - Processing file /home/airflow/.local/lib/python3.12/site-packages/airflow/example_dags/example_subdag_operator.py for tasks to queue
[2025-10-05T23:15:10.896+0000] {logging_mixin.py:190} INFO - [2025-10-05T23:15:10.896+0000] {dagbag.py:588} INFO - Filling up the DagBag from /home/airflow/.local/lib/python3.12/site-packages/airflow/example_dags/example_subdag_operator.py
[2025-10-05T23:15:10.931+0000] {processor.py:925} INFO - DAG(s) 'example_subdag_operator.section-1', 'example_subdag_operator.section-2', 'example_subdag_operator' retrieved from /home/airflow/.local/lib/python3.12/site-packages/airflow/example_dags/example_subdag_operator.py
[2025-10-05T23:15:10.949+0000] {logging_mixin.py:190} INFO - [2025-10-05T23:15:10.949+0000] {dag.py:3239} INFO - Sync 3 DAGs
[2025-10-05T23:15:10.982+0000] {logging_mixin.py:190} INFO - [2025-10-05T23:15:10.982+0000] {dag.py:4180} INFO - Setting next_dagrun for example_subdag_operator to 2022-01-01 00:00:00+00:00, run_after=2022-01-01 00:00:00+00:00
[2025-10-05T23:15:10.989+0000] {logging_mixin.py:190} INFO - [2025-10-05T23:15:10.988+0000] {dag.py:4180} INFO - Setting next_dagrun for example_subdag_operator.section-1 to None, run_after=None
[2025-10-05T23:15:10.991+0000] {logging_mixin.py:190} INFO - [2025-10-05T23:15:10.991+0000] {dag.py:4180} INFO - Setting next_dagrun for example_subdag_operator.section-2 to None, run_after=None
[2025-10-05T23:15:11.005+0000] {logging_mixin.py:190} INFO - [2025-10-05T23:15:11.004+0000] {dag.py:3239} INFO - Sync 2 DAGs
[2025-10-05T23:15:11.012+0000] {logging_mixin.py:190} INFO - [2025-10-05T23:15:11.012+0000] {dag.py:4180} INFO - Setting next_dagrun for example_subdag_operator.section-1 to None, run_after=None
[2025-10-05T23:15:11.013+0000] {logging_mixin.py:190} INFO - [2025-10-05T23:15:11.012+0000] {dag.py:4180} INFO - Setting next_dagrun for example_subdag_operator.section-2 to None, run_after=None
[2025-10-05T23:15:11.029+0000] {processor.py:208} INFO - Processing /home/airflow/.local/lib/python3.12/site-packages/airflow/example_dags/example_subdag_operator.py took 0.150 seconds
[2025-10-05T23:15:41.111+0000] {processor.py:186} INFO - Started process (PID=663) to work on /home/airflow/.local/lib/python3.12/site-packages/airflow/example_dags/example_subdag_operator.py
[2025-10-05T23:15:41.112+0000] {processor.py:914} INFO - Processing file /home/airflow/.local/lib/python3.12/site-packages/airflow/example_dags/example_subdag_operator.py for tasks to queue
[2025-10-05T23:15:41.116+0000] {logging_mixin.py:190} INFO - [2025-10-05T23:15:41.116+0000] {dagbag.py:588} INFO - Filling up the DagBag from /home/airflow/.local/lib/python3.12/site-packages/airflow/example_dags/example_subdag_operator.py
[2025-10-05T23:15:41.150+0000] {processor.py:925} INFO - DAG(s) 'example_subdag_operator.section-1', 'example_subdag_operator.section-2', 'example_subdag_operator' retrieved from /home/airflow/.local/lib/python3.12/site-packages/airflow/example_dags/example_subdag_operator.py
[2025-10-05T23:15:41.169+0000] {logging_mixin.py:190} INFO - [2025-10-05T23:15:41.169+0000] {dag.py:3239} INFO - Sync 3 DAGs
[2025-10-05T23:15:41.196+0000] {logging_mixin.py:190} INFO - [2025-10-05T23:15:41.195+0000] {dag.py:4180} INFO - Setting next_dagrun for example_subdag_operator to 2022-01-01 00:00:00+00:00, run_after=2022-01-01 00:00:00+00:00
[2025-10-05T23:15:41.200+0000] {logging_mixin.py:190} INFO - [2025-10-05T23:15:41.200+0000] {dag.py:4180} INFO - Setting next_dagrun for example_subdag_operator.section-1 to None, run_after=None
[2025-10-05T23:15:41.202+0000] {logging_mixin.py:190} INFO - [2025-10-05T23:15:41.202+0000] {dag.py:4180} INFO - Setting next_dagrun for example_subdag_operator.section-2 to None, run_after=None
[2025-10-05T23:15:41.210+0000] {logging_mixin.py:190} INFO - [2025-10-05T23:15:41.210+0000] {dag.py:3239} INFO - Sync 2 DAGs
[2025-10-05T23:15:41.216+0000] {logging_mixin.py:190} INFO - [2025-10-05T23:15:41.216+0000] {dag.py:4180} INFO - Setting next_dagrun for example_subdag_operator.section-1 to None, run_after=None
[2025-10-05T23:15:41.217+0000] {logging_mixin.py:190} INFO - [2025-10-05T23:15:41.217+0000] {dag.py:4180} INFO - Setting next_dagrun for example_subdag_operator.section-2 to None, run_after=None
[2025-10-05T23:15:41.229+0000] {processor.py:208} INFO - Processing /home/airflow/.local/lib/python3.12/site-packages/airflow/example_dags/example_subdag_operator.py took 0.126 seconds
[2025-10-05T23:16:37.287+0000] {processor.py:186} INFO - Started process (PID=731) to work on /home/airflow/.local/lib/python3.12/site-packages/airflow/example_dags/example_subdag_operator.py
[2025-10-05T23:16:37.291+0000] {processor.py:914} INFO - Processing file /home/airflow/.local/lib/python3.12/site-packages/airflow/example_dags/example_subdag_operator.py for tasks to queue
[2025-10-05T23:16:37.300+0000] {logging_mixin.py:190} INFO - [2025-10-05T23:16:37.299+0000] {dagbag.py:588} INFO - Filling up the DagBag from /home/airflow/.local/lib/python3.12/site-packages/airflow/example_dags/example_subdag_operator.py
[2025-10-05T23:16:37.376+0000] {processor.py:925} INFO - DAG(s) 'example_subdag_operator.section-1', 'example_subdag_operator.section-2', 'example_subdag_operator' retrieved from /home/airflow/.local/lib/python3.12/site-packages/airflow/example_dags/example_subdag_operator.py
[2025-10-05T23:16:37.421+0000] {logging_mixin.py:190} INFO - [2025-10-05T23:16:37.420+0000] {dag.py:3239} INFO - Sync 3 DAGs
[2025-10-05T23:16:37.498+0000] {logging_mixin.py:190} INFO - [2025-10-05T23:16:37.497+0000] {dag.py:4180} INFO - Setting next_dagrun for example_subdag_operator to 2022-01-01 00:00:00+00:00, run_after=2022-01-01 00:00:00+00:00
[2025-10-05T23:16:37.516+0000] {logging_mixin.py:190} INFO - [2025-10-05T23:16:37.515+0000] {dag.py:4180} INFO - Setting next_dagrun for example_subdag_operator.section-1 to None, run_after=None
[2025-10-05T23:16:37.520+0000] {logging_mixin.py:190} INFO - [2025-10-05T23:16:37.519+0000] {dag.py:4180} INFO - Setting next_dagrun for example_subdag_operator.section-2 to None, run_after=None
[2025-10-05T23:16:37.542+0000] {logging_mixin.py:190} INFO - [2025-10-05T23:16:37.541+0000] {dag.py:3239} INFO - Sync 2 DAGs
[2025-10-05T23:16:37.567+0000] {logging_mixin.py:190} INFO - [2025-10-05T23:16:37.559+0000] {dag.py:4180} INFO - Setting next_dagrun for example_subdag_operator.section-1 to None, run_after=None
[2025-10-05T23:16:37.570+0000] {logging_mixin.py:190} INFO - [2025-10-05T23:16:37.569+0000] {dag.py:4180} INFO - Setting next_dagrun for example_subdag_operator.section-2 to None, run_after=None
[2025-10-05T23:16:37.622+0000] {processor.py:208} INFO - Processing /home/airflow/.local/lib/python3.12/site-packages/airflow/example_dags/example_subdag_operator.py took 0.360 seconds
[2025-10-05T23:17:08.779+0000] {processor.py:186} INFO - Started process (PID=796) to work on /home/airflow/.local/lib/python3.12/site-packages/airflow/example_dags/example_subdag_operator.py
[2025-10-05T23:17:08.780+0000] {processor.py:914} INFO - Processing file /home/airflow/.local/lib/python3.12/site-packages/airflow/example_dags/example_subdag_operator.py for tasks to queue
[2025-10-05T23:17:08.784+0000] {logging_mixin.py:190} INFO - [2025-10-05T23:17:08.784+0000] {dagbag.py:588} INFO - Filling up the DagBag from /home/airflow/.local/lib/python3.12/site-packages/airflow/example_dags/example_subdag_operator.py
[2025-10-05T23:17:08.828+0000] {processor.py:925} INFO - DAG(s) 'example_subdag_operator.section-1', 'example_subdag_operator.section-2', 'example_subdag_operator' retrieved from /home/airflow/.local/lib/python3.12/site-packages/airflow/example_dags/example_subdag_operator.py
[2025-10-05T23:17:08.849+0000] {logging_mixin.py:190} INFO - [2025-10-05T23:17:08.848+0000] {dag.py:3239} INFO - Sync 3 DAGs
[2025-10-05T23:17:08.884+0000] {logging_mixin.py:190} INFO - [2025-10-05T23:17:08.884+0000] {dag.py:4180} INFO - Setting next_dagrun for example_subdag_operator to 2022-01-01 00:00:00+00:00, run_after=2022-01-01 00:00:00+00:00
[2025-10-05T23:17:08.891+0000] {logging_mixin.py:190} INFO - [2025-10-05T23:17:08.891+0000] {dag.py:4180} INFO - Setting next_dagrun for example_subdag_operator.section-1 to None, run_after=None
[2025-10-05T23:17:08.895+0000] {logging_mixin.py:190} INFO - [2025-10-05T23:17:08.894+0000] {dag.py:4180} INFO - Setting next_dagrun for example_subdag_operator.section-2 to None, run_after=None
[2025-10-05T23:17:08.910+0000] {logging_mixin.py:190} INFO - [2025-10-05T23:17:08.910+0000] {dag.py:3239} INFO - Sync 2 DAGs
[2025-10-05T23:17:08.919+0000] {logging_mixin.py:190} INFO - [2025-10-05T23:17:08.919+0000] {dag.py:4180} INFO - Setting next_dagrun for example_subdag_operator.section-1 to None, run_after=None
[2025-10-05T23:17:08.920+0000] {logging_mixin.py:190} INFO - [2025-10-05T23:17:08.920+0000] {dag.py:4180} INFO - Setting next_dagrun for example_subdag_operator.section-2 to None, run_after=None
[2025-10-05T23:17:08.939+0000] {processor.py:208} INFO - Processing /home/airflow/.local/lib/python3.12/site-packages/airflow/example_dags/example_subdag_operator.py took 0.168 seconds
[2025-10-05T23:17:39.135+0000] {processor.py:186} INFO - Started process (PID=859) to work on /home/airflow/.local/lib/python3.12/site-packages/airflow/example_dags/example_subdag_operator.py
[2025-10-05T23:17:39.136+0000] {processor.py:914} INFO - Processing file /home/airflow/.local/lib/python3.12/site-packages/airflow/example_dags/example_subdag_operator.py for tasks to queue
[2025-10-05T23:17:39.139+0000] {logging_mixin.py:190} INFO - [2025-10-05T23:17:39.139+0000] {dagbag.py:588} INFO - Filling up the DagBag from /home/airflow/.local/lib/python3.12/site-packages/airflow/example_dags/example_subdag_operator.py
[2025-10-05T23:17:39.171+0000] {processor.py:925} INFO - DAG(s) 'example_subdag_operator.section-1', 'example_subdag_operator.section-2', 'example_subdag_operator' retrieved from /home/airflow/.local/lib/python3.12/site-packages/airflow/example_dags/example_subdag_operator.py
[2025-10-05T23:17:39.187+0000] {logging_mixin.py:190} INFO - [2025-10-05T23:17:39.187+0000] {dag.py:3239} INFO - Sync 3 DAGs
[2025-10-05T23:17:39.215+0000] {logging_mixin.py:190} INFO - [2025-10-05T23:17:39.215+0000] {dag.py:4180} INFO - Setting next_dagrun for example_subdag_operator to 2022-01-01 00:00:00+00:00, run_after=2022-01-01 00:00:00+00:00
[2025-10-05T23:17:39.220+0000] {logging_mixin.py:190} INFO - [2025-10-05T23:17:39.219+0000] {dag.py:4180} INFO - Setting next_dagrun for example_subdag_operator.section-1 to None, run_after=None
[2025-10-05T23:17:39.222+0000] {logging_mixin.py:190} INFO - [2025-10-05T23:17:39.221+0000] {dag.py:4180} INFO - Setting next_dagrun for example_subdag_operator.section-2 to None, run_after=None
[2025-10-05T23:17:39.230+0000] {logging_mixin.py:190} INFO - [2025-10-05T23:17:39.230+0000] {dag.py:3239} INFO - Sync 2 DAGs
[2025-10-05T23:17:39.237+0000] {logging_mixin.py:190} INFO - [2025-10-05T23:17:39.237+0000] {dag.py:4180} INFO - Setting next_dagrun for example_subdag_operator.section-1 to None, run_after=None
[2025-10-05T23:17:39.238+0000] {logging_mixin.py:190} INFO - [2025-10-05T23:17:39.238+0000] {dag.py:4180} INFO - Setting next_dagrun for example_subdag_operator.section-2 to None, run_after=None
[2025-10-05T23:17:39.252+0000] {processor.py:208} INFO - Processing /home/airflow/.local/lib/python3.12/site-packages/airflow/example_dags/example_subdag_operator.py took 0.128 seconds
[2025-10-05T23:18:10.247+0000] {processor.py:186} INFO - Started process (PID=921) to work on /home/airflow/.local/lib/python3.12/site-packages/airflow/example_dags/example_subdag_operator.py
[2025-10-05T23:18:10.248+0000] {processor.py:914} INFO - Processing file /home/airflow/.local/lib/python3.12/site-packages/airflow/example_dags/example_subdag_operator.py for tasks to queue
[2025-10-05T23:18:10.252+0000] {logging_mixin.py:190} INFO - [2025-10-05T23:18:10.251+0000] {dagbag.py:588} INFO - Filling up the DagBag from /home/airflow/.local/lib/python3.12/site-packages/airflow/example_dags/example_subdag_operator.py
[2025-10-05T23:18:10.287+0000] {processor.py:925} INFO - DAG(s) 'example_subdag_operator.section-1', 'example_subdag_operator.section-2', 'example_subdag_operator' retrieved from /home/airflow/.local/lib/python3.12/site-packages/airflow/example_dags/example_subdag_operator.py
[2025-10-05T23:18:10.308+0000] {logging_mixin.py:190} INFO - [2025-10-05T23:18:10.308+0000] {dag.py:3239} INFO - Sync 3 DAGs
[2025-10-05T23:18:10.346+0000] {logging_mixin.py:190} INFO - [2025-10-05T23:18:10.345+0000] {dag.py:4180} INFO - Setting next_dagrun for example_subdag_operator to 2022-01-01 00:00:00+00:00, run_after=2022-01-01 00:00:00+00:00
[2025-10-05T23:18:10.350+0000] {logging_mixin.py:190} INFO - [2025-10-05T23:18:10.350+0000] {dag.py:4180} INFO - Setting next_dagrun for example_subdag_operator.section-1 to None, run_after=None
[2025-10-05T23:18:10.351+0000] {logging_mixin.py:190} INFO - [2025-10-05T23:18:10.351+0000] {dag.py:4180} INFO - Setting next_dagrun for example_subdag_operator.section-2 to None, run_after=None
[2025-10-05T23:18:10.360+0000] {logging_mixin.py:190} INFO - [2025-10-05T23:18:10.359+0000] {dag.py:3239} INFO - Sync 2 DAGs
[2025-10-05T23:18:10.367+0000] {logging_mixin.py:190} INFO - [2025-10-05T23:18:10.366+0000] {dag.py:4180} INFO - Setting next_dagrun for example_subdag_operator.section-1 to None, run_after=None
[2025-10-05T23:18:10.367+0000] {logging_mixin.py:190} INFO - [2025-10-05T23:18:10.367+0000] {dag.py:4180} INFO - Setting next_dagrun for example_subdag_operator.section-2 to None, run_after=None
[2025-10-05T23:18:10.382+0000] {processor.py:208} INFO - Processing /home/airflow/.local/lib/python3.12/site-packages/airflow/example_dags/example_subdag_operator.py took 0.144 seconds
[2025-10-05T23:18:41.489+0000] {processor.py:186} INFO - Started process (PID=984) to work on /home/airflow/.local/lib/python3.12/site-packages/airflow/example_dags/example_subdag_operator.py
[2025-10-05T23:18:41.491+0000] {processor.py:914} INFO - Processing file /home/airflow/.local/lib/python3.12/site-packages/airflow/example_dags/example_subdag_operator.py for tasks to queue
[2025-10-05T23:18:41.495+0000] {logging_mixin.py:190} INFO - [2025-10-05T23:18:41.494+0000] {dagbag.py:588} INFO - Filling up the DagBag from /home/airflow/.local/lib/python3.12/site-packages/airflow/example_dags/example_subdag_operator.py
[2025-10-05T23:18:41.533+0000] {processor.py:925} INFO - DAG(s) 'example_subdag_operator.section-1', 'example_subdag_operator.section-2', 'example_subdag_operator' retrieved from /home/airflow/.local/lib/python3.12/site-packages/airflow/example_dags/example_subdag_operator.py
[2025-10-05T23:18:41.559+0000] {logging_mixin.py:190} INFO - [2025-10-05T23:18:41.559+0000] {dag.py:3239} INFO - Sync 3 DAGs
[2025-10-05T23:18:41.593+0000] {logging_mixin.py:190} INFO - [2025-10-05T23:18:41.592+0000] {dag.py:4180} INFO - Setting next_dagrun for example_subdag_operator to 2022-01-01 00:00:00+00:00, run_after=2022-01-01 00:00:00+00:00
[2025-10-05T23:18:41.597+0000] {logging_mixin.py:190} INFO - [2025-10-05T23:18:41.596+0000] {dag.py:4180} INFO - Setting next_dagrun for example_subdag_operator.section-1 to None, run_after=None
[2025-10-05T23:18:41.598+0000] {logging_mixin.py:190} INFO - [2025-10-05T23:18:41.598+0000] {dag.py:4180} INFO - Setting next_dagrun for example_subdag_operator.section-2 to None, run_after=None
[2025-10-05T23:18:41.609+0000] {logging_mixin.py:190} INFO - [2025-10-05T23:18:41.608+0000] {dag.py:3239} INFO - Sync 2 DAGs
[2025-10-05T23:18:41.616+0000] {logging_mixin.py:190} INFO - [2025-10-05T23:18:41.615+0000] {dag.py:4180} INFO - Setting next_dagrun for example_subdag_operator.section-1 to None, run_after=None
[2025-10-05T23:18:41.616+0000] {logging_mixin.py:190} INFO - [2025-10-05T23:18:41.616+0000] {dag.py:4180} INFO - Setting next_dagrun for example_subdag_operator.section-2 to None, run_after=None
[2025-10-05T23:18:41.630+0000] {processor.py:208} INFO - Processing /home/airflow/.local/lib/python3.12/site-packages/airflow/example_dags/example_subdag_operator.py took 0.149 seconds
[2025-10-05T23:19:12.611+0000] {processor.py:186} INFO - Started process (PID=1041) to work on /home/airflow/.local/lib/python3.12/site-packages/airflow/example_dags/example_subdag_operator.py
[2025-10-05T23:19:12.613+0000] {processor.py:914} INFO - Processing file /home/airflow/.local/lib/python3.12/site-packages/airflow/example_dags/example_subdag_operator.py for tasks to queue
[2025-10-05T23:19:12.615+0000] {logging_mixin.py:190} INFO - [2025-10-05T23:19:12.615+0000] {dagbag.py:588} INFO - Filling up the DagBag from /home/airflow/.local/lib/python3.12/site-packages/airflow/example_dags/example_subdag_operator.py
[2025-10-05T23:19:12.646+0000] {processor.py:925} INFO - DAG(s) 'example_subdag_operator.section-1', 'example_subdag_operator.section-2', 'example_subdag_operator' retrieved from /home/airflow/.local/lib/python3.12/site-packages/airflow/example_dags/example_subdag_operator.py
[2025-10-05T23:19:12.662+0000] {logging_mixin.py:190} INFO - [2025-10-05T23:19:12.662+0000] {dag.py:3239} INFO - Sync 3 DAGs
[2025-10-05T23:19:12.702+0000] {logging_mixin.py:190} INFO - [2025-10-05T23:19:12.702+0000] {dag.py:4180} INFO - Setting next_dagrun for example_subdag_operator to 2022-01-01 00:00:00+00:00, run_after=2022-01-01 00:00:00+00:00
[2025-10-05T23:19:12.707+0000] {logging_mixin.py:190} INFO - [2025-10-05T23:19:12.707+0000] {dag.py:4180} INFO - Setting next_dagrun for example_subdag_operator.section-1 to None, run_after=None
[2025-10-05T23:19:12.710+0000] {logging_mixin.py:190} INFO - [2025-10-05T23:19:12.709+0000] {dag.py:4180} INFO - Setting next_dagrun for example_subdag_operator.section-2 to None, run_after=None
[2025-10-05T23:19:12.720+0000] {logging_mixin.py:190} INFO - [2025-10-05T23:19:12.719+0000] {dag.py:3239} INFO - Sync 2 DAGs
[2025-10-05T23:19:12.728+0000] {logging_mixin.py:190} INFO - [2025-10-05T23:19:12.728+0000] {dag.py:4180} INFO - Setting next_dagrun for example_subdag_operator.section-1 to None, run_after=None
[2025-10-05T23:19:12.729+0000] {logging_mixin.py:190} INFO - [2025-10-05T23:19:12.728+0000] {dag.py:4180} INFO - Setting next_dagrun for example_subdag_operator.section-2 to None, run_after=None
[2025-10-05T23:19:12.745+0000] {processor.py:208} INFO - Processing /home/airflow/.local/lib/python3.12/site-packages/airflow/example_dags/example_subdag_operator.py took 0.140 seconds
[2025-10-05T23:19:43.742+0000] {processor.py:186} INFO - Started process (PID=1104) to work on /home/airflow/.local/lib/python3.12/site-packages/airflow/example_dags/example_subdag_operator.py
[2025-10-05T23:19:43.743+0000] {processor.py:914} INFO - Processing file /home/airflow/.local/lib/python3.12/site-packages/airflow/example_dags/example_subdag_operator.py for tasks to queue
[2025-10-05T23:19:43.748+0000] {logging_mixin.py:190} INFO - [2025-10-05T23:19:43.747+0000] {dagbag.py:588} INFO - Filling up the DagBag from /home/airflow/.local/lib/python3.12/site-packages/airflow/example_dags/example_subdag_operator.py
[2025-10-05T23:19:43.791+0000] {processor.py:925} INFO - DAG(s) 'example_subdag_operator.section-1', 'example_subdag_operator.section-2', 'example_subdag_operator' retrieved from /home/airflow/.local/lib/python3.12/site-packages/airflow/example_dags/example_subdag_operator.py
[2025-10-05T23:19:43.821+0000] {logging_mixin.py:190} INFO - [2025-10-05T23:19:43.820+0000] {dag.py:3239} INFO - Sync 3 DAGs
[2025-10-05T23:19:43.860+0000] {logging_mixin.py:190} INFO - [2025-10-05T23:19:43.859+0000] {dag.py:4180} INFO - Setting next_dagrun for example_subdag_operator to 2022-01-01 00:00:00+00:00, run_after=2022-01-01 00:00:00+00:00
[2025-10-05T23:19:43.866+0000] {logging_mixin.py:190} INFO - [2025-10-05T23:19:43.865+0000] {dag.py:4180} INFO - Setting next_dagrun for example_subdag_operator.section-1 to None, run_after=None
[2025-10-05T23:19:43.868+0000] {logging_mixin.py:190} INFO - [2025-10-05T23:19:43.868+0000] {dag.py:4180} INFO - Setting next_dagrun for example_subdag_operator.section-2 to None, run_after=None
[2025-10-05T23:19:43.880+0000] {logging_mixin.py:190} INFO - [2025-10-05T23:19:43.880+0000] {dag.py:3239} INFO - Sync 2 DAGs
[2025-10-05T23:19:43.889+0000] {logging_mixin.py:190} INFO - [2025-10-05T23:19:43.889+0000] {dag.py:4180} INFO - Setting next_dagrun for example_subdag_operator.section-1 to None, run_after=None
[2025-10-05T23:19:43.890+0000] {logging_mixin.py:190} INFO - [2025-10-05T23:19:43.890+0000] {dag.py:4180} INFO - Setting next_dagrun for example_subdag_operator.section-2 to None, run_after=None
[2025-10-05T23:19:43.910+0000] {processor.py:208} INFO - Processing /home/airflow/.local/lib/python3.12/site-packages/airflow/example_dags/example_subdag_operator.py took 0.177 seconds
[2025-10-05T23:20:15.227+0000] {processor.py:186} INFO - Started process (PID=1167) to work on /home/airflow/.local/lib/python3.12/site-packages/airflow/example_dags/example_subdag_operator.py
[2025-10-05T23:20:15.228+0000] {processor.py:914} INFO - Processing file /home/airflow/.local/lib/python3.12/site-packages/airflow/example_dags/example_subdag_operator.py for tasks to queue
[2025-10-05T23:20:15.231+0000] {logging_mixin.py:190} INFO - [2025-10-05T23:20:15.231+0000] {dagbag.py:588} INFO - Filling up the DagBag from /home/airflow/.local/lib/python3.12/site-packages/airflow/example_dags/example_subdag_operator.py
[2025-10-05T23:20:15.261+0000] {processor.py:925} INFO - DAG(s) 'example_subdag_operator.section-1', 'example_subdag_operator.section-2', 'example_subdag_operator' retrieved from /home/airflow/.local/lib/python3.12/site-packages/airflow/example_dags/example_subdag_operator.py
[2025-10-05T23:20:15.278+0000] {logging_mixin.py:190} INFO - [2025-10-05T23:20:15.278+0000] {dag.py:3239} INFO - Sync 3 DAGs
[2025-10-05T23:20:15.302+0000] {logging_mixin.py:190} INFO - [2025-10-05T23:20:15.302+0000] {dag.py:4180} INFO - Setting next_dagrun for example_subdag_operator to 2022-01-01 00:00:00+00:00, run_after=2022-01-01 00:00:00+00:00
[2025-10-05T23:20:15.307+0000] {logging_mixin.py:190} INFO - [2025-10-05T23:20:15.307+0000] {dag.py:4180} INFO - Setting next_dagrun for example_subdag_operator.section-1 to None, run_after=None
[2025-10-05T23:20:15.309+0000] {logging_mixin.py:190} INFO - [2025-10-05T23:20:15.309+0000] {dag.py:4180} INFO - Setting next_dagrun for example_subdag_operator.section-2 to None, run_after=None
[2025-10-05T23:20:15.317+0000] {logging_mixin.py:190} INFO - [2025-10-05T23:20:15.317+0000] {dag.py:3239} INFO - Sync 2 DAGs
[2025-10-05T23:20:15.324+0000] {logging_mixin.py:190} INFO - [2025-10-05T23:20:15.324+0000] {dag.py:4180} INFO - Setting next_dagrun for example_subdag_operator.section-1 to None, run_after=None
[2025-10-05T23:20:15.327+0000] {logging_mixin.py:190} INFO - [2025-10-05T23:20:15.327+0000] {dag.py:4180} INFO - Setting next_dagrun for example_subdag_operator.section-2 to None, run_after=None
[2025-10-05T23:20:15.341+0000] {processor.py:208} INFO - Processing /home/airflow/.local/lib/python3.12/site-packages/airflow/example_dags/example_subdag_operator.py took 0.121 seconds
[2025-10-05T23:21:15.434+0000] {processor.py:186} INFO - Started process (PID=1235) to work on /home/airflow/.local/lib/python3.12/site-packages/airflow/example_dags/example_subdag_operator.py
[2025-10-05T23:21:15.435+0000] {processor.py:914} INFO - Processing file /home/airflow/.local/lib/python3.12/site-packages/airflow/example_dags/example_subdag_operator.py for tasks to queue
[2025-10-05T23:21:15.439+0000] {logging_mixin.py:190} INFO - [2025-10-05T23:21:15.439+0000] {dagbag.py:588} INFO - Filling up the DagBag from /home/airflow/.local/lib/python3.12/site-packages/airflow/example_dags/example_subdag_operator.py
[2025-10-05T23:21:15.480+0000] {processor.py:925} INFO - DAG(s) 'example_subdag_operator.section-1', 'example_subdag_operator.section-2', 'example_subdag_operator' retrieved from /home/airflow/.local/lib/python3.12/site-packages/airflow/example_dags/example_subdag_operator.py
[2025-10-05T23:21:15.499+0000] {logging_mixin.py:190} INFO - [2025-10-05T23:21:15.499+0000] {dag.py:3239} INFO - Sync 3 DAGs
[2025-10-05T23:21:15.529+0000] {logging_mixin.py:190} INFO - [2025-10-05T23:21:15.529+0000] {dag.py:4180} INFO - Setting next_dagrun for example_subdag_operator to 2022-01-01 00:00:00+00:00, run_after=2022-01-01 00:00:00+00:00
[2025-10-05T23:21:15.534+0000] {logging_mixin.py:190} INFO - [2025-10-05T23:21:15.533+0000] {dag.py:4180} INFO - Setting next_dagrun for example_subdag_operator.section-1 to None, run_after=None
[2025-10-05T23:21:15.536+0000] {logging_mixin.py:190} INFO - [2025-10-05T23:21:15.535+0000] {dag.py:4180} INFO - Setting next_dagrun for example_subdag_operator.section-2 to None, run_after=None
[2025-10-05T23:21:15.544+0000] {logging_mixin.py:190} INFO - [2025-10-05T23:21:15.544+0000] {dag.py:3239} INFO - Sync 2 DAGs
[2025-10-05T23:21:15.551+0000] {logging_mixin.py:190} INFO - [2025-10-05T23:21:15.551+0000] {dag.py:4180} INFO - Setting next_dagrun for example_subdag_operator.section-1 to None, run_after=None
[2025-10-05T23:21:15.552+0000] {logging_mixin.py:190} INFO - [2025-10-05T23:21:15.552+0000] {dag.py:4180} INFO - Setting next_dagrun for example_subdag_operator.section-2 to None, run_after=None
[2025-10-05T23:21:15.566+0000] {processor.py:208} INFO - Processing /home/airflow/.local/lib/python3.12/site-packages/airflow/example_dags/example_subdag_operator.py took 0.141 seconds
[2025-10-05T23:21:47.481+0000] {processor.py:186} INFO - Started process (PID=1298) to work on /home/airflow/.local/lib/python3.12/site-packages/airflow/example_dags/example_subdag_operator.py
[2025-10-05T23:21:47.482+0000] {processor.py:914} INFO - Processing file /home/airflow/.local/lib/python3.12/site-packages/airflow/example_dags/example_subdag_operator.py for tasks to queue
[2025-10-05T23:21:47.485+0000] {logging_mixin.py:190} INFO - [2025-10-05T23:21:47.484+0000] {dagbag.py:588} INFO - Filling up the DagBag from /home/airflow/.local/lib/python3.12/site-packages/airflow/example_dags/example_subdag_operator.py
[2025-10-05T23:21:47.531+0000] {processor.py:925} INFO - DAG(s) 'example_subdag_operator.section-1', 'example_subdag_operator.section-2', 'example_subdag_operator' retrieved from /home/airflow/.local/lib/python3.12/site-packages/airflow/example_dags/example_subdag_operator.py
[2025-10-05T23:21:47.551+0000] {logging_mixin.py:190} INFO - [2025-10-05T23:21:47.551+0000] {dag.py:3239} INFO - Sync 3 DAGs
[2025-10-05T23:21:47.583+0000] {logging_mixin.py:190} INFO - [2025-10-05T23:21:47.583+0000] {dag.py:4180} INFO - Setting next_dagrun for example_subdag_operator to 2022-01-01 00:00:00+00:00, run_after=2022-01-01 00:00:00+00:00
[2025-10-05T23:21:47.590+0000] {logging_mixin.py:190} INFO - [2025-10-05T23:21:47.589+0000] {dag.py:4180} INFO - Setting next_dagrun for example_subdag_operator.section-1 to None, run_after=None
[2025-10-05T23:21:47.592+0000] {logging_mixin.py:190} INFO - [2025-10-05T23:21:47.592+0000] {dag.py:4180} INFO - Setting next_dagrun for example_subdag_operator.section-2 to None, run_after=None
[2025-10-05T23:21:47.608+0000] {logging_mixin.py:190} INFO - [2025-10-05T23:21:47.607+0000] {dag.py:3239} INFO - Sync 2 DAGs
[2025-10-05T23:21:47.617+0000] {logging_mixin.py:190} INFO - [2025-10-05T23:21:47.616+0000] {dag.py:4180} INFO - Setting next_dagrun for example_subdag_operator.section-1 to None, run_after=None
[2025-10-05T23:21:47.617+0000] {logging_mixin.py:190} INFO - [2025-10-05T23:21:47.617+0000] {dag.py:4180} INFO - Setting next_dagrun for example_subdag_operator.section-2 to None, run_after=None
[2025-10-05T23:21:47.637+0000] {processor.py:208} INFO - Processing /home/airflow/.local/lib/python3.12/site-packages/airflow/example_dags/example_subdag_operator.py took 0.164 seconds
[2025-10-05T23:26:43.003+0000] {processor.py:186} INFO - Started process (PID=1347) to work on /home/airflow/.local/lib/python3.12/site-packages/airflow/example_dags/example_subdag_operator.py
[2025-10-05T23:26:43.009+0000] {processor.py:914} INFO - Processing file /home/airflow/.local/lib/python3.12/site-packages/airflow/example_dags/example_subdag_operator.py for tasks to queue
[2025-10-05T23:26:43.012+0000] {logging_mixin.py:190} INFO - [2025-10-05T23:26:43.011+0000] {dagbag.py:588} INFO - Filling up the DagBag from /home/airflow/.local/lib/python3.12/site-packages/airflow/example_dags/example_subdag_operator.py
[2025-10-05T23:26:43.109+0000] {processor.py:925} INFO - DAG(s) 'example_subdag_operator.section-1', 'example_subdag_operator.section-2', 'example_subdag_operator' retrieved from /home/airflow/.local/lib/python3.12/site-packages/airflow/example_dags/example_subdag_operator.py
[2025-10-05T23:26:43.152+0000] {logging_mixin.py:190} INFO - [2025-10-05T23:26:43.151+0000] {dag.py:3239} INFO - Sync 3 DAGs
[2025-10-05T23:26:43.216+0000] {logging_mixin.py:190} INFO - [2025-10-05T23:26:43.215+0000] {dag.py:4180} INFO - Setting next_dagrun for example_subdag_operator to 2022-01-01 00:00:00+00:00, run_after=2022-01-01 00:00:00+00:00
[2025-10-05T23:26:43.227+0000] {logging_mixin.py:190} INFO - [2025-10-05T23:26:43.226+0000] {dag.py:4180} INFO - Setting next_dagrun for example_subdag_operator.section-1 to None, run_after=None
[2025-10-05T23:26:43.232+0000] {logging_mixin.py:190} INFO - [2025-10-05T23:26:43.232+0000] {dag.py:4180} INFO - Setting next_dagrun for example_subdag_operator.section-2 to None, run_after=None
[2025-10-05T23:26:43.258+0000] {logging_mixin.py:190} INFO - [2025-10-05T23:26:43.257+0000] {dag.py:3239} INFO - Sync 2 DAGs
[2025-10-05T23:26:43.274+0000] {logging_mixin.py:190} INFO - [2025-10-05T23:26:43.273+0000] {dag.py:4180} INFO - Setting next_dagrun for example_subdag_operator.section-1 to None, run_after=None
[2025-10-05T23:26:43.276+0000] {logging_mixin.py:190} INFO - [2025-10-05T23:26:43.275+0000] {dag.py:4180} INFO - Setting next_dagrun for example_subdag_operator.section-2 to None, run_after=None
[2025-10-05T23:26:43.310+0000] {processor.py:208} INFO - Processing /home/airflow/.local/lib/python3.12/site-packages/airflow/example_dags/example_subdag_operator.py took 0.323 seconds
[2025-10-05T23:28:14.361+0000] {processor.py:186} INFO - Started process (PID=1405) to work on /home/airflow/.local/lib/python3.12/site-packages/airflow/example_dags/example_subdag_operator.py
[2025-10-05T23:28:14.365+0000] {processor.py:914} INFO - Processing file /home/airflow/.local/lib/python3.12/site-packages/airflow/example_dags/example_subdag_operator.py for tasks to queue
[2025-10-05T23:28:14.368+0000] {logging_mixin.py:190} INFO - [2025-10-05T23:28:14.367+0000] {dagbag.py:588} INFO - Filling up the DagBag from /home/airflow/.local/lib/python3.12/site-packages/airflow/example_dags/example_subdag_operator.py
[2025-10-05T23:28:14.432+0000] {processor.py:925} INFO - DAG(s) 'example_subdag_operator.section-1', 'example_subdag_operator.section-2', 'example_subdag_operator' retrieved from /home/airflow/.local/lib/python3.12/site-packages/airflow/example_dags/example_subdag_operator.py
[2025-10-05T23:28:14.473+0000] {logging_mixin.py:190} INFO - [2025-10-05T23:28:14.472+0000] {dag.py:3239} INFO - Sync 3 DAGs
[2025-10-05T23:28:14.524+0000] {logging_mixin.py:190} INFO - [2025-10-05T23:28:14.523+0000] {dag.py:4180} INFO - Setting next_dagrun for example_subdag_operator to 2022-01-01 00:00:00+00:00, run_after=2022-01-01 00:00:00+00:00
[2025-10-05T23:28:14.532+0000] {logging_mixin.py:190} INFO - [2025-10-05T23:28:14.532+0000] {dag.py:4180} INFO - Setting next_dagrun for example_subdag_operator.section-1 to None, run_after=None
[2025-10-05T23:28:14.535+0000] {logging_mixin.py:190} INFO - [2025-10-05T23:28:14.535+0000] {dag.py:4180} INFO - Setting next_dagrun for example_subdag_operator.section-2 to None, run_after=None
[2025-10-05T23:28:14.549+0000] {logging_mixin.py:190} INFO - [2025-10-05T23:28:14.549+0000] {dag.py:3239} INFO - Sync 2 DAGs
[2025-10-05T23:28:14.563+0000] {logging_mixin.py:190} INFO - [2025-10-05T23:28:14.562+0000] {dag.py:4180} INFO - Setting next_dagrun for example_subdag_operator.section-1 to None, run_after=None
[2025-10-05T23:28:14.565+0000] {logging_mixin.py:190} INFO - [2025-10-05T23:28:14.565+0000] {dag.py:4180} INFO - Setting next_dagrun for example_subdag_operator.section-2 to None, run_after=None
[2025-10-05T23:28:14.597+0000] {processor.py:208} INFO - Processing /home/airflow/.local/lib/python3.12/site-packages/airflow/example_dags/example_subdag_operator.py took 0.247 seconds
