[2025-10-05T23:11:14.739+0000] {processor.py:186} INFO - Started process (PID=127) to work on /home/airflow/.local/lib/python3.12/site-packages/airflow/example_dags/example_xcom.py
[2025-10-05T23:11:14.742+0000] {processor.py:914} INFO - Processing file /home/airflow/.local/lib/python3.12/site-packages/airflow/example_dags/example_xcom.py for tasks to queue
[2025-10-05T23:11:14.754+0000] {logging_mixin.py:190} INFO - [2025-10-05T23:11:14.753+0000] {dagbag.py:588} INFO - Filling up the DagBag from /home/airflow/.local/lib/python3.12/site-packages/airflow/example_dags/example_xcom.py
[2025-10-05T23:11:14.780+0000] {processor.py:925} INFO - DAG(s) 'example_xcom' retrieved from /home/airflow/.local/lib/python3.12/site-packages/airflow/example_dags/example_xcom.py
[2025-10-05T23:11:15.157+0000] {logging_mixin.py:190} INFO - [2025-10-05T23:11:15.155+0000] {override.py:1900} INFO - Created Permission View: can edit on DAG:example_xcom
[2025-10-05T23:11:15.185+0000] {logging_mixin.py:190} INFO - [2025-10-05T23:11:15.184+0000] {override.py:1900} INFO - Created Permission View: can delete on DAG:example_xcom
[2025-10-05T23:11:15.205+0000] {logging_mixin.py:190} INFO - [2025-10-05T23:11:15.204+0000] {override.py:1900} INFO - Created Permission View: can read on DAG:example_xcom
[2025-10-05T23:11:15.228+0000] {logging_mixin.py:190} INFO - [2025-10-05T23:11:15.227+0000] {override.py:1900} INFO - Created Permission View: can create on DAG Run:example_xcom
[2025-10-05T23:11:15.250+0000] {logging_mixin.py:190} INFO - [2025-10-05T23:11:15.250+0000] {override.py:1900} INFO - Created Permission View: menu access on DAG Run:example_xcom
[2025-10-05T23:11:15.268+0000] {logging_mixin.py:190} INFO - [2025-10-05T23:11:15.267+0000] {override.py:1900} INFO - Created Permission View: can delete on DAG Run:example_xcom
[2025-10-05T23:11:15.296+0000] {logging_mixin.py:190} INFO - [2025-10-05T23:11:15.295+0000] {override.py:1900} INFO - Created Permission View: can read on DAG Run:example_xcom
[2025-10-05T23:11:15.298+0000] {logging_mixin.py:190} INFO - [2025-10-05T23:11:15.297+0000] {dag.py:3239} INFO - Sync 1 DAGs
[2025-10-05T23:11:15.336+0000] {logging_mixin.py:190} INFO - [2025-10-05T23:11:15.335+0000] {dag.py:3262} INFO - Creating ORM DAG for example_xcom
[2025-10-05T23:11:15.366+0000] {logging_mixin.py:190} INFO - [2025-10-05T23:11:15.365+0000] {dag.py:4180} INFO - Setting next_dagrun for example_xcom to 2021-01-01 00:00:00+00:00, run_after=2021-01-01 00:00:00+00:00
[2025-10-05T23:11:15.415+0000] {processor.py:208} INFO - Processing /home/airflow/.local/lib/python3.12/site-packages/airflow/example_dags/example_xcom.py took 0.696 seconds
[2025-10-05T23:11:46.182+0000] {processor.py:186} INFO - Started process (PID=190) to work on /home/airflow/.local/lib/python3.12/site-packages/airflow/example_dags/example_xcom.py
[2025-10-05T23:11:46.195+0000] {processor.py:914} INFO - Processing file /home/airflow/.local/lib/python3.12/site-packages/airflow/example_dags/example_xcom.py for tasks to queue
[2025-10-05T23:11:46.219+0000] {logging_mixin.py:190} INFO - [2025-10-05T23:11:46.217+0000] {dagbag.py:588} INFO - Filling up the DagBag from /home/airflow/.local/lib/python3.12/site-packages/airflow/example_dags/example_xcom.py
[2025-10-05T23:11:46.285+0000] {processor.py:925} INFO - DAG(s) 'example_xcom' retrieved from /home/airflow/.local/lib/python3.12/site-packages/airflow/example_dags/example_xcom.py
[2025-10-05T23:11:46.409+0000] {logging_mixin.py:190} INFO - [2025-10-05T23:11:46.409+0000] {dag.py:3239} INFO - Sync 1 DAGs
[2025-10-05T23:11:46.543+0000] {logging_mixin.py:190} INFO - [2025-10-05T23:11:46.542+0000] {dag.py:4180} INFO - Setting next_dagrun for example_xcom to 2021-01-01 00:00:00+00:00, run_after=2021-01-01 00:00:00+00:00
[2025-10-05T23:11:46.755+0000] {processor.py:208} INFO - Processing /home/airflow/.local/lib/python3.12/site-packages/airflow/example_dags/example_xcom.py took 0.609 seconds
[2025-10-05T23:12:17.513+0000] {processor.py:186} INFO - Started process (PID=253) to work on /home/airflow/.local/lib/python3.12/site-packages/airflow/example_dags/example_xcom.py
[2025-10-05T23:12:17.521+0000] {processor.py:914} INFO - Processing file /home/airflow/.local/lib/python3.12/site-packages/airflow/example_dags/example_xcom.py for tasks to queue
[2025-10-05T23:12:17.531+0000] {logging_mixin.py:190} INFO - [2025-10-05T23:12:17.530+0000] {dagbag.py:588} INFO - Filling up the DagBag from /home/airflow/.local/lib/python3.12/site-packages/airflow/example_dags/example_xcom.py
[2025-10-05T23:12:17.558+0000] {processor.py:925} INFO - DAG(s) 'example_xcom' retrieved from /home/airflow/.local/lib/python3.12/site-packages/airflow/example_dags/example_xcom.py
[2025-10-05T23:12:17.650+0000] {logging_mixin.py:190} INFO - [2025-10-05T23:12:17.649+0000] {dag.py:3239} INFO - Sync 1 DAGs
[2025-10-05T23:12:17.759+0000] {logging_mixin.py:190} INFO - [2025-10-05T23:12:17.758+0000] {dag.py:4180} INFO - Setting next_dagrun for example_xcom to 2021-01-01 00:00:00+00:00, run_after=2021-01-01 00:00:00+00:00
[2025-10-05T23:12:18.405+0000] {processor.py:208} INFO - Processing /home/airflow/.local/lib/python3.12/site-packages/airflow/example_dags/example_xcom.py took 0.914 seconds
[2025-10-05T23:12:49.894+0000] {processor.py:186} INFO - Started process (PID=316) to work on /home/airflow/.local/lib/python3.12/site-packages/airflow/example_dags/example_xcom.py
[2025-10-05T23:12:49.897+0000] {processor.py:914} INFO - Processing file /home/airflow/.local/lib/python3.12/site-packages/airflow/example_dags/example_xcom.py for tasks to queue
[2025-10-05T23:12:49.903+0000] {logging_mixin.py:190} INFO - [2025-10-05T23:12:49.902+0000] {dagbag.py:588} INFO - Filling up the DagBag from /home/airflow/.local/lib/python3.12/site-packages/airflow/example_dags/example_xcom.py
[2025-10-05T23:12:49.931+0000] {processor.py:925} INFO - DAG(s) 'example_xcom' retrieved from /home/airflow/.local/lib/python3.12/site-packages/airflow/example_dags/example_xcom.py
[2025-10-05T23:12:49.984+0000] {logging_mixin.py:190} INFO - [2025-10-05T23:12:49.983+0000] {dag.py:3239} INFO - Sync 1 DAGs
[2025-10-05T23:12:50.044+0000] {logging_mixin.py:190} INFO - [2025-10-05T23:12:50.043+0000] {dag.py:4180} INFO - Setting next_dagrun for example_xcom to 2021-01-01 00:00:00+00:00, run_after=2021-01-01 00:00:00+00:00
[2025-10-05T23:12:50.098+0000] {processor.py:208} INFO - Processing /home/airflow/.local/lib/python3.12/site-packages/airflow/example_dags/example_xcom.py took 0.228 seconds
[2025-10-05T23:13:20.906+0000] {processor.py:186} INFO - Started process (PID=380) to work on /home/airflow/.local/lib/python3.12/site-packages/airflow/example_dags/example_xcom.py
[2025-10-05T23:13:20.909+0000] {processor.py:914} INFO - Processing file /home/airflow/.local/lib/python3.12/site-packages/airflow/example_dags/example_xcom.py for tasks to queue
[2025-10-05T23:13:20.914+0000] {logging_mixin.py:190} INFO - [2025-10-05T23:13:20.913+0000] {dagbag.py:588} INFO - Filling up the DagBag from /home/airflow/.local/lib/python3.12/site-packages/airflow/example_dags/example_xcom.py
[2025-10-05T23:13:20.937+0000] {processor.py:925} INFO - DAG(s) 'example_xcom' retrieved from /home/airflow/.local/lib/python3.12/site-packages/airflow/example_dags/example_xcom.py
[2025-10-05T23:13:20.988+0000] {logging_mixin.py:190} INFO - [2025-10-05T23:13:20.988+0000] {dag.py:3239} INFO - Sync 1 DAGs
[2025-10-05T23:13:21.032+0000] {logging_mixin.py:190} INFO - [2025-10-05T23:13:21.031+0000] {dag.py:4180} INFO - Setting next_dagrun for example_xcom to 2021-01-01 00:00:00+00:00, run_after=2021-01-01 00:00:00+00:00
[2025-10-05T23:13:21.067+0000] {processor.py:208} INFO - Processing /home/airflow/.local/lib/python3.12/site-packages/airflow/example_dags/example_xcom.py took 0.173 seconds
[2025-10-05T23:13:51.872+0000] {processor.py:186} INFO - Started process (PID=443) to work on /home/airflow/.local/lib/python3.12/site-packages/airflow/example_dags/example_xcom.py
[2025-10-05T23:13:51.874+0000] {processor.py:914} INFO - Processing file /home/airflow/.local/lib/python3.12/site-packages/airflow/example_dags/example_xcom.py for tasks to queue
[2025-10-05T23:13:51.879+0000] {logging_mixin.py:190} INFO - [2025-10-05T23:13:51.878+0000] {dagbag.py:588} INFO - Filling up the DagBag from /home/airflow/.local/lib/python3.12/site-packages/airflow/example_dags/example_xcom.py
[2025-10-05T23:13:51.891+0000] {processor.py:925} INFO - DAG(s) 'example_xcom' retrieved from /home/airflow/.local/lib/python3.12/site-packages/airflow/example_dags/example_xcom.py
[2025-10-05T23:13:51.921+0000] {logging_mixin.py:190} INFO - [2025-10-05T23:13:51.921+0000] {dag.py:3239} INFO - Sync 1 DAGs
[2025-10-05T23:13:51.960+0000] {logging_mixin.py:190} INFO - [2025-10-05T23:13:51.960+0000] {dag.py:4180} INFO - Setting next_dagrun for example_xcom to 2021-01-01 00:00:00+00:00, run_after=2021-01-01 00:00:00+00:00
[2025-10-05T23:13:51.984+0000] {processor.py:208} INFO - Processing /home/airflow/.local/lib/python3.12/site-packages/airflow/example_dags/example_xcom.py took 0.119 seconds
[2025-10-05T23:14:22.142+0000] {processor.py:186} INFO - Started process (PID=506) to work on /home/airflow/.local/lib/python3.12/site-packages/airflow/example_dags/example_xcom.py
[2025-10-05T23:14:22.144+0000] {processor.py:914} INFO - Processing file /home/airflow/.local/lib/python3.12/site-packages/airflow/example_dags/example_xcom.py for tasks to queue
[2025-10-05T23:14:22.150+0000] {logging_mixin.py:190} INFO - [2025-10-05T23:14:22.149+0000] {dagbag.py:588} INFO - Filling up the DagBag from /home/airflow/.local/lib/python3.12/site-packages/airflow/example_dags/example_xcom.py
[2025-10-05T23:14:22.179+0000] {processor.py:925} INFO - DAG(s) 'example_xcom' retrieved from /home/airflow/.local/lib/python3.12/site-packages/airflow/example_dags/example_xcom.py
[2025-10-05T23:14:22.232+0000] {logging_mixin.py:190} INFO - [2025-10-05T23:14:22.231+0000] {dag.py:3239} INFO - Sync 1 DAGs
[2025-10-05T23:14:22.273+0000] {logging_mixin.py:190} INFO - [2025-10-05T23:14:22.273+0000] {dag.py:4180} INFO - Setting next_dagrun for example_xcom to 2021-01-01 00:00:00+00:00, run_after=2021-01-01 00:00:00+00:00
[2025-10-05T23:14:22.304+0000] {processor.py:208} INFO - Processing /home/airflow/.local/lib/python3.12/site-packages/airflow/example_dags/example_xcom.py took 0.182 seconds
[2025-10-05T23:14:55.238+0000] {processor.py:186} INFO - Started process (PID=569) to work on /home/airflow/.local/lib/python3.12/site-packages/airflow/example_dags/example_xcom.py
[2025-10-05T23:14:55.254+0000] {processor.py:914} INFO - Processing file /home/airflow/.local/lib/python3.12/site-packages/airflow/example_dags/example_xcom.py for tasks to queue
[2025-10-05T23:14:55.272+0000] {logging_mixin.py:190} INFO - [2025-10-05T23:14:55.271+0000] {dagbag.py:588} INFO - Filling up the DagBag from /home/airflow/.local/lib/python3.12/site-packages/airflow/example_dags/example_xcom.py
[2025-10-05T23:14:59.383+0000] {processor.py:925} INFO - DAG(s) 'example_xcom' retrieved from /home/airflow/.local/lib/python3.12/site-packages/airflow/example_dags/example_xcom.py
[2025-10-05T23:15:00.880+0000] {logging_mixin.py:190} INFO - [2025-10-05T23:15:00.880+0000] {dag.py:3239} INFO - Sync 1 DAGs
[2025-10-05T23:15:00.908+0000] {logging_mixin.py:190} INFO - [2025-10-05T23:15:00.908+0000] {dag.py:4180} INFO - Setting next_dagrun for example_xcom to 2021-01-01 00:00:00+00:00, run_after=2021-01-01 00:00:00+00:00
[2025-10-05T23:15:01.090+0000] {processor.py:208} INFO - Processing /home/airflow/.local/lib/python3.12/site-packages/airflow/example_dags/example_xcom.py took 5.877 seconds
[2025-10-05T23:15:31.708+0000] {processor.py:186} INFO - Started process (PID=632) to work on /home/airflow/.local/lib/python3.12/site-packages/airflow/example_dags/example_xcom.py
[2025-10-05T23:15:31.711+0000] {processor.py:914} INFO - Processing file /home/airflow/.local/lib/python3.12/site-packages/airflow/example_dags/example_xcom.py for tasks to queue
[2025-10-05T23:15:31.717+0000] {logging_mixin.py:190} INFO - [2025-10-05T23:15:31.716+0000] {dagbag.py:588} INFO - Filling up the DagBag from /home/airflow/.local/lib/python3.12/site-packages/airflow/example_dags/example_xcom.py
[2025-10-05T23:15:31.753+0000] {processor.py:925} INFO - DAG(s) 'example_xcom' retrieved from /home/airflow/.local/lib/python3.12/site-packages/airflow/example_dags/example_xcom.py
[2025-10-05T23:15:31.990+0000] {logging_mixin.py:190} INFO - [2025-10-05T23:15:31.988+0000] {dag.py:3239} INFO - Sync 1 DAGs
[2025-10-05T23:15:32.039+0000] {logging_mixin.py:190} INFO - [2025-10-05T23:15:32.038+0000] {dag.py:4180} INFO - Setting next_dagrun for example_xcom to 2021-01-01 00:00:00+00:00, run_after=2021-01-01 00:00:00+00:00
[2025-10-05T23:15:32.084+0000] {processor.py:208} INFO - Processing /home/airflow/.local/lib/python3.12/site-packages/airflow/example_dags/example_xcom.py took 0.385 seconds
[2025-10-05T23:16:02.746+0000] {processor.py:186} INFO - Started process (PID=695) to work on /home/airflow/.local/lib/python3.12/site-packages/airflow/example_dags/example_xcom.py
[2025-10-05T23:16:02.748+0000] {processor.py:914} INFO - Processing file /home/airflow/.local/lib/python3.12/site-packages/airflow/example_dags/example_xcom.py for tasks to queue
[2025-10-05T23:16:02.752+0000] {logging_mixin.py:190} INFO - [2025-10-05T23:16:02.751+0000] {dagbag.py:588} INFO - Filling up the DagBag from /home/airflow/.local/lib/python3.12/site-packages/airflow/example_dags/example_xcom.py
[2025-10-05T23:16:02.768+0000] {processor.py:925} INFO - DAG(s) 'example_xcom' retrieved from /home/airflow/.local/lib/python3.12/site-packages/airflow/example_dags/example_xcom.py
[2025-10-05T23:16:02.801+0000] {logging_mixin.py:190} INFO - [2025-10-05T23:16:02.800+0000] {dag.py:3239} INFO - Sync 1 DAGs
[2025-10-05T23:16:02.831+0000] {logging_mixin.py:190} INFO - [2025-10-05T23:16:02.831+0000] {dag.py:4180} INFO - Setting next_dagrun for example_xcom to 2021-01-01 00:00:00+00:00, run_after=2021-01-01 00:00:00+00:00
[2025-10-05T23:16:02.855+0000] {processor.py:208} INFO - Processing /home/airflow/.local/lib/python3.12/site-packages/airflow/example_dags/example_xcom.py took 0.117 seconds
[2025-10-05T23:16:40.897+0000] {processor.py:186} INFO - Started process (PID=756) to work on /home/airflow/.local/lib/python3.12/site-packages/airflow/example_dags/example_xcom.py
[2025-10-05T23:16:40.899+0000] {processor.py:914} INFO - Processing file /home/airflow/.local/lib/python3.12/site-packages/airflow/example_dags/example_xcom.py for tasks to queue
[2025-10-05T23:16:40.904+0000] {logging_mixin.py:190} INFO - [2025-10-05T23:16:40.904+0000] {dagbag.py:588} INFO - Filling up the DagBag from /home/airflow/.local/lib/python3.12/site-packages/airflow/example_dags/example_xcom.py
[2025-10-05T23:16:40.922+0000] {processor.py:925} INFO - DAG(s) 'example_xcom' retrieved from /home/airflow/.local/lib/python3.12/site-packages/airflow/example_dags/example_xcom.py
[2025-10-05T23:16:40.963+0000] {logging_mixin.py:190} INFO - [2025-10-05T23:16:40.963+0000] {dag.py:3239} INFO - Sync 1 DAGs
[2025-10-05T23:16:41.006+0000] {logging_mixin.py:190} INFO - [2025-10-05T23:16:41.006+0000] {dag.py:4180} INFO - Setting next_dagrun for example_xcom to 2021-01-01 00:00:00+00:00, run_after=2021-01-01 00:00:00+00:00
[2025-10-05T23:16:41.041+0000] {processor.py:208} INFO - Processing /home/airflow/.local/lib/python3.12/site-packages/airflow/example_dags/example_xcom.py took 0.154 seconds
[2025-10-05T23:17:11.445+0000] {processor.py:186} INFO - Started process (PID=820) to work on /home/airflow/.local/lib/python3.12/site-packages/airflow/example_dags/example_xcom.py
[2025-10-05T23:17:11.447+0000] {processor.py:914} INFO - Processing file /home/airflow/.local/lib/python3.12/site-packages/airflow/example_dags/example_xcom.py for tasks to queue
[2025-10-05T23:17:11.451+0000] {logging_mixin.py:190} INFO - [2025-10-05T23:17:11.450+0000] {dagbag.py:588} INFO - Filling up the DagBag from /home/airflow/.local/lib/python3.12/site-packages/airflow/example_dags/example_xcom.py
[2025-10-05T23:17:11.471+0000] {processor.py:925} INFO - DAG(s) 'example_xcom' retrieved from /home/airflow/.local/lib/python3.12/site-packages/airflow/example_dags/example_xcom.py
[2025-10-05T23:17:11.505+0000] {logging_mixin.py:190} INFO - [2025-10-05T23:17:11.504+0000] {dag.py:3239} INFO - Sync 1 DAGs
[2025-10-05T23:17:11.557+0000] {logging_mixin.py:190} INFO - [2025-10-05T23:17:11.556+0000] {dag.py:4180} INFO - Setting next_dagrun for example_xcom to 2021-01-01 00:00:00+00:00, run_after=2021-01-01 00:00:00+00:00
[2025-10-05T23:17:11.612+0000] {processor.py:208} INFO - Processing /home/airflow/.local/lib/python3.12/site-packages/airflow/example_dags/example_xcom.py took 0.176 seconds
[2025-10-05T23:17:42.234+0000] {processor.py:186} INFO - Started process (PID=883) to work on /home/airflow/.local/lib/python3.12/site-packages/airflow/example_dags/example_xcom.py
[2025-10-05T23:17:42.236+0000] {processor.py:914} INFO - Processing file /home/airflow/.local/lib/python3.12/site-packages/airflow/example_dags/example_xcom.py for tasks to queue
[2025-10-05T23:17:42.240+0000] {logging_mixin.py:190} INFO - [2025-10-05T23:17:42.239+0000] {dagbag.py:588} INFO - Filling up the DagBag from /home/airflow/.local/lib/python3.12/site-packages/airflow/example_dags/example_xcom.py
[2025-10-05T23:17:42.253+0000] {processor.py:925} INFO - DAG(s) 'example_xcom' retrieved from /home/airflow/.local/lib/python3.12/site-packages/airflow/example_dags/example_xcom.py
[2025-10-05T23:17:42.276+0000] {logging_mixin.py:190} INFO - [2025-10-05T23:17:42.276+0000] {dag.py:3239} INFO - Sync 1 DAGs
[2025-10-05T23:17:42.303+0000] {logging_mixin.py:190} INFO - [2025-10-05T23:17:42.303+0000] {dag.py:4180} INFO - Setting next_dagrun for example_xcom to 2021-01-01 00:00:00+00:00, run_after=2021-01-01 00:00:00+00:00
[2025-10-05T23:17:42.336+0000] {processor.py:208} INFO - Processing /home/airflow/.local/lib/python3.12/site-packages/airflow/example_dags/example_xcom.py took 0.109 seconds
[2025-10-05T23:18:13.358+0000] {processor.py:186} INFO - Started process (PID=946) to work on /home/airflow/.local/lib/python3.12/site-packages/airflow/example_dags/example_xcom.py
[2025-10-05T23:18:13.360+0000] {processor.py:914} INFO - Processing file /home/airflow/.local/lib/python3.12/site-packages/airflow/example_dags/example_xcom.py for tasks to queue
[2025-10-05T23:18:13.370+0000] {logging_mixin.py:190} INFO - [2025-10-05T23:18:13.369+0000] {dagbag.py:588} INFO - Filling up the DagBag from /home/airflow/.local/lib/python3.12/site-packages/airflow/example_dags/example_xcom.py
[2025-10-05T23:18:13.391+0000] {processor.py:925} INFO - DAG(s) 'example_xcom' retrieved from /home/airflow/.local/lib/python3.12/site-packages/airflow/example_dags/example_xcom.py
[2025-10-05T23:18:13.432+0000] {logging_mixin.py:190} INFO - [2025-10-05T23:18:13.431+0000] {dag.py:3239} INFO - Sync 1 DAGs
[2025-10-05T23:18:13.468+0000] {logging_mixin.py:190} INFO - [2025-10-05T23:18:13.468+0000] {dag.py:4180} INFO - Setting next_dagrun for example_xcom to 2021-01-01 00:00:00+00:00, run_after=2021-01-01 00:00:00+00:00
[2025-10-05T23:18:13.494+0000] {processor.py:208} INFO - Processing /home/airflow/.local/lib/python3.12/site-packages/airflow/example_dags/example_xcom.py took 0.151 seconds
[2025-10-05T23:18:44.699+0000] {processor.py:186} INFO - Started process (PID=1009) to work on /home/airflow/.local/lib/python3.12/site-packages/airflow/example_dags/example_xcom.py
[2025-10-05T23:18:44.701+0000] {processor.py:914} INFO - Processing file /home/airflow/.local/lib/python3.12/site-packages/airflow/example_dags/example_xcom.py for tasks to queue
[2025-10-05T23:18:44.704+0000] {logging_mixin.py:190} INFO - [2025-10-05T23:18:44.703+0000] {dagbag.py:588} INFO - Filling up the DagBag from /home/airflow/.local/lib/python3.12/site-packages/airflow/example_dags/example_xcom.py
[2025-10-05T23:18:44.716+0000] {processor.py:925} INFO - DAG(s) 'example_xcom' retrieved from /home/airflow/.local/lib/python3.12/site-packages/airflow/example_dags/example_xcom.py
[2025-10-05T23:18:44.747+0000] {logging_mixin.py:190} INFO - [2025-10-05T23:18:44.746+0000] {dag.py:3239} INFO - Sync 1 DAGs
[2025-10-05T23:18:44.774+0000] {logging_mixin.py:190} INFO - [2025-10-05T23:18:44.774+0000] {dag.py:4180} INFO - Setting next_dagrun for example_xcom to 2021-01-01 00:00:00+00:00, run_after=2021-01-01 00:00:00+00:00
[2025-10-05T23:18:44.795+0000] {processor.py:208} INFO - Processing /home/airflow/.local/lib/python3.12/site-packages/airflow/example_dags/example_xcom.py took 0.104 seconds
[2025-10-05T23:19:15.940+0000] {processor.py:186} INFO - Started process (PID=1074) to work on /home/airflow/.local/lib/python3.12/site-packages/airflow/example_dags/example_xcom.py
[2025-10-05T23:19:15.942+0000] {processor.py:914} INFO - Processing file /home/airflow/.local/lib/python3.12/site-packages/airflow/example_dags/example_xcom.py for tasks to queue
[2025-10-05T23:19:15.945+0000] {logging_mixin.py:190} INFO - [2025-10-05T23:19:15.944+0000] {dagbag.py:588} INFO - Filling up the DagBag from /home/airflow/.local/lib/python3.12/site-packages/airflow/example_dags/example_xcom.py
[2025-10-05T23:19:15.956+0000] {processor.py:925} INFO - DAG(s) 'example_xcom' retrieved from /home/airflow/.local/lib/python3.12/site-packages/airflow/example_dags/example_xcom.py
[2025-10-05T23:19:15.985+0000] {logging_mixin.py:190} INFO - [2025-10-05T23:19:15.984+0000] {dag.py:3239} INFO - Sync 1 DAGs
[2025-10-05T23:19:16.013+0000] {logging_mixin.py:190} INFO - [2025-10-05T23:19:16.012+0000] {dag.py:4180} INFO - Setting next_dagrun for example_xcom to 2021-01-01 00:00:00+00:00, run_after=2021-01-01 00:00:00+00:00
[2025-10-05T23:19:16.033+0000] {processor.py:208} INFO - Processing /home/airflow/.local/lib/python3.12/site-packages/airflow/example_dags/example_xcom.py took 0.102 seconds
[2025-10-05T23:20:07.842+0000] {processor.py:186} INFO - Started process (PID=1146) to work on /home/airflow/.local/lib/python3.12/site-packages/airflow/example_dags/example_xcom.py
[2025-10-05T23:20:07.844+0000] {processor.py:914} INFO - Processing file /home/airflow/.local/lib/python3.12/site-packages/airflow/example_dags/example_xcom.py for tasks to queue
[2025-10-05T23:20:07.848+0000] {logging_mixin.py:190} INFO - [2025-10-05T23:20:07.848+0000] {dagbag.py:588} INFO - Filling up the DagBag from /home/airflow/.local/lib/python3.12/site-packages/airflow/example_dags/example_xcom.py
[2025-10-05T23:20:07.861+0000] {processor.py:925} INFO - DAG(s) 'example_xcom' retrieved from /home/airflow/.local/lib/python3.12/site-packages/airflow/example_dags/example_xcom.py
[2025-10-05T23:20:07.888+0000] {logging_mixin.py:190} INFO - [2025-10-05T23:20:07.888+0000] {dag.py:3239} INFO - Sync 1 DAGs
[2025-10-05T23:20:07.917+0000] {logging_mixin.py:190} INFO - [2025-10-05T23:20:07.917+0000] {dag.py:4180} INFO - Setting next_dagrun for example_xcom to 2021-01-01 00:00:00+00:00, run_after=2021-01-01 00:00:00+00:00
[2025-10-05T23:20:07.941+0000] {processor.py:208} INFO - Processing /home/airflow/.local/lib/python3.12/site-packages/airflow/example_dags/example_xcom.py took 0.107 seconds
[2025-10-05T23:20:38.502+0000] {processor.py:186} INFO - Started process (PID=1209) to work on /home/airflow/.local/lib/python3.12/site-packages/airflow/example_dags/example_xcom.py
[2025-10-05T23:20:38.503+0000] {processor.py:914} INFO - Processing file /home/airflow/.local/lib/python3.12/site-packages/airflow/example_dags/example_xcom.py for tasks to queue
[2025-10-05T23:20:38.507+0000] {logging_mixin.py:190} INFO - [2025-10-05T23:20:38.506+0000] {dagbag.py:588} INFO - Filling up the DagBag from /home/airflow/.local/lib/python3.12/site-packages/airflow/example_dags/example_xcom.py
[2025-10-05T23:20:38.519+0000] {processor.py:925} INFO - DAG(s) 'example_xcom' retrieved from /home/airflow/.local/lib/python3.12/site-packages/airflow/example_dags/example_xcom.py
[2025-10-05T23:20:38.547+0000] {logging_mixin.py:190} INFO - [2025-10-05T23:20:38.547+0000] {dag.py:3239} INFO - Sync 1 DAGs
[2025-10-05T23:20:38.584+0000] {logging_mixin.py:190} INFO - [2025-10-05T23:20:38.584+0000] {dag.py:4180} INFO - Setting next_dagrun for example_xcom to 2021-01-01 00:00:00+00:00, run_after=2021-01-01 00:00:00+00:00
[2025-10-05T23:20:38.612+0000] {processor.py:208} INFO - Processing /home/airflow/.local/lib/python3.12/site-packages/airflow/example_dags/example_xcom.py took 0.117 seconds
[2025-10-05T23:21:19.568+0000] {processor.py:186} INFO - Started process (PID=1267) to work on /home/airflow/.local/lib/python3.12/site-packages/airflow/example_dags/example_xcom.py
[2025-10-05T23:21:19.569+0000] {processor.py:914} INFO - Processing file /home/airflow/.local/lib/python3.12/site-packages/airflow/example_dags/example_xcom.py for tasks to queue
[2025-10-05T23:21:19.572+0000] {logging_mixin.py:190} INFO - [2025-10-05T23:21:19.572+0000] {dagbag.py:588} INFO - Filling up the DagBag from /home/airflow/.local/lib/python3.12/site-packages/airflow/example_dags/example_xcom.py
[2025-10-05T23:21:19.586+0000] {processor.py:925} INFO - DAG(s) 'example_xcom' retrieved from /home/airflow/.local/lib/python3.12/site-packages/airflow/example_dags/example_xcom.py
[2025-10-05T23:21:19.617+0000] {logging_mixin.py:190} INFO - [2025-10-05T23:21:19.617+0000] {dag.py:3239} INFO - Sync 1 DAGs
[2025-10-05T23:21:19.650+0000] {logging_mixin.py:190} INFO - [2025-10-05T23:21:19.650+0000] {dag.py:4180} INFO - Setting next_dagrun for example_xcom to 2021-01-01 00:00:00+00:00, run_after=2021-01-01 00:00:00+00:00
[2025-10-05T23:21:19.678+0000] {processor.py:208} INFO - Processing /home/airflow/.local/lib/python3.12/site-packages/airflow/example_dags/example_xcom.py took 0.118 seconds
[2025-10-05T23:26:45.806+0000] {processor.py:186} INFO - Started process (PID=1361) to work on /home/airflow/.local/lib/python3.12/site-packages/airflow/example_dags/example_xcom.py
[2025-10-05T23:26:45.808+0000] {processor.py:914} INFO - Processing file /home/airflow/.local/lib/python3.12/site-packages/airflow/example_dags/example_xcom.py for tasks to queue
[2025-10-05T23:26:45.811+0000] {logging_mixin.py:190} INFO - [2025-10-05T23:26:45.810+0000] {dagbag.py:588} INFO - Filling up the DagBag from /home/airflow/.local/lib/python3.12/site-packages/airflow/example_dags/example_xcom.py
[2025-10-05T23:26:45.831+0000] {processor.py:925} INFO - DAG(s) 'example_xcom' retrieved from /home/airflow/.local/lib/python3.12/site-packages/airflow/example_dags/example_xcom.py
[2025-10-05T23:26:45.875+0000] {logging_mixin.py:190} INFO - [2025-10-05T23:26:45.875+0000] {dag.py:3239} INFO - Sync 1 DAGs
[2025-10-05T23:26:45.928+0000] {logging_mixin.py:190} INFO - [2025-10-05T23:26:45.927+0000] {dag.py:4180} INFO - Setting next_dagrun for example_xcom to 2021-01-01 00:00:00+00:00, run_after=2021-01-01 00:00:00+00:00
[2025-10-05T23:26:45.966+0000] {processor.py:208} INFO - Processing /home/airflow/.local/lib/python3.12/site-packages/airflow/example_dags/example_xcom.py took 0.172 seconds
