[2025-10-05T23:10:59.606+0000] {processor.py:186} INFO - Started process (PID=106) to work on /home/airflow/.local/lib/python3.12/site-packages/airflow/example_dags/example_python_operator.py
[2025-10-05T23:10:59.610+0000] {processor.py:914} INFO - Processing file /home/airflow/.local/lib/python3.12/site-packages/airflow/example_dags/example_python_operator.py for tasks to queue
[2025-10-05T23:10:59.618+0000] {logging_mixin.py:190} INFO - [2025-10-05T23:10:59.617+0000] {dagbag.py:588} INFO - Filling up the DagBag from /home/airflow/.local/lib/python3.12/site-packages/airflow/example_dags/example_python_operator.py
[2025-10-05T23:10:59.706+0000] {processor.py:925} INFO - DAG(s) 'example_python_operator' retrieved from /home/airflow/.local/lib/python3.12/site-packages/airflow/example_dags/example_python_operator.py
[2025-10-05T23:11:00.889+0000] {logging_mixin.py:190} INFO - [2025-10-05T23:11:00.886+0000] {override.py:1900} INFO - Created Permission View: can edit on DAG:example_python_operator
[2025-10-05T23:11:00.968+0000] {logging_mixin.py:190} INFO - [2025-10-05T23:11:00.967+0000] {override.py:1900} INFO - Created Permission View: can delete on DAG:example_python_operator
[2025-10-05T23:11:01.004+0000] {logging_mixin.py:190} INFO - [2025-10-05T23:11:01.003+0000] {override.py:1900} INFO - Created Permission View: can read on DAG:example_python_operator
[2025-10-05T23:11:01.053+0000] {logging_mixin.py:190} INFO - [2025-10-05T23:11:01.053+0000] {override.py:1900} INFO - Created Permission View: can create on DAG Run:example_python_operator
[2025-10-05T23:11:01.089+0000] {logging_mixin.py:190} INFO - [2025-10-05T23:11:01.088+0000] {override.py:1900} INFO - Created Permission View: menu access on DAG Run:example_python_operator
[2025-10-05T23:11:01.118+0000] {logging_mixin.py:190} INFO - [2025-10-05T23:11:01.117+0000] {override.py:1900} INFO - Created Permission View: can delete on DAG Run:example_python_operator
[2025-10-05T23:11:01.146+0000] {logging_mixin.py:190} INFO - [2025-10-05T23:11:01.145+0000] {override.py:1900} INFO - Created Permission View: can read on DAG Run:example_python_operator
[2025-10-05T23:11:01.148+0000] {logging_mixin.py:190} INFO - [2025-10-05T23:11:01.147+0000] {dag.py:3239} INFO - Sync 1 DAGs
[2025-10-05T23:11:01.250+0000] {logging_mixin.py:190} INFO - [2025-10-05T23:11:01.249+0000] {dag.py:3262} INFO - Creating ORM DAG for example_python_operator
[2025-10-05T23:11:01.255+0000] {logging_mixin.py:190} INFO - [2025-10-05T23:11:01.254+0000] {dag.py:4180} INFO - Setting next_dagrun for example_python_operator to None, run_after=None
[2025-10-05T23:11:01.378+0000] {processor.py:208} INFO - Processing /home/airflow/.local/lib/python3.12/site-packages/airflow/example_dags/example_python_operator.py took 1.805 seconds
[2025-10-05T23:11:31.946+0000] {processor.py:186} INFO - Started process (PID=169) to work on /home/airflow/.local/lib/python3.12/site-packages/airflow/example_dags/example_python_operator.py
[2025-10-05T23:11:31.954+0000] {processor.py:914} INFO - Processing file /home/airflow/.local/lib/python3.12/site-packages/airflow/example_dags/example_python_operator.py for tasks to queue
[2025-10-05T23:11:31.964+0000] {logging_mixin.py:190} INFO - [2025-10-05T23:11:31.963+0000] {dagbag.py:588} INFO - Filling up the DagBag from /home/airflow/.local/lib/python3.12/site-packages/airflow/example_dags/example_python_operator.py
[2025-10-05T23:11:32.036+0000] {processor.py:925} INFO - DAG(s) 'example_python_operator' retrieved from /home/airflow/.local/lib/python3.12/site-packages/airflow/example_dags/example_python_operator.py
[2025-10-05T23:11:32.205+0000] {logging_mixin.py:190} INFO - [2025-10-05T23:11:32.204+0000] {dag.py:3239} INFO - Sync 1 DAGs
[2025-10-05T23:11:32.290+0000] {logging_mixin.py:190} INFO - [2025-10-05T23:11:32.289+0000] {dag.py:4180} INFO - Setting next_dagrun for example_python_operator to None, run_after=None
[2025-10-05T23:11:32.453+0000] {processor.py:208} INFO - Processing /home/airflow/.local/lib/python3.12/site-packages/airflow/example_dags/example_python_operator.py took 0.534 seconds
[2025-10-05T23:12:03.297+0000] {processor.py:186} INFO - Started process (PID=232) to work on /home/airflow/.local/lib/python3.12/site-packages/airflow/example_dags/example_python_operator.py
[2025-10-05T23:12:03.303+0000] {processor.py:914} INFO - Processing file /home/airflow/.local/lib/python3.12/site-packages/airflow/example_dags/example_python_operator.py for tasks to queue
[2025-10-05T23:12:03.310+0000] {logging_mixin.py:190} INFO - [2025-10-05T23:12:03.309+0000] {dagbag.py:588} INFO - Filling up the DagBag from /home/airflow/.local/lib/python3.12/site-packages/airflow/example_dags/example_python_operator.py
[2025-10-05T23:12:03.341+0000] {processor.py:925} INFO - DAG(s) 'example_python_operator' retrieved from /home/airflow/.local/lib/python3.12/site-packages/airflow/example_dags/example_python_operator.py
[2025-10-05T23:12:03.392+0000] {logging_mixin.py:190} INFO - [2025-10-05T23:12:03.392+0000] {dag.py:3239} INFO - Sync 1 DAGs
[2025-10-05T23:12:03.423+0000] {logging_mixin.py:190} INFO - [2025-10-05T23:12:03.423+0000] {dag.py:4180} INFO - Setting next_dagrun for example_python_operator to None, run_after=None
[2025-10-05T23:12:03.467+0000] {processor.py:208} INFO - Processing /home/airflow/.local/lib/python3.12/site-packages/airflow/example_dags/example_python_operator.py took 0.185 seconds
[2025-10-05T23:12:33.933+0000] {processor.py:186} INFO - Started process (PID=295) to work on /home/airflow/.local/lib/python3.12/site-packages/airflow/example_dags/example_python_operator.py
[2025-10-05T23:12:33.935+0000] {processor.py:914} INFO - Processing file /home/airflow/.local/lib/python3.12/site-packages/airflow/example_dags/example_python_operator.py for tasks to queue
[2025-10-05T23:12:33.941+0000] {logging_mixin.py:190} INFO - [2025-10-05T23:12:33.940+0000] {dagbag.py:588} INFO - Filling up the DagBag from /home/airflow/.local/lib/python3.12/site-packages/airflow/example_dags/example_python_operator.py
[2025-10-05T23:12:33.968+0000] {processor.py:925} INFO - DAG(s) 'example_python_operator' retrieved from /home/airflow/.local/lib/python3.12/site-packages/airflow/example_dags/example_python_operator.py
[2025-10-05T23:12:34.179+0000] {logging_mixin.py:190} INFO - [2025-10-05T23:12:34.178+0000] {dag.py:3239} INFO - Sync 1 DAGs
[2025-10-05T23:12:34.257+0000] {logging_mixin.py:190} INFO - [2025-10-05T23:12:34.256+0000] {dag.py:4180} INFO - Setting next_dagrun for example_python_operator to None, run_after=None
[2025-10-05T23:12:35.050+0000] {processor.py:208} INFO - Processing /home/airflow/.local/lib/python3.12/site-packages/airflow/example_dags/example_python_operator.py took 1.130 seconds
[2025-10-05T23:13:05.152+0000] {processor.py:186} INFO - Started process (PID=358) to work on /home/airflow/.local/lib/python3.12/site-packages/airflow/example_dags/example_python_operator.py
[2025-10-05T23:13:05.156+0000] {processor.py:914} INFO - Processing file /home/airflow/.local/lib/python3.12/site-packages/airflow/example_dags/example_python_operator.py for tasks to queue
[2025-10-05T23:13:05.161+0000] {logging_mixin.py:190} INFO - [2025-10-05T23:13:05.160+0000] {dagbag.py:588} INFO - Filling up the DagBag from /home/airflow/.local/lib/python3.12/site-packages/airflow/example_dags/example_python_operator.py
[2025-10-05T23:13:05.186+0000] {processor.py:925} INFO - DAG(s) 'example_python_operator' retrieved from /home/airflow/.local/lib/python3.12/site-packages/airflow/example_dags/example_python_operator.py
[2025-10-05T23:13:05.224+0000] {logging_mixin.py:190} INFO - [2025-10-05T23:13:05.224+0000] {dag.py:3239} INFO - Sync 1 DAGs
[2025-10-05T23:13:05.254+0000] {logging_mixin.py:190} INFO - [2025-10-05T23:13:05.253+0000] {dag.py:4180} INFO - Setting next_dagrun for example_python_operator to None, run_after=None
[2025-10-05T23:13:05.285+0000] {processor.py:208} INFO - Processing /home/airflow/.local/lib/python3.12/site-packages/airflow/example_dags/example_python_operator.py took 0.139 seconds
[2025-10-05T23:13:35.845+0000] {processor.py:186} INFO - Started process (PID=422) to work on /home/airflow/.local/lib/python3.12/site-packages/airflow/example_dags/example_python_operator.py
[2025-10-05T23:13:35.846+0000] {processor.py:914} INFO - Processing file /home/airflow/.local/lib/python3.12/site-packages/airflow/example_dags/example_python_operator.py for tasks to queue
[2025-10-05T23:13:35.850+0000] {logging_mixin.py:190} INFO - [2025-10-05T23:13:35.849+0000] {dagbag.py:588} INFO - Filling up the DagBag from /home/airflow/.local/lib/python3.12/site-packages/airflow/example_dags/example_python_operator.py
[2025-10-05T23:13:35.863+0000] {processor.py:925} INFO - DAG(s) 'example_python_operator' retrieved from /home/airflow/.local/lib/python3.12/site-packages/airflow/example_dags/example_python_operator.py
[2025-10-05T23:13:35.888+0000] {logging_mixin.py:190} INFO - [2025-10-05T23:13:35.888+0000] {dag.py:3239} INFO - Sync 1 DAGs
[2025-10-05T23:13:35.904+0000] {logging_mixin.py:190} INFO - [2025-10-05T23:13:35.904+0000] {dag.py:4180} INFO - Setting next_dagrun for example_python_operator to None, run_after=None
[2025-10-05T23:13:35.928+0000] {processor.py:208} INFO - Processing /home/airflow/.local/lib/python3.12/site-packages/airflow/example_dags/example_python_operator.py took 0.090 seconds
[2025-10-05T23:14:06.399+0000] {processor.py:186} INFO - Started process (PID=485) to work on /home/airflow/.local/lib/python3.12/site-packages/airflow/example_dags/example_python_operator.py
[2025-10-05T23:14:06.401+0000] {processor.py:914} INFO - Processing file /home/airflow/.local/lib/python3.12/site-packages/airflow/example_dags/example_python_operator.py for tasks to queue
[2025-10-05T23:14:06.404+0000] {logging_mixin.py:190} INFO - [2025-10-05T23:14:06.404+0000] {dagbag.py:588} INFO - Filling up the DagBag from /home/airflow/.local/lib/python3.12/site-packages/airflow/example_dags/example_python_operator.py
[2025-10-05T23:14:06.420+0000] {processor.py:925} INFO - DAG(s) 'example_python_operator' retrieved from /home/airflow/.local/lib/python3.12/site-packages/airflow/example_dags/example_python_operator.py
[2025-10-05T23:14:06.451+0000] {logging_mixin.py:190} INFO - [2025-10-05T23:14:06.451+0000] {dag.py:3239} INFO - Sync 1 DAGs
[2025-10-05T23:14:06.469+0000] {logging_mixin.py:190} INFO - [2025-10-05T23:14:06.469+0000] {dag.py:4180} INFO - Setting next_dagrun for example_python_operator to None, run_after=None
[2025-10-05T23:14:06.497+0000] {processor.py:208} INFO - Processing /home/airflow/.local/lib/python3.12/site-packages/airflow/example_dags/example_python_operator.py took 0.106 seconds
[2025-10-05T23:14:37.070+0000] {processor.py:186} INFO - Started process (PID=548) to work on /home/airflow/.local/lib/python3.12/site-packages/airflow/example_dags/example_python_operator.py
[2025-10-05T23:14:37.085+0000] {processor.py:914} INFO - Processing file /home/airflow/.local/lib/python3.12/site-packages/airflow/example_dags/example_python_operator.py for tasks to queue
[2025-10-05T23:14:37.138+0000] {logging_mixin.py:190} INFO - [2025-10-05T23:14:37.129+0000] {dagbag.py:588} INFO - Filling up the DagBag from /home/airflow/.local/lib/python3.12/site-packages/airflow/example_dags/example_python_operator.py
[2025-10-05T23:14:37.337+0000] {processor.py:925} INFO - DAG(s) 'example_python_operator' retrieved from /home/airflow/.local/lib/python3.12/site-packages/airflow/example_dags/example_python_operator.py
[2025-10-05T23:14:37.453+0000] {logging_mixin.py:190} INFO - [2025-10-05T23:14:37.452+0000] {dag.py:3239} INFO - Sync 1 DAGs
[2025-10-05T23:14:40.731+0000] {logging_mixin.py:190} INFO - [2025-10-05T23:14:40.730+0000] {dag.py:4180} INFO - Setting next_dagrun for example_python_operator to None, run_after=None
[2025-10-05T23:14:41.418+0000] {processor.py:208} INFO - Processing /home/airflow/.local/lib/python3.12/site-packages/airflow/example_dags/example_python_operator.py took 4.437 seconds
[2025-10-05T23:15:12.649+0000] {processor.py:186} INFO - Started process (PID=611) to work on /home/airflow/.local/lib/python3.12/site-packages/airflow/example_dags/example_python_operator.py
[2025-10-05T23:15:12.656+0000] {processor.py:914} INFO - Processing file /home/airflow/.local/lib/python3.12/site-packages/airflow/example_dags/example_python_operator.py for tasks to queue
[2025-10-05T23:15:12.662+0000] {logging_mixin.py:190} INFO - [2025-10-05T23:15:12.661+0000] {dagbag.py:588} INFO - Filling up the DagBag from /home/airflow/.local/lib/python3.12/site-packages/airflow/example_dags/example_python_operator.py
[2025-10-05T23:15:12.700+0000] {processor.py:925} INFO - DAG(s) 'example_python_operator' retrieved from /home/airflow/.local/lib/python3.12/site-packages/airflow/example_dags/example_python_operator.py
[2025-10-05T23:15:12.744+0000] {logging_mixin.py:190} INFO - [2025-10-05T23:15:12.744+0000] {dag.py:3239} INFO - Sync 1 DAGs
[2025-10-05T23:15:12.777+0000] {logging_mixin.py:190} INFO - [2025-10-05T23:15:12.776+0000] {dag.py:4180} INFO - Setting next_dagrun for example_python_operator to None, run_after=None
[2025-10-05T23:15:12.821+0000] {processor.py:208} INFO - Processing /home/airflow/.local/lib/python3.12/site-packages/airflow/example_dags/example_python_operator.py took 0.184 seconds
[2025-10-05T23:15:43.151+0000] {processor.py:186} INFO - Started process (PID=674) to work on /home/airflow/.local/lib/python3.12/site-packages/airflow/example_dags/example_python_operator.py
[2025-10-05T23:15:43.152+0000] {processor.py:914} INFO - Processing file /home/airflow/.local/lib/python3.12/site-packages/airflow/example_dags/example_python_operator.py for tasks to queue
[2025-10-05T23:15:43.156+0000] {logging_mixin.py:190} INFO - [2025-10-05T23:15:43.155+0000] {dagbag.py:588} INFO - Filling up the DagBag from /home/airflow/.local/lib/python3.12/site-packages/airflow/example_dags/example_python_operator.py
[2025-10-05T23:15:43.173+0000] {processor.py:925} INFO - DAG(s) 'example_python_operator' retrieved from /home/airflow/.local/lib/python3.12/site-packages/airflow/example_dags/example_python_operator.py
[2025-10-05T23:15:43.202+0000] {logging_mixin.py:190} INFO - [2025-10-05T23:15:43.202+0000] {dag.py:3239} INFO - Sync 1 DAGs
[2025-10-05T23:15:43.221+0000] {logging_mixin.py:190} INFO - [2025-10-05T23:15:43.221+0000] {dag.py:4180} INFO - Setting next_dagrun for example_python_operator to None, run_after=None
[2025-10-05T23:15:43.244+0000] {processor.py:208} INFO - Processing /home/airflow/.local/lib/python3.12/site-packages/airflow/example_dags/example_python_operator.py took 0.100 seconds
[2025-10-05T23:16:38.610+0000] {processor.py:186} INFO - Started process (PID=741) to work on /home/airflow/.local/lib/python3.12/site-packages/airflow/example_dags/example_python_operator.py
[2025-10-05T23:16:38.612+0000] {processor.py:914} INFO - Processing file /home/airflow/.local/lib/python3.12/site-packages/airflow/example_dags/example_python_operator.py for tasks to queue
[2025-10-05T23:16:38.617+0000] {logging_mixin.py:190} INFO - [2025-10-05T23:16:38.616+0000] {dagbag.py:588} INFO - Filling up the DagBag from /home/airflow/.local/lib/python3.12/site-packages/airflow/example_dags/example_python_operator.py
[2025-10-05T23:16:38.645+0000] {processor.py:925} INFO - DAG(s) 'example_python_operator' retrieved from /home/airflow/.local/lib/python3.12/site-packages/airflow/example_dags/example_python_operator.py
[2025-10-05T23:16:38.689+0000] {logging_mixin.py:190} INFO - [2025-10-05T23:16:38.688+0000] {dag.py:3239} INFO - Sync 1 DAGs
[2025-10-05T23:16:38.721+0000] {logging_mixin.py:190} INFO - [2025-10-05T23:16:38.721+0000] {dag.py:4180} INFO - Setting next_dagrun for example_python_operator to None, run_after=None
[2025-10-05T23:16:38.763+0000] {processor.py:208} INFO - Processing /home/airflow/.local/lib/python3.12/site-packages/airflow/example_dags/example_python_operator.py took 0.166 seconds
[2025-10-05T23:17:09.544+0000] {processor.py:186} INFO - Started process (PID=805) to work on /home/airflow/.local/lib/python3.12/site-packages/airflow/example_dags/example_python_operator.py
[2025-10-05T23:17:09.546+0000] {processor.py:914} INFO - Processing file /home/airflow/.local/lib/python3.12/site-packages/airflow/example_dags/example_python_operator.py for tasks to queue
[2025-10-05T23:17:09.550+0000] {logging_mixin.py:190} INFO - [2025-10-05T23:17:09.549+0000] {dagbag.py:588} INFO - Filling up the DagBag from /home/airflow/.local/lib/python3.12/site-packages/airflow/example_dags/example_python_operator.py
[2025-10-05T23:17:09.572+0000] {processor.py:925} INFO - DAG(s) 'example_python_operator' retrieved from /home/airflow/.local/lib/python3.12/site-packages/airflow/example_dags/example_python_operator.py
[2025-10-05T23:17:09.607+0000] {logging_mixin.py:190} INFO - [2025-10-05T23:17:09.607+0000] {dag.py:3239} INFO - Sync 1 DAGs
[2025-10-05T23:17:09.638+0000] {logging_mixin.py:190} INFO - [2025-10-05T23:17:09.637+0000] {dag.py:4180} INFO - Setting next_dagrun for example_python_operator to None, run_after=None
[2025-10-05T23:17:09.669+0000] {processor.py:208} INFO - Processing /home/airflow/.local/lib/python3.12/site-packages/airflow/example_dags/example_python_operator.py took 0.135 seconds
[2025-10-05T23:17:40.677+0000] {processor.py:186} INFO - Started process (PID=868) to work on /home/airflow/.local/lib/python3.12/site-packages/airflow/example_dags/example_python_operator.py
[2025-10-05T23:17:40.678+0000] {processor.py:914} INFO - Processing file /home/airflow/.local/lib/python3.12/site-packages/airflow/example_dags/example_python_operator.py for tasks to queue
[2025-10-05T23:17:40.681+0000] {logging_mixin.py:190} INFO - [2025-10-05T23:17:40.681+0000] {dagbag.py:588} INFO - Filling up the DagBag from /home/airflow/.local/lib/python3.12/site-packages/airflow/example_dags/example_python_operator.py
[2025-10-05T23:17:40.696+0000] {processor.py:925} INFO - DAG(s) 'example_python_operator' retrieved from /home/airflow/.local/lib/python3.12/site-packages/airflow/example_dags/example_python_operator.py
[2025-10-05T23:17:40.721+0000] {logging_mixin.py:190} INFO - [2025-10-05T23:17:40.721+0000] {dag.py:3239} INFO - Sync 1 DAGs
[2025-10-05T23:17:40.740+0000] {logging_mixin.py:190} INFO - [2025-10-05T23:17:40.739+0000] {dag.py:4180} INFO - Setting next_dagrun for example_python_operator to None, run_after=None
[2025-10-05T23:17:40.770+0000] {processor.py:208} INFO - Processing /home/airflow/.local/lib/python3.12/site-packages/airflow/example_dags/example_python_operator.py took 0.099 seconds
[2025-10-05T23:18:10.814+0000] {processor.py:186} INFO - Started process (PID=931) to work on /home/airflow/.local/lib/python3.12/site-packages/airflow/example_dags/example_python_operator.py
[2025-10-05T23:18:10.815+0000] {processor.py:914} INFO - Processing file /home/airflow/.local/lib/python3.12/site-packages/airflow/example_dags/example_python_operator.py for tasks to queue
[2025-10-05T23:18:10.818+0000] {logging_mixin.py:190} INFO - [2025-10-05T23:18:10.817+0000] {dagbag.py:588} INFO - Filling up the DagBag from /home/airflow/.local/lib/python3.12/site-packages/airflow/example_dags/example_python_operator.py
[2025-10-05T23:18:10.838+0000] {processor.py:925} INFO - DAG(s) 'example_python_operator' retrieved from /home/airflow/.local/lib/python3.12/site-packages/airflow/example_dags/example_python_operator.py
[2025-10-05T23:18:10.868+0000] {logging_mixin.py:190} INFO - [2025-10-05T23:18:10.868+0000] {dag.py:3239} INFO - Sync 1 DAGs
[2025-10-05T23:18:10.887+0000] {logging_mixin.py:190} INFO - [2025-10-05T23:18:10.887+0000] {dag.py:4180} INFO - Setting next_dagrun for example_python_operator to None, run_after=None
[2025-10-05T23:18:10.911+0000] {processor.py:208} INFO - Processing /home/airflow/.local/lib/python3.12/site-packages/airflow/example_dags/example_python_operator.py took 0.105 seconds
[2025-10-05T23:18:42.032+0000] {processor.py:186} INFO - Started process (PID=990) to work on /home/airflow/.local/lib/python3.12/site-packages/airflow/example_dags/example_python_operator.py
[2025-10-05T23:18:42.033+0000] {processor.py:914} INFO - Processing file /home/airflow/.local/lib/python3.12/site-packages/airflow/example_dags/example_python_operator.py for tasks to queue
[2025-10-05T23:18:42.037+0000] {logging_mixin.py:190} INFO - [2025-10-05T23:18:42.036+0000] {dagbag.py:588} INFO - Filling up the DagBag from /home/airflow/.local/lib/python3.12/site-packages/airflow/example_dags/example_python_operator.py
[2025-10-05T23:18:42.053+0000] {processor.py:925} INFO - DAG(s) 'example_python_operator' retrieved from /home/airflow/.local/lib/python3.12/site-packages/airflow/example_dags/example_python_operator.py
[2025-10-05T23:18:42.084+0000] {logging_mixin.py:190} INFO - [2025-10-05T23:18:42.084+0000] {dag.py:3239} INFO - Sync 1 DAGs
[2025-10-05T23:18:42.101+0000] {logging_mixin.py:190} INFO - [2025-10-05T23:18:42.101+0000] {dag.py:4180} INFO - Setting next_dagrun for example_python_operator to None, run_after=None
[2025-10-05T23:18:42.128+0000] {processor.py:208} INFO - Processing /home/airflow/.local/lib/python3.12/site-packages/airflow/example_dags/example_python_operator.py took 0.103 seconds
[2025-10-05T23:19:12.928+0000] {processor.py:186} INFO - Started process (PID=1051) to work on /home/airflow/.local/lib/python3.12/site-packages/airflow/example_dags/example_python_operator.py
[2025-10-05T23:19:12.930+0000] {processor.py:914} INFO - Processing file /home/airflow/.local/lib/python3.12/site-packages/airflow/example_dags/example_python_operator.py for tasks to queue
[2025-10-05T23:19:12.933+0000] {logging_mixin.py:190} INFO - [2025-10-05T23:19:12.933+0000] {dagbag.py:588} INFO - Filling up the DagBag from /home/airflow/.local/lib/python3.12/site-packages/airflow/example_dags/example_python_operator.py
[2025-10-05T23:19:12.953+0000] {processor.py:925} INFO - DAG(s) 'example_python_operator' retrieved from /home/airflow/.local/lib/python3.12/site-packages/airflow/example_dags/example_python_operator.py
[2025-10-05T23:19:12.991+0000] {logging_mixin.py:190} INFO - [2025-10-05T23:19:12.991+0000] {dag.py:3239} INFO - Sync 1 DAGs
[2025-10-05T23:19:13.015+0000] {logging_mixin.py:190} INFO - [2025-10-05T23:19:13.015+0000] {dag.py:4180} INFO - Setting next_dagrun for example_python_operator to None, run_after=None
[2025-10-05T23:19:13.040+0000] {processor.py:208} INFO - Processing /home/airflow/.local/lib/python3.12/site-packages/airflow/example_dags/example_python_operator.py took 0.121 seconds
[2025-10-05T23:19:44.120+0000] {processor.py:186} INFO - Started process (PID=1107) to work on /home/airflow/.local/lib/python3.12/site-packages/airflow/example_dags/example_python_operator.py
[2025-10-05T23:19:44.121+0000] {processor.py:914} INFO - Processing file /home/airflow/.local/lib/python3.12/site-packages/airflow/example_dags/example_python_operator.py for tasks to queue
[2025-10-05T23:19:44.125+0000] {logging_mixin.py:190} INFO - [2025-10-05T23:19:44.125+0000] {dagbag.py:588} INFO - Filling up the DagBag from /home/airflow/.local/lib/python3.12/site-packages/airflow/example_dags/example_python_operator.py
[2025-10-05T23:19:44.150+0000] {processor.py:925} INFO - DAG(s) 'example_python_operator' retrieved from /home/airflow/.local/lib/python3.12/site-packages/airflow/example_dags/example_python_operator.py
[2025-10-05T23:19:44.191+0000] {logging_mixin.py:190} INFO - [2025-10-05T23:19:44.190+0000] {dag.py:3239} INFO - Sync 1 DAGs
[2025-10-05T23:19:44.225+0000] {logging_mixin.py:190} INFO - [2025-10-05T23:19:44.224+0000] {dag.py:4180} INFO - Setting next_dagrun for example_python_operator to None, run_after=None
[2025-10-05T23:19:44.277+0000] {processor.py:208} INFO - Processing /home/airflow/.local/lib/python3.12/site-packages/airflow/example_dags/example_python_operator.py took 0.166 seconds
[2025-10-05T23:20:15.382+0000] {processor.py:186} INFO - Started process (PID=1170) to work on /home/airflow/.local/lib/python3.12/site-packages/airflow/example_dags/example_python_operator.py
[2025-10-05T23:20:15.384+0000] {processor.py:914} INFO - Processing file /home/airflow/.local/lib/python3.12/site-packages/airflow/example_dags/example_python_operator.py for tasks to queue
[2025-10-05T23:20:15.387+0000] {logging_mixin.py:190} INFO - [2025-10-05T23:20:15.387+0000] {dagbag.py:588} INFO - Filling up the DagBag from /home/airflow/.local/lib/python3.12/site-packages/airflow/example_dags/example_python_operator.py
[2025-10-05T23:20:15.401+0000] {processor.py:925} INFO - DAG(s) 'example_python_operator' retrieved from /home/airflow/.local/lib/python3.12/site-packages/airflow/example_dags/example_python_operator.py
[2025-10-05T23:20:15.428+0000] {logging_mixin.py:190} INFO - [2025-10-05T23:20:15.428+0000] {dag.py:3239} INFO - Sync 1 DAGs
[2025-10-05T23:20:15.446+0000] {logging_mixin.py:190} INFO - [2025-10-05T23:20:15.446+0000] {dag.py:4180} INFO - Setting next_dagrun for example_python_operator to None, run_after=None
[2025-10-05T23:20:15.471+0000] {processor.py:208} INFO - Processing /home/airflow/.local/lib/python3.12/site-packages/airflow/example_dags/example_python_operator.py took 0.095 seconds
[2025-10-05T23:21:15.763+0000] {processor.py:186} INFO - Started process (PID=1238) to work on /home/airflow/.local/lib/python3.12/site-packages/airflow/example_dags/example_python_operator.py
[2025-10-05T23:21:15.764+0000] {processor.py:914} INFO - Processing file /home/airflow/.local/lib/python3.12/site-packages/airflow/example_dags/example_python_operator.py for tasks to queue
[2025-10-05T23:21:15.769+0000] {logging_mixin.py:190} INFO - [2025-10-05T23:21:15.768+0000] {dagbag.py:588} INFO - Filling up the DagBag from /home/airflow/.local/lib/python3.12/site-packages/airflow/example_dags/example_python_operator.py
[2025-10-05T23:21:15.788+0000] {processor.py:925} INFO - DAG(s) 'example_python_operator' retrieved from /home/airflow/.local/lib/python3.12/site-packages/airflow/example_dags/example_python_operator.py
[2025-10-05T23:21:15.828+0000] {logging_mixin.py:190} INFO - [2025-10-05T23:21:15.828+0000] {dag.py:3239} INFO - Sync 1 DAGs
[2025-10-05T23:21:15.864+0000] {logging_mixin.py:190} INFO - [2025-10-05T23:21:15.863+0000] {dag.py:4180} INFO - Setting next_dagrun for example_python_operator to None, run_after=None
[2025-10-05T23:21:15.912+0000] {processor.py:208} INFO - Processing /home/airflow/.local/lib/python3.12/site-packages/airflow/example_dags/example_python_operator.py took 0.158 seconds
[2025-10-05T23:22:04.364+0000] {processor.py:186} INFO - Started process (PID=1312) to work on /home/airflow/.local/lib/python3.12/site-packages/airflow/example_dags/example_python_operator.py
[2025-10-05T23:22:04.367+0000] {processor.py:914} INFO - Processing file /home/airflow/.local/lib/python3.12/site-packages/airflow/example_dags/example_python_operator.py for tasks to queue
[2025-10-05T23:22:04.374+0000] {logging_mixin.py:190} INFO - [2025-10-05T23:22:04.369+0000] {dagbag.py:588} INFO - Filling up the DagBag from /home/airflow/.local/lib/python3.12/site-packages/airflow/example_dags/example_python_operator.py
[2025-10-05T23:22:04.442+0000] {processor.py:925} INFO - DAG(s) 'example_python_operator' retrieved from /home/airflow/.local/lib/python3.12/site-packages/airflow/example_dags/example_python_operator.py
[2025-10-05T23:22:04.958+0000] {logging_mixin.py:190} INFO - [2025-10-05T23:22:04.947+0000] {dag.py:3239} INFO - Sync 1 DAGs
[2025-10-05T23:22:05.014+0000] {logging_mixin.py:190} INFO - [2025-10-05T23:22:05.013+0000] {dag.py:4180} INFO - Setting next_dagrun for example_python_operator to None, run_after=None
[2025-10-05T23:22:05.181+0000] {processor.py:208} INFO - Processing /home/airflow/.local/lib/python3.12/site-packages/airflow/example_dags/example_python_operator.py took 0.842 seconds
[2025-10-05T23:26:43.544+0000] {processor.py:186} INFO - Started process (PID=1350) to work on /home/airflow/.local/lib/python3.12/site-packages/airflow/example_dags/example_python_operator.py
[2025-10-05T23:26:43.547+0000] {processor.py:914} INFO - Processing file /home/airflow/.local/lib/python3.12/site-packages/airflow/example_dags/example_python_operator.py for tasks to queue
[2025-10-05T23:26:43.550+0000] {logging_mixin.py:190} INFO - [2025-10-05T23:26:43.549+0000] {dagbag.py:588} INFO - Filling up the DagBag from /home/airflow/.local/lib/python3.12/site-packages/airflow/example_dags/example_python_operator.py
[2025-10-05T23:26:43.582+0000] {processor.py:925} INFO - DAG(s) 'example_python_operator' retrieved from /home/airflow/.local/lib/python3.12/site-packages/airflow/example_dags/example_python_operator.py
[2025-10-05T23:26:43.670+0000] {logging_mixin.py:190} INFO - [2025-10-05T23:26:43.669+0000] {dag.py:3239} INFO - Sync 1 DAGs
[2025-10-05T23:26:43.724+0000] {logging_mixin.py:190} INFO - [2025-10-05T23:26:43.723+0000] {dag.py:4180} INFO - Setting next_dagrun for example_python_operator to None, run_after=None
[2025-10-05T23:26:43.782+0000] {processor.py:208} INFO - Processing /home/airflow/.local/lib/python3.12/site-packages/airflow/example_dags/example_python_operator.py took 0.254 seconds
[2025-10-05T23:28:14.690+0000] {processor.py:186} INFO - Started process (PID=1408) to work on /home/airflow/.local/lib/python3.12/site-packages/airflow/example_dags/example_python_operator.py
[2025-10-05T23:28:14.692+0000] {processor.py:914} INFO - Processing file /home/airflow/.local/lib/python3.12/site-packages/airflow/example_dags/example_python_operator.py for tasks to queue
[2025-10-05T23:28:14.695+0000] {logging_mixin.py:190} INFO - [2025-10-05T23:28:14.694+0000] {dagbag.py:588} INFO - Filling up the DagBag from /home/airflow/.local/lib/python3.12/site-packages/airflow/example_dags/example_python_operator.py
[2025-10-05T23:28:14.727+0000] {processor.py:925} INFO - DAG(s) 'example_python_operator' retrieved from /home/airflow/.local/lib/python3.12/site-packages/airflow/example_dags/example_python_operator.py
[2025-10-05T23:28:14.781+0000] {logging_mixin.py:190} INFO - [2025-10-05T23:28:14.780+0000] {dag.py:3239} INFO - Sync 1 DAGs
[2025-10-05T23:28:14.843+0000] {logging_mixin.py:190} INFO - [2025-10-05T23:28:14.843+0000] {dag.py:4180} INFO - Setting next_dagrun for example_python_operator to None, run_after=None
[2025-10-05T23:28:14.897+0000] {processor.py:208} INFO - Processing /home/airflow/.local/lib/python3.12/site-packages/airflow/example_dags/example_python_operator.py took 0.219 seconds
