[2025-10-05T23:11:05.442+0000] {processor.py:186} INFO - Started process (PID=112) to work on /home/airflow/.local/lib/python3.12/site-packages/airflow/example_dags/example_datasets.py
[2025-10-05T23:11:05.453+0000] {processor.py:914} INFO - Processing file /home/airflow/.local/lib/python3.12/site-packages/airflow/example_dags/example_datasets.py for tasks to queue
[2025-10-05T23:11:05.475+0000] {logging_mixin.py:190} INFO - [2025-10-05T23:11:05.474+0000] {dagbag.py:588} INFO - Filling up the DagBag from /home/airflow/.local/lib/python3.12/site-packages/airflow/example_dags/example_datasets.py
[2025-10-05T23:11:06.688+0000] {processor.py:925} INFO - DAG(s) 'dataset_produces_2', 'consume_1_or_2_with_dataset_expressions', 'consume_1_or_both_2_and_3_with_dataset_expressions', 'dataset_consumes_1_and_2', 'consume_1_and_2_with_dataset_expressions', 'dataset_consumes_unknown_never_scheduled', 'dataset_consumes_1', 'dataset_consumes_1_never_scheduled', 'conditional_dataset_and_time_based_timetable', 'dataset_produces_1' retrieved from /home/airflow/.local/lib/python3.12/site-packages/airflow/example_dags/example_datasets.py
[2025-10-05T23:11:07.422+0000] {logging_mixin.py:190} INFO - [2025-10-05T23:11:07.420+0000] {override.py:1900} INFO - Created Permission View: can edit on DAG:dataset_produces_2
[2025-10-05T23:11:07.466+0000] {logging_mixin.py:190} INFO - [2025-10-05T23:11:07.465+0000] {override.py:1900} INFO - Created Permission View: can delete on DAG:dataset_produces_2
[2025-10-05T23:11:07.502+0000] {logging_mixin.py:190} INFO - [2025-10-05T23:11:07.501+0000] {override.py:1900} INFO - Created Permission View: can read on DAG:dataset_produces_2
[2025-10-05T23:11:07.525+0000] {logging_mixin.py:190} INFO - [2025-10-05T23:11:07.524+0000] {override.py:1900} INFO - Created Permission View: can create on DAG Run:dataset_produces_2
[2025-10-05T23:11:07.563+0000] {logging_mixin.py:190} INFO - [2025-10-05T23:11:07.562+0000] {override.py:1900} INFO - Created Permission View: menu access on DAG Run:dataset_produces_2
[2025-10-05T23:11:07.595+0000] {logging_mixin.py:190} INFO - [2025-10-05T23:11:07.594+0000] {override.py:1900} INFO - Created Permission View: can delete on DAG Run:dataset_produces_2
[2025-10-05T23:11:07.623+0000] {logging_mixin.py:190} INFO - [2025-10-05T23:11:07.622+0000] {override.py:1900} INFO - Created Permission View: can read on DAG Run:dataset_produces_2
[2025-10-05T23:11:07.676+0000] {logging_mixin.py:190} INFO - [2025-10-05T23:11:07.675+0000] {override.py:1900} INFO - Created Permission View: can edit on DAG:consume_1_or_2_with_dataset_expressions
[2025-10-05T23:11:07.702+0000] {logging_mixin.py:190} INFO - [2025-10-05T23:11:07.701+0000] {override.py:1900} INFO - Created Permission View: can delete on DAG:consume_1_or_2_with_dataset_expressions
[2025-10-05T23:11:07.730+0000] {logging_mixin.py:190} INFO - [2025-10-05T23:11:07.729+0000] {override.py:1900} INFO - Created Permission View: can read on DAG:consume_1_or_2_with_dataset_expressions
[2025-10-05T23:11:07.762+0000] {logging_mixin.py:190} INFO - [2025-10-05T23:11:07.761+0000] {override.py:1900} INFO - Created Permission View: can create on DAG Run:consume_1_or_2_with_dataset_expressions
[2025-10-05T23:11:07.983+0000] {logging_mixin.py:190} INFO - [2025-10-05T23:11:07.981+0000] {override.py:1900} INFO - Created Permission View: menu access on DAG Run:consume_1_or_2_with_dataset_expressions
[2025-10-05T23:11:08.058+0000] {logging_mixin.py:190} INFO - [2025-10-05T23:11:08.056+0000] {override.py:1900} INFO - Created Permission View: can delete on DAG Run:consume_1_or_2_with_dataset_expressions
[2025-10-05T23:11:08.117+0000] {logging_mixin.py:190} INFO - [2025-10-05T23:11:08.115+0000] {override.py:1900} INFO - Created Permission View: can read on DAG Run:consume_1_or_2_with_dataset_expressions
[2025-10-05T23:11:08.158+0000] {logging_mixin.py:190} INFO - [2025-10-05T23:11:08.157+0000] {override.py:1900} INFO - Created Permission View: can edit on DAG:consume_1_or_both_2_and_3_with_dataset_expressions
[2025-10-05T23:11:08.178+0000] {logging_mixin.py:190} INFO - [2025-10-05T23:11:08.177+0000] {override.py:1900} INFO - Created Permission View: can delete on DAG:consume_1_or_both_2_and_3_with_dataset_expressions
[2025-10-05T23:11:08.215+0000] {logging_mixin.py:190} INFO - [2025-10-05T23:11:08.214+0000] {override.py:1900} INFO - Created Permission View: can read on DAG:consume_1_or_both_2_and_3_with_dataset_expressions
[2025-10-05T23:11:08.241+0000] {logging_mixin.py:190} INFO - [2025-10-05T23:11:08.241+0000] {override.py:1900} INFO - Created Permission View: can create on DAG Run:consume_1_or_both_2_and_3_with_dataset_expressions
[2025-10-05T23:11:08.267+0000] {logging_mixin.py:190} INFO - [2025-10-05T23:11:08.266+0000] {override.py:1900} INFO - Created Permission View: menu access on DAG Run:consume_1_or_both_2_and_3_with_dataset_expressions
[2025-10-05T23:11:08.291+0000] {logging_mixin.py:190} INFO - [2025-10-05T23:11:08.290+0000] {override.py:1900} INFO - Created Permission View: can delete on DAG Run:consume_1_or_both_2_and_3_with_dataset_expressions
[2025-10-05T23:11:08.316+0000] {logging_mixin.py:190} INFO - [2025-10-05T23:11:08.315+0000] {override.py:1900} INFO - Created Permission View: can read on DAG Run:consume_1_or_both_2_and_3_with_dataset_expressions
[2025-10-05T23:11:08.360+0000] {logging_mixin.py:190} INFO - [2025-10-05T23:11:08.359+0000] {override.py:1900} INFO - Created Permission View: can edit on DAG:dataset_consumes_1_and_2
[2025-10-05T23:11:08.385+0000] {logging_mixin.py:190} INFO - [2025-10-05T23:11:08.385+0000] {override.py:1900} INFO - Created Permission View: can delete on DAG:dataset_consumes_1_and_2
[2025-10-05T23:11:08.405+0000] {logging_mixin.py:190} INFO - [2025-10-05T23:11:08.405+0000] {override.py:1900} INFO - Created Permission View: can read on DAG:dataset_consumes_1_and_2
[2025-10-05T23:11:08.429+0000] {logging_mixin.py:190} INFO - [2025-10-05T23:11:08.429+0000] {override.py:1900} INFO - Created Permission View: can create on DAG Run:dataset_consumes_1_and_2
[2025-10-05T23:11:08.453+0000] {logging_mixin.py:190} INFO - [2025-10-05T23:11:08.452+0000] {override.py:1900} INFO - Created Permission View: menu access on DAG Run:dataset_consumes_1_and_2
[2025-10-05T23:11:08.477+0000] {logging_mixin.py:190} INFO - [2025-10-05T23:11:08.477+0000] {override.py:1900} INFO - Created Permission View: can delete on DAG Run:dataset_consumes_1_and_2
[2025-10-05T23:11:08.497+0000] {logging_mixin.py:190} INFO - [2025-10-05T23:11:08.496+0000] {override.py:1900} INFO - Created Permission View: can read on DAG Run:dataset_consumes_1_and_2
[2025-10-05T23:11:08.674+0000] {logging_mixin.py:190} INFO - [2025-10-05T23:11:08.673+0000] {override.py:1900} INFO - Created Permission View: can edit on DAG:consume_1_and_2_with_dataset_expressions
[2025-10-05T23:11:08.703+0000] {logging_mixin.py:190} INFO - [2025-10-05T23:11:08.702+0000] {override.py:1900} INFO - Created Permission View: can delete on DAG:consume_1_and_2_with_dataset_expressions
[2025-10-05T23:11:08.735+0000] {logging_mixin.py:190} INFO - [2025-10-05T23:11:08.734+0000] {override.py:1900} INFO - Created Permission View: can read on DAG:consume_1_and_2_with_dataset_expressions
[2025-10-05T23:11:08.770+0000] {logging_mixin.py:190} INFO - [2025-10-05T23:11:08.769+0000] {override.py:1900} INFO - Created Permission View: can create on DAG Run:consume_1_and_2_with_dataset_expressions
[2025-10-05T23:11:08.801+0000] {logging_mixin.py:190} INFO - [2025-10-05T23:11:08.800+0000] {override.py:1900} INFO - Created Permission View: menu access on DAG Run:consume_1_and_2_with_dataset_expressions
[2025-10-05T23:11:08.829+0000] {logging_mixin.py:190} INFO - [2025-10-05T23:11:08.828+0000] {override.py:1900} INFO - Created Permission View: can delete on DAG Run:consume_1_and_2_with_dataset_expressions
[2025-10-05T23:11:08.856+0000] {logging_mixin.py:190} INFO - [2025-10-05T23:11:08.855+0000] {override.py:1900} INFO - Created Permission View: can read on DAG Run:consume_1_and_2_with_dataset_expressions
[2025-10-05T23:11:08.904+0000] {logging_mixin.py:190} INFO - [2025-10-05T23:11:08.903+0000] {override.py:1900} INFO - Created Permission View: can edit on DAG:dataset_consumes_unknown_never_scheduled
[2025-10-05T23:11:08.924+0000] {logging_mixin.py:190} INFO - [2025-10-05T23:11:08.923+0000] {override.py:1900} INFO - Created Permission View: can delete on DAG:dataset_consumes_unknown_never_scheduled
[2025-10-05T23:11:08.945+0000] {logging_mixin.py:190} INFO - [2025-10-05T23:11:08.944+0000] {override.py:1900} INFO - Created Permission View: can read on DAG:dataset_consumes_unknown_never_scheduled
[2025-10-05T23:11:08.978+0000] {logging_mixin.py:190} INFO - [2025-10-05T23:11:08.977+0000] {override.py:1900} INFO - Created Permission View: can create on DAG Run:dataset_consumes_unknown_never_scheduled
[2025-10-05T23:11:09.493+0000] {logging_mixin.py:190} INFO - [2025-10-05T23:11:09.493+0000] {override.py:1900} INFO - Created Permission View: menu access on DAG Run:dataset_consumes_unknown_never_scheduled
[2025-10-05T23:11:09.513+0000] {logging_mixin.py:190} INFO - [2025-10-05T23:11:09.512+0000] {override.py:1900} INFO - Created Permission View: can delete on DAG Run:dataset_consumes_unknown_never_scheduled
[2025-10-05T23:11:09.541+0000] {logging_mixin.py:190} INFO - [2025-10-05T23:11:09.539+0000] {override.py:1900} INFO - Created Permission View: can read on DAG Run:dataset_consumes_unknown_never_scheduled
[2025-10-05T23:11:09.577+0000] {logging_mixin.py:190} INFO - [2025-10-05T23:11:09.575+0000] {override.py:1900} INFO - Created Permission View: can edit on DAG:dataset_consumes_1
[2025-10-05T23:11:09.599+0000] {logging_mixin.py:190} INFO - [2025-10-05T23:11:09.598+0000] {override.py:1900} INFO - Created Permission View: can delete on DAG:dataset_consumes_1
[2025-10-05T23:11:09.618+0000] {logging_mixin.py:190} INFO - [2025-10-05T23:11:09.617+0000] {override.py:1900} INFO - Created Permission View: can read on DAG:dataset_consumes_1
[2025-10-05T23:11:09.647+0000] {logging_mixin.py:190} INFO - [2025-10-05T23:11:09.646+0000] {override.py:1900} INFO - Created Permission View: can create on DAG Run:dataset_consumes_1
[2025-10-05T23:11:10.481+0000] {logging_mixin.py:190} INFO - [2025-10-05T23:11:10.480+0000] {override.py:1900} INFO - Created Permission View: menu access on DAG Run:dataset_consumes_1
[2025-10-05T23:11:10.520+0000] {logging_mixin.py:190} INFO - [2025-10-05T23:11:10.518+0000] {override.py:1900} INFO - Created Permission View: can delete on DAG Run:dataset_consumes_1
[2025-10-05T23:11:10.558+0000] {logging_mixin.py:190} INFO - [2025-10-05T23:11:10.557+0000] {override.py:1900} INFO - Created Permission View: can read on DAG Run:dataset_consumes_1
[2025-10-05T23:11:10.655+0000] {logging_mixin.py:190} INFO - [2025-10-05T23:11:10.655+0000] {override.py:1900} INFO - Created Permission View: can edit on DAG:dataset_consumes_1_never_scheduled
[2025-10-05T23:11:10.711+0000] {logging_mixin.py:190} INFO - [2025-10-05T23:11:10.710+0000] {override.py:1900} INFO - Created Permission View: can delete on DAG:dataset_consumes_1_never_scheduled
[2025-10-05T23:11:10.738+0000] {logging_mixin.py:190} INFO - [2025-10-05T23:11:10.737+0000] {override.py:1900} INFO - Created Permission View: can read on DAG:dataset_consumes_1_never_scheduled
[2025-10-05T23:11:10.766+0000] {logging_mixin.py:190} INFO - [2025-10-05T23:11:10.765+0000] {override.py:1900} INFO - Created Permission View: can create on DAG Run:dataset_consumes_1_never_scheduled
[2025-10-05T23:11:10.792+0000] {logging_mixin.py:190} INFO - [2025-10-05T23:11:10.791+0000] {override.py:1900} INFO - Created Permission View: menu access on DAG Run:dataset_consumes_1_never_scheduled
[2025-10-05T23:11:10.821+0000] {logging_mixin.py:190} INFO - [2025-10-05T23:11:10.820+0000] {override.py:1900} INFO - Created Permission View: can delete on DAG Run:dataset_consumes_1_never_scheduled
[2025-10-05T23:11:10.854+0000] {logging_mixin.py:190} INFO - [2025-10-05T23:11:10.853+0000] {override.py:1900} INFO - Created Permission View: can read on DAG Run:dataset_consumes_1_never_scheduled
[2025-10-05T23:11:10.904+0000] {logging_mixin.py:190} INFO - [2025-10-05T23:11:10.903+0000] {override.py:1900} INFO - Created Permission View: can edit on DAG:conditional_dataset_and_time_based_timetable
[2025-10-05T23:11:10.935+0000] {logging_mixin.py:190} INFO - [2025-10-05T23:11:10.934+0000] {override.py:1900} INFO - Created Permission View: can delete on DAG:conditional_dataset_and_time_based_timetable
[2025-10-05T23:11:10.980+0000] {logging_mixin.py:190} INFO - [2025-10-05T23:11:10.979+0000] {override.py:1900} INFO - Created Permission View: can read on DAG:conditional_dataset_and_time_based_timetable
[2025-10-05T23:11:11.010+0000] {logging_mixin.py:190} INFO - [2025-10-05T23:11:11.009+0000] {override.py:1900} INFO - Created Permission View: can create on DAG Run:conditional_dataset_and_time_based_timetable
[2025-10-05T23:11:11.033+0000] {logging_mixin.py:190} INFO - [2025-10-05T23:11:11.032+0000] {override.py:1900} INFO - Created Permission View: menu access on DAG Run:conditional_dataset_and_time_based_timetable
[2025-10-05T23:11:11.053+0000] {logging_mixin.py:190} INFO - [2025-10-05T23:11:11.052+0000] {override.py:1900} INFO - Created Permission View: can delete on DAG Run:conditional_dataset_and_time_based_timetable
[2025-10-05T23:11:11.078+0000] {logging_mixin.py:190} INFO - [2025-10-05T23:11:11.077+0000] {override.py:1900} INFO - Created Permission View: can read on DAG Run:conditional_dataset_and_time_based_timetable
[2025-10-05T23:11:11.117+0000] {logging_mixin.py:190} INFO - [2025-10-05T23:11:11.116+0000] {override.py:1900} INFO - Created Permission View: can edit on DAG:dataset_produces_1
[2025-10-05T23:11:11.147+0000] {logging_mixin.py:190} INFO - [2025-10-05T23:11:11.145+0000] {override.py:1900} INFO - Created Permission View: can delete on DAG:dataset_produces_1
[2025-10-05T23:11:11.185+0000] {logging_mixin.py:190} INFO - [2025-10-05T23:11:11.183+0000] {override.py:1900} INFO - Created Permission View: can read on DAG:dataset_produces_1
[2025-10-05T23:11:11.214+0000] {logging_mixin.py:190} INFO - [2025-10-05T23:11:11.213+0000] {override.py:1900} INFO - Created Permission View: can create on DAG Run:dataset_produces_1
[2025-10-05T23:11:11.243+0000] {logging_mixin.py:190} INFO - [2025-10-05T23:11:11.242+0000] {override.py:1900} INFO - Created Permission View: menu access on DAG Run:dataset_produces_1
[2025-10-05T23:11:11.278+0000] {logging_mixin.py:190} INFO - [2025-10-05T23:11:11.277+0000] {override.py:1900} INFO - Created Permission View: can delete on DAG Run:dataset_produces_1
[2025-10-05T23:11:11.302+0000] {logging_mixin.py:190} INFO - [2025-10-05T23:11:11.302+0000] {override.py:1900} INFO - Created Permission View: can read on DAG Run:dataset_produces_1
[2025-10-05T23:11:11.305+0000] {logging_mixin.py:190} INFO - [2025-10-05T23:11:11.304+0000] {dag.py:3239} INFO - Sync 10 DAGs
[2025-10-05T23:11:11.370+0000] {logging_mixin.py:190} INFO - [2025-10-05T23:11:11.369+0000] {dag.py:3262} INFO - Creating ORM DAG for dataset_consumes_1_and_2
[2025-10-05T23:11:11.373+0000] {logging_mixin.py:190} INFO - [2025-10-05T23:11:11.372+0000] {dag.py:3262} INFO - Creating ORM DAG for dataset_produces_1
[2025-10-05T23:11:11.377+0000] {logging_mixin.py:190} INFO - [2025-10-05T23:11:11.376+0000] {dag.py:3262} INFO - Creating ORM DAG for consume_1_or_both_2_and_3_with_dataset_expressions
[2025-10-05T23:11:11.379+0000] {logging_mixin.py:190} INFO - [2025-10-05T23:11:11.379+0000] {dag.py:3262} INFO - Creating ORM DAG for consume_1_or_2_with_dataset_expressions
[2025-10-05T23:11:11.383+0000] {logging_mixin.py:190} INFO - [2025-10-05T23:11:11.382+0000] {dag.py:3262} INFO - Creating ORM DAG for dataset_consumes_unknown_never_scheduled
[2025-10-05T23:11:11.387+0000] {logging_mixin.py:190} INFO - [2025-10-05T23:11:11.387+0000] {dag.py:3262} INFO - Creating ORM DAG for conditional_dataset_and_time_based_timetable
[2025-10-05T23:11:11.390+0000] {logging_mixin.py:190} INFO - [2025-10-05T23:11:11.390+0000] {dag.py:3262} INFO - Creating ORM DAG for dataset_consumes_1
[2025-10-05T23:11:11.394+0000] {logging_mixin.py:190} INFO - [2025-10-05T23:11:11.393+0000] {dag.py:3262} INFO - Creating ORM DAG for consume_1_and_2_with_dataset_expressions
[2025-10-05T23:11:11.398+0000] {logging_mixin.py:190} INFO - [2025-10-05T23:11:11.396+0000] {dag.py:3262} INFO - Creating ORM DAG for dataset_consumes_1_never_scheduled
[2025-10-05T23:11:11.401+0000] {logging_mixin.py:190} INFO - [2025-10-05T23:11:11.400+0000] {dag.py:3262} INFO - Creating ORM DAG for dataset_produces_2
[2025-10-05T23:11:11.460+0000] {logging_mixin.py:190} INFO - [2025-10-05T23:11:11.456+0000] {dag.py:4180} INFO - Setting next_dagrun for conditional_dataset_and_time_based_timetable to 2025-10-01 01:00:00+00:00, run_after=2025-10-01 01:00:00+00:00
[2025-10-05T23:11:11.465+0000] {logging_mixin.py:190} INFO - [2025-10-05T23:11:11.464+0000] {dag.py:4180} INFO - Setting next_dagrun for consume_1_and_2_with_dataset_expressions to None, run_after=None
[2025-10-05T23:11:11.471+0000] {logging_mixin.py:190} INFO - [2025-10-05T23:11:11.470+0000] {dag.py:4180} INFO - Setting next_dagrun for consume_1_or_2_with_dataset_expressions to None, run_after=None
[2025-10-05T23:11:11.482+0000] {logging_mixin.py:190} INFO - [2025-10-05T23:11:11.481+0000] {dag.py:4180} INFO - Setting next_dagrun for consume_1_or_both_2_and_3_with_dataset_expressions to None, run_after=None
[2025-10-05T23:11:11.496+0000] {logging_mixin.py:190} INFO - [2025-10-05T23:11:11.490+0000] {dag.py:4180} INFO - Setting next_dagrun for dataset_consumes_1 to None, run_after=None
[2025-10-05T23:11:11.502+0000] {logging_mixin.py:190} INFO - [2025-10-05T23:11:11.501+0000] {dag.py:4180} INFO - Setting next_dagrun for dataset_consumes_1_and_2 to None, run_after=None
[2025-10-05T23:11:11.507+0000] {logging_mixin.py:190} INFO - [2025-10-05T23:11:11.506+0000] {dag.py:4180} INFO - Setting next_dagrun for dataset_consumes_1_never_scheduled to None, run_after=None
[2025-10-05T23:11:11.513+0000] {logging_mixin.py:190} INFO - [2025-10-05T23:11:11.509+0000] {dag.py:4180} INFO - Setting next_dagrun for dataset_consumes_unknown_never_scheduled to None, run_after=None
[2025-10-05T23:11:11.524+0000] {logging_mixin.py:190} INFO - [2025-10-05T23:11:11.524+0000] {dag.py:4180} INFO - Setting next_dagrun for dataset_produces_1 to 2025-10-04 00:00:00+00:00, run_after=2025-10-05 00:00:00+00:00
[2025-10-05T23:11:11.533+0000] {logging_mixin.py:190} INFO - [2025-10-05T23:11:11.526+0000] {dag.py:4180} INFO - Setting next_dagrun for dataset_produces_2 to None, run_after=None
[2025-10-05T23:11:11.765+0000] {processor.py:208} INFO - Processing /home/airflow/.local/lib/python3.12/site-packages/airflow/example_dags/example_datasets.py took 5.335 seconds
[2025-10-05T23:11:42.434+0000] {processor.py:186} INFO - Started process (PID=176) to work on /home/airflow/.local/lib/python3.12/site-packages/airflow/example_dags/example_datasets.py
[2025-10-05T23:11:42.438+0000] {processor.py:914} INFO - Processing file /home/airflow/.local/lib/python3.12/site-packages/airflow/example_dags/example_datasets.py for tasks to queue
[2025-10-05T23:11:42.447+0000] {logging_mixin.py:190} INFO - [2025-10-05T23:11:42.446+0000] {dagbag.py:588} INFO - Filling up the DagBag from /home/airflow/.local/lib/python3.12/site-packages/airflow/example_dags/example_datasets.py
[2025-10-05T23:11:43.058+0000] {processor.py:925} INFO - DAG(s) 'consume_1_and_2_with_dataset_expressions', 'dataset_consumes_unknown_never_scheduled', 'consume_1_or_2_with_dataset_expressions', 'dataset_consumes_1_and_2', 'dataset_consumes_1_never_scheduled', 'dataset_produces_2', 'dataset_produces_1', 'consume_1_or_both_2_and_3_with_dataset_expressions', 'conditional_dataset_and_time_based_timetable', 'dataset_consumes_1' retrieved from /home/airflow/.local/lib/python3.12/site-packages/airflow/example_dags/example_datasets.py
[2025-10-05T23:11:43.167+0000] {logging_mixin.py:190} INFO - [2025-10-05T23:11:43.166+0000] {dag.py:3239} INFO - Sync 10 DAGs
[2025-10-05T23:11:43.234+0000] {logging_mixin.py:190} INFO - [2025-10-05T23:11:43.234+0000] {dag.py:4180} INFO - Setting next_dagrun for conditional_dataset_and_time_based_timetable to 2025-10-01 01:00:00+00:00, run_after=2025-10-01 01:00:00+00:00
[2025-10-05T23:11:43.243+0000] {logging_mixin.py:190} INFO - [2025-10-05T23:11:43.243+0000] {dag.py:4180} INFO - Setting next_dagrun for consume_1_and_2_with_dataset_expressions to None, run_after=None
[2025-10-05T23:11:43.246+0000] {logging_mixin.py:190} INFO - [2025-10-05T23:11:43.246+0000] {dag.py:4180} INFO - Setting next_dagrun for consume_1_or_2_with_dataset_expressions to None, run_after=None
[2025-10-05T23:11:43.250+0000] {logging_mixin.py:190} INFO - [2025-10-05T23:11:43.250+0000] {dag.py:4180} INFO - Setting next_dagrun for consume_1_or_both_2_and_3_with_dataset_expressions to None, run_after=None
[2025-10-05T23:11:43.253+0000] {logging_mixin.py:190} INFO - [2025-10-05T23:11:43.253+0000] {dag.py:4180} INFO - Setting next_dagrun for dataset_consumes_1 to None, run_after=None
[2025-10-05T23:11:43.258+0000] {logging_mixin.py:190} INFO - [2025-10-05T23:11:43.257+0000] {dag.py:4180} INFO - Setting next_dagrun for dataset_consumes_1_and_2 to None, run_after=None
[2025-10-05T23:11:43.261+0000] {logging_mixin.py:190} INFO - [2025-10-05T23:11:43.260+0000] {dag.py:4180} INFO - Setting next_dagrun for dataset_consumes_1_never_scheduled to None, run_after=None
[2025-10-05T23:11:43.264+0000] {logging_mixin.py:190} INFO - [2025-10-05T23:11:43.264+0000] {dag.py:4180} INFO - Setting next_dagrun for dataset_consumes_unknown_never_scheduled to None, run_after=None
[2025-10-05T23:11:43.270+0000] {logging_mixin.py:190} INFO - [2025-10-05T23:11:43.269+0000] {dag.py:4180} INFO - Setting next_dagrun for dataset_produces_1 to 2025-10-04 00:00:00+00:00, run_after=2025-10-05 00:00:00+00:00
[2025-10-05T23:11:43.273+0000] {logging_mixin.py:190} INFO - [2025-10-05T23:11:43.273+0000] {dag.py:4180} INFO - Setting next_dagrun for dataset_produces_2 to None, run_after=None
[2025-10-05T23:11:43.367+0000] {processor.py:208} INFO - Processing /home/airflow/.local/lib/python3.12/site-packages/airflow/example_dags/example_datasets.py took 0.954 seconds
[2025-10-05T23:12:13.911+0000] {processor.py:186} INFO - Started process (PID=240) to work on /home/airflow/.local/lib/python3.12/site-packages/airflow/example_dags/example_datasets.py
[2025-10-05T23:12:13.914+0000] {processor.py:914} INFO - Processing file /home/airflow/.local/lib/python3.12/site-packages/airflow/example_dags/example_datasets.py for tasks to queue
[2025-10-05T23:12:13.922+0000] {logging_mixin.py:190} INFO - [2025-10-05T23:12:13.920+0000] {dagbag.py:588} INFO - Filling up the DagBag from /home/airflow/.local/lib/python3.12/site-packages/airflow/example_dags/example_datasets.py
[2025-10-05T23:12:14.339+0000] {processor.py:925} INFO - DAG(s) 'dataset_consumes_unknown_never_scheduled', 'dataset_consumes_1_and_2', 'dataset_produces_1', 'consume_1_or_both_2_and_3_with_dataset_expressions', 'conditional_dataset_and_time_based_timetable', 'consume_1_or_2_with_dataset_expressions', 'dataset_consumes_1_never_scheduled', 'dataset_consumes_1', 'dataset_produces_2', 'consume_1_and_2_with_dataset_expressions' retrieved from /home/airflow/.local/lib/python3.12/site-packages/airflow/example_dags/example_datasets.py
[2025-10-05T23:12:14.447+0000] {logging_mixin.py:190} INFO - [2025-10-05T23:12:14.446+0000] {dag.py:3239} INFO - Sync 10 DAGs
[2025-10-05T23:12:14.503+0000] {logging_mixin.py:190} INFO - [2025-10-05T23:12:14.502+0000] {dag.py:4180} INFO - Setting next_dagrun for conditional_dataset_and_time_based_timetable to 2025-10-01 01:00:00+00:00, run_after=2025-10-01 01:00:00+00:00
[2025-10-05T23:12:14.511+0000] {logging_mixin.py:190} INFO - [2025-10-05T23:12:14.511+0000] {dag.py:4180} INFO - Setting next_dagrun for consume_1_and_2_with_dataset_expressions to None, run_after=None
[2025-10-05T23:12:14.514+0000] {logging_mixin.py:190} INFO - [2025-10-05T23:12:14.514+0000] {dag.py:4180} INFO - Setting next_dagrun for consume_1_or_2_with_dataset_expressions to None, run_after=None
[2025-10-05T23:12:14.518+0000] {logging_mixin.py:190} INFO - [2025-10-05T23:12:14.517+0000] {dag.py:4180} INFO - Setting next_dagrun for consume_1_or_both_2_and_3_with_dataset_expressions to None, run_after=None
[2025-10-05T23:12:14.521+0000] {logging_mixin.py:190} INFO - [2025-10-05T23:12:14.521+0000] {dag.py:4180} INFO - Setting next_dagrun for dataset_consumes_1 to None, run_after=None
[2025-10-05T23:12:14.525+0000] {logging_mixin.py:190} INFO - [2025-10-05T23:12:14.524+0000] {dag.py:4180} INFO - Setting next_dagrun for dataset_consumes_1_and_2 to None, run_after=None
[2025-10-05T23:12:14.528+0000] {logging_mixin.py:190} INFO - [2025-10-05T23:12:14.528+0000] {dag.py:4180} INFO - Setting next_dagrun for dataset_consumes_1_never_scheduled to None, run_after=None
[2025-10-05T23:12:14.531+0000] {logging_mixin.py:190} INFO - [2025-10-05T23:12:14.531+0000] {dag.py:4180} INFO - Setting next_dagrun for dataset_consumes_unknown_never_scheduled to None, run_after=None
[2025-10-05T23:12:14.536+0000] {logging_mixin.py:190} INFO - [2025-10-05T23:12:14.536+0000] {dag.py:4180} INFO - Setting next_dagrun for dataset_produces_1 to 2025-10-04 00:00:00+00:00, run_after=2025-10-05 00:00:00+00:00
[2025-10-05T23:12:14.540+0000] {logging_mixin.py:190} INFO - [2025-10-05T23:12:14.539+0000] {dag.py:4180} INFO - Setting next_dagrun for dataset_produces_2 to None, run_after=None
[2025-10-05T23:12:14.634+0000] {processor.py:208} INFO - Processing /home/airflow/.local/lib/python3.12/site-packages/airflow/example_dags/example_datasets.py took 0.743 seconds
[2025-10-05T23:12:48.204+0000] {processor.py:186} INFO - Started process (PID=307) to work on /home/airflow/.local/lib/python3.12/site-packages/airflow/example_dags/example_datasets.py
[2025-10-05T23:12:48.211+0000] {processor.py:914} INFO - Processing file /home/airflow/.local/lib/python3.12/site-packages/airflow/example_dags/example_datasets.py for tasks to queue
[2025-10-05T23:12:48.227+0000] {logging_mixin.py:190} INFO - [2025-10-05T23:12:48.225+0000] {dagbag.py:588} INFO - Filling up the DagBag from /home/airflow/.local/lib/python3.12/site-packages/airflow/example_dags/example_datasets.py
[2025-10-05T23:12:48.672+0000] {processor.py:925} INFO - DAG(s) 'dataset_consumes_1_never_scheduled', 'consume_1_and_2_with_dataset_expressions', 'consume_1_or_2_with_dataset_expressions', 'dataset_consumes_1_and_2', 'dataset_produces_1', 'dataset_produces_2', 'dataset_consumes_unknown_never_scheduled', 'conditional_dataset_and_time_based_timetable', 'consume_1_or_both_2_and_3_with_dataset_expressions', 'dataset_consumes_1' retrieved from /home/airflow/.local/lib/python3.12/site-packages/airflow/example_dags/example_datasets.py
[2025-10-05T23:12:48.738+0000] {logging_mixin.py:190} INFO - [2025-10-05T23:12:48.738+0000] {dag.py:3239} INFO - Sync 10 DAGs
[2025-10-05T23:12:48.776+0000] {logging_mixin.py:190} INFO - [2025-10-05T23:12:48.776+0000] {dag.py:4180} INFO - Setting next_dagrun for conditional_dataset_and_time_based_timetable to 2025-10-01 01:00:00+00:00, run_after=2025-10-01 01:00:00+00:00
[2025-10-05T23:12:48.782+0000] {logging_mixin.py:190} INFO - [2025-10-05T23:12:48.782+0000] {dag.py:4180} INFO - Setting next_dagrun for consume_1_and_2_with_dataset_expressions to None, run_after=None
[2025-10-05T23:12:48.787+0000] {logging_mixin.py:190} INFO - [2025-10-05T23:12:48.787+0000] {dag.py:4180} INFO - Setting next_dagrun for consume_1_or_2_with_dataset_expressions to None, run_after=None
[2025-10-05T23:12:48.789+0000] {logging_mixin.py:190} INFO - [2025-10-05T23:12:48.789+0000] {dag.py:4180} INFO - Setting next_dagrun for consume_1_or_both_2_and_3_with_dataset_expressions to None, run_after=None
[2025-10-05T23:12:48.791+0000] {logging_mixin.py:190} INFO - [2025-10-05T23:12:48.791+0000] {dag.py:4180} INFO - Setting next_dagrun for dataset_consumes_1 to None, run_after=None
[2025-10-05T23:12:48.793+0000] {logging_mixin.py:190} INFO - [2025-10-05T23:12:48.793+0000] {dag.py:4180} INFO - Setting next_dagrun for dataset_consumes_1_and_2 to None, run_after=None
[2025-10-05T23:12:48.795+0000] {logging_mixin.py:190} INFO - [2025-10-05T23:12:48.795+0000] {dag.py:4180} INFO - Setting next_dagrun for dataset_consumes_1_never_scheduled to None, run_after=None
[2025-10-05T23:12:48.800+0000] {logging_mixin.py:190} INFO - [2025-10-05T23:12:48.800+0000] {dag.py:4180} INFO - Setting next_dagrun for dataset_consumes_unknown_never_scheduled to None, run_after=None
[2025-10-05T23:12:48.809+0000] {logging_mixin.py:190} INFO - [2025-10-05T23:12:48.808+0000] {dag.py:4180} INFO - Setting next_dagrun for dataset_produces_1 to 2025-10-04 00:00:00+00:00, run_after=2025-10-05 00:00:00+00:00
[2025-10-05T23:12:48.811+0000] {logging_mixin.py:190} INFO - [2025-10-05T23:12:48.811+0000] {dag.py:4180} INFO - Setting next_dagrun for dataset_produces_2 to None, run_after=None
[2025-10-05T23:12:48.858+0000] {processor.py:208} INFO - Processing /home/airflow/.local/lib/python3.12/site-packages/airflow/example_dags/example_datasets.py took 0.676 seconds
[2025-10-05T23:13:19.005+0000] {processor.py:186} INFO - Started process (PID=366) to work on /home/airflow/.local/lib/python3.12/site-packages/airflow/example_dags/example_datasets.py
[2025-10-05T23:13:19.007+0000] {processor.py:914} INFO - Processing file /home/airflow/.local/lib/python3.12/site-packages/airflow/example_dags/example_datasets.py for tasks to queue
[2025-10-05T23:13:19.010+0000] {logging_mixin.py:190} INFO - [2025-10-05T23:13:19.009+0000] {dagbag.py:588} INFO - Filling up the DagBag from /home/airflow/.local/lib/python3.12/site-packages/airflow/example_dags/example_datasets.py
[2025-10-05T23:13:19.190+0000] {processor.py:925} INFO - DAG(s) 'dataset_consumes_1', 'consume_1_or_2_with_dataset_expressions', 'dataset_produces_1', 'conditional_dataset_and_time_based_timetable', 'dataset_produces_2', 'consume_1_or_both_2_and_3_with_dataset_expressions', 'dataset_consumes_unknown_never_scheduled', 'dataset_consumes_1_never_scheduled', 'consume_1_and_2_with_dataset_expressions', 'dataset_consumes_1_and_2' retrieved from /home/airflow/.local/lib/python3.12/site-packages/airflow/example_dags/example_datasets.py
[2025-10-05T23:13:19.245+0000] {logging_mixin.py:190} INFO - [2025-10-05T23:13:19.245+0000] {dag.py:3239} INFO - Sync 10 DAGs
[2025-10-05T23:13:19.299+0000] {logging_mixin.py:190} INFO - [2025-10-05T23:13:19.299+0000] {dag.py:4180} INFO - Setting next_dagrun for conditional_dataset_and_time_based_timetable to 2025-10-01 01:00:00+00:00, run_after=2025-10-01 01:00:00+00:00
[2025-10-05T23:13:19.309+0000] {logging_mixin.py:190} INFO - [2025-10-05T23:13:19.308+0000] {dag.py:4180} INFO - Setting next_dagrun for consume_1_and_2_with_dataset_expressions to None, run_after=None
[2025-10-05T23:13:19.315+0000] {logging_mixin.py:190} INFO - [2025-10-05T23:13:19.314+0000] {dag.py:4180} INFO - Setting next_dagrun for consume_1_or_2_with_dataset_expressions to None, run_after=None
[2025-10-05T23:13:19.318+0000] {logging_mixin.py:190} INFO - [2025-10-05T23:13:19.318+0000] {dag.py:4180} INFO - Setting next_dagrun for consume_1_or_both_2_and_3_with_dataset_expressions to None, run_after=None
[2025-10-05T23:13:19.322+0000] {logging_mixin.py:190} INFO - [2025-10-05T23:13:19.321+0000] {dag.py:4180} INFO - Setting next_dagrun for dataset_consumes_1 to None, run_after=None
[2025-10-05T23:13:19.324+0000] {logging_mixin.py:190} INFO - [2025-10-05T23:13:19.324+0000] {dag.py:4180} INFO - Setting next_dagrun for dataset_consumes_1_and_2 to None, run_after=None
[2025-10-05T23:13:19.326+0000] {logging_mixin.py:190} INFO - [2025-10-05T23:13:19.326+0000] {dag.py:4180} INFO - Setting next_dagrun for dataset_consumes_1_never_scheduled to None, run_after=None
[2025-10-05T23:13:19.329+0000] {logging_mixin.py:190} INFO - [2025-10-05T23:13:19.329+0000] {dag.py:4180} INFO - Setting next_dagrun for dataset_consumes_unknown_never_scheduled to None, run_after=None
[2025-10-05T23:13:19.334+0000] {logging_mixin.py:190} INFO - [2025-10-05T23:13:19.334+0000] {dag.py:4180} INFO - Setting next_dagrun for dataset_produces_1 to 2025-10-04 00:00:00+00:00, run_after=2025-10-05 00:00:00+00:00
[2025-10-05T23:13:19.338+0000] {logging_mixin.py:190} INFO - [2025-10-05T23:13:19.337+0000] {dag.py:4180} INFO - Setting next_dagrun for dataset_produces_2 to None, run_after=None
[2025-10-05T23:13:19.416+0000] {processor.py:208} INFO - Processing /home/airflow/.local/lib/python3.12/site-packages/airflow/example_dags/example_datasets.py took 0.417 seconds
[2025-10-05T23:13:50.047+0000] {processor.py:186} INFO - Started process (PID=431) to work on /home/airflow/.local/lib/python3.12/site-packages/airflow/example_dags/example_datasets.py
[2025-10-05T23:13:50.048+0000] {processor.py:914} INFO - Processing file /home/airflow/.local/lib/python3.12/site-packages/airflow/example_dags/example_datasets.py for tasks to queue
[2025-10-05T23:13:50.051+0000] {logging_mixin.py:190} INFO - [2025-10-05T23:13:50.051+0000] {dagbag.py:588} INFO - Filling up the DagBag from /home/airflow/.local/lib/python3.12/site-packages/airflow/example_dags/example_datasets.py
[2025-10-05T23:13:50.234+0000] {processor.py:925} INFO - DAG(s) 'consume_1_and_2_with_dataset_expressions', 'dataset_consumes_1_and_2', 'consume_1_or_both_2_and_3_with_dataset_expressions', 'conditional_dataset_and_time_based_timetable', 'dataset_consumes_1_never_scheduled', 'dataset_produces_1', 'dataset_consumes_unknown_never_scheduled', 'dataset_produces_2', 'dataset_consumes_1', 'consume_1_or_2_with_dataset_expressions' retrieved from /home/airflow/.local/lib/python3.12/site-packages/airflow/example_dags/example_datasets.py
[2025-10-05T23:13:50.292+0000] {logging_mixin.py:190} INFO - [2025-10-05T23:13:50.292+0000] {dag.py:3239} INFO - Sync 10 DAGs
[2025-10-05T23:13:50.328+0000] {logging_mixin.py:190} INFO - [2025-10-05T23:13:50.328+0000] {dag.py:4180} INFO - Setting next_dagrun for conditional_dataset_and_time_based_timetable to 2025-10-01 01:00:00+00:00, run_after=2025-10-01 01:00:00+00:00
[2025-10-05T23:13:50.335+0000] {logging_mixin.py:190} INFO - [2025-10-05T23:13:50.335+0000] {dag.py:4180} INFO - Setting next_dagrun for consume_1_and_2_with_dataset_expressions to None, run_after=None
[2025-10-05T23:13:50.338+0000] {logging_mixin.py:190} INFO - [2025-10-05T23:13:50.337+0000] {dag.py:4180} INFO - Setting next_dagrun for consume_1_or_2_with_dataset_expressions to None, run_after=None
[2025-10-05T23:13:50.339+0000] {logging_mixin.py:190} INFO - [2025-10-05T23:13:50.339+0000] {dag.py:4180} INFO - Setting next_dagrun for consume_1_or_both_2_and_3_with_dataset_expressions to None, run_after=None
[2025-10-05T23:13:50.341+0000] {logging_mixin.py:190} INFO - [2025-10-05T23:13:50.341+0000] {dag.py:4180} INFO - Setting next_dagrun for dataset_consumes_1 to None, run_after=None
[2025-10-05T23:13:50.343+0000] {logging_mixin.py:190} INFO - [2025-10-05T23:13:50.343+0000] {dag.py:4180} INFO - Setting next_dagrun for dataset_consumes_1_and_2 to None, run_after=None
[2025-10-05T23:13:50.345+0000] {logging_mixin.py:190} INFO - [2025-10-05T23:13:50.345+0000] {dag.py:4180} INFO - Setting next_dagrun for dataset_consumes_1_never_scheduled to None, run_after=None
[2025-10-05T23:13:50.349+0000] {logging_mixin.py:190} INFO - [2025-10-05T23:13:50.348+0000] {dag.py:4180} INFO - Setting next_dagrun for dataset_consumes_unknown_never_scheduled to None, run_after=None
[2025-10-05T23:13:50.351+0000] {logging_mixin.py:190} INFO - [2025-10-05T23:13:50.351+0000] {dag.py:4180} INFO - Setting next_dagrun for dataset_produces_1 to 2025-10-04 00:00:00+00:00, run_after=2025-10-05 00:00:00+00:00
[2025-10-05T23:13:50.354+0000] {logging_mixin.py:190} INFO - [2025-10-05T23:13:50.353+0000] {dag.py:4180} INFO - Setting next_dagrun for dataset_produces_2 to None, run_after=None
[2025-10-05T23:13:50.397+0000] {processor.py:208} INFO - Processing /home/airflow/.local/lib/python3.12/site-packages/airflow/example_dags/example_datasets.py took 0.357 seconds
[2025-10-05T23:14:20.443+0000] {processor.py:186} INFO - Started process (PID=496) to work on /home/airflow/.local/lib/python3.12/site-packages/airflow/example_dags/example_datasets.py
[2025-10-05T23:14:20.444+0000] {processor.py:914} INFO - Processing file /home/airflow/.local/lib/python3.12/site-packages/airflow/example_dags/example_datasets.py for tasks to queue
[2025-10-05T23:14:20.447+0000] {logging_mixin.py:190} INFO - [2025-10-05T23:14:20.446+0000] {dagbag.py:588} INFO - Filling up the DagBag from /home/airflow/.local/lib/python3.12/site-packages/airflow/example_dags/example_datasets.py
[2025-10-05T23:14:20.620+0000] {processor.py:925} INFO - DAG(s) 'dataset_consumes_1_and_2', 'dataset_consumes_1_never_scheduled', 'dataset_produces_2', 'dataset_consumes_unknown_never_scheduled', 'consume_1_and_2_with_dataset_expressions', 'conditional_dataset_and_time_based_timetable', 'consume_1_or_both_2_and_3_with_dataset_expressions', 'dataset_produces_1', 'consume_1_or_2_with_dataset_expressions', 'dataset_consumes_1' retrieved from /home/airflow/.local/lib/python3.12/site-packages/airflow/example_dags/example_datasets.py
[2025-10-05T23:14:20.664+0000] {logging_mixin.py:190} INFO - [2025-10-05T23:14:20.664+0000] {dag.py:3239} INFO - Sync 10 DAGs
[2025-10-05T23:14:20.692+0000] {logging_mixin.py:190} INFO - [2025-10-05T23:14:20.692+0000] {dag.py:4180} INFO - Setting next_dagrun for conditional_dataset_and_time_based_timetable to 2025-10-01 01:00:00+00:00, run_after=2025-10-01 01:00:00+00:00
[2025-10-05T23:14:20.697+0000] {logging_mixin.py:190} INFO - [2025-10-05T23:14:20.696+0000] {dag.py:4180} INFO - Setting next_dagrun for consume_1_and_2_with_dataset_expressions to None, run_after=None
[2025-10-05T23:14:20.698+0000] {logging_mixin.py:190} INFO - [2025-10-05T23:14:20.698+0000] {dag.py:4180} INFO - Setting next_dagrun for consume_1_or_2_with_dataset_expressions to None, run_after=None
[2025-10-05T23:14:20.700+0000] {logging_mixin.py:190} INFO - [2025-10-05T23:14:20.700+0000] {dag.py:4180} INFO - Setting next_dagrun for consume_1_or_both_2_and_3_with_dataset_expressions to None, run_after=None
[2025-10-05T23:14:20.702+0000] {logging_mixin.py:190} INFO - [2025-10-05T23:14:20.701+0000] {dag.py:4180} INFO - Setting next_dagrun for dataset_consumes_1 to None, run_after=None
[2025-10-05T23:14:20.703+0000] {logging_mixin.py:190} INFO - [2025-10-05T23:14:20.703+0000] {dag.py:4180} INFO - Setting next_dagrun for dataset_consumes_1_and_2 to None, run_after=None
[2025-10-05T23:14:20.705+0000] {logging_mixin.py:190} INFO - [2025-10-05T23:14:20.705+0000] {dag.py:4180} INFO - Setting next_dagrun for dataset_consumes_1_never_scheduled to None, run_after=None
[2025-10-05T23:14:20.706+0000] {logging_mixin.py:190} INFO - [2025-10-05T23:14:20.706+0000] {dag.py:4180} INFO - Setting next_dagrun for dataset_consumes_unknown_never_scheduled to None, run_after=None
[2025-10-05T23:14:20.709+0000] {logging_mixin.py:190} INFO - [2025-10-05T23:14:20.709+0000] {dag.py:4180} INFO - Setting next_dagrun for dataset_produces_1 to 2025-10-04 00:00:00+00:00, run_after=2025-10-05 00:00:00+00:00
[2025-10-05T23:14:20.711+0000] {logging_mixin.py:190} INFO - [2025-10-05T23:14:20.710+0000] {dag.py:4180} INFO - Setting next_dagrun for dataset_produces_2 to None, run_after=None
[2025-10-05T23:14:20.748+0000] {processor.py:208} INFO - Processing /home/airflow/.local/lib/python3.12/site-packages/airflow/example_dags/example_datasets.py took 0.312 seconds
[2025-10-05T23:14:51.925+0000] {processor.py:186} INFO - Started process (PID=557) to work on /home/airflow/.local/lib/python3.12/site-packages/airflow/example_dags/example_datasets.py
[2025-10-05T23:14:51.928+0000] {processor.py:914} INFO - Processing file /home/airflow/.local/lib/python3.12/site-packages/airflow/example_dags/example_datasets.py for tasks to queue
[2025-10-05T23:14:51.937+0000] {logging_mixin.py:190} INFO - [2025-10-05T23:14:51.936+0000] {dagbag.py:588} INFO - Filling up the DagBag from /home/airflow/.local/lib/python3.12/site-packages/airflow/example_dags/example_datasets.py
[2025-10-05T23:14:52.730+0000] {processor.py:925} INFO - DAG(s) 'dataset_consumes_1_never_scheduled', 'dataset_consumes_1_and_2', 'dataset_produces_2', 'consume_1_or_2_with_dataset_expressions', 'dataset_consumes_1', 'consume_1_and_2_with_dataset_expressions', 'consume_1_or_both_2_and_3_with_dataset_expressions', 'dataset_consumes_unknown_never_scheduled', 'dataset_produces_1', 'conditional_dataset_and_time_based_timetable' retrieved from /home/airflow/.local/lib/python3.12/site-packages/airflow/example_dags/example_datasets.py
[2025-10-05T23:14:52.942+0000] {logging_mixin.py:190} INFO - [2025-10-05T23:14:52.942+0000] {dag.py:3239} INFO - Sync 10 DAGs
[2025-10-05T23:14:53.162+0000] {logging_mixin.py:190} INFO - [2025-10-05T23:14:53.159+0000] {dag.py:4180} INFO - Setting next_dagrun for conditional_dataset_and_time_based_timetable to 2025-10-01 01:00:00+00:00, run_after=2025-10-01 01:00:00+00:00
[2025-10-05T23:14:53.208+0000] {logging_mixin.py:190} INFO - [2025-10-05T23:14:53.208+0000] {dag.py:4180} INFO - Setting next_dagrun for consume_1_and_2_with_dataset_expressions to None, run_after=None
[2025-10-05T23:14:53.214+0000] {logging_mixin.py:190} INFO - [2025-10-05T23:14:53.214+0000] {dag.py:4180} INFO - Setting next_dagrun for consume_1_or_2_with_dataset_expressions to None, run_after=None
[2025-10-05T23:14:53.222+0000] {logging_mixin.py:190} INFO - [2025-10-05T23:14:53.220+0000] {dag.py:4180} INFO - Setting next_dagrun for consume_1_or_both_2_and_3_with_dataset_expressions to None, run_after=None
[2025-10-05T23:14:53.227+0000] {logging_mixin.py:190} INFO - [2025-10-05T23:14:53.227+0000] {dag.py:4180} INFO - Setting next_dagrun for dataset_consumes_1 to None, run_after=None
[2025-10-05T23:14:53.233+0000] {logging_mixin.py:190} INFO - [2025-10-05T23:14:53.232+0000] {dag.py:4180} INFO - Setting next_dagrun for dataset_consumes_1_and_2 to None, run_after=None
[2025-10-05T23:14:53.238+0000] {logging_mixin.py:190} INFO - [2025-10-05T23:14:53.238+0000] {dag.py:4180} INFO - Setting next_dagrun for dataset_consumes_1_never_scheduled to None, run_after=None
[2025-10-05T23:14:53.242+0000] {logging_mixin.py:190} INFO - [2025-10-05T23:14:53.242+0000] {dag.py:4180} INFO - Setting next_dagrun for dataset_consumes_unknown_never_scheduled to None, run_after=None
[2025-10-05T23:14:53.254+0000] {logging_mixin.py:190} INFO - [2025-10-05T23:14:53.254+0000] {dag.py:4180} INFO - Setting next_dagrun for dataset_produces_1 to 2025-10-04 00:00:00+00:00, run_after=2025-10-05 00:00:00+00:00
[2025-10-05T23:14:53.260+0000] {logging_mixin.py:190} INFO - [2025-10-05T23:14:53.260+0000] {dag.py:4180} INFO - Setting next_dagrun for dataset_produces_2 to None, run_after=None
[2025-10-05T23:14:53.534+0000] {processor.py:208} INFO - Processing /home/airflow/.local/lib/python3.12/site-packages/airflow/example_dags/example_datasets.py took 1.629 seconds
[2025-10-05T23:15:23.803+0000] {processor.py:186} INFO - Started process (PID=620) to work on /home/airflow/.local/lib/python3.12/site-packages/airflow/example_dags/example_datasets.py
[2025-10-05T23:15:23.805+0000] {processor.py:914} INFO - Processing file /home/airflow/.local/lib/python3.12/site-packages/airflow/example_dags/example_datasets.py for tasks to queue
[2025-10-05T23:15:23.812+0000] {logging_mixin.py:190} INFO - [2025-10-05T23:15:23.811+0000] {dagbag.py:588} INFO - Filling up the DagBag from /home/airflow/.local/lib/python3.12/site-packages/airflow/example_dags/example_datasets.py
[2025-10-05T23:15:24.255+0000] {processor.py:925} INFO - DAG(s) 'dataset_produces_2', 'consume_1_and_2_with_dataset_expressions', 'dataset_consumes_unknown_never_scheduled', 'consume_1_or_2_with_dataset_expressions', 'dataset_consumes_1_never_scheduled', 'consume_1_or_both_2_and_3_with_dataset_expressions', 'dataset_consumes_1', 'dataset_produces_1', 'conditional_dataset_and_time_based_timetable', 'dataset_consumes_1_and_2' retrieved from /home/airflow/.local/lib/python3.12/site-packages/airflow/example_dags/example_datasets.py
[2025-10-05T23:15:24.345+0000] {logging_mixin.py:190} INFO - [2025-10-05T23:15:24.345+0000] {dag.py:3239} INFO - Sync 10 DAGs
[2025-10-05T23:15:24.406+0000] {logging_mixin.py:190} INFO - [2025-10-05T23:15:24.406+0000] {dag.py:4180} INFO - Setting next_dagrun for conditional_dataset_and_time_based_timetable to 2025-10-01 01:00:00+00:00, run_after=2025-10-01 01:00:00+00:00
[2025-10-05T23:15:24.413+0000] {logging_mixin.py:190} INFO - [2025-10-05T23:15:24.413+0000] {dag.py:4180} INFO - Setting next_dagrun for consume_1_and_2_with_dataset_expressions to None, run_after=None
[2025-10-05T23:15:24.417+0000] {logging_mixin.py:190} INFO - [2025-10-05T23:15:24.416+0000] {dag.py:4180} INFO - Setting next_dagrun for consume_1_or_2_with_dataset_expressions to None, run_after=None
[2025-10-05T23:15:24.424+0000] {logging_mixin.py:190} INFO - [2025-10-05T23:15:24.424+0000] {dag.py:4180} INFO - Setting next_dagrun for consume_1_or_both_2_and_3_with_dataset_expressions to None, run_after=None
[2025-10-05T23:15:24.428+0000] {logging_mixin.py:190} INFO - [2025-10-05T23:15:24.427+0000] {dag.py:4180} INFO - Setting next_dagrun for dataset_consumes_1 to None, run_after=None
[2025-10-05T23:15:24.431+0000] {logging_mixin.py:190} INFO - [2025-10-05T23:15:24.430+0000] {dag.py:4180} INFO - Setting next_dagrun for dataset_consumes_1_and_2 to None, run_after=None
[2025-10-05T23:15:24.435+0000] {logging_mixin.py:190} INFO - [2025-10-05T23:15:24.434+0000] {dag.py:4180} INFO - Setting next_dagrun for dataset_consumes_1_never_scheduled to None, run_after=None
[2025-10-05T23:15:24.438+0000] {logging_mixin.py:190} INFO - [2025-10-05T23:15:24.438+0000] {dag.py:4180} INFO - Setting next_dagrun for dataset_consumes_unknown_never_scheduled to None, run_after=None
[2025-10-05T23:15:24.443+0000] {logging_mixin.py:190} INFO - [2025-10-05T23:15:24.443+0000] {dag.py:4180} INFO - Setting next_dagrun for dataset_produces_1 to 2025-10-04 00:00:00+00:00, run_after=2025-10-05 00:00:00+00:00
[2025-10-05T23:15:24.446+0000] {logging_mixin.py:190} INFO - [2025-10-05T23:15:24.445+0000] {dag.py:4180} INFO - Setting next_dagrun for dataset_produces_2 to None, run_after=None
[2025-10-05T23:15:24.519+0000] {processor.py:208} INFO - Processing /home/airflow/.local/lib/python3.12/site-packages/airflow/example_dags/example_datasets.py took 0.730 seconds
[2025-10-05T23:15:55.210+0000] {processor.py:186} INFO - Started process (PID=683) to work on /home/airflow/.local/lib/python3.12/site-packages/airflow/example_dags/example_datasets.py
[2025-10-05T23:15:55.211+0000] {processor.py:914} INFO - Processing file /home/airflow/.local/lib/python3.12/site-packages/airflow/example_dags/example_datasets.py for tasks to queue
[2025-10-05T23:15:55.214+0000] {logging_mixin.py:190} INFO - [2025-10-05T23:15:55.214+0000] {dagbag.py:588} INFO - Filling up the DagBag from /home/airflow/.local/lib/python3.12/site-packages/airflow/example_dags/example_datasets.py
[2025-10-05T23:15:55.394+0000] {processor.py:925} INFO - DAG(s) 'dataset_consumes_1_never_scheduled', 'consume_1_or_both_2_and_3_with_dataset_expressions', 'dataset_consumes_1', 'dataset_produces_1', 'consume_1_or_2_with_dataset_expressions', 'dataset_consumes_1_and_2', 'conditional_dataset_and_time_based_timetable', 'dataset_consumes_unknown_never_scheduled', 'dataset_produces_2', 'consume_1_and_2_with_dataset_expressions' retrieved from /home/airflow/.local/lib/python3.12/site-packages/airflow/example_dags/example_datasets.py
[2025-10-05T23:15:55.451+0000] {logging_mixin.py:190} INFO - [2025-10-05T23:15:55.450+0000] {dag.py:3239} INFO - Sync 10 DAGs
[2025-10-05T23:15:55.494+0000] {logging_mixin.py:190} INFO - [2025-10-05T23:15:55.494+0000] {dag.py:4180} INFO - Setting next_dagrun for conditional_dataset_and_time_based_timetable to 2025-10-01 01:00:00+00:00, run_after=2025-10-01 01:00:00+00:00
[2025-10-05T23:15:55.499+0000] {logging_mixin.py:190} INFO - [2025-10-05T23:15:55.499+0000] {dag.py:4180} INFO - Setting next_dagrun for consume_1_and_2_with_dataset_expressions to None, run_after=None
[2025-10-05T23:15:55.502+0000] {logging_mixin.py:190} INFO - [2025-10-05T23:15:55.501+0000] {dag.py:4180} INFO - Setting next_dagrun for consume_1_or_2_with_dataset_expressions to None, run_after=None
[2025-10-05T23:15:55.504+0000] {logging_mixin.py:190} INFO - [2025-10-05T23:15:55.504+0000] {dag.py:4180} INFO - Setting next_dagrun for consume_1_or_both_2_and_3_with_dataset_expressions to None, run_after=None
[2025-10-05T23:15:55.507+0000] {logging_mixin.py:190} INFO - [2025-10-05T23:15:55.506+0000] {dag.py:4180} INFO - Setting next_dagrun for dataset_consumes_1 to None, run_after=None
[2025-10-05T23:15:55.509+0000] {logging_mixin.py:190} INFO - [2025-10-05T23:15:55.509+0000] {dag.py:4180} INFO - Setting next_dagrun for dataset_consumes_1_and_2 to None, run_after=None
[2025-10-05T23:15:55.512+0000] {logging_mixin.py:190} INFO - [2025-10-05T23:15:55.511+0000] {dag.py:4180} INFO - Setting next_dagrun for dataset_consumes_1_never_scheduled to None, run_after=None
[2025-10-05T23:15:55.514+0000] {logging_mixin.py:190} INFO - [2025-10-05T23:15:55.514+0000] {dag.py:4180} INFO - Setting next_dagrun for dataset_consumes_unknown_never_scheduled to None, run_after=None
[2025-10-05T23:15:55.518+0000] {logging_mixin.py:190} INFO - [2025-10-05T23:15:55.517+0000] {dag.py:4180} INFO - Setting next_dagrun for dataset_produces_1 to 2025-10-04 00:00:00+00:00, run_after=2025-10-05 00:00:00+00:00
[2025-10-05T23:15:55.520+0000] {logging_mixin.py:190} INFO - [2025-10-05T23:15:55.519+0000] {dag.py:4180} INFO - Setting next_dagrun for dataset_produces_2 to None, run_after=None
[2025-10-05T23:15:55.569+0000] {processor.py:208} INFO - Processing /home/airflow/.local/lib/python3.12/site-packages/airflow/example_dags/example_datasets.py took 0.369 seconds
[2025-10-05T23:16:39.861+0000] {processor.py:186} INFO - Started process (PID=747) to work on /home/airflow/.local/lib/python3.12/site-packages/airflow/example_dags/example_datasets.py
[2025-10-05T23:16:39.862+0000] {processor.py:914} INFO - Processing file /home/airflow/.local/lib/python3.12/site-packages/airflow/example_dags/example_datasets.py for tasks to queue
[2025-10-05T23:16:39.866+0000] {logging_mixin.py:190} INFO - [2025-10-05T23:16:39.865+0000] {dagbag.py:588} INFO - Filling up the DagBag from /home/airflow/.local/lib/python3.12/site-packages/airflow/example_dags/example_datasets.py
[2025-10-05T23:16:40.136+0000] {processor.py:925} INFO - DAG(s) 'consume_1_or_2_with_dataset_expressions', 'dataset_consumes_1_never_scheduled', 'dataset_consumes_1_and_2', 'consume_1_and_2_with_dataset_expressions', 'dataset_consumes_1', 'dataset_produces_2', 'conditional_dataset_and_time_based_timetable', 'dataset_consumes_unknown_never_scheduled', 'consume_1_or_both_2_and_3_with_dataset_expressions', 'dataset_produces_1' retrieved from /home/airflow/.local/lib/python3.12/site-packages/airflow/example_dags/example_datasets.py
[2025-10-05T23:16:40.201+0000] {logging_mixin.py:190} INFO - [2025-10-05T23:16:40.201+0000] {dag.py:3239} INFO - Sync 10 DAGs
[2025-10-05T23:16:40.244+0000] {logging_mixin.py:190} INFO - [2025-10-05T23:16:40.244+0000] {dag.py:4180} INFO - Setting next_dagrun for conditional_dataset_and_time_based_timetable to 2025-10-01 01:00:00+00:00, run_after=2025-10-01 01:00:00+00:00
[2025-10-05T23:16:40.249+0000] {logging_mixin.py:190} INFO - [2025-10-05T23:16:40.249+0000] {dag.py:4180} INFO - Setting next_dagrun for consume_1_and_2_with_dataset_expressions to None, run_after=None
[2025-10-05T23:16:40.252+0000] {logging_mixin.py:190} INFO - [2025-10-05T23:16:40.251+0000] {dag.py:4180} INFO - Setting next_dagrun for consume_1_or_2_with_dataset_expressions to None, run_after=None
[2025-10-05T23:16:40.254+0000] {logging_mixin.py:190} INFO - [2025-10-05T23:16:40.254+0000] {dag.py:4180} INFO - Setting next_dagrun for consume_1_or_both_2_and_3_with_dataset_expressions to None, run_after=None
[2025-10-05T23:16:40.256+0000] {logging_mixin.py:190} INFO - [2025-10-05T23:16:40.256+0000] {dag.py:4180} INFO - Setting next_dagrun for dataset_consumes_1 to None, run_after=None
[2025-10-05T23:16:40.261+0000] {logging_mixin.py:190} INFO - [2025-10-05T23:16:40.261+0000] {dag.py:4180} INFO - Setting next_dagrun for dataset_consumes_1_and_2 to None, run_after=None
[2025-10-05T23:16:40.266+0000] {logging_mixin.py:190} INFO - [2025-10-05T23:16:40.266+0000] {dag.py:4180} INFO - Setting next_dagrun for dataset_consumes_1_never_scheduled to None, run_after=None
[2025-10-05T23:16:40.269+0000] {logging_mixin.py:190} INFO - [2025-10-05T23:16:40.268+0000] {dag.py:4180} INFO - Setting next_dagrun for dataset_consumes_unknown_never_scheduled to None, run_after=None
[2025-10-05T23:16:40.272+0000] {logging_mixin.py:190} INFO - [2025-10-05T23:16:40.272+0000] {dag.py:4180} INFO - Setting next_dagrun for dataset_produces_1 to 2025-10-04 00:00:00+00:00, run_after=2025-10-05 00:00:00+00:00
[2025-10-05T23:16:40.275+0000] {logging_mixin.py:190} INFO - [2025-10-05T23:16:40.275+0000] {dag.py:4180} INFO - Setting next_dagrun for dataset_produces_2 to None, run_after=None
[2025-10-05T23:16:40.328+0000] {processor.py:208} INFO - Processing /home/airflow/.local/lib/python3.12/site-packages/airflow/example_dags/example_datasets.py took 0.477 seconds
[2025-10-05T23:17:10.579+0000] {processor.py:186} INFO - Started process (PID=813) to work on /home/airflow/.local/lib/python3.12/site-packages/airflow/example_dags/example_datasets.py
[2025-10-05T23:17:10.581+0000] {processor.py:914} INFO - Processing file /home/airflow/.local/lib/python3.12/site-packages/airflow/example_dags/example_datasets.py for tasks to queue
[2025-10-05T23:17:10.588+0000] {logging_mixin.py:190} INFO - [2025-10-05T23:17:10.586+0000] {dagbag.py:588} INFO - Filling up the DagBag from /home/airflow/.local/lib/python3.12/site-packages/airflow/example_dags/example_datasets.py
[2025-10-05T23:17:10.952+0000] {processor.py:925} INFO - DAG(s) 'conditional_dataset_and_time_based_timetable', 'consume_1_and_2_with_dataset_expressions', 'consume_1_or_both_2_and_3_with_dataset_expressions', 'dataset_produces_1', 'dataset_produces_2', 'consume_1_or_2_with_dataset_expressions', 'dataset_consumes_1', 'dataset_consumes_1_and_2', 'dataset_consumes_unknown_never_scheduled', 'dataset_consumes_1_never_scheduled' retrieved from /home/airflow/.local/lib/python3.12/site-packages/airflow/example_dags/example_datasets.py
[2025-10-05T23:17:11.021+0000] {logging_mixin.py:190} INFO - [2025-10-05T23:17:11.021+0000] {dag.py:3239} INFO - Sync 10 DAGs
[2025-10-05T23:17:11.081+0000] {logging_mixin.py:190} INFO - [2025-10-05T23:17:11.080+0000] {dag.py:4180} INFO - Setting next_dagrun for conditional_dataset_and_time_based_timetable to 2025-10-01 01:00:00+00:00, run_after=2025-10-01 01:00:00+00:00
[2025-10-05T23:17:11.090+0000] {logging_mixin.py:190} INFO - [2025-10-05T23:17:11.090+0000] {dag.py:4180} INFO - Setting next_dagrun for consume_1_and_2_with_dataset_expressions to None, run_after=None
[2025-10-05T23:17:11.096+0000] {logging_mixin.py:190} INFO - [2025-10-05T23:17:11.096+0000] {dag.py:4180} INFO - Setting next_dagrun for consume_1_or_2_with_dataset_expressions to None, run_after=None
[2025-10-05T23:17:11.099+0000] {logging_mixin.py:190} INFO - [2025-10-05T23:17:11.099+0000] {dag.py:4180} INFO - Setting next_dagrun for consume_1_or_both_2_and_3_with_dataset_expressions to None, run_after=None
[2025-10-05T23:17:11.101+0000] {logging_mixin.py:190} INFO - [2025-10-05T23:17:11.101+0000] {dag.py:4180} INFO - Setting next_dagrun for dataset_consumes_1 to None, run_after=None
[2025-10-05T23:17:11.104+0000] {logging_mixin.py:190} INFO - [2025-10-05T23:17:11.104+0000] {dag.py:4180} INFO - Setting next_dagrun for dataset_consumes_1_and_2 to None, run_after=None
[2025-10-05T23:17:11.107+0000] {logging_mixin.py:190} INFO - [2025-10-05T23:17:11.106+0000] {dag.py:4180} INFO - Setting next_dagrun for dataset_consumes_1_never_scheduled to None, run_after=None
[2025-10-05T23:17:11.110+0000] {logging_mixin.py:190} INFO - [2025-10-05T23:17:11.110+0000] {dag.py:4180} INFO - Setting next_dagrun for dataset_consumes_unknown_never_scheduled to None, run_after=None
[2025-10-05T23:17:11.115+0000] {logging_mixin.py:190} INFO - [2025-10-05T23:17:11.114+0000] {dag.py:4180} INFO - Setting next_dagrun for dataset_produces_1 to 2025-10-04 00:00:00+00:00, run_after=2025-10-05 00:00:00+00:00
[2025-10-05T23:17:11.117+0000] {logging_mixin.py:190} INFO - [2025-10-05T23:17:11.117+0000] {dag.py:4180} INFO - Setting next_dagrun for dataset_produces_2 to None, run_after=None
[2025-10-05T23:17:11.172+0000] {processor.py:208} INFO - Processing /home/airflow/.local/lib/python3.12/site-packages/airflow/example_dags/example_datasets.py took 0.604 seconds
[2025-10-05T23:17:41.569+0000] {processor.py:186} INFO - Started process (PID=876) to work on /home/airflow/.local/lib/python3.12/site-packages/airflow/example_dags/example_datasets.py
[2025-10-05T23:17:41.571+0000] {processor.py:914} INFO - Processing file /home/airflow/.local/lib/python3.12/site-packages/airflow/example_dags/example_datasets.py for tasks to queue
[2025-10-05T23:17:41.574+0000] {logging_mixin.py:190} INFO - [2025-10-05T23:17:41.573+0000] {dagbag.py:588} INFO - Filling up the DagBag from /home/airflow/.local/lib/python3.12/site-packages/airflow/example_dags/example_datasets.py
[2025-10-05T23:17:41.745+0000] {processor.py:925} INFO - DAG(s) 'dataset_consumes_1_and_2', 'dataset_produces_1', 'dataset_consumes_1_never_scheduled', 'consume_1_and_2_with_dataset_expressions', 'dataset_consumes_unknown_never_scheduled', 'dataset_produces_2', 'conditional_dataset_and_time_based_timetable', 'consume_1_or_2_with_dataset_expressions', 'consume_1_or_both_2_and_3_with_dataset_expressions', 'dataset_consumes_1' retrieved from /home/airflow/.local/lib/python3.12/site-packages/airflow/example_dags/example_datasets.py
[2025-10-05T23:17:41.799+0000] {logging_mixin.py:190} INFO - [2025-10-05T23:17:41.799+0000] {dag.py:3239} INFO - Sync 10 DAGs
[2025-10-05T23:17:41.833+0000] {logging_mixin.py:190} INFO - [2025-10-05T23:17:41.832+0000] {dag.py:4180} INFO - Setting next_dagrun for conditional_dataset_and_time_based_timetable to 2025-10-01 01:00:00+00:00, run_after=2025-10-01 01:00:00+00:00
[2025-10-05T23:17:41.837+0000] {logging_mixin.py:190} INFO - [2025-10-05T23:17:41.837+0000] {dag.py:4180} INFO - Setting next_dagrun for consume_1_and_2_with_dataset_expressions to None, run_after=None
[2025-10-05T23:17:41.840+0000] {logging_mixin.py:190} INFO - [2025-10-05T23:17:41.839+0000] {dag.py:4180} INFO - Setting next_dagrun for consume_1_or_2_with_dataset_expressions to None, run_after=None
[2025-10-05T23:17:41.842+0000] {logging_mixin.py:190} INFO - [2025-10-05T23:17:41.841+0000] {dag.py:4180} INFO - Setting next_dagrun for consume_1_or_both_2_and_3_with_dataset_expressions to None, run_after=None
[2025-10-05T23:17:41.844+0000] {logging_mixin.py:190} INFO - [2025-10-05T23:17:41.843+0000] {dag.py:4180} INFO - Setting next_dagrun for dataset_consumes_1 to None, run_after=None
[2025-10-05T23:17:41.849+0000] {logging_mixin.py:190} INFO - [2025-10-05T23:17:41.848+0000] {dag.py:4180} INFO - Setting next_dagrun for dataset_consumes_1_and_2 to None, run_after=None
[2025-10-05T23:17:41.851+0000] {logging_mixin.py:190} INFO - [2025-10-05T23:17:41.850+0000] {dag.py:4180} INFO - Setting next_dagrun for dataset_consumes_1_never_scheduled to None, run_after=None
[2025-10-05T23:17:41.853+0000] {logging_mixin.py:190} INFO - [2025-10-05T23:17:41.852+0000] {dag.py:4180} INFO - Setting next_dagrun for dataset_consumes_unknown_never_scheduled to None, run_after=None
[2025-10-05T23:17:41.856+0000] {logging_mixin.py:190} INFO - [2025-10-05T23:17:41.856+0000] {dag.py:4180} INFO - Setting next_dagrun for dataset_produces_1 to 2025-10-04 00:00:00+00:00, run_after=2025-10-05 00:00:00+00:00
[2025-10-05T23:17:41.858+0000] {logging_mixin.py:190} INFO - [2025-10-05T23:17:41.857+0000] {dag.py:4180} INFO - Setting next_dagrun for dataset_produces_2 to None, run_after=None
[2025-10-05T23:17:41.905+0000] {processor.py:208} INFO - Processing /home/airflow/.local/lib/python3.12/site-packages/airflow/example_dags/example_datasets.py took 0.343 seconds
[2025-10-05T23:18:12.241+0000] {processor.py:186} INFO - Started process (PID=937) to work on /home/airflow/.local/lib/python3.12/site-packages/airflow/example_dags/example_datasets.py
[2025-10-05T23:18:12.242+0000] {processor.py:914} INFO - Processing file /home/airflow/.local/lib/python3.12/site-packages/airflow/example_dags/example_datasets.py for tasks to queue
[2025-10-05T23:18:12.246+0000] {logging_mixin.py:190} INFO - [2025-10-05T23:18:12.245+0000] {dagbag.py:588} INFO - Filling up the DagBag from /home/airflow/.local/lib/python3.12/site-packages/airflow/example_dags/example_datasets.py
[2025-10-05T23:18:12.484+0000] {processor.py:925} INFO - DAG(s) 'dataset_produces_2', 'dataset_consumes_1_never_scheduled', 'consume_1_or_2_with_dataset_expressions', 'dataset_produces_1', 'conditional_dataset_and_time_based_timetable', 'dataset_consumes_1', 'dataset_consumes_unknown_never_scheduled', 'consume_1_and_2_with_dataset_expressions', 'consume_1_or_both_2_and_3_with_dataset_expressions', 'dataset_consumes_1_and_2' retrieved from /home/airflow/.local/lib/python3.12/site-packages/airflow/example_dags/example_datasets.py
[2025-10-05T23:18:12.530+0000] {logging_mixin.py:190} INFO - [2025-10-05T23:18:12.530+0000] {dag.py:3239} INFO - Sync 10 DAGs
[2025-10-05T23:18:12.560+0000] {logging_mixin.py:190} INFO - [2025-10-05T23:18:12.560+0000] {dag.py:4180} INFO - Setting next_dagrun for conditional_dataset_and_time_based_timetable to 2025-10-01 01:00:00+00:00, run_after=2025-10-01 01:00:00+00:00
[2025-10-05T23:18:12.566+0000] {logging_mixin.py:190} INFO - [2025-10-05T23:18:12.565+0000] {dag.py:4180} INFO - Setting next_dagrun for consume_1_and_2_with_dataset_expressions to None, run_after=None
[2025-10-05T23:18:12.569+0000] {logging_mixin.py:190} INFO - [2025-10-05T23:18:12.569+0000] {dag.py:4180} INFO - Setting next_dagrun for consume_1_or_2_with_dataset_expressions to None, run_after=None
[2025-10-05T23:18:12.571+0000] {logging_mixin.py:190} INFO - [2025-10-05T23:18:12.571+0000] {dag.py:4180} INFO - Setting next_dagrun for consume_1_or_both_2_and_3_with_dataset_expressions to None, run_after=None
[2025-10-05T23:18:12.573+0000] {logging_mixin.py:190} INFO - [2025-10-05T23:18:12.573+0000] {dag.py:4180} INFO - Setting next_dagrun for dataset_consumes_1 to None, run_after=None
[2025-10-05T23:18:12.575+0000] {logging_mixin.py:190} INFO - [2025-10-05T23:18:12.575+0000] {dag.py:4180} INFO - Setting next_dagrun for dataset_consumes_1_and_2 to None, run_after=None
[2025-10-05T23:18:12.577+0000] {logging_mixin.py:190} INFO - [2025-10-05T23:18:12.576+0000] {dag.py:4180} INFO - Setting next_dagrun for dataset_consumes_1_never_scheduled to None, run_after=None
[2025-10-05T23:18:12.578+0000] {logging_mixin.py:190} INFO - [2025-10-05T23:18:12.578+0000] {dag.py:4180} INFO - Setting next_dagrun for dataset_consumes_unknown_never_scheduled to None, run_after=None
[2025-10-05T23:18:12.581+0000] {logging_mixin.py:190} INFO - [2025-10-05T23:18:12.581+0000] {dag.py:4180} INFO - Setting next_dagrun for dataset_produces_1 to 2025-10-04 00:00:00+00:00, run_after=2025-10-05 00:00:00+00:00
[2025-10-05T23:18:12.583+0000] {logging_mixin.py:190} INFO - [2025-10-05T23:18:12.583+0000] {dag.py:4180} INFO - Setting next_dagrun for dataset_produces_2 to None, run_after=None
[2025-10-05T23:18:12.623+0000] {processor.py:208} INFO - Processing /home/airflow/.local/lib/python3.12/site-packages/airflow/example_dags/example_datasets.py took 0.389 seconds
[2025-10-05T23:18:43.569+0000] {processor.py:186} INFO - Started process (PID=1000) to work on /home/airflow/.local/lib/python3.12/site-packages/airflow/example_dags/example_datasets.py
[2025-10-05T23:18:43.570+0000] {processor.py:914} INFO - Processing file /home/airflow/.local/lib/python3.12/site-packages/airflow/example_dags/example_datasets.py for tasks to queue
[2025-10-05T23:18:43.572+0000] {logging_mixin.py:190} INFO - [2025-10-05T23:18:43.572+0000] {dagbag.py:588} INFO - Filling up the DagBag from /home/airflow/.local/lib/python3.12/site-packages/airflow/example_dags/example_datasets.py
[2025-10-05T23:18:43.764+0000] {processor.py:925} INFO - DAG(s) 'dataset_consumes_unknown_never_scheduled', 'dataset_consumes_1', 'dataset_consumes_1_never_scheduled', 'dataset_produces_2', 'consume_1_or_2_with_dataset_expressions', 'consume_1_or_both_2_and_3_with_dataset_expressions', 'dataset_consumes_1_and_2', 'consume_1_and_2_with_dataset_expressions', 'conditional_dataset_and_time_based_timetable', 'dataset_produces_1' retrieved from /home/airflow/.local/lib/python3.12/site-packages/airflow/example_dags/example_datasets.py
[2025-10-05T23:18:43.812+0000] {logging_mixin.py:190} INFO - [2025-10-05T23:18:43.812+0000] {dag.py:3239} INFO - Sync 10 DAGs
[2025-10-05T23:18:43.840+0000] {logging_mixin.py:190} INFO - [2025-10-05T23:18:43.840+0000] {dag.py:4180} INFO - Setting next_dagrun for conditional_dataset_and_time_based_timetable to 2025-10-01 01:00:00+00:00, run_after=2025-10-01 01:00:00+00:00
[2025-10-05T23:18:43.845+0000] {logging_mixin.py:190} INFO - [2025-10-05T23:18:43.845+0000] {dag.py:4180} INFO - Setting next_dagrun for consume_1_and_2_with_dataset_expressions to None, run_after=None
[2025-10-05T23:18:43.847+0000] {logging_mixin.py:190} INFO - [2025-10-05T23:18:43.847+0000] {dag.py:4180} INFO - Setting next_dagrun for consume_1_or_2_with_dataset_expressions to None, run_after=None
[2025-10-05T23:18:43.849+0000] {logging_mixin.py:190} INFO - [2025-10-05T23:18:43.849+0000] {dag.py:4180} INFO - Setting next_dagrun for consume_1_or_both_2_and_3_with_dataset_expressions to None, run_after=None
[2025-10-05T23:18:43.851+0000] {logging_mixin.py:190} INFO - [2025-10-05T23:18:43.851+0000] {dag.py:4180} INFO - Setting next_dagrun for dataset_consumes_1 to None, run_after=None
[2025-10-05T23:18:43.854+0000] {logging_mixin.py:190} INFO - [2025-10-05T23:18:43.853+0000] {dag.py:4180} INFO - Setting next_dagrun for dataset_consumes_1_and_2 to None, run_after=None
[2025-10-05T23:18:43.857+0000] {logging_mixin.py:190} INFO - [2025-10-05T23:18:43.856+0000] {dag.py:4180} INFO - Setting next_dagrun for dataset_consumes_1_never_scheduled to None, run_after=None
[2025-10-05T23:18:43.859+0000] {logging_mixin.py:190} INFO - [2025-10-05T23:18:43.859+0000] {dag.py:4180} INFO - Setting next_dagrun for dataset_consumes_unknown_never_scheduled to None, run_after=None
[2025-10-05T23:18:43.862+0000] {logging_mixin.py:190} INFO - [2025-10-05T23:18:43.861+0000] {dag.py:4180} INFO - Setting next_dagrun for dataset_produces_1 to 2025-10-04 00:00:00+00:00, run_after=2025-10-05 00:00:00+00:00
[2025-10-05T23:18:43.863+0000] {logging_mixin.py:190} INFO - [2025-10-05T23:18:43.863+0000] {dag.py:4180} INFO - Setting next_dagrun for dataset_produces_2 to None, run_after=None
[2025-10-05T23:18:43.905+0000] {processor.py:208} INFO - Processing /home/airflow/.local/lib/python3.12/site-packages/airflow/example_dags/example_datasets.py took 0.342 seconds
[2025-10-05T23:19:14.559+0000] {processor.py:186} INFO - Started process (PID=1063) to work on /home/airflow/.local/lib/python3.12/site-packages/airflow/example_dags/example_datasets.py
[2025-10-05T23:19:14.560+0000] {processor.py:914} INFO - Processing file /home/airflow/.local/lib/python3.12/site-packages/airflow/example_dags/example_datasets.py for tasks to queue
[2025-10-05T23:19:14.563+0000] {logging_mixin.py:190} INFO - [2025-10-05T23:19:14.562+0000] {dagbag.py:588} INFO - Filling up the DagBag from /home/airflow/.local/lib/python3.12/site-packages/airflow/example_dags/example_datasets.py
[2025-10-05T23:19:14.795+0000] {processor.py:925} INFO - DAG(s) 'consume_1_or_both_2_and_3_with_dataset_expressions', 'consume_1_or_2_with_dataset_expressions', 'dataset_consumes_unknown_never_scheduled', 'dataset_produces_2', 'dataset_consumes_1_and_2', 'dataset_consumes_1_never_scheduled', 'dataset_consumes_1', 'dataset_produces_1', 'conditional_dataset_and_time_based_timetable', 'consume_1_and_2_with_dataset_expressions' retrieved from /home/airflow/.local/lib/python3.12/site-packages/airflow/example_dags/example_datasets.py
[2025-10-05T23:19:14.852+0000] {logging_mixin.py:190} INFO - [2025-10-05T23:19:14.851+0000] {dag.py:3239} INFO - Sync 10 DAGs
[2025-10-05T23:19:14.892+0000] {logging_mixin.py:190} INFO - [2025-10-05T23:19:14.892+0000] {dag.py:4180} INFO - Setting next_dagrun for conditional_dataset_and_time_based_timetable to 2025-10-01 01:00:00+00:00, run_after=2025-10-01 01:00:00+00:00
[2025-10-05T23:19:14.898+0000] {logging_mixin.py:190} INFO - [2025-10-05T23:19:14.898+0000] {dag.py:4180} INFO - Setting next_dagrun for consume_1_and_2_with_dataset_expressions to None, run_after=None
[2025-10-05T23:19:14.900+0000] {logging_mixin.py:190} INFO - [2025-10-05T23:19:14.900+0000] {dag.py:4180} INFO - Setting next_dagrun for consume_1_or_2_with_dataset_expressions to None, run_after=None
[2025-10-05T23:19:14.902+0000] {logging_mixin.py:190} INFO - [2025-10-05T23:19:14.902+0000] {dag.py:4180} INFO - Setting next_dagrun for consume_1_or_both_2_and_3_with_dataset_expressions to None, run_after=None
[2025-10-05T23:19:14.904+0000] {logging_mixin.py:190} INFO - [2025-10-05T23:19:14.903+0000] {dag.py:4180} INFO - Setting next_dagrun for dataset_consumes_1 to None, run_after=None
[2025-10-05T23:19:14.906+0000] {logging_mixin.py:190} INFO - [2025-10-05T23:19:14.905+0000] {dag.py:4180} INFO - Setting next_dagrun for dataset_consumes_1_and_2 to None, run_after=None
[2025-10-05T23:19:14.907+0000] {logging_mixin.py:190} INFO - [2025-10-05T23:19:14.907+0000] {dag.py:4180} INFO - Setting next_dagrun for dataset_consumes_1_never_scheduled to None, run_after=None
[2025-10-05T23:19:14.910+0000] {logging_mixin.py:190} INFO - [2025-10-05T23:19:14.910+0000] {dag.py:4180} INFO - Setting next_dagrun for dataset_consumes_unknown_never_scheduled to None, run_after=None
[2025-10-05T23:19:14.914+0000] {logging_mixin.py:190} INFO - [2025-10-05T23:19:14.914+0000] {dag.py:4180} INFO - Setting next_dagrun for dataset_produces_1 to 2025-10-04 00:00:00+00:00, run_after=2025-10-05 00:00:00+00:00
[2025-10-05T23:19:14.916+0000] {logging_mixin.py:190} INFO - [2025-10-05T23:19:14.916+0000] {dag.py:4180} INFO - Setting next_dagrun for dataset_produces_2 to None, run_after=None
[2025-10-05T23:19:14.957+0000] {processor.py:208} INFO - Processing /home/airflow/.local/lib/python3.12/site-packages/airflow/example_dags/example_datasets.py took 0.405 seconds
[2025-10-05T23:20:06.584+0000] {processor.py:186} INFO - Started process (PID=1137) to work on /home/airflow/.local/lib/python3.12/site-packages/airflow/example_dags/example_datasets.py
[2025-10-05T23:20:06.585+0000] {processor.py:914} INFO - Processing file /home/airflow/.local/lib/python3.12/site-packages/airflow/example_dags/example_datasets.py for tasks to queue
[2025-10-05T23:20:06.589+0000] {logging_mixin.py:190} INFO - [2025-10-05T23:20:06.588+0000] {dagbag.py:588} INFO - Filling up the DagBag from /home/airflow/.local/lib/python3.12/site-packages/airflow/example_dags/example_datasets.py
[2025-10-05T23:20:06.866+0000] {processor.py:925} INFO - DAG(s) 'dataset_consumes_1', 'consume_1_or_2_with_dataset_expressions', 'consume_1_and_2_with_dataset_expressions', 'consume_1_or_both_2_and_3_with_dataset_expressions', 'dataset_consumes_1_never_scheduled', 'conditional_dataset_and_time_based_timetable', 'dataset_consumes_1_and_2', 'dataset_consumes_unknown_never_scheduled', 'dataset_produces_1', 'dataset_produces_2' retrieved from /home/airflow/.local/lib/python3.12/site-packages/airflow/example_dags/example_datasets.py
[2025-10-05T23:20:06.920+0000] {logging_mixin.py:190} INFO - [2025-10-05T23:20:06.919+0000] {dag.py:3239} INFO - Sync 10 DAGs
[2025-10-05T23:20:06.958+0000] {logging_mixin.py:190} INFO - [2025-10-05T23:20:06.958+0000] {dag.py:4180} INFO - Setting next_dagrun for conditional_dataset_and_time_based_timetable to 2025-10-01 01:00:00+00:00, run_after=2025-10-01 01:00:00+00:00
[2025-10-05T23:20:06.963+0000] {logging_mixin.py:190} INFO - [2025-10-05T23:20:06.963+0000] {dag.py:4180} INFO - Setting next_dagrun for consume_1_and_2_with_dataset_expressions to None, run_after=None
[2025-10-05T23:20:06.965+0000] {logging_mixin.py:190} INFO - [2025-10-05T23:20:06.965+0000] {dag.py:4180} INFO - Setting next_dagrun for consume_1_or_2_with_dataset_expressions to None, run_after=None
[2025-10-05T23:20:06.968+0000] {logging_mixin.py:190} INFO - [2025-10-05T23:20:06.968+0000] {dag.py:4180} INFO - Setting next_dagrun for consume_1_or_both_2_and_3_with_dataset_expressions to None, run_after=None
[2025-10-05T23:20:06.970+0000] {logging_mixin.py:190} INFO - [2025-10-05T23:20:06.970+0000] {dag.py:4180} INFO - Setting next_dagrun for dataset_consumes_1 to None, run_after=None
[2025-10-05T23:20:06.973+0000] {logging_mixin.py:190} INFO - [2025-10-05T23:20:06.973+0000] {dag.py:4180} INFO - Setting next_dagrun for dataset_consumes_1_and_2 to None, run_after=None
[2025-10-05T23:20:06.976+0000] {logging_mixin.py:190} INFO - [2025-10-05T23:20:06.976+0000] {dag.py:4180} INFO - Setting next_dagrun for dataset_consumes_1_never_scheduled to None, run_after=None
[2025-10-05T23:20:06.979+0000] {logging_mixin.py:190} INFO - [2025-10-05T23:20:06.979+0000] {dag.py:4180} INFO - Setting next_dagrun for dataset_consumes_unknown_never_scheduled to None, run_after=None
[2025-10-05T23:20:06.983+0000] {logging_mixin.py:190} INFO - [2025-10-05T23:20:06.983+0000] {dag.py:4180} INFO - Setting next_dagrun for dataset_produces_1 to 2025-10-04 00:00:00+00:00, run_after=2025-10-05 00:00:00+00:00
[2025-10-05T23:20:06.990+0000] {logging_mixin.py:190} INFO - [2025-10-05T23:20:06.989+0000] {dag.py:4180} INFO - Setting next_dagrun for dataset_produces_2 to None, run_after=None
[2025-10-05T23:20:07.040+0000] {processor.py:208} INFO - Processing /home/airflow/.local/lib/python3.12/site-packages/airflow/example_dags/example_datasets.py took 0.465 seconds
[2025-10-05T23:20:37.463+0000] {processor.py:186} INFO - Started process (PID=1200) to work on /home/airflow/.local/lib/python3.12/site-packages/airflow/example_dags/example_datasets.py
[2025-10-05T23:20:37.464+0000] {processor.py:914} INFO - Processing file /home/airflow/.local/lib/python3.12/site-packages/airflow/example_dags/example_datasets.py for tasks to queue
[2025-10-05T23:20:37.467+0000] {logging_mixin.py:190} INFO - [2025-10-05T23:20:37.467+0000] {dagbag.py:588} INFO - Filling up the DagBag from /home/airflow/.local/lib/python3.12/site-packages/airflow/example_dags/example_datasets.py
[2025-10-05T23:20:37.657+0000] {processor.py:925} INFO - DAG(s) 'consume_1_or_both_2_and_3_with_dataset_expressions', 'dataset_consumes_1_never_scheduled', 'dataset_consumes_1', 'consume_1_and_2_with_dataset_expressions', 'consume_1_or_2_with_dataset_expressions', 'conditional_dataset_and_time_based_timetable', 'dataset_consumes_unknown_never_scheduled', 'dataset_consumes_1_and_2', 'dataset_produces_1', 'dataset_produces_2' retrieved from /home/airflow/.local/lib/python3.12/site-packages/airflow/example_dags/example_datasets.py
[2025-10-05T23:20:37.718+0000] {logging_mixin.py:190} INFO - [2025-10-05T23:20:37.718+0000] {dag.py:3239} INFO - Sync 10 DAGs
[2025-10-05T23:20:37.759+0000] {logging_mixin.py:190} INFO - [2025-10-05T23:20:37.758+0000] {dag.py:4180} INFO - Setting next_dagrun for conditional_dataset_and_time_based_timetable to 2025-10-01 01:00:00+00:00, run_after=2025-10-01 01:00:00+00:00
[2025-10-05T23:20:37.766+0000] {logging_mixin.py:190} INFO - [2025-10-05T23:20:37.765+0000] {dag.py:4180} INFO - Setting next_dagrun for consume_1_and_2_with_dataset_expressions to None, run_after=None
[2025-10-05T23:20:37.769+0000] {logging_mixin.py:190} INFO - [2025-10-05T23:20:37.768+0000] {dag.py:4180} INFO - Setting next_dagrun for consume_1_or_2_with_dataset_expressions to None, run_after=None
[2025-10-05T23:20:37.771+0000] {logging_mixin.py:190} INFO - [2025-10-05T23:20:37.771+0000] {dag.py:4180} INFO - Setting next_dagrun for consume_1_or_both_2_and_3_with_dataset_expressions to None, run_after=None
[2025-10-05T23:20:37.774+0000] {logging_mixin.py:190} INFO - [2025-10-05T23:20:37.774+0000] {dag.py:4180} INFO - Setting next_dagrun for dataset_consumes_1 to None, run_after=None
[2025-10-05T23:20:37.780+0000] {logging_mixin.py:190} INFO - [2025-10-05T23:20:37.780+0000] {dag.py:4180} INFO - Setting next_dagrun for dataset_consumes_1_and_2 to None, run_after=None
[2025-10-05T23:20:37.783+0000] {logging_mixin.py:190} INFO - [2025-10-05T23:20:37.782+0000] {dag.py:4180} INFO - Setting next_dagrun for dataset_consumes_1_never_scheduled to None, run_after=None
[2025-10-05T23:20:37.786+0000] {logging_mixin.py:190} INFO - [2025-10-05T23:20:37.785+0000] {dag.py:4180} INFO - Setting next_dagrun for dataset_consumes_unknown_never_scheduled to None, run_after=None
[2025-10-05T23:20:37.791+0000] {logging_mixin.py:190} INFO - [2025-10-05T23:20:37.790+0000] {dag.py:4180} INFO - Setting next_dagrun for dataset_produces_1 to 2025-10-04 00:00:00+00:00, run_after=2025-10-05 00:00:00+00:00
[2025-10-05T23:20:37.793+0000] {logging_mixin.py:190} INFO - [2025-10-05T23:20:37.793+0000] {dag.py:4180} INFO - Setting next_dagrun for dataset_produces_2 to None, run_after=None
[2025-10-05T23:20:37.853+0000] {processor.py:208} INFO - Processing /home/airflow/.local/lib/python3.12/site-packages/airflow/example_dags/example_datasets.py took 0.397 seconds
[2025-10-05T23:21:18.268+0000] {processor.py:186} INFO - Started process (PID=1258) to work on /home/airflow/.local/lib/python3.12/site-packages/airflow/example_dags/example_datasets.py
[2025-10-05T23:21:18.269+0000] {processor.py:914} INFO - Processing file /home/airflow/.local/lib/python3.12/site-packages/airflow/example_dags/example_datasets.py for tasks to queue
[2025-10-05T23:21:18.273+0000] {logging_mixin.py:190} INFO - [2025-10-05T23:21:18.273+0000] {dagbag.py:588} INFO - Filling up the DagBag from /home/airflow/.local/lib/python3.12/site-packages/airflow/example_dags/example_datasets.py
[2025-10-05T23:21:18.622+0000] {processor.py:925} INFO - DAG(s) 'consume_1_or_2_with_dataset_expressions', 'dataset_consumes_1_and_2', 'conditional_dataset_and_time_based_timetable', 'dataset_produces_2', 'consume_1_or_both_2_and_3_with_dataset_expressions', 'consume_1_and_2_with_dataset_expressions', 'dataset_consumes_1_never_scheduled', 'dataset_consumes_unknown_never_scheduled', 'dataset_consumes_1', 'dataset_produces_1' retrieved from /home/airflow/.local/lib/python3.12/site-packages/airflow/example_dags/example_datasets.py
[2025-10-05T23:21:18.683+0000] {logging_mixin.py:190} INFO - [2025-10-05T23:21:18.683+0000] {dag.py:3239} INFO - Sync 10 DAGs
[2025-10-05T23:21:18.721+0000] {logging_mixin.py:190} INFO - [2025-10-05T23:21:18.720+0000] {dag.py:4180} INFO - Setting next_dagrun for conditional_dataset_and_time_based_timetable to 2025-10-01 01:00:00+00:00, run_after=2025-10-01 01:00:00+00:00
[2025-10-05T23:21:18.727+0000] {logging_mixin.py:190} INFO - [2025-10-05T23:21:18.727+0000] {dag.py:4180} INFO - Setting next_dagrun for consume_1_and_2_with_dataset_expressions to None, run_after=None
[2025-10-05T23:21:18.730+0000] {logging_mixin.py:190} INFO - [2025-10-05T23:21:18.729+0000] {dag.py:4180} INFO - Setting next_dagrun for consume_1_or_2_with_dataset_expressions to None, run_after=None
[2025-10-05T23:21:18.732+0000] {logging_mixin.py:190} INFO - [2025-10-05T23:21:18.732+0000] {dag.py:4180} INFO - Setting next_dagrun for consume_1_or_both_2_and_3_with_dataset_expressions to None, run_after=None
[2025-10-05T23:21:18.735+0000] {logging_mixin.py:190} INFO - [2025-10-05T23:21:18.735+0000] {dag.py:4180} INFO - Setting next_dagrun for dataset_consumes_1 to None, run_after=None
[2025-10-05T23:21:18.738+0000] {logging_mixin.py:190} INFO - [2025-10-05T23:21:18.738+0000] {dag.py:4180} INFO - Setting next_dagrun for dataset_consumes_1_and_2 to None, run_after=None
[2025-10-05T23:21:18.741+0000] {logging_mixin.py:190} INFO - [2025-10-05T23:21:18.741+0000] {dag.py:4180} INFO - Setting next_dagrun for dataset_consumes_1_never_scheduled to None, run_after=None
[2025-10-05T23:21:18.743+0000] {logging_mixin.py:190} INFO - [2025-10-05T23:21:18.743+0000] {dag.py:4180} INFO - Setting next_dagrun for dataset_consumes_unknown_never_scheduled to None, run_after=None
[2025-10-05T23:21:18.750+0000] {logging_mixin.py:190} INFO - [2025-10-05T23:21:18.749+0000] {dag.py:4180} INFO - Setting next_dagrun for dataset_produces_1 to 2025-10-04 00:00:00+00:00, run_after=2025-10-05 00:00:00+00:00
[2025-10-05T23:21:18.752+0000] {logging_mixin.py:190} INFO - [2025-10-05T23:21:18.752+0000] {dag.py:4180} INFO - Setting next_dagrun for dataset_produces_2 to None, run_after=None
[2025-10-05T23:21:18.801+0000] {processor.py:208} INFO - Processing /home/airflow/.local/lib/python3.12/site-packages/airflow/example_dags/example_datasets.py took 0.551 seconds
[2025-10-05T23:26:43.875+0000] {processor.py:186} INFO - Started process (PID=1352) to work on /home/airflow/.local/lib/python3.12/site-packages/airflow/example_dags/example_datasets.py
[2025-10-05T23:26:43.879+0000] {processor.py:914} INFO - Processing file /home/airflow/.local/lib/python3.12/site-packages/airflow/example_dags/example_datasets.py for tasks to queue
[2025-10-05T23:26:43.882+0000] {logging_mixin.py:190} INFO - [2025-10-05T23:26:43.881+0000] {dagbag.py:588} INFO - Filling up the DagBag from /home/airflow/.local/lib/python3.12/site-packages/airflow/example_dags/example_datasets.py
[2025-10-05T23:26:44.326+0000] {processor.py:925} INFO - DAG(s) 'consume_1_and_2_with_dataset_expressions', 'conditional_dataset_and_time_based_timetable', 'dataset_consumes_unknown_never_scheduled', 'dataset_produces_2', 'dataset_consumes_1_never_scheduled', 'dataset_consumes_1', 'dataset_consumes_1_and_2', 'dataset_produces_1', 'consume_1_or_2_with_dataset_expressions', 'consume_1_or_both_2_and_3_with_dataset_expressions' retrieved from /home/airflow/.local/lib/python3.12/site-packages/airflow/example_dags/example_datasets.py
[2025-10-05T23:26:44.424+0000] {logging_mixin.py:190} INFO - [2025-10-05T23:26:44.424+0000] {dag.py:3239} INFO - Sync 10 DAGs
[2025-10-05T23:26:44.486+0000] {logging_mixin.py:190} INFO - [2025-10-05T23:26:44.486+0000] {dag.py:4180} INFO - Setting next_dagrun for conditional_dataset_and_time_based_timetable to 2025-10-01 01:00:00+00:00, run_after=2025-10-01 01:00:00+00:00
[2025-10-05T23:26:44.493+0000] {logging_mixin.py:190} INFO - [2025-10-05T23:26:44.492+0000] {dag.py:4180} INFO - Setting next_dagrun for consume_1_and_2_with_dataset_expressions to None, run_after=None
[2025-10-05T23:26:44.496+0000] {logging_mixin.py:190} INFO - [2025-10-05T23:26:44.495+0000] {dag.py:4180} INFO - Setting next_dagrun for consume_1_or_2_with_dataset_expressions to None, run_after=None
[2025-10-05T23:26:44.500+0000] {logging_mixin.py:190} INFO - [2025-10-05T23:26:44.499+0000] {dag.py:4180} INFO - Setting next_dagrun for consume_1_or_both_2_and_3_with_dataset_expressions to None, run_after=None
[2025-10-05T23:26:44.502+0000] {logging_mixin.py:190} INFO - [2025-10-05T23:26:44.502+0000] {dag.py:4180} INFO - Setting next_dagrun for dataset_consumes_1 to None, run_after=None
[2025-10-05T23:26:44.505+0000] {logging_mixin.py:190} INFO - [2025-10-05T23:26:44.505+0000] {dag.py:4180} INFO - Setting next_dagrun for dataset_consumes_1_and_2 to None, run_after=None
[2025-10-05T23:26:44.509+0000] {logging_mixin.py:190} INFO - [2025-10-05T23:26:44.508+0000] {dag.py:4180} INFO - Setting next_dagrun for dataset_consumes_1_never_scheduled to None, run_after=None
[2025-10-05T23:26:44.512+0000] {logging_mixin.py:190} INFO - [2025-10-05T23:26:44.511+0000] {dag.py:4180} INFO - Setting next_dagrun for dataset_consumes_unknown_never_scheduled to None, run_after=None
[2025-10-05T23:26:44.516+0000] {logging_mixin.py:190} INFO - [2025-10-05T23:26:44.516+0000] {dag.py:4180} INFO - Setting next_dagrun for dataset_produces_1 to 2025-10-04 00:00:00+00:00, run_after=2025-10-05 00:00:00+00:00
[2025-10-05T23:26:44.519+0000] {logging_mixin.py:190} INFO - [2025-10-05T23:26:44.518+0000] {dag.py:4180} INFO - Setting next_dagrun for dataset_produces_2 to None, run_after=None
[2025-10-05T23:26:44.589+0000] {processor.py:208} INFO - Processing /home/airflow/.local/lib/python3.12/site-packages/airflow/example_dags/example_datasets.py took 0.729 seconds
[2025-10-05T23:28:16.021+0000] {processor.py:186} INFO - Started process (PID=1414) to work on /home/airflow/.local/lib/python3.12/site-packages/airflow/example_dags/example_datasets.py
[2025-10-05T23:28:16.024+0000] {processor.py:914} INFO - Processing file /home/airflow/.local/lib/python3.12/site-packages/airflow/example_dags/example_datasets.py for tasks to queue
[2025-10-05T23:28:16.026+0000] {logging_mixin.py:190} INFO - [2025-10-05T23:28:16.026+0000] {dagbag.py:588} INFO - Filling up the DagBag from /home/airflow/.local/lib/python3.12/site-packages/airflow/example_dags/example_datasets.py
[2025-10-05T23:28:16.549+0000] {processor.py:925} INFO - DAG(s) 'dataset_produces_2', 'consume_1_or_both_2_and_3_with_dataset_expressions', 'dataset_consumes_unknown_never_scheduled', 'dataset_consumes_1', 'dataset_produces_1', 'consume_1_and_2_with_dataset_expressions', 'dataset_consumes_1_never_scheduled', 'consume_1_or_2_with_dataset_expressions', 'dataset_consumes_1_and_2', 'conditional_dataset_and_time_based_timetable' retrieved from /home/airflow/.local/lib/python3.12/site-packages/airflow/example_dags/example_datasets.py
[2025-10-05T23:28:16.733+0000] {logging_mixin.py:190} INFO - [2025-10-05T23:28:16.732+0000] {dag.py:3239} INFO - Sync 10 DAGs
[2025-10-05T23:28:16.803+0000] {logging_mixin.py:190} INFO - [2025-10-05T23:28:16.802+0000] {dag.py:4180} INFO - Setting next_dagrun for conditional_dataset_and_time_based_timetable to 2025-10-01 01:00:00+00:00, run_after=2025-10-01 01:00:00+00:00
[2025-10-05T23:28:16.811+0000] {logging_mixin.py:190} INFO - [2025-10-05T23:28:16.811+0000] {dag.py:4180} INFO - Setting next_dagrun for consume_1_and_2_with_dataset_expressions to None, run_after=None
[2025-10-05T23:28:16.816+0000] {logging_mixin.py:190} INFO - [2025-10-05T23:28:16.815+0000] {dag.py:4180} INFO - Setting next_dagrun for consume_1_or_2_with_dataset_expressions to None, run_after=None
[2025-10-05T23:28:16.820+0000] {logging_mixin.py:190} INFO - [2025-10-05T23:28:16.819+0000] {dag.py:4180} INFO - Setting next_dagrun for consume_1_or_both_2_and_3_with_dataset_expressions to None, run_after=None
[2025-10-05T23:28:16.823+0000] {logging_mixin.py:190} INFO - [2025-10-05T23:28:16.823+0000] {dag.py:4180} INFO - Setting next_dagrun for dataset_consumes_1 to None, run_after=None
[2025-10-05T23:28:16.831+0000] {logging_mixin.py:190} INFO - [2025-10-05T23:28:16.831+0000] {dag.py:4180} INFO - Setting next_dagrun for dataset_consumes_1_and_2 to None, run_after=None
[2025-10-05T23:28:16.835+0000] {logging_mixin.py:190} INFO - [2025-10-05T23:28:16.835+0000] {dag.py:4180} INFO - Setting next_dagrun for dataset_consumes_1_never_scheduled to None, run_after=None
[2025-10-05T23:28:16.840+0000] {logging_mixin.py:190} INFO - [2025-10-05T23:28:16.839+0000] {dag.py:4180} INFO - Setting next_dagrun for dataset_consumes_unknown_never_scheduled to None, run_after=None
[2025-10-05T23:28:16.848+0000] {logging_mixin.py:190} INFO - [2025-10-05T23:28:16.848+0000] {dag.py:4180} INFO - Setting next_dagrun for dataset_produces_1 to 2025-10-04 00:00:00+00:00, run_after=2025-10-05 00:00:00+00:00
[2025-10-05T23:28:16.852+0000] {logging_mixin.py:190} INFO - [2025-10-05T23:28:16.852+0000] {dag.py:4180} INFO - Setting next_dagrun for dataset_produces_2 to None, run_after=None
[2025-10-05T23:28:16.956+0000] {processor.py:208} INFO - Processing /home/airflow/.local/lib/python3.12/site-packages/airflow/example_dags/example_datasets.py took 0.948 seconds
