[2025-10-05T23:11:14.965+0000] {processor.py:186} INFO - Started process (PID=128) to work on /home/airflow/.local/lib/python3.12/site-packages/airflow/example_dags/example_outlet_event_extra.py
[2025-10-05T23:11:14.967+0000] {processor.py:914} INFO - Processing file /home/airflow/.local/lib/python3.12/site-packages/airflow/example_dags/example_outlet_event_extra.py for tasks to queue
[2025-10-05T23:11:14.975+0000] {logging_mixin.py:190} INFO - [2025-10-05T23:11:14.974+0000] {dagbag.py:588} INFO - Filling up the DagBag from /home/airflow/.local/lib/python3.12/site-packages/airflow/example_dags/example_outlet_event_extra.py
[2025-10-05T23:11:15.449+0000] {processor.py:925} INFO - DAG(s) 'dataset_with_extra_by_yield', 'dataset_with_extra_from_classic_operator', 'dataset_with_extra_by_context' retrieved from /home/airflow/.local/lib/python3.12/site-packages/airflow/example_dags/example_outlet_event_extra.py
[2025-10-05T23:11:15.826+0000] {logging_mixin.py:190} INFO - [2025-10-05T23:11:15.825+0000] {override.py:1900} INFO - Created Permission View: can edit on DAG:dataset_with_extra_by_yield
[2025-10-05T23:11:15.854+0000] {logging_mixin.py:190} INFO - [2025-10-05T23:11:15.853+0000] {override.py:1900} INFO - Created Permission View: can delete on DAG:dataset_with_extra_by_yield
[2025-10-05T23:11:15.872+0000] {logging_mixin.py:190} INFO - [2025-10-05T23:11:15.871+0000] {override.py:1900} INFO - Created Permission View: can read on DAG:dataset_with_extra_by_yield
[2025-10-05T23:11:15.891+0000] {logging_mixin.py:190} INFO - [2025-10-05T23:11:15.890+0000] {override.py:1900} INFO - Created Permission View: can create on DAG Run:dataset_with_extra_by_yield
[2025-10-05T23:11:15.907+0000] {logging_mixin.py:190} INFO - [2025-10-05T23:11:15.906+0000] {override.py:1900} INFO - Created Permission View: menu access on DAG Run:dataset_with_extra_by_yield
[2025-10-05T23:11:15.924+0000] {logging_mixin.py:190} INFO - [2025-10-05T23:11:15.923+0000] {override.py:1900} INFO - Created Permission View: can delete on DAG Run:dataset_with_extra_by_yield
[2025-10-05T23:11:15.941+0000] {logging_mixin.py:190} INFO - [2025-10-05T23:11:15.940+0000] {override.py:1900} INFO - Created Permission View: can read on DAG Run:dataset_with_extra_by_yield
[2025-10-05T23:11:15.973+0000] {logging_mixin.py:190} INFO - [2025-10-05T23:11:15.973+0000] {override.py:1900} INFO - Created Permission View: can edit on DAG:dataset_with_extra_from_classic_operator
[2025-10-05T23:11:15.992+0000] {logging_mixin.py:190} INFO - [2025-10-05T23:11:15.992+0000] {override.py:1900} INFO - Created Permission View: can delete on DAG:dataset_with_extra_from_classic_operator
[2025-10-05T23:11:16.011+0000] {logging_mixin.py:190} INFO - [2025-10-05T23:11:16.010+0000] {override.py:1900} INFO - Created Permission View: can read on DAG:dataset_with_extra_from_classic_operator
[2025-10-05T23:11:16.033+0000] {logging_mixin.py:190} INFO - [2025-10-05T23:11:16.032+0000] {override.py:1900} INFO - Created Permission View: can create on DAG Run:dataset_with_extra_from_classic_operator
[2025-10-05T23:11:16.055+0000] {logging_mixin.py:190} INFO - [2025-10-05T23:11:16.054+0000] {override.py:1900} INFO - Created Permission View: menu access on DAG Run:dataset_with_extra_from_classic_operator
[2025-10-05T23:11:16.081+0000] {logging_mixin.py:190} INFO - [2025-10-05T23:11:16.080+0000] {override.py:1900} INFO - Created Permission View: can delete on DAG Run:dataset_with_extra_from_classic_operator
[2025-10-05T23:11:16.101+0000] {logging_mixin.py:190} INFO - [2025-10-05T23:11:16.100+0000] {override.py:1900} INFO - Created Permission View: can read on DAG Run:dataset_with_extra_from_classic_operator
[2025-10-05T23:11:16.141+0000] {logging_mixin.py:190} INFO - [2025-10-05T23:11:16.140+0000] {override.py:1900} INFO - Created Permission View: can edit on DAG:dataset_with_extra_by_context
[2025-10-05T23:11:16.174+0000] {logging_mixin.py:190} INFO - [2025-10-05T23:11:16.173+0000] {override.py:1900} INFO - Created Permission View: can delete on DAG:dataset_with_extra_by_context
[2025-10-05T23:11:16.215+0000] {logging_mixin.py:190} INFO - [2025-10-05T23:11:16.214+0000] {override.py:1900} INFO - Created Permission View: can read on DAG:dataset_with_extra_by_context
[2025-10-05T23:11:16.286+0000] {logging_mixin.py:190} INFO - [2025-10-05T23:11:16.285+0000] {override.py:1900} INFO - Created Permission View: can create on DAG Run:dataset_with_extra_by_context
[2025-10-05T23:11:16.351+0000] {logging_mixin.py:190} INFO - [2025-10-05T23:11:16.350+0000] {override.py:1900} INFO - Created Permission View: menu access on DAG Run:dataset_with_extra_by_context
[2025-10-05T23:11:16.400+0000] {logging_mixin.py:190} INFO - [2025-10-05T23:11:16.399+0000] {override.py:1900} INFO - Created Permission View: can delete on DAG Run:dataset_with_extra_by_context
[2025-10-05T23:11:16.441+0000] {logging_mixin.py:190} INFO - [2025-10-05T23:11:16.440+0000] {override.py:1900} INFO - Created Permission View: can read on DAG Run:dataset_with_extra_by_context
[2025-10-05T23:11:16.443+0000] {logging_mixin.py:190} INFO - [2025-10-05T23:11:16.442+0000] {dag.py:3239} INFO - Sync 3 DAGs
[2025-10-05T23:11:16.511+0000] {logging_mixin.py:190} INFO - [2025-10-05T23:11:16.510+0000] {dag.py:3262} INFO - Creating ORM DAG for dataset_with_extra_by_yield
[2025-10-05T23:11:16.517+0000] {logging_mixin.py:190} INFO - [2025-10-05T23:11:16.517+0000] {dag.py:3262} INFO - Creating ORM DAG for dataset_with_extra_from_classic_operator
[2025-10-05T23:11:16.520+0000] {logging_mixin.py:190} INFO - [2025-10-05T23:11:16.520+0000] {dag.py:3262} INFO - Creating ORM DAG for dataset_with_extra_by_context
[2025-10-05T23:11:16.581+0000] {logging_mixin.py:190} INFO - [2025-10-05T23:11:16.581+0000] {dag.py:4180} INFO - Setting next_dagrun for dataset_with_extra_by_context to 2025-10-04 00:00:00+00:00, run_after=2025-10-05 00:00:00+00:00
[2025-10-05T23:11:16.599+0000] {logging_mixin.py:190} INFO - [2025-10-05T23:11:16.598+0000] {dag.py:4180} INFO - Setting next_dagrun for dataset_with_extra_by_yield to 2025-10-04 00:00:00+00:00, run_after=2025-10-05 00:00:00+00:00
[2025-10-05T23:11:16.606+0000] {logging_mixin.py:190} INFO - [2025-10-05T23:11:16.605+0000] {dag.py:4180} INFO - Setting next_dagrun for dataset_with_extra_from_classic_operator to 2025-10-04 00:00:00+00:00, run_after=2025-10-05 00:00:00+00:00
[2025-10-05T23:11:16.722+0000] {processor.py:208} INFO - Processing /home/airflow/.local/lib/python3.12/site-packages/airflow/example_dags/example_outlet_event_extra.py took 1.774 seconds
[2025-10-05T23:11:46.861+0000] {processor.py:186} INFO - Started process (PID=191) to work on /home/airflow/.local/lib/python3.12/site-packages/airflow/example_dags/example_outlet_event_extra.py
[2025-10-05T23:11:46.905+0000] {processor.py:914} INFO - Processing file /home/airflow/.local/lib/python3.12/site-packages/airflow/example_dags/example_outlet_event_extra.py for tasks to queue
[2025-10-05T23:11:46.931+0000] {logging_mixin.py:190} INFO - [2025-10-05T23:11:46.930+0000] {dagbag.py:588} INFO - Filling up the DagBag from /home/airflow/.local/lib/python3.12/site-packages/airflow/example_dags/example_outlet_event_extra.py
[2025-10-05T23:11:47.803+0000] {processor.py:925} INFO - DAG(s) 'dataset_with_extra_by_context', 'dataset_with_extra_by_yield', 'dataset_with_extra_from_classic_operator' retrieved from /home/airflow/.local/lib/python3.12/site-packages/airflow/example_dags/example_outlet_event_extra.py
[2025-10-05T23:11:47.949+0000] {logging_mixin.py:190} INFO - [2025-10-05T23:11:47.949+0000] {dag.py:3239} INFO - Sync 3 DAGs
[2025-10-05T23:11:48.096+0000] {logging_mixin.py:190} INFO - [2025-10-05T23:11:48.096+0000] {dag.py:4180} INFO - Setting next_dagrun for dataset_with_extra_by_context to 2025-10-04 00:00:00+00:00, run_after=2025-10-05 00:00:00+00:00
[2025-10-05T23:11:48.133+0000] {logging_mixin.py:190} INFO - [2025-10-05T23:11:48.132+0000] {dag.py:4180} INFO - Setting next_dagrun for dataset_with_extra_by_yield to 2025-10-04 00:00:00+00:00, run_after=2025-10-05 00:00:00+00:00
[2025-10-05T23:11:48.148+0000] {logging_mixin.py:190} INFO - [2025-10-05T23:11:48.147+0000] {dag.py:4180} INFO - Setting next_dagrun for dataset_with_extra_from_classic_operator to 2025-10-04 00:00:00+00:00, run_after=2025-10-05 00:00:00+00:00
[2025-10-05T23:11:48.260+0000] {processor.py:208} INFO - Processing /home/airflow/.local/lib/python3.12/site-packages/airflow/example_dags/example_outlet_event_extra.py took 1.412 seconds
[2025-10-05T23:12:18.879+0000] {processor.py:186} INFO - Started process (PID=254) to work on /home/airflow/.local/lib/python3.12/site-packages/airflow/example_dags/example_outlet_event_extra.py
[2025-10-05T23:12:18.887+0000] {processor.py:914} INFO - Processing file /home/airflow/.local/lib/python3.12/site-packages/airflow/example_dags/example_outlet_event_extra.py for tasks to queue
[2025-10-05T23:12:18.914+0000] {logging_mixin.py:190} INFO - [2025-10-05T23:12:18.911+0000] {dagbag.py:588} INFO - Filling up the DagBag from /home/airflow/.local/lib/python3.12/site-packages/airflow/example_dags/example_outlet_event_extra.py
[2025-10-05T23:12:19.328+0000] {processor.py:925} INFO - DAG(s) 'dataset_with_extra_by_context', 'dataset_with_extra_by_yield', 'dataset_with_extra_from_classic_operator' retrieved from /home/airflow/.local/lib/python3.12/site-packages/airflow/example_dags/example_outlet_event_extra.py
[2025-10-05T23:12:19.396+0000] {logging_mixin.py:190} INFO - [2025-10-05T23:12:19.396+0000] {dag.py:3239} INFO - Sync 3 DAGs
[2025-10-05T23:12:19.477+0000] {logging_mixin.py:190} INFO - [2025-10-05T23:12:19.477+0000] {dag.py:4180} INFO - Setting next_dagrun for dataset_with_extra_by_context to 2025-10-04 00:00:00+00:00, run_after=2025-10-05 00:00:00+00:00
[2025-10-05T23:12:19.492+0000] {logging_mixin.py:190} INFO - [2025-10-05T23:12:19.491+0000] {dag.py:4180} INFO - Setting next_dagrun for dataset_with_extra_by_yield to 2025-10-04 00:00:00+00:00, run_after=2025-10-05 00:00:00+00:00
[2025-10-05T23:12:19.499+0000] {logging_mixin.py:190} INFO - [2025-10-05T23:12:19.498+0000] {dag.py:4180} INFO - Setting next_dagrun for dataset_with_extra_from_classic_operator to 2025-10-04 00:00:00+00:00, run_after=2025-10-05 00:00:00+00:00
[2025-10-05T23:12:19.556+0000] {processor.py:208} INFO - Processing /home/airflow/.local/lib/python3.12/site-packages/airflow/example_dags/example_outlet_event_extra.py took 0.727 seconds
[2025-10-05T23:12:49.908+0000] {processor.py:186} INFO - Started process (PID=317) to work on /home/airflow/.local/lib/python3.12/site-packages/airflow/example_dags/example_outlet_event_extra.py
[2025-10-05T23:12:49.912+0000] {processor.py:914} INFO - Processing file /home/airflow/.local/lib/python3.12/site-packages/airflow/example_dags/example_outlet_event_extra.py for tasks to queue
[2025-10-05T23:12:49.919+0000] {logging_mixin.py:190} INFO - [2025-10-05T23:12:49.918+0000] {dagbag.py:588} INFO - Filling up the DagBag from /home/airflow/.local/lib/python3.12/site-packages/airflow/example_dags/example_outlet_event_extra.py
[2025-10-05T23:12:50.307+0000] {processor.py:925} INFO - DAG(s) 'dataset_with_extra_by_yield', 'dataset_with_extra_from_classic_operator', 'dataset_with_extra_by_context' retrieved from /home/airflow/.local/lib/python3.12/site-packages/airflow/example_dags/example_outlet_event_extra.py
[2025-10-05T23:12:50.362+0000] {logging_mixin.py:190} INFO - [2025-10-05T23:12:50.362+0000] {dag.py:3239} INFO - Sync 3 DAGs
[2025-10-05T23:12:50.465+0000] {logging_mixin.py:190} INFO - [2025-10-05T23:12:50.465+0000] {dag.py:4180} INFO - Setting next_dagrun for dataset_with_extra_by_context to 2025-10-04 00:00:00+00:00, run_after=2025-10-05 00:00:00+00:00
[2025-10-05T23:12:50.497+0000] {logging_mixin.py:190} INFO - [2025-10-05T23:12:50.497+0000] {dag.py:4180} INFO - Setting next_dagrun for dataset_with_extra_by_yield to 2025-10-04 00:00:00+00:00, run_after=2025-10-05 00:00:00+00:00
[2025-10-05T23:12:50.513+0000] {logging_mixin.py:190} INFO - [2025-10-05T23:12:50.513+0000] {dag.py:4180} INFO - Setting next_dagrun for dataset_with_extra_from_classic_operator to 2025-10-04 00:00:00+00:00, run_after=2025-10-05 00:00:00+00:00
[2025-10-05T23:12:50.622+0000] {processor.py:208} INFO - Processing /home/airflow/.local/lib/python3.12/site-packages/airflow/example_dags/example_outlet_event_extra.py took 0.733 seconds
[2025-10-05T23:13:20.907+0000] {processor.py:186} INFO - Started process (PID=381) to work on /home/airflow/.local/lib/python3.12/site-packages/airflow/example_dags/example_outlet_event_extra.py
[2025-10-05T23:13:20.909+0000] {processor.py:914} INFO - Processing file /home/airflow/.local/lib/python3.12/site-packages/airflow/example_dags/example_outlet_event_extra.py for tasks to queue
[2025-10-05T23:13:20.915+0000] {logging_mixin.py:190} INFO - [2025-10-05T23:13:20.914+0000] {dagbag.py:588} INFO - Filling up the DagBag from /home/airflow/.local/lib/python3.12/site-packages/airflow/example_dags/example_outlet_event_extra.py
[2025-10-05T23:13:21.194+0000] {processor.py:925} INFO - DAG(s) 'dataset_with_extra_from_classic_operator', 'dataset_with_extra_by_yield', 'dataset_with_extra_by_context' retrieved from /home/airflow/.local/lib/python3.12/site-packages/airflow/example_dags/example_outlet_event_extra.py
[2025-10-05T23:13:21.233+0000] {logging_mixin.py:190} INFO - [2025-10-05T23:13:21.233+0000] {dag.py:3239} INFO - Sync 3 DAGs
[2025-10-05T23:13:21.293+0000] {logging_mixin.py:190} INFO - [2025-10-05T23:13:21.292+0000] {dag.py:4180} INFO - Setting next_dagrun for dataset_with_extra_by_context to 2025-10-04 00:00:00+00:00, run_after=2025-10-05 00:00:00+00:00
[2025-10-05T23:13:21.304+0000] {logging_mixin.py:190} INFO - [2025-10-05T23:13:21.304+0000] {dag.py:4180} INFO - Setting next_dagrun for dataset_with_extra_by_yield to 2025-10-04 00:00:00+00:00, run_after=2025-10-05 00:00:00+00:00
[2025-10-05T23:13:21.310+0000] {logging_mixin.py:190} INFO - [2025-10-05T23:13:21.310+0000] {dag.py:4180} INFO - Setting next_dagrun for dataset_with_extra_from_classic_operator to 2025-10-04 00:00:00+00:00, run_after=2025-10-05 00:00:00+00:00
[2025-10-05T23:13:21.352+0000] {processor.py:208} INFO - Processing /home/airflow/.local/lib/python3.12/site-packages/airflow/example_dags/example_outlet_event_extra.py took 0.457 seconds
[2025-10-05T23:13:51.873+0000] {processor.py:186} INFO - Started process (PID=444) to work on /home/airflow/.local/lib/python3.12/site-packages/airflow/example_dags/example_outlet_event_extra.py
[2025-10-05T23:13:51.874+0000] {processor.py:914} INFO - Processing file /home/airflow/.local/lib/python3.12/site-packages/airflow/example_dags/example_outlet_event_extra.py for tasks to queue
[2025-10-05T23:13:51.879+0000] {logging_mixin.py:190} INFO - [2025-10-05T23:13:51.879+0000] {dagbag.py:588} INFO - Filling up the DagBag from /home/airflow/.local/lib/python3.12/site-packages/airflow/example_dags/example_outlet_event_extra.py
[2025-10-05T23:13:52.057+0000] {processor.py:925} INFO - DAG(s) 'dataset_with_extra_from_classic_operator', 'dataset_with_extra_by_yield', 'dataset_with_extra_by_context' retrieved from /home/airflow/.local/lib/python3.12/site-packages/airflow/example_dags/example_outlet_event_extra.py
[2025-10-05T23:13:52.089+0000] {logging_mixin.py:190} INFO - [2025-10-05T23:13:52.089+0000] {dag.py:3239} INFO - Sync 3 DAGs
[2025-10-05T23:13:52.121+0000] {logging_mixin.py:190} INFO - [2025-10-05T23:13:52.120+0000] {dag.py:4180} INFO - Setting next_dagrun for dataset_with_extra_by_context to 2025-10-04 00:00:00+00:00, run_after=2025-10-05 00:00:00+00:00
[2025-10-05T23:13:52.126+0000] {logging_mixin.py:190} INFO - [2025-10-05T23:13:52.126+0000] {dag.py:4180} INFO - Setting next_dagrun for dataset_with_extra_by_yield to 2025-10-04 00:00:00+00:00, run_after=2025-10-05 00:00:00+00:00
[2025-10-05T23:13:52.130+0000] {logging_mixin.py:190} INFO - [2025-10-05T23:13:52.130+0000] {dag.py:4180} INFO - Setting next_dagrun for dataset_with_extra_from_classic_operator to 2025-10-04 00:00:00+00:00, run_after=2025-10-05 00:00:00+00:00
[2025-10-05T23:13:52.159+0000] {processor.py:208} INFO - Processing /home/airflow/.local/lib/python3.12/site-packages/airflow/example_dags/example_outlet_event_extra.py took 0.294 seconds
[2025-10-05T23:14:22.248+0000] {processor.py:186} INFO - Started process (PID=507) to work on /home/airflow/.local/lib/python3.12/site-packages/airflow/example_dags/example_outlet_event_extra.py
[2025-10-05T23:14:22.250+0000] {processor.py:914} INFO - Processing file /home/airflow/.local/lib/python3.12/site-packages/airflow/example_dags/example_outlet_event_extra.py for tasks to queue
[2025-10-05T23:14:22.256+0000] {logging_mixin.py:190} INFO - [2025-10-05T23:14:22.255+0000] {dagbag.py:588} INFO - Filling up the DagBag from /home/airflow/.local/lib/python3.12/site-packages/airflow/example_dags/example_outlet_event_extra.py
[2025-10-05T23:14:22.615+0000] {processor.py:925} INFO - DAG(s) 'dataset_with_extra_by_context', 'dataset_with_extra_by_yield', 'dataset_with_extra_from_classic_operator' retrieved from /home/airflow/.local/lib/python3.12/site-packages/airflow/example_dags/example_outlet_event_extra.py
[2025-10-05T23:14:22.763+0000] {logging_mixin.py:190} INFO - [2025-10-05T23:14:22.762+0000] {dag.py:3239} INFO - Sync 3 DAGs
[2025-10-05T23:14:22.816+0000] {logging_mixin.py:190} INFO - [2025-10-05T23:14:22.815+0000] {dag.py:4180} INFO - Setting next_dagrun for dataset_with_extra_by_context to 2025-10-04 00:00:00+00:00, run_after=2025-10-05 00:00:00+00:00
[2025-10-05T23:14:22.823+0000] {logging_mixin.py:190} INFO - [2025-10-05T23:14:22.823+0000] {dag.py:4180} INFO - Setting next_dagrun for dataset_with_extra_by_yield to 2025-10-04 00:00:00+00:00, run_after=2025-10-05 00:00:00+00:00
[2025-10-05T23:14:22.828+0000] {logging_mixin.py:190} INFO - [2025-10-05T23:14:22.827+0000] {dag.py:4180} INFO - Setting next_dagrun for dataset_with_extra_from_classic_operator to 2025-10-04 00:00:00+00:00, run_after=2025-10-05 00:00:00+00:00
[2025-10-05T23:14:22.884+0000] {processor.py:208} INFO - Processing /home/airflow/.local/lib/python3.12/site-packages/airflow/example_dags/example_outlet_event_extra.py took 0.646 seconds
[2025-10-05T23:15:00.734+0000] {processor.py:186} INFO - Started process (PID=570) to work on /home/airflow/.local/lib/python3.12/site-packages/airflow/example_dags/example_outlet_event_extra.py
[2025-10-05T23:15:01.068+0000] {processor.py:914} INFO - Processing file /home/airflow/.local/lib/python3.12/site-packages/airflow/example_dags/example_outlet_event_extra.py for tasks to queue
[2025-10-05T23:15:01.605+0000] {logging_mixin.py:190} INFO - [2025-10-05T23:15:01.604+0000] {dagbag.py:588} INFO - Filling up the DagBag from /home/airflow/.local/lib/python3.12/site-packages/airflow/example_dags/example_outlet_event_extra.py
[2025-10-05T23:15:05.124+0000] {processor.py:925} INFO - DAG(s) 'dataset_with_extra_by_yield', 'dataset_with_extra_from_classic_operator', 'dataset_with_extra_by_context' retrieved from /home/airflow/.local/lib/python3.12/site-packages/airflow/example_dags/example_outlet_event_extra.py
[2025-10-05T23:15:05.304+0000] {logging_mixin.py:190} INFO - [2025-10-05T23:15:05.303+0000] {dag.py:3239} INFO - Sync 3 DAGs
[2025-10-05T23:15:05.389+0000] {logging_mixin.py:190} INFO - [2025-10-05T23:15:05.388+0000] {dag.py:4180} INFO - Setting next_dagrun for dataset_with_extra_by_context to 2025-10-04 00:00:00+00:00, run_after=2025-10-05 00:00:00+00:00
[2025-10-05T23:15:05.402+0000] {logging_mixin.py:190} INFO - [2025-10-05T23:15:05.401+0000] {dag.py:4180} INFO - Setting next_dagrun for dataset_with_extra_by_yield to 2025-10-04 00:00:00+00:00, run_after=2025-10-05 00:00:00+00:00
[2025-10-05T23:15:05.409+0000] {logging_mixin.py:190} INFO - [2025-10-05T23:15:05.409+0000] {dag.py:4180} INFO - Setting next_dagrun for dataset_with_extra_from_classic_operator to 2025-10-04 00:00:00+00:00, run_after=2025-10-05 00:00:00+00:00
[2025-10-05T23:15:05.504+0000] {processor.py:208} INFO - Processing /home/airflow/.local/lib/python3.12/site-packages/airflow/example_dags/example_outlet_event_extra.py took 4.779 seconds
[2025-10-05T23:15:35.764+0000] {processor.py:186} INFO - Started process (PID=635) to work on /home/airflow/.local/lib/python3.12/site-packages/airflow/example_dags/example_outlet_event_extra.py
[2025-10-05T23:15:35.765+0000] {processor.py:914} INFO - Processing file /home/airflow/.local/lib/python3.12/site-packages/airflow/example_dags/example_outlet_event_extra.py for tasks to queue
[2025-10-05T23:15:35.769+0000] {logging_mixin.py:190} INFO - [2025-10-05T23:15:35.768+0000] {dagbag.py:588} INFO - Filling up the DagBag from /home/airflow/.local/lib/python3.12/site-packages/airflow/example_dags/example_outlet_event_extra.py
[2025-10-05T23:15:36.101+0000] {processor.py:925} INFO - DAG(s) 'dataset_with_extra_by_context', 'dataset_with_extra_from_classic_operator', 'dataset_with_extra_by_yield' retrieved from /home/airflow/.local/lib/python3.12/site-packages/airflow/example_dags/example_outlet_event_extra.py
[2025-10-05T23:15:36.130+0000] {logging_mixin.py:190} INFO - [2025-10-05T23:15:36.129+0000] {dag.py:3239} INFO - Sync 3 DAGs
[2025-10-05T23:15:36.157+0000] {logging_mixin.py:190} INFO - [2025-10-05T23:15:36.156+0000] {dag.py:4180} INFO - Setting next_dagrun for dataset_with_extra_by_context to 2025-10-04 00:00:00+00:00, run_after=2025-10-05 00:00:00+00:00
[2025-10-05T23:15:36.162+0000] {logging_mixin.py:190} INFO - [2025-10-05T23:15:36.161+0000] {dag.py:4180} INFO - Setting next_dagrun for dataset_with_extra_by_yield to 2025-10-04 00:00:00+00:00, run_after=2025-10-05 00:00:00+00:00
[2025-10-05T23:15:36.164+0000] {logging_mixin.py:190} INFO - [2025-10-05T23:15:36.164+0000] {dag.py:4180} INFO - Setting next_dagrun for dataset_with_extra_from_classic_operator to 2025-10-04 00:00:00+00:00, run_after=2025-10-05 00:00:00+00:00
[2025-10-05T23:15:36.190+0000] {processor.py:208} INFO - Processing /home/airflow/.local/lib/python3.12/site-packages/airflow/example_dags/example_outlet_event_extra.py took 0.434 seconds
[2025-10-05T23:16:07.215+0000] {processor.py:186} INFO - Started process (PID=699) to work on /home/airflow/.local/lib/python3.12/site-packages/airflow/example_dags/example_outlet_event_extra.py
[2025-10-05T23:16:07.221+0000] {processor.py:914} INFO - Processing file /home/airflow/.local/lib/python3.12/site-packages/airflow/example_dags/example_outlet_event_extra.py for tasks to queue
[2025-10-05T23:16:07.237+0000] {logging_mixin.py:190} INFO - [2025-10-05T23:16:07.236+0000] {dagbag.py:588} INFO - Filling up the DagBag from /home/airflow/.local/lib/python3.12/site-packages/airflow/example_dags/example_outlet_event_extra.py
[2025-10-05T23:16:07.566+0000] {processor.py:925} INFO - DAG(s) 'dataset_with_extra_from_classic_operator', 'dataset_with_extra_by_yield', 'dataset_with_extra_by_context' retrieved from /home/airflow/.local/lib/python3.12/site-packages/airflow/example_dags/example_outlet_event_extra.py
[2025-10-05T23:16:07.634+0000] {logging_mixin.py:190} INFO - [2025-10-05T23:16:07.634+0000] {dag.py:3239} INFO - Sync 3 DAGs
[2025-10-05T23:16:07.690+0000] {logging_mixin.py:190} INFO - [2025-10-05T23:16:07.690+0000] {dag.py:4180} INFO - Setting next_dagrun for dataset_with_extra_by_context to 2025-10-04 00:00:00+00:00, run_after=2025-10-05 00:00:00+00:00
[2025-10-05T23:16:07.697+0000] {logging_mixin.py:190} INFO - [2025-10-05T23:16:07.697+0000] {dag.py:4180} INFO - Setting next_dagrun for dataset_with_extra_by_yield to 2025-10-04 00:00:00+00:00, run_after=2025-10-05 00:00:00+00:00
[2025-10-05T23:16:07.700+0000] {logging_mixin.py:190} INFO - [2025-10-05T23:16:07.700+0000] {dag.py:4180} INFO - Setting next_dagrun for dataset_with_extra_from_classic_operator to 2025-10-04 00:00:00+00:00, run_after=2025-10-05 00:00:00+00:00
[2025-10-05T23:16:07.730+0000] {processor.py:208} INFO - Processing /home/airflow/.local/lib/python3.12/site-packages/airflow/example_dags/example_outlet_event_extra.py took 0.541 seconds
[2025-10-05T23:16:40.986+0000] {processor.py:186} INFO - Started process (PID=757) to work on /home/airflow/.local/lib/python3.12/site-packages/airflow/example_dags/example_outlet_event_extra.py
[2025-10-05T23:16:40.987+0000] {processor.py:914} INFO - Processing file /home/airflow/.local/lib/python3.12/site-packages/airflow/example_dags/example_outlet_event_extra.py for tasks to queue
[2025-10-05T23:16:40.991+0000] {logging_mixin.py:190} INFO - [2025-10-05T23:16:40.990+0000] {dagbag.py:588} INFO - Filling up the DagBag from /home/airflow/.local/lib/python3.12/site-packages/airflow/example_dags/example_outlet_event_extra.py
[2025-10-05T23:16:41.297+0000] {processor.py:925} INFO - DAG(s) 'dataset_with_extra_by_yield', 'dataset_with_extra_from_classic_operator', 'dataset_with_extra_by_context' retrieved from /home/airflow/.local/lib/python3.12/site-packages/airflow/example_dags/example_outlet_event_extra.py
[2025-10-05T23:16:41.349+0000] {logging_mixin.py:190} INFO - [2025-10-05T23:16:41.348+0000] {dag.py:3239} INFO - Sync 3 DAGs
[2025-10-05T23:16:41.391+0000] {logging_mixin.py:190} INFO - [2025-10-05T23:16:41.391+0000] {dag.py:4180} INFO - Setting next_dagrun for dataset_with_extra_by_context to 2025-10-04 00:00:00+00:00, run_after=2025-10-05 00:00:00+00:00
[2025-10-05T23:16:41.399+0000] {logging_mixin.py:190} INFO - [2025-10-05T23:16:41.399+0000] {dag.py:4180} INFO - Setting next_dagrun for dataset_with_extra_by_yield to 2025-10-04 00:00:00+00:00, run_after=2025-10-05 00:00:00+00:00
[2025-10-05T23:16:41.403+0000] {logging_mixin.py:190} INFO - [2025-10-05T23:16:41.403+0000] {dag.py:4180} INFO - Setting next_dagrun for dataset_with_extra_from_classic_operator to 2025-10-04 00:00:00+00:00, run_after=2025-10-05 00:00:00+00:00
[2025-10-05T23:16:41.442+0000] {processor.py:208} INFO - Processing /home/airflow/.local/lib/python3.12/site-packages/airflow/example_dags/example_outlet_event_extra.py took 0.467 seconds
[2025-10-05T23:17:11.644+0000] {processor.py:186} INFO - Started process (PID=821) to work on /home/airflow/.local/lib/python3.12/site-packages/airflow/example_dags/example_outlet_event_extra.py
[2025-10-05T23:17:11.648+0000] {processor.py:914} INFO - Processing file /home/airflow/.local/lib/python3.12/site-packages/airflow/example_dags/example_outlet_event_extra.py for tasks to queue
[2025-10-05T23:17:11.653+0000] {logging_mixin.py:190} INFO - [2025-10-05T23:17:11.652+0000] {dagbag.py:588} INFO - Filling up the DagBag from /home/airflow/.local/lib/python3.12/site-packages/airflow/example_dags/example_outlet_event_extra.py
[2025-10-05T23:17:12.080+0000] {processor.py:925} INFO - DAG(s) 'dataset_with_extra_from_classic_operator', 'dataset_with_extra_by_yield', 'dataset_with_extra_by_context' retrieved from /home/airflow/.local/lib/python3.12/site-packages/airflow/example_dags/example_outlet_event_extra.py
[2025-10-05T23:17:12.119+0000] {logging_mixin.py:190} INFO - [2025-10-05T23:17:12.119+0000] {dag.py:3239} INFO - Sync 3 DAGs
[2025-10-05T23:17:12.154+0000] {logging_mixin.py:190} INFO - [2025-10-05T23:17:12.154+0000] {dag.py:4180} INFO - Setting next_dagrun for dataset_with_extra_by_context to 2025-10-04 00:00:00+00:00, run_after=2025-10-05 00:00:00+00:00
[2025-10-05T23:17:12.161+0000] {logging_mixin.py:190} INFO - [2025-10-05T23:17:12.161+0000] {dag.py:4180} INFO - Setting next_dagrun for dataset_with_extra_by_yield to 2025-10-04 00:00:00+00:00, run_after=2025-10-05 00:00:00+00:00
[2025-10-05T23:17:12.166+0000] {logging_mixin.py:190} INFO - [2025-10-05T23:17:12.165+0000] {dag.py:4180} INFO - Setting next_dagrun for dataset_with_extra_from_classic_operator to 2025-10-04 00:00:00+00:00, run_after=2025-10-05 00:00:00+00:00
[2025-10-05T23:17:12.211+0000] {processor.py:208} INFO - Processing /home/airflow/.local/lib/python3.12/site-packages/airflow/example_dags/example_outlet_event_extra.py took 0.580 seconds
[2025-10-05T23:17:42.481+0000] {processor.py:186} INFO - Started process (PID=886) to work on /home/airflow/.local/lib/python3.12/site-packages/airflow/example_dags/example_outlet_event_extra.py
[2025-10-05T23:17:42.482+0000] {processor.py:914} INFO - Processing file /home/airflow/.local/lib/python3.12/site-packages/airflow/example_dags/example_outlet_event_extra.py for tasks to queue
[2025-10-05T23:17:42.485+0000] {logging_mixin.py:190} INFO - [2025-10-05T23:17:42.485+0000] {dagbag.py:588} INFO - Filling up the DagBag from /home/airflow/.local/lib/python3.12/site-packages/airflow/example_dags/example_outlet_event_extra.py
[2025-10-05T23:17:42.649+0000] {processor.py:925} INFO - DAG(s) 'dataset_with_extra_from_classic_operator', 'dataset_with_extra_by_context', 'dataset_with_extra_by_yield' retrieved from /home/airflow/.local/lib/python3.12/site-packages/airflow/example_dags/example_outlet_event_extra.py
[2025-10-05T23:17:42.680+0000] {logging_mixin.py:190} INFO - [2025-10-05T23:17:42.679+0000] {dag.py:3239} INFO - Sync 3 DAGs
[2025-10-05T23:17:42.711+0000] {logging_mixin.py:190} INFO - [2025-10-05T23:17:42.711+0000] {dag.py:4180} INFO - Setting next_dagrun for dataset_with_extra_by_context to 2025-10-04 00:00:00+00:00, run_after=2025-10-05 00:00:00+00:00
[2025-10-05T23:17:42.717+0000] {logging_mixin.py:190} INFO - [2025-10-05T23:17:42.717+0000] {dag.py:4180} INFO - Setting next_dagrun for dataset_with_extra_by_yield to 2025-10-04 00:00:00+00:00, run_after=2025-10-05 00:00:00+00:00
[2025-10-05T23:17:42.720+0000] {logging_mixin.py:190} INFO - [2025-10-05T23:17:42.720+0000] {dag.py:4180} INFO - Setting next_dagrun for dataset_with_extra_from_classic_operator to 2025-10-04 00:00:00+00:00, run_after=2025-10-05 00:00:00+00:00
[2025-10-05T23:17:42.748+0000] {processor.py:208} INFO - Processing /home/airflow/.local/lib/python3.12/site-packages/airflow/example_dags/example_outlet_event_extra.py took 0.276 seconds
[2025-10-05T23:18:13.554+0000] {processor.py:186} INFO - Started process (PID=947) to work on /home/airflow/.local/lib/python3.12/site-packages/airflow/example_dags/example_outlet_event_extra.py
[2025-10-05T23:18:13.556+0000] {processor.py:914} INFO - Processing file /home/airflow/.local/lib/python3.12/site-packages/airflow/example_dags/example_outlet_event_extra.py for tasks to queue
[2025-10-05T23:18:13.559+0000] {logging_mixin.py:190} INFO - [2025-10-05T23:18:13.559+0000] {dagbag.py:588} INFO - Filling up the DagBag from /home/airflow/.local/lib/python3.12/site-packages/airflow/example_dags/example_outlet_event_extra.py
[2025-10-05T23:18:13.725+0000] {processor.py:925} INFO - DAG(s) 'dataset_with_extra_by_context', 'dataset_with_extra_from_classic_operator', 'dataset_with_extra_by_yield' retrieved from /home/airflow/.local/lib/python3.12/site-packages/airflow/example_dags/example_outlet_event_extra.py
[2025-10-05T23:18:13.758+0000] {logging_mixin.py:190} INFO - [2025-10-05T23:18:13.758+0000] {dag.py:3239} INFO - Sync 3 DAGs
[2025-10-05T23:18:13.789+0000] {logging_mixin.py:190} INFO - [2025-10-05T23:18:13.789+0000] {dag.py:4180} INFO - Setting next_dagrun for dataset_with_extra_by_context to 2025-10-04 00:00:00+00:00, run_after=2025-10-05 00:00:00+00:00
[2025-10-05T23:18:13.795+0000] {logging_mixin.py:190} INFO - [2025-10-05T23:18:13.794+0000] {dag.py:4180} INFO - Setting next_dagrun for dataset_with_extra_by_yield to 2025-10-04 00:00:00+00:00, run_after=2025-10-05 00:00:00+00:00
[2025-10-05T23:18:13.798+0000] {logging_mixin.py:190} INFO - [2025-10-05T23:18:13.798+0000] {dag.py:4180} INFO - Setting next_dagrun for dataset_with_extra_from_classic_operator to 2025-10-04 00:00:00+00:00, run_after=2025-10-05 00:00:00+00:00
[2025-10-05T23:18:13.834+0000] {processor.py:208} INFO - Processing /home/airflow/.local/lib/python3.12/site-packages/airflow/example_dags/example_outlet_event_extra.py took 0.290 seconds
[2025-10-05T23:18:45.024+0000] {processor.py:186} INFO - Started process (PID=1012) to work on /home/airflow/.local/lib/python3.12/site-packages/airflow/example_dags/example_outlet_event_extra.py
[2025-10-05T23:18:45.026+0000] {processor.py:914} INFO - Processing file /home/airflow/.local/lib/python3.12/site-packages/airflow/example_dags/example_outlet_event_extra.py for tasks to queue
[2025-10-05T23:18:45.029+0000] {logging_mixin.py:190} INFO - [2025-10-05T23:18:45.029+0000] {dagbag.py:588} INFO - Filling up the DagBag from /home/airflow/.local/lib/python3.12/site-packages/airflow/example_dags/example_outlet_event_extra.py
[2025-10-05T23:18:45.182+0000] {processor.py:925} INFO - DAG(s) 'dataset_with_extra_by_yield', 'dataset_with_extra_from_classic_operator', 'dataset_with_extra_by_context' retrieved from /home/airflow/.local/lib/python3.12/site-packages/airflow/example_dags/example_outlet_event_extra.py
[2025-10-05T23:18:45.225+0000] {logging_mixin.py:190} INFO - [2025-10-05T23:18:45.225+0000] {dag.py:3239} INFO - Sync 3 DAGs
[2025-10-05T23:18:45.259+0000] {logging_mixin.py:190} INFO - [2025-10-05T23:18:45.259+0000] {dag.py:4180} INFO - Setting next_dagrun for dataset_with_extra_by_context to 2025-10-04 00:00:00+00:00, run_after=2025-10-05 00:00:00+00:00
[2025-10-05T23:18:45.264+0000] {logging_mixin.py:190} INFO - [2025-10-05T23:18:45.264+0000] {dag.py:4180} INFO - Setting next_dagrun for dataset_with_extra_by_yield to 2025-10-04 00:00:00+00:00, run_after=2025-10-05 00:00:00+00:00
[2025-10-05T23:18:45.267+0000] {logging_mixin.py:190} INFO - [2025-10-05T23:18:45.267+0000] {dag.py:4180} INFO - Setting next_dagrun for dataset_with_extra_from_classic_operator to 2025-10-04 00:00:00+00:00, run_after=2025-10-05 00:00:00+00:00
[2025-10-05T23:18:45.302+0000] {processor.py:208} INFO - Processing /home/airflow/.local/lib/python3.12/site-packages/airflow/example_dags/example_outlet_event_extra.py took 0.289 seconds
[2025-10-05T23:19:16.078+0000] {processor.py:186} INFO - Started process (PID=1075) to work on /home/airflow/.local/lib/python3.12/site-packages/airflow/example_dags/example_outlet_event_extra.py
[2025-10-05T23:19:16.079+0000] {processor.py:914} INFO - Processing file /home/airflow/.local/lib/python3.12/site-packages/airflow/example_dags/example_outlet_event_extra.py for tasks to queue
[2025-10-05T23:19:16.082+0000] {logging_mixin.py:190} INFO - [2025-10-05T23:19:16.081+0000] {dagbag.py:588} INFO - Filling up the DagBag from /home/airflow/.local/lib/python3.12/site-packages/airflow/example_dags/example_outlet_event_extra.py
[2025-10-05T23:19:16.254+0000] {processor.py:925} INFO - DAG(s) 'dataset_with_extra_from_classic_operator', 'dataset_with_extra_by_context', 'dataset_with_extra_by_yield' retrieved from /home/airflow/.local/lib/python3.12/site-packages/airflow/example_dags/example_outlet_event_extra.py
[2025-10-05T23:19:16.283+0000] {logging_mixin.py:190} INFO - [2025-10-05T23:19:16.283+0000] {dag.py:3239} INFO - Sync 3 DAGs
[2025-10-05T23:19:16.311+0000] {logging_mixin.py:190} INFO - [2025-10-05T23:19:16.310+0000] {dag.py:4180} INFO - Setting next_dagrun for dataset_with_extra_by_context to 2025-10-04 00:00:00+00:00, run_after=2025-10-05 00:00:00+00:00
[2025-10-05T23:19:16.316+0000] {logging_mixin.py:190} INFO - [2025-10-05T23:19:16.316+0000] {dag.py:4180} INFO - Setting next_dagrun for dataset_with_extra_by_yield to 2025-10-04 00:00:00+00:00, run_after=2025-10-05 00:00:00+00:00
[2025-10-05T23:19:16.319+0000] {logging_mixin.py:190} INFO - [2025-10-05T23:19:16.319+0000] {dag.py:4180} INFO - Setting next_dagrun for dataset_with_extra_from_classic_operator to 2025-10-04 00:00:00+00:00, run_after=2025-10-05 00:00:00+00:00
[2025-10-05T23:19:16.358+0000] {processor.py:208} INFO - Processing /home/airflow/.local/lib/python3.12/site-packages/airflow/example_dags/example_outlet_event_extra.py took 0.286 seconds
[2025-10-05T23:20:07.994+0000] {processor.py:186} INFO - Started process (PID=1147) to work on /home/airflow/.local/lib/python3.12/site-packages/airflow/example_dags/example_outlet_event_extra.py
[2025-10-05T23:20:07.995+0000] {processor.py:914} INFO - Processing file /home/airflow/.local/lib/python3.12/site-packages/airflow/example_dags/example_outlet_event_extra.py for tasks to queue
[2025-10-05T23:20:07.998+0000] {logging_mixin.py:190} INFO - [2025-10-05T23:20:07.998+0000] {dagbag.py:588} INFO - Filling up the DagBag from /home/airflow/.local/lib/python3.12/site-packages/airflow/example_dags/example_outlet_event_extra.py
[2025-10-05T23:20:08.173+0000] {processor.py:925} INFO - DAG(s) 'dataset_with_extra_by_yield', 'dataset_with_extra_from_classic_operator', 'dataset_with_extra_by_context' retrieved from /home/airflow/.local/lib/python3.12/site-packages/airflow/example_dags/example_outlet_event_extra.py
[2025-10-05T23:20:08.205+0000] {logging_mixin.py:190} INFO - [2025-10-05T23:20:08.205+0000] {dag.py:3239} INFO - Sync 3 DAGs
[2025-10-05T23:20:08.242+0000] {logging_mixin.py:190} INFO - [2025-10-05T23:20:08.242+0000] {dag.py:4180} INFO - Setting next_dagrun for dataset_with_extra_by_context to 2025-10-04 00:00:00+00:00, run_after=2025-10-05 00:00:00+00:00
[2025-10-05T23:20:08.250+0000] {logging_mixin.py:190} INFO - [2025-10-05T23:20:08.250+0000] {dag.py:4180} INFO - Setting next_dagrun for dataset_with_extra_by_yield to 2025-10-04 00:00:00+00:00, run_after=2025-10-05 00:00:00+00:00
[2025-10-05T23:20:08.253+0000] {logging_mixin.py:190} INFO - [2025-10-05T23:20:08.253+0000] {dag.py:4180} INFO - Setting next_dagrun for dataset_with_extra_from_classic_operator to 2025-10-04 00:00:00+00:00, run_after=2025-10-05 00:00:00+00:00
[2025-10-05T23:20:08.283+0000] {processor.py:208} INFO - Processing /home/airflow/.local/lib/python3.12/site-packages/airflow/example_dags/example_outlet_event_extra.py took 0.297 seconds
[2025-10-05T23:20:38.600+0000] {processor.py:186} INFO - Started process (PID=1210) to work on /home/airflow/.local/lib/python3.12/site-packages/airflow/example_dags/example_outlet_event_extra.py
[2025-10-05T23:20:38.601+0000] {processor.py:914} INFO - Processing file /home/airflow/.local/lib/python3.12/site-packages/airflow/example_dags/example_outlet_event_extra.py for tasks to queue
[2025-10-05T23:20:38.605+0000] {logging_mixin.py:190} INFO - [2025-10-05T23:20:38.604+0000] {dagbag.py:588} INFO - Filling up the DagBag from /home/airflow/.local/lib/python3.12/site-packages/airflow/example_dags/example_outlet_event_extra.py
[2025-10-05T23:20:38.851+0000] {processor.py:925} INFO - DAG(s) 'dataset_with_extra_from_classic_operator', 'dataset_with_extra_by_context', 'dataset_with_extra_by_yield' retrieved from /home/airflow/.local/lib/python3.12/site-packages/airflow/example_dags/example_outlet_event_extra.py
[2025-10-05T23:20:38.897+0000] {logging_mixin.py:190} INFO - [2025-10-05T23:20:38.896+0000] {dag.py:3239} INFO - Sync 3 DAGs
[2025-10-05T23:20:38.946+0000] {logging_mixin.py:190} INFO - [2025-10-05T23:20:38.946+0000] {dag.py:4180} INFO - Setting next_dagrun for dataset_with_extra_by_context to 2025-10-04 00:00:00+00:00, run_after=2025-10-05 00:00:00+00:00
[2025-10-05T23:20:38.953+0000] {logging_mixin.py:190} INFO - [2025-10-05T23:20:38.953+0000] {dag.py:4180} INFO - Setting next_dagrun for dataset_with_extra_by_yield to 2025-10-04 00:00:00+00:00, run_after=2025-10-05 00:00:00+00:00
[2025-10-05T23:20:38.959+0000] {logging_mixin.py:190} INFO - [2025-10-05T23:20:38.958+0000] {dag.py:4180} INFO - Setting next_dagrun for dataset_with_extra_from_classic_operator to 2025-10-04 00:00:00+00:00, run_after=2025-10-05 00:00:00+00:00
[2025-10-05T23:20:39.005+0000] {processor.py:208} INFO - Processing /home/airflow/.local/lib/python3.12/site-packages/airflow/example_dags/example_outlet_event_extra.py took 0.412 seconds
[2025-10-05T23:21:19.653+0000] {processor.py:186} INFO - Started process (PID=1268) to work on /home/airflow/.local/lib/python3.12/site-packages/airflow/example_dags/example_outlet_event_extra.py
[2025-10-05T23:21:19.654+0000] {processor.py:914} INFO - Processing file /home/airflow/.local/lib/python3.12/site-packages/airflow/example_dags/example_outlet_event_extra.py for tasks to queue
[2025-10-05T23:21:19.658+0000] {logging_mixin.py:190} INFO - [2025-10-05T23:21:19.657+0000] {dagbag.py:588} INFO - Filling up the DagBag from /home/airflow/.local/lib/python3.12/site-packages/airflow/example_dags/example_outlet_event_extra.py
[2025-10-05T23:21:19.848+0000] {processor.py:925} INFO - DAG(s) 'dataset_with_extra_by_yield', 'dataset_with_extra_from_classic_operator', 'dataset_with_extra_by_context' retrieved from /home/airflow/.local/lib/python3.12/site-packages/airflow/example_dags/example_outlet_event_extra.py
[2025-10-05T23:21:19.890+0000] {logging_mixin.py:190} INFO - [2025-10-05T23:21:19.889+0000] {dag.py:3239} INFO - Sync 3 DAGs
[2025-10-05T23:21:19.939+0000] {logging_mixin.py:190} INFO - [2025-10-05T23:21:19.939+0000] {dag.py:4180} INFO - Setting next_dagrun for dataset_with_extra_by_context to 2025-10-04 00:00:00+00:00, run_after=2025-10-05 00:00:00+00:00
[2025-10-05T23:21:19.949+0000] {logging_mixin.py:190} INFO - [2025-10-05T23:21:19.948+0000] {dag.py:4180} INFO - Setting next_dagrun for dataset_with_extra_by_yield to 2025-10-04 00:00:00+00:00, run_after=2025-10-05 00:00:00+00:00
[2025-10-05T23:21:19.954+0000] {logging_mixin.py:190} INFO - [2025-10-05T23:21:19.954+0000] {dag.py:4180} INFO - Setting next_dagrun for dataset_with_extra_from_classic_operator to 2025-10-04 00:00:00+00:00, run_after=2025-10-05 00:00:00+00:00
[2025-10-05T23:21:19.989+0000] {processor.py:208} INFO - Processing /home/airflow/.local/lib/python3.12/site-packages/airflow/example_dags/example_outlet_event_extra.py took 0.344 seconds
[2025-10-05T23:26:46.036+0000] {processor.py:186} INFO - Started process (PID=1362) to work on /home/airflow/.local/lib/python3.12/site-packages/airflow/example_dags/example_outlet_event_extra.py
[2025-10-05T23:26:46.039+0000] {processor.py:914} INFO - Processing file /home/airflow/.local/lib/python3.12/site-packages/airflow/example_dags/example_outlet_event_extra.py for tasks to queue
[2025-10-05T23:26:46.042+0000] {logging_mixin.py:190} INFO - [2025-10-05T23:26:46.041+0000] {dagbag.py:588} INFO - Filling up the DagBag from /home/airflow/.local/lib/python3.12/site-packages/airflow/example_dags/example_outlet_event_extra.py
[2025-10-05T23:26:46.535+0000] {processor.py:925} INFO - DAG(s) 'dataset_with_extra_by_context', 'dataset_with_extra_by_yield', 'dataset_with_extra_from_classic_operator' retrieved from /home/airflow/.local/lib/python3.12/site-packages/airflow/example_dags/example_outlet_event_extra.py
[2025-10-05T23:26:46.608+0000] {logging_mixin.py:190} INFO - [2025-10-05T23:26:46.608+0000] {dag.py:3239} INFO - Sync 3 DAGs
[2025-10-05T23:26:46.679+0000] {logging_mixin.py:190} INFO - [2025-10-05T23:26:46.678+0000] {dag.py:4180} INFO - Setting next_dagrun for dataset_with_extra_by_context to 2025-10-04 00:00:00+00:00, run_after=2025-10-05 00:00:00+00:00
[2025-10-05T23:26:46.689+0000] {logging_mixin.py:190} INFO - [2025-10-05T23:26:46.689+0000] {dag.py:4180} INFO - Setting next_dagrun for dataset_with_extra_by_yield to 2025-10-04 00:00:00+00:00, run_after=2025-10-05 00:00:00+00:00
[2025-10-05T23:26:46.696+0000] {logging_mixin.py:190} INFO - [2025-10-05T23:26:46.695+0000] {dag.py:4180} INFO - Setting next_dagrun for dataset_with_extra_from_classic_operator to 2025-10-04 00:00:00+00:00, run_after=2025-10-05 00:00:00+00:00
[2025-10-05T23:26:46.759+0000] {processor.py:208} INFO - Processing /home/airflow/.local/lib/python3.12/site-packages/airflow/example_dags/example_outlet_event_extra.py took 0.734 seconds
