[2025-10-05T23:10:43.466+0000] {processor.py:186} INFO - Started process (PID=92) to work on /home/airflow/.local/lib/python3.12/site-packages/airflow/example_dags/example_skip_dag.py
[2025-10-05T23:10:43.472+0000] {processor.py:914} INFO - Processing file /home/airflow/.local/lib/python3.12/site-packages/airflow/example_dags/example_skip_dag.py for tasks to queue
[2025-10-05T23:10:43.482+0000] {logging_mixin.py:190} INFO - [2025-10-05T23:10:43.481+0000] {dagbag.py:588} INFO - Filling up the DagBag from /home/airflow/.local/lib/python3.12/site-packages/airflow/example_dags/example_skip_dag.py
[2025-10-05T23:10:43.516+0000] {processor.py:925} INFO - DAG(s) 'example_skip_dag' retrieved from /home/airflow/.local/lib/python3.12/site-packages/airflow/example_dags/example_skip_dag.py
[2025-10-05T23:10:45.342+0000] {logging_mixin.py:190} INFO - [2025-10-05T23:10:45.333+0000] {override.py:1900} INFO - Created Permission View: can edit on DAG:example_skip_dag
[2025-10-05T23:10:45.397+0000] {logging_mixin.py:190} INFO - [2025-10-05T23:10:45.396+0000] {override.py:1900} INFO - Created Permission View: can delete on DAG:example_skip_dag
[2025-10-05T23:10:45.421+0000] {logging_mixin.py:190} INFO - [2025-10-05T23:10:45.421+0000] {override.py:1900} INFO - Created Permission View: can read on DAG:example_skip_dag
[2025-10-05T23:10:45.489+0000] {logging_mixin.py:190} INFO - [2025-10-05T23:10:45.487+0000] {override.py:1900} INFO - Created Permission View: can create on DAG Run:example_skip_dag
[2025-10-05T23:10:45.702+0000] {logging_mixin.py:190} INFO - [2025-10-05T23:10:45.700+0000] {override.py:1900} INFO - Created Permission View: menu access on DAG Run:example_skip_dag
[2025-10-05T23:10:45.775+0000] {logging_mixin.py:190} INFO - [2025-10-05T23:10:45.773+0000] {override.py:1900} INFO - Created Permission View: can delete on DAG Run:example_skip_dag
[2025-10-05T23:10:45.836+0000] {logging_mixin.py:190} INFO - [2025-10-05T23:10:45.835+0000] {override.py:1900} INFO - Created Permission View: can read on DAG Run:example_skip_dag
[2025-10-05T23:10:45.840+0000] {logging_mixin.py:190} INFO - [2025-10-05T23:10:45.839+0000] {dag.py:3239} INFO - Sync 1 DAGs
[2025-10-05T23:10:45.902+0000] {logging_mixin.py:190} INFO - [2025-10-05T23:10:45.901+0000] {dag.py:3262} INFO - Creating ORM DAG for example_skip_dag
[2025-10-05T23:10:46.016+0000] {logging_mixin.py:190} INFO - [2025-10-05T23:10:46.015+0000] {dag.py:4180} INFO - Setting next_dagrun for example_skip_dag to 2025-10-04 00:00:00+00:00, run_after=2025-10-05 00:00:00+00:00
[2025-10-05T23:10:46.105+0000] {processor.py:208} INFO - Processing /home/airflow/.local/lib/python3.12/site-packages/airflow/example_dags/example_skip_dag.py took 2.668 seconds
[2025-10-05T23:11:24.557+0000] {processor.py:186} INFO - Started process (PID=155) to work on /home/airflow/.local/lib/python3.12/site-packages/airflow/example_dags/example_skip_dag.py
[2025-10-05T23:11:24.594+0000] {processor.py:914} INFO - Processing file /home/airflow/.local/lib/python3.12/site-packages/airflow/example_dags/example_skip_dag.py for tasks to queue
[2025-10-05T23:11:24.639+0000] {logging_mixin.py:190} INFO - [2025-10-05T23:11:24.638+0000] {dagbag.py:588} INFO - Filling up the DagBag from /home/airflow/.local/lib/python3.12/site-packages/airflow/example_dags/example_skip_dag.py
[2025-10-05T23:11:24.673+0000] {processor.py:925} INFO - DAG(s) 'example_skip_dag' retrieved from /home/airflow/.local/lib/python3.12/site-packages/airflow/example_dags/example_skip_dag.py
[2025-10-05T23:11:24.961+0000] {logging_mixin.py:190} INFO - [2025-10-05T23:11:24.961+0000] {dag.py:3239} INFO - Sync 1 DAGs
[2025-10-05T23:11:25.097+0000] {logging_mixin.py:190} INFO - [2025-10-05T23:11:25.096+0000] {dag.py:4180} INFO - Setting next_dagrun for example_skip_dag to 2025-10-04 00:00:00+00:00, run_after=2025-10-05 00:00:00+00:00
[2025-10-05T23:11:25.619+0000] {processor.py:208} INFO - Processing /home/airflow/.local/lib/python3.12/site-packages/airflow/example_dags/example_skip_dag.py took 1.079 seconds
[2025-10-05T23:11:56.223+0000] {processor.py:186} INFO - Started process (PID=218) to work on /home/airflow/.local/lib/python3.12/site-packages/airflow/example_dags/example_skip_dag.py
[2025-10-05T23:11:56.227+0000] {processor.py:914} INFO - Processing file /home/airflow/.local/lib/python3.12/site-packages/airflow/example_dags/example_skip_dag.py for tasks to queue
[2025-10-05T23:11:56.234+0000] {logging_mixin.py:190} INFO - [2025-10-05T23:11:56.234+0000] {dagbag.py:588} INFO - Filling up the DagBag from /home/airflow/.local/lib/python3.12/site-packages/airflow/example_dags/example_skip_dag.py
[2025-10-05T23:11:56.253+0000] {processor.py:925} INFO - DAG(s) 'example_skip_dag' retrieved from /home/airflow/.local/lib/python3.12/site-packages/airflow/example_dags/example_skip_dag.py
[2025-10-05T23:11:56.306+0000] {logging_mixin.py:190} INFO - [2025-10-05T23:11:56.306+0000] {dag.py:3239} INFO - Sync 1 DAGs
[2025-10-05T23:11:56.366+0000] {logging_mixin.py:190} INFO - [2025-10-05T23:11:56.365+0000] {dag.py:4180} INFO - Setting next_dagrun for example_skip_dag to 2025-10-04 00:00:00+00:00, run_after=2025-10-05 00:00:00+00:00
[2025-10-05T23:11:56.417+0000] {processor.py:208} INFO - Processing /home/airflow/.local/lib/python3.12/site-packages/airflow/example_dags/example_skip_dag.py took 0.210 seconds
[2025-10-05T23:12:27.464+0000] {processor.py:186} INFO - Started process (PID=281) to work on /home/airflow/.local/lib/python3.12/site-packages/airflow/example_dags/example_skip_dag.py
[2025-10-05T23:12:27.467+0000] {processor.py:914} INFO - Processing file /home/airflow/.local/lib/python3.12/site-packages/airflow/example_dags/example_skip_dag.py for tasks to queue
[2025-10-05T23:12:27.476+0000] {logging_mixin.py:190} INFO - [2025-10-05T23:12:27.475+0000] {dagbag.py:588} INFO - Filling up the DagBag from /home/airflow/.local/lib/python3.12/site-packages/airflow/example_dags/example_skip_dag.py
[2025-10-05T23:12:27.503+0000] {processor.py:925} INFO - DAG(s) 'example_skip_dag' retrieved from /home/airflow/.local/lib/python3.12/site-packages/airflow/example_dags/example_skip_dag.py
[2025-10-05T23:12:27.581+0000] {logging_mixin.py:190} INFO - [2025-10-05T23:12:27.580+0000] {dag.py:3239} INFO - Sync 1 DAGs
[2025-10-05T23:12:27.641+0000] {logging_mixin.py:190} INFO - [2025-10-05T23:12:27.641+0000] {dag.py:4180} INFO - Setting next_dagrun for example_skip_dag to 2025-10-04 00:00:00+00:00, run_after=2025-10-05 00:00:00+00:00
[2025-10-05T23:12:27.679+0000] {processor.py:208} INFO - Processing /home/airflow/.local/lib/python3.12/site-packages/airflow/example_dags/example_skip_dag.py took 0.233 seconds
[2025-10-05T23:12:58.520+0000] {processor.py:186} INFO - Started process (PID=344) to work on /home/airflow/.local/lib/python3.12/site-packages/airflow/example_dags/example_skip_dag.py
[2025-10-05T23:12:58.522+0000] {processor.py:914} INFO - Processing file /home/airflow/.local/lib/python3.12/site-packages/airflow/example_dags/example_skip_dag.py for tasks to queue
[2025-10-05T23:12:58.527+0000] {logging_mixin.py:190} INFO - [2025-10-05T23:12:58.526+0000] {dagbag.py:588} INFO - Filling up the DagBag from /home/airflow/.local/lib/python3.12/site-packages/airflow/example_dags/example_skip_dag.py
[2025-10-05T23:12:58.537+0000] {processor.py:925} INFO - DAG(s) 'example_skip_dag' retrieved from /home/airflow/.local/lib/python3.12/site-packages/airflow/example_dags/example_skip_dag.py
[2025-10-05T23:12:58.568+0000] {logging_mixin.py:190} INFO - [2025-10-05T23:12:58.568+0000] {dag.py:3239} INFO - Sync 1 DAGs
[2025-10-05T23:12:58.603+0000] {logging_mixin.py:190} INFO - [2025-10-05T23:12:58.603+0000] {dag.py:4180} INFO - Setting next_dagrun for example_skip_dag to 2025-10-04 00:00:00+00:00, run_after=2025-10-05 00:00:00+00:00
[2025-10-05T23:12:58.631+0000] {processor.py:208} INFO - Processing /home/airflow/.local/lib/python3.12/site-packages/airflow/example_dags/example_skip_dag.py took 0.118 seconds
[2025-10-05T23:13:29.489+0000] {processor.py:186} INFO - Started process (PID=408) to work on /home/airflow/.local/lib/python3.12/site-packages/airflow/example_dags/example_skip_dag.py
[2025-10-05T23:13:29.491+0000] {processor.py:914} INFO - Processing file /home/airflow/.local/lib/python3.12/site-packages/airflow/example_dags/example_skip_dag.py for tasks to queue
[2025-10-05T23:13:29.499+0000] {logging_mixin.py:190} INFO - [2025-10-05T23:13:29.499+0000] {dagbag.py:588} INFO - Filling up the DagBag from /home/airflow/.local/lib/python3.12/site-packages/airflow/example_dags/example_skip_dag.py
[2025-10-05T23:13:29.508+0000] {processor.py:925} INFO - DAG(s) 'example_skip_dag' retrieved from /home/airflow/.local/lib/python3.12/site-packages/airflow/example_dags/example_skip_dag.py
[2025-10-05T23:13:29.535+0000] {logging_mixin.py:190} INFO - [2025-10-05T23:13:29.535+0000] {dag.py:3239} INFO - Sync 1 DAGs
[2025-10-05T23:13:29.569+0000] {logging_mixin.py:190} INFO - [2025-10-05T23:13:29.569+0000] {dag.py:4180} INFO - Setting next_dagrun for example_skip_dag to 2025-10-04 00:00:00+00:00, run_after=2025-10-05 00:00:00+00:00
[2025-10-05T23:13:29.600+0000] {processor.py:208} INFO - Processing /home/airflow/.local/lib/python3.12/site-packages/airflow/example_dags/example_skip_dag.py took 0.120 seconds
[2025-10-05T23:13:59.845+0000] {processor.py:186} INFO - Started process (PID=470) to work on /home/airflow/.local/lib/python3.12/site-packages/airflow/example_dags/example_skip_dag.py
[2025-10-05T23:13:59.847+0000] {processor.py:914} INFO - Processing file /home/airflow/.local/lib/python3.12/site-packages/airflow/example_dags/example_skip_dag.py for tasks to queue
[2025-10-05T23:13:59.852+0000] {logging_mixin.py:190} INFO - [2025-10-05T23:13:59.852+0000] {dagbag.py:588} INFO - Filling up the DagBag from /home/airflow/.local/lib/python3.12/site-packages/airflow/example_dags/example_skip_dag.py
[2025-10-05T23:13:59.893+0000] {processor.py:925} INFO - DAG(s) 'example_skip_dag' retrieved from /home/airflow/.local/lib/python3.12/site-packages/airflow/example_dags/example_skip_dag.py
[2025-10-05T23:13:59.954+0000] {logging_mixin.py:190} INFO - [2025-10-05T23:13:59.954+0000] {dag.py:3239} INFO - Sync 1 DAGs
[2025-10-05T23:13:59.995+0000] {logging_mixin.py:190} INFO - [2025-10-05T23:13:59.994+0000] {dag.py:4180} INFO - Setting next_dagrun for example_skip_dag to 2025-10-04 00:00:00+00:00, run_after=2025-10-05 00:00:00+00:00
[2025-10-05T23:14:00.048+0000] {processor.py:208} INFO - Processing /home/airflow/.local/lib/python3.12/site-packages/airflow/example_dags/example_skip_dag.py took 0.221 seconds
[2025-10-05T23:14:30.406+0000] {processor.py:186} INFO - Started process (PID=532) to work on /home/airflow/.local/lib/python3.12/site-packages/airflow/example_dags/example_skip_dag.py
[2025-10-05T23:14:30.408+0000] {processor.py:914} INFO - Processing file /home/airflow/.local/lib/python3.12/site-packages/airflow/example_dags/example_skip_dag.py for tasks to queue
[2025-10-05T23:14:30.411+0000] {logging_mixin.py:190} INFO - [2025-10-05T23:14:30.411+0000] {dagbag.py:588} INFO - Filling up the DagBag from /home/airflow/.local/lib/python3.12/site-packages/airflow/example_dags/example_skip_dag.py
[2025-10-05T23:14:30.420+0000] {processor.py:925} INFO - DAG(s) 'example_skip_dag' retrieved from /home/airflow/.local/lib/python3.12/site-packages/airflow/example_dags/example_skip_dag.py
[2025-10-05T23:14:30.444+0000] {logging_mixin.py:190} INFO - [2025-10-05T23:14:30.444+0000] {dag.py:3239} INFO - Sync 1 DAGs
[2025-10-05T23:14:30.471+0000] {logging_mixin.py:190} INFO - [2025-10-05T23:14:30.471+0000] {dag.py:4180} INFO - Setting next_dagrun for example_skip_dag to 2025-10-04 00:00:00+00:00, run_after=2025-10-05 00:00:00+00:00
[2025-10-05T23:14:30.493+0000] {processor.py:208} INFO - Processing /home/airflow/.local/lib/python3.12/site-packages/airflow/example_dags/example_skip_dag.py took 0.094 seconds
[2025-10-05T23:15:09.698+0000] {processor.py:186} INFO - Started process (PID=589) to work on /home/airflow/.local/lib/python3.12/site-packages/airflow/example_dags/example_skip_dag.py
[2025-10-05T23:15:09.700+0000] {processor.py:914} INFO - Processing file /home/airflow/.local/lib/python3.12/site-packages/airflow/example_dags/example_skip_dag.py for tasks to queue
[2025-10-05T23:15:09.705+0000] {logging_mixin.py:190} INFO - [2025-10-05T23:15:09.705+0000] {dagbag.py:588} INFO - Filling up the DagBag from /home/airflow/.local/lib/python3.12/site-packages/airflow/example_dags/example_skip_dag.py
[2025-10-05T23:15:09.726+0000] {processor.py:925} INFO - DAG(s) 'example_skip_dag' retrieved from /home/airflow/.local/lib/python3.12/site-packages/airflow/example_dags/example_skip_dag.py
[2025-10-05T23:15:09.758+0000] {logging_mixin.py:190} INFO - [2025-10-05T23:15:09.758+0000] {dag.py:3239} INFO - Sync 1 DAGs
[2025-10-05T23:15:09.797+0000] {logging_mixin.py:190} INFO - [2025-10-05T23:15:09.797+0000] {dag.py:4180} INFO - Setting next_dagrun for example_skip_dag to 2025-10-04 00:00:00+00:00, run_after=2025-10-05 00:00:00+00:00
[2025-10-05T23:15:09.837+0000] {processor.py:208} INFO - Processing /home/airflow/.local/lib/python3.12/site-packages/airflow/example_dags/example_skip_dag.py took 0.147 seconds
[2025-10-05T23:15:40.055+0000] {processor.py:186} INFO - Started process (PID=651) to work on /home/airflow/.local/lib/python3.12/site-packages/airflow/example_dags/example_skip_dag.py
[2025-10-05T23:15:40.056+0000] {processor.py:914} INFO - Processing file /home/airflow/.local/lib/python3.12/site-packages/airflow/example_dags/example_skip_dag.py for tasks to queue
[2025-10-05T23:15:40.061+0000] {logging_mixin.py:190} INFO - [2025-10-05T23:15:40.060+0000] {dagbag.py:588} INFO - Filling up the DagBag from /home/airflow/.local/lib/python3.12/site-packages/airflow/example_dags/example_skip_dag.py
[2025-10-05T23:15:40.071+0000] {processor.py:925} INFO - DAG(s) 'example_skip_dag' retrieved from /home/airflow/.local/lib/python3.12/site-packages/airflow/example_dags/example_skip_dag.py
[2025-10-05T23:15:40.094+0000] {logging_mixin.py:190} INFO - [2025-10-05T23:15:40.094+0000] {dag.py:3239} INFO - Sync 1 DAGs
[2025-10-05T23:15:40.121+0000] {logging_mixin.py:190} INFO - [2025-10-05T23:15:40.121+0000] {dag.py:4180} INFO - Setting next_dagrun for example_skip_dag to 2025-10-04 00:00:00+00:00, run_after=2025-10-05 00:00:00+00:00
[2025-10-05T23:15:40.142+0000] {processor.py:208} INFO - Processing /home/airflow/.local/lib/python3.12/site-packages/airflow/example_dags/example_skip_dag.py took 0.095 seconds
[2025-10-05T23:16:13.341+0000] {processor.py:186} INFO - Started process (PID=715) to work on /home/airflow/.local/lib/python3.12/site-packages/airflow/example_dags/example_skip_dag.py
[2025-10-05T23:16:13.344+0000] {processor.py:914} INFO - Processing file /home/airflow/.local/lib/python3.12/site-packages/airflow/example_dags/example_skip_dag.py for tasks to queue
[2025-10-05T23:16:13.350+0000] {logging_mixin.py:190} INFO - [2025-10-05T23:16:13.349+0000] {dagbag.py:588} INFO - Filling up the DagBag from /home/airflow/.local/lib/python3.12/site-packages/airflow/example_dags/example_skip_dag.py
[2025-10-05T23:16:13.381+0000] {processor.py:925} INFO - DAG(s) 'example_skip_dag' retrieved from /home/airflow/.local/lib/python3.12/site-packages/airflow/example_dags/example_skip_dag.py
[2025-10-05T23:16:34.848+0000] {logging_mixin.py:190} INFO - [2025-10-05T23:16:34.846+0000] {dag.py:3239} INFO - Sync 1 DAGs
[2025-10-05T23:16:35.027+0000] {logging_mixin.py:190} INFO - [2025-10-05T23:16:35.026+0000] {dag.py:4180} INFO - Setting next_dagrun for example_skip_dag to 2025-10-04 00:00:00+00:00, run_after=2025-10-05 00:00:00+00:00
[2025-10-05T23:16:35.102+0000] {processor.py:208} INFO - Processing /home/airflow/.local/lib/python3.12/site-packages/airflow/example_dags/example_skip_dag.py took 20.635 seconds
[2025-10-05T23:17:05.236+0000] {processor.py:186} INFO - Started process (PID=778) to work on /home/airflow/.local/lib/python3.12/site-packages/airflow/example_dags/example_skip_dag.py
[2025-10-05T23:17:05.237+0000] {processor.py:914} INFO - Processing file /home/airflow/.local/lib/python3.12/site-packages/airflow/example_dags/example_skip_dag.py for tasks to queue
[2025-10-05T23:17:05.240+0000] {logging_mixin.py:190} INFO - [2025-10-05T23:17:05.240+0000] {dagbag.py:588} INFO - Filling up the DagBag from /home/airflow/.local/lib/python3.12/site-packages/airflow/example_dags/example_skip_dag.py
[2025-10-05T23:17:05.251+0000] {processor.py:925} INFO - DAG(s) 'example_skip_dag' retrieved from /home/airflow/.local/lib/python3.12/site-packages/airflow/example_dags/example_skip_dag.py
[2025-10-05T23:17:05.278+0000] {logging_mixin.py:190} INFO - [2025-10-05T23:17:05.278+0000] {dag.py:3239} INFO - Sync 1 DAGs
[2025-10-05T23:17:05.308+0000] {logging_mixin.py:190} INFO - [2025-10-05T23:17:05.308+0000] {dag.py:4180} INFO - Setting next_dagrun for example_skip_dag to 2025-10-04 00:00:00+00:00, run_after=2025-10-05 00:00:00+00:00
[2025-10-05T23:17:05.330+0000] {processor.py:208} INFO - Processing /home/airflow/.local/lib/python3.12/site-packages/airflow/example_dags/example_skip_dag.py took 0.101 seconds
[2025-10-05T23:17:35.705+0000] {processor.py:186} INFO - Started process (PID=841) to work on /home/airflow/.local/lib/python3.12/site-packages/airflow/example_dags/example_skip_dag.py
[2025-10-05T23:17:35.707+0000] {processor.py:914} INFO - Processing file /home/airflow/.local/lib/python3.12/site-packages/airflow/example_dags/example_skip_dag.py for tasks to queue
[2025-10-05T23:17:35.711+0000] {logging_mixin.py:190} INFO - [2025-10-05T23:17:35.711+0000] {dagbag.py:588} INFO - Filling up the DagBag from /home/airflow/.local/lib/python3.12/site-packages/airflow/example_dags/example_skip_dag.py
[2025-10-05T23:17:35.725+0000] {processor.py:925} INFO - DAG(s) 'example_skip_dag' retrieved from /home/airflow/.local/lib/python3.12/site-packages/airflow/example_dags/example_skip_dag.py
[2025-10-05T23:17:35.757+0000] {logging_mixin.py:190} INFO - [2025-10-05T23:17:35.757+0000] {dag.py:3239} INFO - Sync 1 DAGs
[2025-10-05T23:17:35.789+0000] {logging_mixin.py:190} INFO - [2025-10-05T23:17:35.789+0000] {dag.py:4180} INFO - Setting next_dagrun for example_skip_dag to 2025-10-04 00:00:00+00:00, run_after=2025-10-05 00:00:00+00:00
[2025-10-05T23:17:35.812+0000] {processor.py:208} INFO - Processing /home/airflow/.local/lib/python3.12/site-packages/airflow/example_dags/example_skip_dag.py took 0.115 seconds
[2025-10-05T23:18:06.653+0000] {processor.py:186} INFO - Started process (PID=904) to work on /home/airflow/.local/lib/python3.12/site-packages/airflow/example_dags/example_skip_dag.py
[2025-10-05T23:18:06.654+0000] {processor.py:914} INFO - Processing file /home/airflow/.local/lib/python3.12/site-packages/airflow/example_dags/example_skip_dag.py for tasks to queue
[2025-10-05T23:18:06.658+0000] {logging_mixin.py:190} INFO - [2025-10-05T23:18:06.657+0000] {dagbag.py:588} INFO - Filling up the DagBag from /home/airflow/.local/lib/python3.12/site-packages/airflow/example_dags/example_skip_dag.py
[2025-10-05T23:18:06.676+0000] {processor.py:925} INFO - DAG(s) 'example_skip_dag' retrieved from /home/airflow/.local/lib/python3.12/site-packages/airflow/example_dags/example_skip_dag.py
[2025-10-05T23:18:06.718+0000] {logging_mixin.py:190} INFO - [2025-10-05T23:18:06.718+0000] {dag.py:3239} INFO - Sync 1 DAGs
[2025-10-05T23:18:06.748+0000] {logging_mixin.py:190} INFO - [2025-10-05T23:18:06.748+0000] {dag.py:4180} INFO - Setting next_dagrun for example_skip_dag to 2025-10-04 00:00:00+00:00, run_after=2025-10-05 00:00:00+00:00
[2025-10-05T23:18:06.772+0000] {processor.py:208} INFO - Processing /home/airflow/.local/lib/python3.12/site-packages/airflow/example_dags/example_skip_dag.py took 0.127 seconds
[2025-10-05T23:18:36.921+0000] {processor.py:186} INFO - Started process (PID=966) to work on /home/airflow/.local/lib/python3.12/site-packages/airflow/example_dags/example_skip_dag.py
[2025-10-05T23:18:36.923+0000] {processor.py:914} INFO - Processing file /home/airflow/.local/lib/python3.12/site-packages/airflow/example_dags/example_skip_dag.py for tasks to queue
[2025-10-05T23:18:36.929+0000] {logging_mixin.py:190} INFO - [2025-10-05T23:18:36.927+0000] {dagbag.py:588} INFO - Filling up the DagBag from /home/airflow/.local/lib/python3.12/site-packages/airflow/example_dags/example_skip_dag.py
[2025-10-05T23:18:36.951+0000] {processor.py:925} INFO - DAG(s) 'example_skip_dag' retrieved from /home/airflow/.local/lib/python3.12/site-packages/airflow/example_dags/example_skip_dag.py
[2025-10-05T23:18:37.005+0000] {logging_mixin.py:190} INFO - [2025-10-05T23:18:37.004+0000] {dag.py:3239} INFO - Sync 1 DAGs
[2025-10-05T23:18:37.041+0000] {logging_mixin.py:190} INFO - [2025-10-05T23:18:37.041+0000] {dag.py:4180} INFO - Setting next_dagrun for example_skip_dag to 2025-10-04 00:00:00+00:00, run_after=2025-10-05 00:00:00+00:00
[2025-10-05T23:18:37.068+0000] {processor.py:208} INFO - Processing /home/airflow/.local/lib/python3.12/site-packages/airflow/example_dags/example_skip_dag.py took 0.155 seconds
[2025-10-05T23:19:07.965+0000] {processor.py:186} INFO - Started process (PID=1029) to work on /home/airflow/.local/lib/python3.12/site-packages/airflow/example_dags/example_skip_dag.py
[2025-10-05T23:19:07.969+0000] {processor.py:914} INFO - Processing file /home/airflow/.local/lib/python3.12/site-packages/airflow/example_dags/example_skip_dag.py for tasks to queue
[2025-10-05T23:19:07.976+0000] {logging_mixin.py:190} INFO - [2025-10-05T23:19:07.973+0000] {dagbag.py:588} INFO - Filling up the DagBag from /home/airflow/.local/lib/python3.12/site-packages/airflow/example_dags/example_skip_dag.py
[2025-10-05T23:19:08.005+0000] {processor.py:925} INFO - DAG(s) 'example_skip_dag' retrieved from /home/airflow/.local/lib/python3.12/site-packages/airflow/example_dags/example_skip_dag.py
[2025-10-05T23:19:08.307+0000] {logging_mixin.py:190} INFO - [2025-10-05T23:19:08.304+0000] {dag.py:3239} INFO - Sync 1 DAGs
[2025-10-05T23:19:08.345+0000] {logging_mixin.py:190} INFO - [2025-10-05T23:19:08.345+0000] {dag.py:4180} INFO - Setting next_dagrun for example_skip_dag to 2025-10-04 00:00:00+00:00, run_after=2025-10-05 00:00:00+00:00
[2025-10-05T23:19:08.374+0000] {processor.py:208} INFO - Processing /home/airflow/.local/lib/python3.12/site-packages/airflow/example_dags/example_skip_dag.py took 0.426 seconds
[2025-10-05T23:19:38.508+0000] {processor.py:186} INFO - Started process (PID=1092) to work on /home/airflow/.local/lib/python3.12/site-packages/airflow/example_dags/example_skip_dag.py
[2025-10-05T23:19:38.509+0000] {processor.py:914} INFO - Processing file /home/airflow/.local/lib/python3.12/site-packages/airflow/example_dags/example_skip_dag.py for tasks to queue
[2025-10-05T23:19:38.513+0000] {logging_mixin.py:190} INFO - [2025-10-05T23:19:38.513+0000] {dagbag.py:588} INFO - Filling up the DagBag from /home/airflow/.local/lib/python3.12/site-packages/airflow/example_dags/example_skip_dag.py
[2025-10-05T23:19:38.526+0000] {processor.py:925} INFO - DAG(s) 'example_skip_dag' retrieved from /home/airflow/.local/lib/python3.12/site-packages/airflow/example_dags/example_skip_dag.py
[2025-10-05T23:19:38.558+0000] {logging_mixin.py:190} INFO - [2025-10-05T23:19:38.558+0000] {dag.py:3239} INFO - Sync 1 DAGs
[2025-10-05T23:19:38.587+0000] {logging_mixin.py:190} INFO - [2025-10-05T23:19:38.587+0000] {dag.py:4180} INFO - Setting next_dagrun for example_skip_dag to 2025-10-04 00:00:00+00:00, run_after=2025-10-05 00:00:00+00:00
[2025-10-05T23:19:38.614+0000] {processor.py:208} INFO - Processing /home/airflow/.local/lib/python3.12/site-packages/airflow/example_dags/example_skip_dag.py took 0.114 seconds
[2025-10-05T23:20:09.031+0000] {processor.py:186} INFO - Started process (PID=1155) to work on /home/airflow/.local/lib/python3.12/site-packages/airflow/example_dags/example_skip_dag.py
[2025-10-05T23:20:09.032+0000] {processor.py:914} INFO - Processing file /home/airflow/.local/lib/python3.12/site-packages/airflow/example_dags/example_skip_dag.py for tasks to queue
[2025-10-05T23:20:09.036+0000] {logging_mixin.py:190} INFO - [2025-10-05T23:20:09.036+0000] {dagbag.py:588} INFO - Filling up the DagBag from /home/airflow/.local/lib/python3.12/site-packages/airflow/example_dags/example_skip_dag.py
[2025-10-05T23:20:09.049+0000] {processor.py:925} INFO - DAG(s) 'example_skip_dag' retrieved from /home/airflow/.local/lib/python3.12/site-packages/airflow/example_dags/example_skip_dag.py
[2025-10-05T23:20:09.083+0000] {logging_mixin.py:190} INFO - [2025-10-05T23:20:09.083+0000] {dag.py:3239} INFO - Sync 1 DAGs
[2025-10-05T23:20:09.118+0000] {logging_mixin.py:190} INFO - [2025-10-05T23:20:09.118+0000] {dag.py:4180} INFO - Setting next_dagrun for example_skip_dag to 2025-10-04 00:00:00+00:00, run_after=2025-10-05 00:00:00+00:00
[2025-10-05T23:20:09.149+0000] {processor.py:208} INFO - Processing /home/airflow/.local/lib/python3.12/site-packages/airflow/example_dags/example_skip_dag.py took 0.127 seconds
[2025-10-05T23:20:39.437+0000] {processor.py:186} INFO - Started process (PID=1217) to work on /home/airflow/.local/lib/python3.12/site-packages/airflow/example_dags/example_skip_dag.py
[2025-10-05T23:20:39.439+0000] {processor.py:914} INFO - Processing file /home/airflow/.local/lib/python3.12/site-packages/airflow/example_dags/example_skip_dag.py for tasks to queue
[2025-10-05T23:20:39.445+0000] {logging_mixin.py:190} INFO - [2025-10-05T23:20:39.444+0000] {dagbag.py:588} INFO - Filling up the DagBag from /home/airflow/.local/lib/python3.12/site-packages/airflow/example_dags/example_skip_dag.py
[2025-10-05T23:20:39.461+0000] {processor.py:925} INFO - DAG(s) 'example_skip_dag' retrieved from /home/airflow/.local/lib/python3.12/site-packages/airflow/example_dags/example_skip_dag.py
[2025-10-05T23:20:39.507+0000] {logging_mixin.py:190} INFO - [2025-10-05T23:20:39.506+0000] {dag.py:3239} INFO - Sync 1 DAGs
[2025-10-05T23:20:39.555+0000] {logging_mixin.py:190} INFO - [2025-10-05T23:20:39.555+0000] {dag.py:4180} INFO - Setting next_dagrun for example_skip_dag to 2025-10-04 00:00:00+00:00, run_after=2025-10-05 00:00:00+00:00
[2025-10-05T23:20:39.595+0000] {processor.py:208} INFO - Processing /home/airflow/.local/lib/python3.12/site-packages/airflow/example_dags/example_skip_dag.py took 0.170 seconds
[2025-10-05T23:21:17.906+0000] {processor.py:186} INFO - Started process (PID=1255) to work on /home/airflow/.local/lib/python3.12/site-packages/airflow/example_dags/example_skip_dag.py
[2025-10-05T23:21:17.908+0000] {processor.py:914} INFO - Processing file /home/airflow/.local/lib/python3.12/site-packages/airflow/example_dags/example_skip_dag.py for tasks to queue
[2025-10-05T23:21:17.913+0000] {logging_mixin.py:190} INFO - [2025-10-05T23:21:17.912+0000] {dagbag.py:588} INFO - Filling up the DagBag from /home/airflow/.local/lib/python3.12/site-packages/airflow/example_dags/example_skip_dag.py
[2025-10-05T23:21:17.934+0000] {processor.py:925} INFO - DAG(s) 'example_skip_dag' retrieved from /home/airflow/.local/lib/python3.12/site-packages/airflow/example_dags/example_skip_dag.py
[2025-10-05T23:21:17.977+0000] {logging_mixin.py:190} INFO - [2025-10-05T23:21:17.977+0000] {dag.py:3239} INFO - Sync 1 DAGs
[2025-10-05T23:21:18.040+0000] {logging_mixin.py:190} INFO - [2025-10-05T23:21:18.039+0000] {dag.py:4180} INFO - Setting next_dagrun for example_skip_dag to 2025-10-04 00:00:00+00:00, run_after=2025-10-05 00:00:00+00:00
[2025-10-05T23:21:18.085+0000] {processor.py:208} INFO - Processing /home/airflow/.local/lib/python3.12/site-packages/airflow/example_dags/example_skip_dag.py took 0.192 seconds
[2025-10-05T23:26:40.574+0000] {processor.py:186} INFO - Started process (PID=1336) to work on /home/airflow/.local/lib/python3.12/site-packages/airflow/example_dags/example_skip_dag.py
[2025-10-05T23:26:40.577+0000] {processor.py:914} INFO - Processing file /home/airflow/.local/lib/python3.12/site-packages/airflow/example_dags/example_skip_dag.py for tasks to queue
[2025-10-05T23:26:40.582+0000] {logging_mixin.py:190} INFO - [2025-10-05T23:26:40.582+0000] {dagbag.py:588} INFO - Filling up the DagBag from /home/airflow/.local/lib/python3.12/site-packages/airflow/example_dags/example_skip_dag.py
[2025-10-05T23:26:40.609+0000] {processor.py:925} INFO - DAG(s) 'example_skip_dag' retrieved from /home/airflow/.local/lib/python3.12/site-packages/airflow/example_dags/example_skip_dag.py
[2025-10-05T23:26:40.715+0000] {logging_mixin.py:190} INFO - [2025-10-05T23:26:40.714+0000] {dag.py:3239} INFO - Sync 1 DAGs
[2025-10-05T23:26:40.923+0000] {logging_mixin.py:190} INFO - [2025-10-05T23:26:40.923+0000] {dag.py:4180} INFO - Setting next_dagrun for example_skip_dag to 2025-10-04 00:00:00+00:00, run_after=2025-10-05 00:00:00+00:00
[2025-10-05T23:26:41.017+0000] {processor.py:208} INFO - Processing /home/airflow/.local/lib/python3.12/site-packages/airflow/example_dags/example_skip_dag.py took 0.458 seconds
[2025-10-05T23:28:12.691+0000] {processor.py:186} INFO - Started process (PID=1394) to work on /home/airflow/.local/lib/python3.12/site-packages/airflow/example_dags/example_skip_dag.py
[2025-10-05T23:28:12.693+0000] {processor.py:914} INFO - Processing file /home/airflow/.local/lib/python3.12/site-packages/airflow/example_dags/example_skip_dag.py for tasks to queue
[2025-10-05T23:28:12.697+0000] {logging_mixin.py:190} INFO - [2025-10-05T23:28:12.696+0000] {dagbag.py:588} INFO - Filling up the DagBag from /home/airflow/.local/lib/python3.12/site-packages/airflow/example_dags/example_skip_dag.py
[2025-10-05T23:28:12.723+0000] {processor.py:925} INFO - DAG(s) 'example_skip_dag' retrieved from /home/airflow/.local/lib/python3.12/site-packages/airflow/example_dags/example_skip_dag.py
[2025-10-05T23:28:12.781+0000] {logging_mixin.py:190} INFO - [2025-10-05T23:28:12.780+0000] {dag.py:3239} INFO - Sync 1 DAGs
[2025-10-05T23:28:12.844+0000] {logging_mixin.py:190} INFO - [2025-10-05T23:28:12.843+0000] {dag.py:4180} INFO - Setting next_dagrun for example_skip_dag to 2025-10-04 00:00:00+00:00, run_after=2025-10-05 00:00:00+00:00
[2025-10-05T23:28:12.886+0000] {processor.py:208} INFO - Processing /home/airflow/.local/lib/python3.12/site-packages/airflow/example_dags/example_skip_dag.py took 0.208 seconds
