[2025-10-05T23:11:15.543+0000] {processor.py:186} INFO - Started process (PID=129) to work on /home/airflow/.local/lib/python3.12/site-packages/airflow/example_dags/example_sensor_decorator.py
[2025-10-05T23:11:15.546+0000] {processor.py:914} INFO - Processing file /home/airflow/.local/lib/python3.12/site-packages/airflow/example_dags/example_sensor_decorator.py for tasks to queue
[2025-10-05T23:11:15.557+0000] {logging_mixin.py:190} INFO - [2025-10-05T23:11:15.555+0000] {dagbag.py:588} INFO - Filling up the DagBag from /home/airflow/.local/lib/python3.12/site-packages/airflow/example_dags/example_sensor_decorator.py
[2025-10-05T23:11:15.588+0000] {processor.py:925} INFO - DAG(s) 'example_sensor_decorator' retrieved from /home/airflow/.local/lib/python3.12/site-packages/airflow/example_dags/example_sensor_decorator.py
[2025-10-05T23:11:15.940+0000] {logging_mixin.py:190} INFO - [2025-10-05T23:11:15.939+0000] {override.py:1900} INFO - Created Permission View: can edit on DAG:example_sensor_decorator
[2025-10-05T23:11:15.968+0000] {logging_mixin.py:190} INFO - [2025-10-05T23:11:15.968+0000] {override.py:1900} INFO - Created Permission View: can delete on DAG:example_sensor_decorator
[2025-10-05T23:11:15.988+0000] {logging_mixin.py:190} INFO - [2025-10-05T23:11:15.987+0000] {override.py:1900} INFO - Created Permission View: can read on DAG:example_sensor_decorator
[2025-10-05T23:11:16.009+0000] {logging_mixin.py:190} INFO - [2025-10-05T23:11:16.008+0000] {override.py:1900} INFO - Created Permission View: can create on DAG Run:example_sensor_decorator
[2025-10-05T23:11:16.029+0000] {logging_mixin.py:190} INFO - [2025-10-05T23:11:16.028+0000] {override.py:1900} INFO - Created Permission View: menu access on DAG Run:example_sensor_decorator
[2025-10-05T23:11:16.051+0000] {logging_mixin.py:190} INFO - [2025-10-05T23:11:16.050+0000] {override.py:1900} INFO - Created Permission View: can delete on DAG Run:example_sensor_decorator
[2025-10-05T23:11:16.073+0000] {logging_mixin.py:190} INFO - [2025-10-05T23:11:16.072+0000] {override.py:1900} INFO - Created Permission View: can read on DAG Run:example_sensor_decorator
[2025-10-05T23:11:16.074+0000] {logging_mixin.py:190} INFO - [2025-10-05T23:11:16.074+0000] {dag.py:3239} INFO - Sync 1 DAGs
[2025-10-05T23:11:16.114+0000] {logging_mixin.py:190} INFO - [2025-10-05T23:11:16.113+0000] {dag.py:3262} INFO - Creating ORM DAG for example_sensor_decorator
[2025-10-05T23:11:16.117+0000] {logging_mixin.py:190} INFO - [2025-10-05T23:11:16.116+0000] {dag.py:4180} INFO - Setting next_dagrun for example_sensor_decorator to None, run_after=None
[2025-10-05T23:11:16.180+0000] {processor.py:208} INFO - Processing /home/airflow/.local/lib/python3.12/site-packages/airflow/example_dags/example_sensor_decorator.py took 0.655 seconds
[2025-10-05T23:11:47.155+0000] {processor.py:186} INFO - Started process (PID=192) to work on /home/airflow/.local/lib/python3.12/site-packages/airflow/example_dags/example_sensor_decorator.py
[2025-10-05T23:11:47.174+0000] {processor.py:914} INFO - Processing file /home/airflow/.local/lib/python3.12/site-packages/airflow/example_dags/example_sensor_decorator.py for tasks to queue
[2025-10-05T23:11:47.186+0000] {logging_mixin.py:190} INFO - [2025-10-05T23:11:47.185+0000] {dagbag.py:588} INFO - Filling up the DagBag from /home/airflow/.local/lib/python3.12/site-packages/airflow/example_dags/example_sensor_decorator.py
[2025-10-05T23:11:47.218+0000] {processor.py:925} INFO - DAG(s) 'example_sensor_decorator' retrieved from /home/airflow/.local/lib/python3.12/site-packages/airflow/example_dags/example_sensor_decorator.py
[2025-10-05T23:11:47.412+0000] {logging_mixin.py:190} INFO - [2025-10-05T23:11:47.411+0000] {dag.py:3239} INFO - Sync 1 DAGs
[2025-10-05T23:11:47.549+0000] {logging_mixin.py:190} INFO - [2025-10-05T23:11:47.549+0000] {dag.py:4180} INFO - Setting next_dagrun for example_sensor_decorator to None, run_after=None
[2025-10-05T23:11:47.691+0000] {processor.py:208} INFO - Processing /home/airflow/.local/lib/python3.12/site-packages/airflow/example_dags/example_sensor_decorator.py took 0.575 seconds
[2025-10-05T23:12:18.530+0000] {processor.py:186} INFO - Started process (PID=255) to work on /home/airflow/.local/lib/python3.12/site-packages/airflow/example_dags/example_sensor_decorator.py
[2025-10-05T23:12:18.854+0000] {processor.py:914} INFO - Processing file /home/airflow/.local/lib/python3.12/site-packages/airflow/example_dags/example_sensor_decorator.py for tasks to queue
[2025-10-05T23:12:18.874+0000] {logging_mixin.py:190} INFO - [2025-10-05T23:12:18.872+0000] {dagbag.py:588} INFO - Filling up the DagBag from /home/airflow/.local/lib/python3.12/site-packages/airflow/example_dags/example_sensor_decorator.py
[2025-10-05T23:12:18.939+0000] {processor.py:925} INFO - DAG(s) 'example_sensor_decorator' retrieved from /home/airflow/.local/lib/python3.12/site-packages/airflow/example_dags/example_sensor_decorator.py
[2025-10-05T23:12:19.008+0000] {logging_mixin.py:190} INFO - [2025-10-05T23:12:19.008+0000] {dag.py:3239} INFO - Sync 1 DAGs
[2025-10-05T23:12:19.053+0000] {logging_mixin.py:190} INFO - [2025-10-05T23:12:19.052+0000] {dag.py:4180} INFO - Setting next_dagrun for example_sensor_decorator to None, run_after=None
[2025-10-05T23:12:19.102+0000] {processor.py:208} INFO - Processing /home/airflow/.local/lib/python3.12/site-packages/airflow/example_dags/example_sensor_decorator.py took 0.588 seconds
[2025-10-05T23:12:50.201+0000] {processor.py:186} INFO - Started process (PID=318) to work on /home/airflow/.local/lib/python3.12/site-packages/airflow/example_dags/example_sensor_decorator.py
[2025-10-05T23:12:50.204+0000] {processor.py:914} INFO - Processing file /home/airflow/.local/lib/python3.12/site-packages/airflow/example_dags/example_sensor_decorator.py for tasks to queue
[2025-10-05T23:12:50.210+0000] {logging_mixin.py:190} INFO - [2025-10-05T23:12:50.209+0000] {dagbag.py:588} INFO - Filling up the DagBag from /home/airflow/.local/lib/python3.12/site-packages/airflow/example_dags/example_sensor_decorator.py
[2025-10-05T23:12:50.232+0000] {processor.py:925} INFO - DAG(s) 'example_sensor_decorator' retrieved from /home/airflow/.local/lib/python3.12/site-packages/airflow/example_dags/example_sensor_decorator.py
[2025-10-05T23:12:50.289+0000] {logging_mixin.py:190} INFO - [2025-10-05T23:12:50.289+0000] {dag.py:3239} INFO - Sync 1 DAGs
[2025-10-05T23:12:50.318+0000] {logging_mixin.py:190} INFO - [2025-10-05T23:12:50.318+0000] {dag.py:4180} INFO - Setting next_dagrun for example_sensor_decorator to None, run_after=None
[2025-10-05T23:12:50.362+0000] {processor.py:208} INFO - Processing /home/airflow/.local/lib/python3.12/site-packages/airflow/example_dags/example_sensor_decorator.py took 0.176 seconds
[2025-10-05T23:13:21.121+0000] {processor.py:186} INFO - Started process (PID=382) to work on /home/airflow/.local/lib/python3.12/site-packages/airflow/example_dags/example_sensor_decorator.py
[2025-10-05T23:13:21.123+0000] {processor.py:914} INFO - Processing file /home/airflow/.local/lib/python3.12/site-packages/airflow/example_dags/example_sensor_decorator.py for tasks to queue
[2025-10-05T23:13:21.128+0000] {logging_mixin.py:190} INFO - [2025-10-05T23:13:21.127+0000] {dagbag.py:588} INFO - Filling up the DagBag from /home/airflow/.local/lib/python3.12/site-packages/airflow/example_dags/example_sensor_decorator.py
[2025-10-05T23:13:21.145+0000] {processor.py:925} INFO - DAG(s) 'example_sensor_decorator' retrieved from /home/airflow/.local/lib/python3.12/site-packages/airflow/example_dags/example_sensor_decorator.py
[2025-10-05T23:13:21.183+0000] {logging_mixin.py:190} INFO - [2025-10-05T23:13:21.183+0000] {dag.py:3239} INFO - Sync 1 DAGs
[2025-10-05T23:13:21.209+0000] {logging_mixin.py:190} INFO - [2025-10-05T23:13:21.208+0000] {dag.py:4180} INFO - Setting next_dagrun for example_sensor_decorator to None, run_after=None
[2025-10-05T23:13:21.241+0000] {processor.py:208} INFO - Processing /home/airflow/.local/lib/python3.12/site-packages/airflow/example_dags/example_sensor_decorator.py took 0.131 seconds
[2025-10-05T23:13:52.027+0000] {processor.py:186} INFO - Started process (PID=445) to work on /home/airflow/.local/lib/python3.12/site-packages/airflow/example_dags/example_sensor_decorator.py
[2025-10-05T23:13:52.029+0000] {processor.py:914} INFO - Processing file /home/airflow/.local/lib/python3.12/site-packages/airflow/example_dags/example_sensor_decorator.py for tasks to queue
[2025-10-05T23:13:52.032+0000] {logging_mixin.py:190} INFO - [2025-10-05T23:13:52.032+0000] {dagbag.py:588} INFO - Filling up the DagBag from /home/airflow/.local/lib/python3.12/site-packages/airflow/example_dags/example_sensor_decorator.py
[2025-10-05T23:13:52.043+0000] {processor.py:925} INFO - DAG(s) 'example_sensor_decorator' retrieved from /home/airflow/.local/lib/python3.12/site-packages/airflow/example_dags/example_sensor_decorator.py
[2025-10-05T23:13:52.068+0000] {logging_mixin.py:190} INFO - [2025-10-05T23:13:52.067+0000] {dag.py:3239} INFO - Sync 1 DAGs
[2025-10-05T23:13:52.087+0000] {logging_mixin.py:190} INFO - [2025-10-05T23:13:52.087+0000] {dag.py:4180} INFO - Setting next_dagrun for example_sensor_decorator to None, run_after=None
[2025-10-05T23:13:52.112+0000] {processor.py:208} INFO - Processing /home/airflow/.local/lib/python3.12/site-packages/airflow/example_dags/example_sensor_decorator.py took 0.091 seconds
[2025-10-05T23:14:22.353+0000] {processor.py:186} INFO - Started process (PID=508) to work on /home/airflow/.local/lib/python3.12/site-packages/airflow/example_dags/example_sensor_decorator.py
[2025-10-05T23:14:22.355+0000] {processor.py:914} INFO - Processing file /home/airflow/.local/lib/python3.12/site-packages/airflow/example_dags/example_sensor_decorator.py for tasks to queue
[2025-10-05T23:14:22.358+0000] {logging_mixin.py:190} INFO - [2025-10-05T23:14:22.358+0000] {dagbag.py:588} INFO - Filling up the DagBag from /home/airflow/.local/lib/python3.12/site-packages/airflow/example_dags/example_sensor_decorator.py
[2025-10-05T23:14:22.369+0000] {processor.py:925} INFO - DAG(s) 'example_sensor_decorator' retrieved from /home/airflow/.local/lib/python3.12/site-packages/airflow/example_dags/example_sensor_decorator.py
[2025-10-05T23:14:22.396+0000] {logging_mixin.py:190} INFO - [2025-10-05T23:14:22.396+0000] {dag.py:3239} INFO - Sync 1 DAGs
[2025-10-05T23:14:22.425+0000] {logging_mixin.py:190} INFO - [2025-10-05T23:14:22.425+0000] {dag.py:4180} INFO - Setting next_dagrun for example_sensor_decorator to None, run_after=None
[2025-10-05T23:14:22.505+0000] {processor.py:208} INFO - Processing /home/airflow/.local/lib/python3.12/site-packages/airflow/example_dags/example_sensor_decorator.py took 0.161 seconds
[2025-10-05T23:15:01.504+0000] {processor.py:186} INFO - Started process (PID=571) to work on /home/airflow/.local/lib/python3.12/site-packages/airflow/example_dags/example_sensor_decorator.py
[2025-10-05T23:15:01.533+0000] {processor.py:914} INFO - Processing file /home/airflow/.local/lib/python3.12/site-packages/airflow/example_dags/example_sensor_decorator.py for tasks to queue
[2025-10-05T23:15:01.537+0000] {logging_mixin.py:190} INFO - [2025-10-05T23:15:01.536+0000] {dagbag.py:588} INFO - Filling up the DagBag from /home/airflow/.local/lib/python3.12/site-packages/airflow/example_dags/example_sensor_decorator.py
[2025-10-05T23:15:01.547+0000] {processor.py:925} INFO - DAG(s) 'example_sensor_decorator' retrieved from /home/airflow/.local/lib/python3.12/site-packages/airflow/example_dags/example_sensor_decorator.py
[2025-10-05T23:15:01.570+0000] {logging_mixin.py:190} INFO - [2025-10-05T23:15:01.570+0000] {dag.py:3239} INFO - Sync 1 DAGs
[2025-10-05T23:15:01.589+0000] {logging_mixin.py:190} INFO - [2025-10-05T23:15:01.588+0000] {dag.py:4180} INFO - Setting next_dagrun for example_sensor_decorator to None, run_after=None
[2025-10-05T23:15:03.606+0000] {processor.py:208} INFO - Processing /home/airflow/.local/lib/python3.12/site-packages/airflow/example_dags/example_sensor_decorator.py took 2.111 seconds
[2025-10-05T23:15:33.768+0000] {processor.py:186} INFO - Started process (PID=633) to work on /home/airflow/.local/lib/python3.12/site-packages/airflow/example_dags/example_sensor_decorator.py
[2025-10-05T23:15:33.772+0000] {processor.py:914} INFO - Processing file /home/airflow/.local/lib/python3.12/site-packages/airflow/example_dags/example_sensor_decorator.py for tasks to queue
[2025-10-05T23:15:33.778+0000] {logging_mixin.py:190} INFO - [2025-10-05T23:15:33.777+0000] {dagbag.py:588} INFO - Filling up the DagBag from /home/airflow/.local/lib/python3.12/site-packages/airflow/example_dags/example_sensor_decorator.py
[2025-10-05T23:15:33.809+0000] {processor.py:925} INFO - DAG(s) 'example_sensor_decorator' retrieved from /home/airflow/.local/lib/python3.12/site-packages/airflow/example_dags/example_sensor_decorator.py
[2025-10-05T23:15:34.217+0000] {logging_mixin.py:190} INFO - [2025-10-05T23:15:34.209+0000] {dag.py:3239} INFO - Sync 1 DAGs
[2025-10-05T23:15:34.264+0000] {logging_mixin.py:190} INFO - [2025-10-05T23:15:34.264+0000] {dag.py:4180} INFO - Setting next_dagrun for example_sensor_decorator to None, run_after=None
[2025-10-05T23:15:34.363+0000] {processor.py:208} INFO - Processing /home/airflow/.local/lib/python3.12/site-packages/airflow/example_dags/example_sensor_decorator.py took 0.610 seconds
[2025-10-05T23:16:04.924+0000] {processor.py:186} INFO - Started process (PID=696) to work on /home/airflow/.local/lib/python3.12/site-packages/airflow/example_dags/example_sensor_decorator.py
[2025-10-05T23:16:04.926+0000] {processor.py:914} INFO - Processing file /home/airflow/.local/lib/python3.12/site-packages/airflow/example_dags/example_sensor_decorator.py for tasks to queue
[2025-10-05T23:16:04.929+0000] {logging_mixin.py:190} INFO - [2025-10-05T23:16:04.928+0000] {dagbag.py:588} INFO - Filling up the DagBag from /home/airflow/.local/lib/python3.12/site-packages/airflow/example_dags/example_sensor_decorator.py
[2025-10-05T23:16:04.939+0000] {processor.py:925} INFO - DAG(s) 'example_sensor_decorator' retrieved from /home/airflow/.local/lib/python3.12/site-packages/airflow/example_dags/example_sensor_decorator.py
[2025-10-05T23:16:04.961+0000] {logging_mixin.py:190} INFO - [2025-10-05T23:16:04.961+0000] {dag.py:3239} INFO - Sync 1 DAGs
[2025-10-05T23:16:04.978+0000] {logging_mixin.py:190} INFO - [2025-10-05T23:16:04.978+0000] {dag.py:4180} INFO - Setting next_dagrun for example_sensor_decorator to None, run_after=None
[2025-10-05T23:16:05.000+0000] {processor.py:208} INFO - Processing /home/airflow/.local/lib/python3.12/site-packages/airflow/example_dags/example_sensor_decorator.py took 0.091 seconds
[2025-10-05T23:16:41.110+0000] {processor.py:186} INFO - Started process (PID=758) to work on /home/airflow/.local/lib/python3.12/site-packages/airflow/example_dags/example_sensor_decorator.py
[2025-10-05T23:16:41.113+0000] {processor.py:914} INFO - Processing file /home/airflow/.local/lib/python3.12/site-packages/airflow/example_dags/example_sensor_decorator.py for tasks to queue
[2025-10-05T23:16:41.120+0000] {logging_mixin.py:190} INFO - [2025-10-05T23:16:41.118+0000] {dagbag.py:588} INFO - Filling up the DagBag from /home/airflow/.local/lib/python3.12/site-packages/airflow/example_dags/example_sensor_decorator.py
[2025-10-05T23:16:41.138+0000] {processor.py:925} INFO - DAG(s) 'example_sensor_decorator' retrieved from /home/airflow/.local/lib/python3.12/site-packages/airflow/example_dags/example_sensor_decorator.py
[2025-10-05T23:16:41.183+0000] {logging_mixin.py:190} INFO - [2025-10-05T23:16:41.182+0000] {dag.py:3239} INFO - Sync 1 DAGs
[2025-10-05T23:16:41.215+0000] {logging_mixin.py:190} INFO - [2025-10-05T23:16:41.214+0000] {dag.py:4180} INFO - Setting next_dagrun for example_sensor_decorator to None, run_after=None
[2025-10-05T23:16:41.260+0000] {processor.py:208} INFO - Processing /home/airflow/.local/lib/python3.12/site-packages/airflow/example_dags/example_sensor_decorator.py took 0.161 seconds
[2025-10-05T23:17:11.687+0000] {processor.py:186} INFO - Started process (PID=822) to work on /home/airflow/.local/lib/python3.12/site-packages/airflow/example_dags/example_sensor_decorator.py
[2025-10-05T23:17:11.688+0000] {processor.py:914} INFO - Processing file /home/airflow/.local/lib/python3.12/site-packages/airflow/example_dags/example_sensor_decorator.py for tasks to queue
[2025-10-05T23:17:11.692+0000] {logging_mixin.py:190} INFO - [2025-10-05T23:17:11.692+0000] {dagbag.py:588} INFO - Filling up the DagBag from /home/airflow/.local/lib/python3.12/site-packages/airflow/example_dags/example_sensor_decorator.py
[2025-10-05T23:17:11.706+0000] {processor.py:925} INFO - DAG(s) 'example_sensor_decorator' retrieved from /home/airflow/.local/lib/python3.12/site-packages/airflow/example_dags/example_sensor_decorator.py
[2025-10-05T23:17:11.755+0000] {logging_mixin.py:190} INFO - [2025-10-05T23:17:11.755+0000] {dag.py:3239} INFO - Sync 1 DAGs
[2025-10-05T23:17:11.780+0000] {logging_mixin.py:190} INFO - [2025-10-05T23:17:11.779+0000] {dag.py:4180} INFO - Setting next_dagrun for example_sensor_decorator to None, run_after=None
[2025-10-05T23:17:11.816+0000] {processor.py:208} INFO - Processing /home/airflow/.local/lib/python3.12/site-packages/airflow/example_dags/example_sensor_decorator.py took 0.139 seconds
[2025-10-05T23:17:42.358+0000] {processor.py:186} INFO - Started process (PID=884) to work on /home/airflow/.local/lib/python3.12/site-packages/airflow/example_dags/example_sensor_decorator.py
[2025-10-05T23:17:42.360+0000] {processor.py:914} INFO - Processing file /home/airflow/.local/lib/python3.12/site-packages/airflow/example_dags/example_sensor_decorator.py for tasks to queue
[2025-10-05T23:17:42.364+0000] {logging_mixin.py:190} INFO - [2025-10-05T23:17:42.364+0000] {dagbag.py:588} INFO - Filling up the DagBag from /home/airflow/.local/lib/python3.12/site-packages/airflow/example_dags/example_sensor_decorator.py
[2025-10-05T23:17:42.378+0000] {processor.py:925} INFO - DAG(s) 'example_sensor_decorator' retrieved from /home/airflow/.local/lib/python3.12/site-packages/airflow/example_dags/example_sensor_decorator.py
[2025-10-05T23:17:42.400+0000] {logging_mixin.py:190} INFO - [2025-10-05T23:17:42.400+0000] {dag.py:3239} INFO - Sync 1 DAGs
[2025-10-05T23:17:42.416+0000] {logging_mixin.py:190} INFO - [2025-10-05T23:17:42.416+0000] {dag.py:4180} INFO - Setting next_dagrun for example_sensor_decorator to None, run_after=None
[2025-10-05T23:17:42.440+0000] {processor.py:208} INFO - Processing /home/airflow/.local/lib/python3.12/site-packages/airflow/example_dags/example_sensor_decorator.py took 0.094 seconds
[2025-10-05T23:18:13.890+0000] {processor.py:186} INFO - Started process (PID=948) to work on /home/airflow/.local/lib/python3.12/site-packages/airflow/example_dags/example_sensor_decorator.py
[2025-10-05T23:18:13.892+0000] {processor.py:914} INFO - Processing file /home/airflow/.local/lib/python3.12/site-packages/airflow/example_dags/example_sensor_decorator.py for tasks to queue
[2025-10-05T23:18:13.899+0000] {logging_mixin.py:190} INFO - [2025-10-05T23:18:13.898+0000] {dagbag.py:588} INFO - Filling up the DagBag from /home/airflow/.local/lib/python3.12/site-packages/airflow/example_dags/example_sensor_decorator.py
[2025-10-05T23:18:13.914+0000] {processor.py:925} INFO - DAG(s) 'example_sensor_decorator' retrieved from /home/airflow/.local/lib/python3.12/site-packages/airflow/example_dags/example_sensor_decorator.py
[2025-10-05T23:18:13.945+0000] {logging_mixin.py:190} INFO - [2025-10-05T23:18:13.945+0000] {dag.py:3239} INFO - Sync 1 DAGs
[2025-10-05T23:18:13.971+0000] {logging_mixin.py:190} INFO - [2025-10-05T23:18:13.971+0000] {dag.py:4180} INFO - Setting next_dagrun for example_sensor_decorator to None, run_after=None
[2025-10-05T23:18:14.003+0000] {processor.py:208} INFO - Processing /home/airflow/.local/lib/python3.12/site-packages/airflow/example_dags/example_sensor_decorator.py took 0.121 seconds
[2025-10-05T23:18:45.346+0000] {processor.py:186} INFO - Started process (PID=1013) to work on /home/airflow/.local/lib/python3.12/site-packages/airflow/example_dags/example_sensor_decorator.py
[2025-10-05T23:18:45.347+0000] {processor.py:914} INFO - Processing file /home/airflow/.local/lib/python3.12/site-packages/airflow/example_dags/example_sensor_decorator.py for tasks to queue
[2025-10-05T23:18:45.350+0000] {logging_mixin.py:190} INFO - [2025-10-05T23:18:45.350+0000] {dagbag.py:588} INFO - Filling up the DagBag from /home/airflow/.local/lib/python3.12/site-packages/airflow/example_dags/example_sensor_decorator.py
[2025-10-05T23:18:45.361+0000] {processor.py:925} INFO - DAG(s) 'example_sensor_decorator' retrieved from /home/airflow/.local/lib/python3.12/site-packages/airflow/example_dags/example_sensor_decorator.py
[2025-10-05T23:18:45.388+0000] {logging_mixin.py:190} INFO - [2025-10-05T23:18:45.387+0000] {dag.py:3239} INFO - Sync 1 DAGs
[2025-10-05T23:18:45.405+0000] {logging_mixin.py:190} INFO - [2025-10-05T23:18:45.404+0000] {dag.py:4180} INFO - Setting next_dagrun for example_sensor_decorator to None, run_after=None
[2025-10-05T23:18:45.427+0000] {processor.py:208} INFO - Processing /home/airflow/.local/lib/python3.12/site-packages/airflow/example_dags/example_sensor_decorator.py took 0.088 seconds
[2025-10-05T23:19:16.420+0000] {processor.py:186} INFO - Started process (PID=1076) to work on /home/airflow/.local/lib/python3.12/site-packages/airflow/example_dags/example_sensor_decorator.py
[2025-10-05T23:19:16.421+0000] {processor.py:914} INFO - Processing file /home/airflow/.local/lib/python3.12/site-packages/airflow/example_dags/example_sensor_decorator.py for tasks to queue
[2025-10-05T23:19:16.425+0000] {logging_mixin.py:190} INFO - [2025-10-05T23:19:16.424+0000] {dagbag.py:588} INFO - Filling up the DagBag from /home/airflow/.local/lib/python3.12/site-packages/airflow/example_dags/example_sensor_decorator.py
[2025-10-05T23:19:16.438+0000] {processor.py:925} INFO - DAG(s) 'example_sensor_decorator' retrieved from /home/airflow/.local/lib/python3.12/site-packages/airflow/example_dags/example_sensor_decorator.py
[2025-10-05T23:19:16.478+0000] {logging_mixin.py:190} INFO - [2025-10-05T23:19:16.477+0000] {dag.py:3239} INFO - Sync 1 DAGs
[2025-10-05T23:19:16.518+0000] {logging_mixin.py:190} INFO - [2025-10-05T23:19:16.517+0000] {dag.py:4180} INFO - Setting next_dagrun for example_sensor_decorator to None, run_after=None
[2025-10-05T23:19:16.552+0000] {processor.py:208} INFO - Processing /home/airflow/.local/lib/python3.12/site-packages/airflow/example_dags/example_sensor_decorator.py took 0.139 seconds
[2025-10-05T23:20:08.333+0000] {processor.py:186} INFO - Started process (PID=1148) to work on /home/airflow/.local/lib/python3.12/site-packages/airflow/example_dags/example_sensor_decorator.py
[2025-10-05T23:20:08.335+0000] {processor.py:914} INFO - Processing file /home/airflow/.local/lib/python3.12/site-packages/airflow/example_dags/example_sensor_decorator.py for tasks to queue
[2025-10-05T23:20:08.339+0000] {logging_mixin.py:190} INFO - [2025-10-05T23:20:08.338+0000] {dagbag.py:588} INFO - Filling up the DagBag from /home/airflow/.local/lib/python3.12/site-packages/airflow/example_dags/example_sensor_decorator.py
[2025-10-05T23:20:08.350+0000] {processor.py:925} INFO - DAG(s) 'example_sensor_decorator' retrieved from /home/airflow/.local/lib/python3.12/site-packages/airflow/example_dags/example_sensor_decorator.py
[2025-10-05T23:20:08.377+0000] {logging_mixin.py:190} INFO - [2025-10-05T23:20:08.377+0000] {dag.py:3239} INFO - Sync 1 DAGs
[2025-10-05T23:20:08.397+0000] {logging_mixin.py:190} INFO - [2025-10-05T23:20:08.396+0000] {dag.py:4180} INFO - Setting next_dagrun for example_sensor_decorator to None, run_after=None
[2025-10-05T23:20:08.424+0000] {processor.py:208} INFO - Processing /home/airflow/.local/lib/python3.12/site-packages/airflow/example_dags/example_sensor_decorator.py took 0.098 seconds
[2025-10-05T23:20:38.668+0000] {processor.py:186} INFO - Started process (PID=1211) to work on /home/airflow/.local/lib/python3.12/site-packages/airflow/example_dags/example_sensor_decorator.py
[2025-10-05T23:20:38.669+0000] {processor.py:914} INFO - Processing file /home/airflow/.local/lib/python3.12/site-packages/airflow/example_dags/example_sensor_decorator.py for tasks to queue
[2025-10-05T23:20:38.674+0000] {logging_mixin.py:190} INFO - [2025-10-05T23:20:38.673+0000] {dagbag.py:588} INFO - Filling up the DagBag from /home/airflow/.local/lib/python3.12/site-packages/airflow/example_dags/example_sensor_decorator.py
[2025-10-05T23:20:38.686+0000] {processor.py:925} INFO - DAG(s) 'example_sensor_decorator' retrieved from /home/airflow/.local/lib/python3.12/site-packages/airflow/example_dags/example_sensor_decorator.py
[2025-10-05T23:20:38.717+0000] {logging_mixin.py:190} INFO - [2025-10-05T23:20:38.717+0000] {dag.py:3239} INFO - Sync 1 DAGs
[2025-10-05T23:20:38.746+0000] {logging_mixin.py:190} INFO - [2025-10-05T23:20:38.746+0000] {dag.py:4180} INFO - Setting next_dagrun for example_sensor_decorator to None, run_after=None
[2025-10-05T23:20:38.781+0000] {processor.py:208} INFO - Processing /home/airflow/.local/lib/python3.12/site-packages/airflow/example_dags/example_sensor_decorator.py took 0.122 seconds
[2025-10-05T23:21:19.731+0000] {processor.py:186} INFO - Started process (PID=1269) to work on /home/airflow/.local/lib/python3.12/site-packages/airflow/example_dags/example_sensor_decorator.py
[2025-10-05T23:21:19.732+0000] {processor.py:914} INFO - Processing file /home/airflow/.local/lib/python3.12/site-packages/airflow/example_dags/example_sensor_decorator.py for tasks to queue
[2025-10-05T23:21:19.735+0000] {logging_mixin.py:190} INFO - [2025-10-05T23:21:19.735+0000] {dagbag.py:588} INFO - Filling up the DagBag from /home/airflow/.local/lib/python3.12/site-packages/airflow/example_dags/example_sensor_decorator.py
[2025-10-05T23:21:19.748+0000] {processor.py:925} INFO - DAG(s) 'example_sensor_decorator' retrieved from /home/airflow/.local/lib/python3.12/site-packages/airflow/example_dags/example_sensor_decorator.py
[2025-10-05T23:21:19.776+0000] {logging_mixin.py:190} INFO - [2025-10-05T23:21:19.776+0000] {dag.py:3239} INFO - Sync 1 DAGs
[2025-10-05T23:21:19.800+0000] {logging_mixin.py:190} INFO - [2025-10-05T23:21:19.800+0000] {dag.py:4180} INFO - Setting next_dagrun for example_sensor_decorator to None, run_after=None
[2025-10-05T23:21:19.829+0000] {processor.py:208} INFO - Processing /home/airflow/.local/lib/python3.12/site-packages/airflow/example_dags/example_sensor_decorator.py took 0.106 seconds
[2025-10-05T23:26:46.039+0000] {processor.py:186} INFO - Started process (PID=1363) to work on /home/airflow/.local/lib/python3.12/site-packages/airflow/example_dags/example_sensor_decorator.py
[2025-10-05T23:26:46.041+0000] {processor.py:914} INFO - Processing file /home/airflow/.local/lib/python3.12/site-packages/airflow/example_dags/example_sensor_decorator.py for tasks to queue
[2025-10-05T23:26:46.043+0000] {logging_mixin.py:190} INFO - [2025-10-05T23:26:46.043+0000] {dagbag.py:588} INFO - Filling up the DagBag from /home/airflow/.local/lib/python3.12/site-packages/airflow/example_dags/example_sensor_decorator.py
[2025-10-05T23:26:46.060+0000] {processor.py:925} INFO - DAG(s) 'example_sensor_decorator' retrieved from /home/airflow/.local/lib/python3.12/site-packages/airflow/example_dags/example_sensor_decorator.py
[2025-10-05T23:26:46.102+0000] {logging_mixin.py:190} INFO - [2025-10-05T23:26:46.101+0000] {dag.py:3239} INFO - Sync 1 DAGs
[2025-10-05T23:26:46.138+0000] {logging_mixin.py:190} INFO - [2025-10-05T23:26:46.137+0000] {dag.py:4180} INFO - Setting next_dagrun for example_sensor_decorator to None, run_after=None
[2025-10-05T23:26:46.179+0000] {processor.py:208} INFO - Processing /home/airflow/.local/lib/python3.12/site-packages/airflow/example_dags/example_sensor_decorator.py took 0.154 seconds
