[2025-10-05T23:11:13.965+0000] {processor.py:186} INFO - Started process (PID=125) to work on /home/airflow/.local/lib/python3.12/site-packages/airflow/example_dags/example_sla_dag.py
[2025-10-05T23:11:13.968+0000] {processor.py:914} INFO - Processing file /home/airflow/.local/lib/python3.12/site-packages/airflow/example_dags/example_sla_dag.py for tasks to queue
[2025-10-05T23:11:13.977+0000] {logging_mixin.py:190} INFO - [2025-10-05T23:11:13.976+0000] {dagbag.py:588} INFO - Filling up the DagBag from /home/airflow/.local/lib/python3.12/site-packages/airflow/example_dags/example_sla_dag.py
[2025-10-05T23:11:14.027+0000] {processor.py:925} INFO - DAG(s) 'example_sla_dag' retrieved from /home/airflow/.local/lib/python3.12/site-packages/airflow/example_dags/example_sla_dag.py
[2025-10-05T23:11:14.369+0000] {logging_mixin.py:190} INFO - [2025-10-05T23:11:14.368+0000] {override.py:1900} INFO - Created Permission View: can edit on DAG:example_sla_dag
[2025-10-05T23:11:14.401+0000] {logging_mixin.py:190} INFO - [2025-10-05T23:11:14.400+0000] {override.py:1900} INFO - Created Permission View: can delete on DAG:example_sla_dag
[2025-10-05T23:11:14.424+0000] {logging_mixin.py:190} INFO - [2025-10-05T23:11:14.423+0000] {override.py:1900} INFO - Created Permission View: can read on DAG:example_sla_dag
[2025-10-05T23:11:14.450+0000] {logging_mixin.py:190} INFO - [2025-10-05T23:11:14.449+0000] {override.py:1900} INFO - Created Permission View: can create on DAG Run:example_sla_dag
[2025-10-05T23:11:14.472+0000] {logging_mixin.py:190} INFO - [2025-10-05T23:11:14.471+0000] {override.py:1900} INFO - Created Permission View: menu access on DAG Run:example_sla_dag
[2025-10-05T23:11:14.497+0000] {logging_mixin.py:190} INFO - [2025-10-05T23:11:14.496+0000] {override.py:1900} INFO - Created Permission View: can delete on DAG Run:example_sla_dag
[2025-10-05T23:11:14.518+0000] {logging_mixin.py:190} INFO - [2025-10-05T23:11:14.516+0000] {override.py:1900} INFO - Created Permission View: can read on DAG Run:example_sla_dag
[2025-10-05T23:11:14.521+0000] {logging_mixin.py:190} INFO - [2025-10-05T23:11:14.520+0000] {dag.py:3239} INFO - Sync 1 DAGs
[2025-10-05T23:11:14.554+0000] {logging_mixin.py:190} INFO - [2025-10-05T23:11:14.554+0000] {dag.py:3262} INFO - Creating ORM DAG for example_sla_dag
[2025-10-05T23:11:14.597+0000] {logging_mixin.py:190} INFO - [2025-10-05T23:11:14.597+0000] {dag.py:4180} INFO - Setting next_dagrun for example_sla_dag to 2025-10-05 23:08:00+00:00, run_after=2025-10-05 23:10:00+00:00
[2025-10-05T23:11:14.641+0000] {processor.py:208} INFO - Processing /home/airflow/.local/lib/python3.12/site-packages/airflow/example_dags/example_sla_dag.py took 0.694 seconds
[2025-10-05T23:11:44.822+0000] {processor.py:186} INFO - Started process (PID=182) to work on /home/airflow/.local/lib/python3.12/site-packages/airflow/example_dags/example_sla_dag.py
[2025-10-05T23:11:44.826+0000] {processor.py:914} INFO - Processing file /home/airflow/.local/lib/python3.12/site-packages/airflow/example_dags/example_sla_dag.py for tasks to queue
[2025-10-05T23:11:44.833+0000] {logging_mixin.py:190} INFO - [2025-10-05T23:11:44.831+0000] {dagbag.py:588} INFO - Filling up the DagBag from /home/airflow/.local/lib/python3.12/site-packages/airflow/example_dags/example_sla_dag.py
[2025-10-05T23:11:44.869+0000] {processor.py:925} INFO - DAG(s) 'example_sla_dag' retrieved from /home/airflow/.local/lib/python3.12/site-packages/airflow/example_dags/example_sla_dag.py
[2025-10-05T23:11:44.920+0000] {logging_mixin.py:190} INFO - [2025-10-05T23:11:44.920+0000] {dag.py:3239} INFO - Sync 1 DAGs
[2025-10-05T23:11:45.024+0000] {logging_mixin.py:190} INFO - [2025-10-05T23:11:45.023+0000] {dag.py:4180} INFO - Setting next_dagrun for example_sla_dag to 2025-10-05 23:08:00+00:00, run_after=2025-10-05 23:10:00+00:00
[2025-10-05T23:11:45.202+0000] {processor.py:208} INFO - Processing /home/airflow/.local/lib/python3.12/site-packages/airflow/example_dags/example_sla_dag.py took 0.401 seconds
[2025-10-05T23:12:16.016+0000] {processor.py:186} INFO - Started process (PID=245) to work on /home/airflow/.local/lib/python3.12/site-packages/airflow/example_dags/example_sla_dag.py
[2025-10-05T23:12:16.018+0000] {processor.py:914} INFO - Processing file /home/airflow/.local/lib/python3.12/site-packages/airflow/example_dags/example_sla_dag.py for tasks to queue
[2025-10-05T23:12:16.027+0000] {logging_mixin.py:190} INFO - [2025-10-05T23:12:16.026+0000] {dagbag.py:588} INFO - Filling up the DagBag from /home/airflow/.local/lib/python3.12/site-packages/airflow/example_dags/example_sla_dag.py
[2025-10-05T23:12:16.057+0000] {processor.py:925} INFO - DAG(s) 'example_sla_dag' retrieved from /home/airflow/.local/lib/python3.12/site-packages/airflow/example_dags/example_sla_dag.py
[2025-10-05T23:12:16.160+0000] {logging_mixin.py:190} INFO - [2025-10-05T23:12:16.160+0000] {dag.py:3239} INFO - Sync 1 DAGs
[2025-10-05T23:12:16.278+0000] {logging_mixin.py:190} INFO - [2025-10-05T23:12:16.277+0000] {dag.py:4180} INFO - Setting next_dagrun for example_sla_dag to 2025-10-05 23:10:00+00:00, run_after=2025-10-05 23:12:00+00:00
[2025-10-05T23:12:16.355+0000] {processor.py:208} INFO - Processing /home/airflow/.local/lib/python3.12/site-packages/airflow/example_dags/example_sla_dag.py took 0.363 seconds
[2025-10-05T23:12:49.390+0000] {processor.py:186} INFO - Started process (PID=314) to work on /home/airflow/.local/lib/python3.12/site-packages/airflow/example_dags/example_sla_dag.py
[2025-10-05T23:12:49.392+0000] {processor.py:914} INFO - Processing file /home/airflow/.local/lib/python3.12/site-packages/airflow/example_dags/example_sla_dag.py for tasks to queue
[2025-10-05T23:12:49.399+0000] {logging_mixin.py:190} INFO - [2025-10-05T23:12:49.399+0000] {dagbag.py:588} INFO - Filling up the DagBag from /home/airflow/.local/lib/python3.12/site-packages/airflow/example_dags/example_sla_dag.py
[2025-10-05T23:12:49.420+0000] {processor.py:925} INFO - DAG(s) 'example_sla_dag' retrieved from /home/airflow/.local/lib/python3.12/site-packages/airflow/example_dags/example_sla_dag.py
[2025-10-05T23:12:49.448+0000] {logging_mixin.py:190} INFO - [2025-10-05T23:12:49.447+0000] {dag.py:3239} INFO - Sync 1 DAGs
[2025-10-05T23:12:49.495+0000] {logging_mixin.py:190} INFO - [2025-10-05T23:12:49.494+0000] {dag.py:4180} INFO - Setting next_dagrun for example_sla_dag to 2025-10-05 23:10:00+00:00, run_after=2025-10-05 23:12:00+00:00
[2025-10-05T23:12:49.522+0000] {processor.py:208} INFO - Processing /home/airflow/.local/lib/python3.12/site-packages/airflow/example_dags/example_sla_dag.py took 0.148 seconds
[2025-10-05T23:13:19.684+0000] {processor.py:186} INFO - Started process (PID=378) to work on /home/airflow/.local/lib/python3.12/site-packages/airflow/example_dags/example_sla_dag.py
[2025-10-05T23:13:19.688+0000] {processor.py:914} INFO - Processing file /home/airflow/.local/lib/python3.12/site-packages/airflow/example_dags/example_sla_dag.py for tasks to queue
[2025-10-05T23:13:19.692+0000] {logging_mixin.py:190} INFO - [2025-10-05T23:13:19.691+0000] {dagbag.py:588} INFO - Filling up the DagBag from /home/airflow/.local/lib/python3.12/site-packages/airflow/example_dags/example_sla_dag.py
[2025-10-05T23:13:19.711+0000] {processor.py:925} INFO - DAG(s) 'example_sla_dag' retrieved from /home/airflow/.local/lib/python3.12/site-packages/airflow/example_dags/example_sla_dag.py
[2025-10-05T23:13:19.739+0000] {logging_mixin.py:190} INFO - [2025-10-05T23:13:19.738+0000] {dag.py:3239} INFO - Sync 1 DAGs
[2025-10-05T23:13:19.771+0000] {logging_mixin.py:190} INFO - [2025-10-05T23:13:19.771+0000] {dag.py:4180} INFO - Setting next_dagrun for example_sla_dag to 2025-10-05 23:10:00+00:00, run_after=2025-10-05 23:12:00+00:00
[2025-10-05T23:13:19.803+0000] {processor.py:208} INFO - Processing /home/airflow/.local/lib/python3.12/site-packages/airflow/example_dags/example_sla_dag.py took 0.127 seconds
[2025-10-05T23:13:50.450+0000] {processor.py:186} INFO - Started process (PID=435) to work on /home/airflow/.local/lib/python3.12/site-packages/airflow/example_dags/example_sla_dag.py
[2025-10-05T23:13:50.451+0000] {processor.py:914} INFO - Processing file /home/airflow/.local/lib/python3.12/site-packages/airflow/example_dags/example_sla_dag.py for tasks to queue
[2025-10-05T23:13:50.454+0000] {logging_mixin.py:190} INFO - [2025-10-05T23:13:50.454+0000] {dagbag.py:588} INFO - Filling up the DagBag from /home/airflow/.local/lib/python3.12/site-packages/airflow/example_dags/example_sla_dag.py
[2025-10-05T23:13:50.470+0000] {processor.py:925} INFO - DAG(s) 'example_sla_dag' retrieved from /home/airflow/.local/lib/python3.12/site-packages/airflow/example_dags/example_sla_dag.py
[2025-10-05T23:13:50.497+0000] {logging_mixin.py:190} INFO - [2025-10-05T23:13:50.497+0000] {dag.py:3239} INFO - Sync 1 DAGs
[2025-10-05T23:13:50.555+0000] {logging_mixin.py:190} INFO - [2025-10-05T23:13:50.554+0000] {dag.py:4180} INFO - Setting next_dagrun for example_sla_dag to 2025-10-05 23:10:00+00:00, run_after=2025-10-05 23:12:00+00:00
[2025-10-05T23:13:50.784+0000] {processor.py:208} INFO - Processing /home/airflow/.local/lib/python3.12/site-packages/airflow/example_dags/example_sla_dag.py took 0.344 seconds
[2025-10-05T23:14:20.938+0000] {processor.py:186} INFO - Started process (PID=498) to work on /home/airflow/.local/lib/python3.12/site-packages/airflow/example_dags/example_sla_dag.py
[2025-10-05T23:14:20.939+0000] {processor.py:914} INFO - Processing file /home/airflow/.local/lib/python3.12/site-packages/airflow/example_dags/example_sla_dag.py for tasks to queue
[2025-10-05T23:14:20.942+0000] {logging_mixin.py:190} INFO - [2025-10-05T23:14:20.941+0000] {dagbag.py:588} INFO - Filling up the DagBag from /home/airflow/.local/lib/python3.12/site-packages/airflow/example_dags/example_sla_dag.py
[2025-10-05T23:14:20.954+0000] {processor.py:925} INFO - DAG(s) 'example_sla_dag' retrieved from /home/airflow/.local/lib/python3.12/site-packages/airflow/example_dags/example_sla_dag.py
[2025-10-05T23:14:20.977+0000] {logging_mixin.py:190} INFO - [2025-10-05T23:14:20.977+0000] {dag.py:3239} INFO - Sync 1 DAGs
[2025-10-05T23:14:21.006+0000] {logging_mixin.py:190} INFO - [2025-10-05T23:14:21.006+0000] {dag.py:4180} INFO - Setting next_dagrun for example_sla_dag to 2025-10-05 23:12:00+00:00, run_after=2025-10-05 23:14:00+00:00
[2025-10-05T23:14:21.029+0000] {processor.py:208} INFO - Processing /home/airflow/.local/lib/python3.12/site-packages/airflow/example_dags/example_sla_dag.py took 0.098 seconds
[2025-10-05T23:14:54.069+0000] {processor.py:186} INFO - Started process (PID=567) to work on /home/airflow/.local/lib/python3.12/site-packages/airflow/example_dags/example_sla_dag.py
[2025-10-05T23:14:54.079+0000] {processor.py:914} INFO - Processing file /home/airflow/.local/lib/python3.12/site-packages/airflow/example_dags/example_sla_dag.py for tasks to queue
[2025-10-05T23:14:54.085+0000] {logging_mixin.py:190} INFO - [2025-10-05T23:14:54.084+0000] {dagbag.py:588} INFO - Filling up the DagBag from /home/airflow/.local/lib/python3.12/site-packages/airflow/example_dags/example_sla_dag.py
[2025-10-05T23:14:54.113+0000] {processor.py:925} INFO - DAG(s) 'example_sla_dag' retrieved from /home/airflow/.local/lib/python3.12/site-packages/airflow/example_dags/example_sla_dag.py
[2025-10-05T23:14:54.182+0000] {logging_mixin.py:190} INFO - [2025-10-05T23:14:54.182+0000] {dag.py:3239} INFO - Sync 1 DAGs
[2025-10-05T23:14:54.298+0000] {logging_mixin.py:190} INFO - [2025-10-05T23:14:54.297+0000] {dag.py:4180} INFO - Setting next_dagrun for example_sla_dag to 2025-10-05 23:12:00+00:00, run_after=2025-10-05 23:14:00+00:00
[2025-10-05T23:14:54.403+0000] {processor.py:208} INFO - Processing /home/airflow/.local/lib/python3.12/site-packages/airflow/example_dags/example_sla_dag.py took 0.349 seconds
[2025-10-05T23:15:24.830+0000] {processor.py:186} INFO - Started process (PID=624) to work on /home/airflow/.local/lib/python3.12/site-packages/airflow/example_dags/example_sla_dag.py
[2025-10-05T23:15:24.832+0000] {processor.py:914} INFO - Processing file /home/airflow/.local/lib/python3.12/site-packages/airflow/example_dags/example_sla_dag.py for tasks to queue
[2025-10-05T23:15:24.837+0000] {logging_mixin.py:190} INFO - [2025-10-05T23:15:24.836+0000] {dagbag.py:588} INFO - Filling up the DagBag from /home/airflow/.local/lib/python3.12/site-packages/airflow/example_dags/example_sla_dag.py
[2025-10-05T23:15:24.856+0000] {processor.py:925} INFO - DAG(s) 'example_sla_dag' retrieved from /home/airflow/.local/lib/python3.12/site-packages/airflow/example_dags/example_sla_dag.py
[2025-10-05T23:15:24.898+0000] {logging_mixin.py:190} INFO - [2025-10-05T23:15:24.898+0000] {dag.py:3239} INFO - Sync 1 DAGs
[2025-10-05T23:15:24.946+0000] {logging_mixin.py:190} INFO - [2025-10-05T23:15:24.946+0000] {dag.py:4180} INFO - Setting next_dagrun for example_sla_dag to 2025-10-05 23:12:00+00:00, run_after=2025-10-05 23:14:00+00:00
[2025-10-05T23:15:24.984+0000] {processor.py:208} INFO - Processing /home/airflow/.local/lib/python3.12/site-packages/airflow/example_dags/example_sla_dag.py took 0.165 seconds
[2025-10-05T23:15:55.619+0000] {processor.py:186} INFO - Started process (PID=687) to work on /home/airflow/.local/lib/python3.12/site-packages/airflow/example_dags/example_sla_dag.py
[2025-10-05T23:15:55.621+0000] {processor.py:914} INFO - Processing file /home/airflow/.local/lib/python3.12/site-packages/airflow/example_dags/example_sla_dag.py for tasks to queue
[2025-10-05T23:15:55.625+0000] {logging_mixin.py:190} INFO - [2025-10-05T23:15:55.624+0000] {dagbag.py:588} INFO - Filling up the DagBag from /home/airflow/.local/lib/python3.12/site-packages/airflow/example_dags/example_sla_dag.py
[2025-10-05T23:15:55.639+0000] {processor.py:925} INFO - DAG(s) 'example_sla_dag' retrieved from /home/airflow/.local/lib/python3.12/site-packages/airflow/example_dags/example_sla_dag.py
[2025-10-05T23:15:55.662+0000] {logging_mixin.py:190} INFO - [2025-10-05T23:15:55.662+0000] {dag.py:3239} INFO - Sync 1 DAGs
[2025-10-05T23:15:55.694+0000] {logging_mixin.py:190} INFO - [2025-10-05T23:15:55.694+0000] {dag.py:4180} INFO - Setting next_dagrun for example_sla_dag to 2025-10-05 23:12:00+00:00, run_after=2025-10-05 23:14:00+00:00
[2025-10-05T23:15:55.740+0000] {processor.py:208} INFO - Processing /home/airflow/.local/lib/python3.12/site-packages/airflow/example_dags/example_sla_dag.py took 0.130 seconds
[2025-10-05T23:16:40.715+0000] {processor.py:186} INFO - Started process (PID=754) to work on /home/airflow/.local/lib/python3.12/site-packages/airflow/example_dags/example_sla_dag.py
[2025-10-05T23:16:40.717+0000] {processor.py:914} INFO - Processing file /home/airflow/.local/lib/python3.12/site-packages/airflow/example_dags/example_sla_dag.py for tasks to queue
[2025-10-05T23:16:40.720+0000] {logging_mixin.py:190} INFO - [2025-10-05T23:16:40.720+0000] {dagbag.py:588} INFO - Filling up the DagBag from /home/airflow/.local/lib/python3.12/site-packages/airflow/example_dags/example_sla_dag.py
[2025-10-05T23:16:40.736+0000] {processor.py:925} INFO - DAG(s) 'example_sla_dag' retrieved from /home/airflow/.local/lib/python3.12/site-packages/airflow/example_dags/example_sla_dag.py
[2025-10-05T23:16:40.767+0000] {logging_mixin.py:190} INFO - [2025-10-05T23:16:40.766+0000] {dag.py:3239} INFO - Sync 1 DAGs
[2025-10-05T23:16:40.810+0000] {logging_mixin.py:190} INFO - [2025-10-05T23:16:40.810+0000] {dag.py:4180} INFO - Setting next_dagrun for example_sla_dag to 2025-10-05 23:14:00+00:00, run_after=2025-10-05 23:16:00+00:00
[2025-10-05T23:16:40.842+0000] {processor.py:208} INFO - Processing /home/airflow/.local/lib/python3.12/site-packages/airflow/example_dags/example_sla_dag.py took 0.136 seconds
[2025-10-05T23:17:11.263+0000] {processor.py:186} INFO - Started process (PID=818) to work on /home/airflow/.local/lib/python3.12/site-packages/airflow/example_dags/example_sla_dag.py
[2025-10-05T23:17:11.264+0000] {processor.py:914} INFO - Processing file /home/airflow/.local/lib/python3.12/site-packages/airflow/example_dags/example_sla_dag.py for tasks to queue
[2025-10-05T23:17:11.268+0000] {logging_mixin.py:190} INFO - [2025-10-05T23:17:11.268+0000] {dagbag.py:588} INFO - Filling up the DagBag from /home/airflow/.local/lib/python3.12/site-packages/airflow/example_dags/example_sla_dag.py
[2025-10-05T23:17:11.287+0000] {processor.py:925} INFO - DAG(s) 'example_sla_dag' retrieved from /home/airflow/.local/lib/python3.12/site-packages/airflow/example_dags/example_sla_dag.py
[2025-10-05T23:17:11.314+0000] {logging_mixin.py:190} INFO - [2025-10-05T23:17:11.314+0000] {dag.py:3239} INFO - Sync 1 DAGs
[2025-10-05T23:17:11.354+0000] {logging_mixin.py:190} INFO - [2025-10-05T23:17:11.353+0000] {dag.py:4180} INFO - Setting next_dagrun for example_sla_dag to 2025-10-05 23:14:00+00:00, run_after=2025-10-05 23:16:00+00:00
[2025-10-05T23:17:11.386+0000] {processor.py:208} INFO - Processing /home/airflow/.local/lib/python3.12/site-packages/airflow/example_dags/example_sla_dag.py took 0.131 seconds
[2025-10-05T23:17:42.083+0000] {processor.py:186} INFO - Started process (PID=881) to work on /home/airflow/.local/lib/python3.12/site-packages/airflow/example_dags/example_sla_dag.py
[2025-10-05T23:17:42.085+0000] {processor.py:914} INFO - Processing file /home/airflow/.local/lib/python3.12/site-packages/airflow/example_dags/example_sla_dag.py for tasks to queue
[2025-10-05T23:17:42.088+0000] {logging_mixin.py:190} INFO - [2025-10-05T23:17:42.088+0000] {dagbag.py:588} INFO - Filling up the DagBag from /home/airflow/.local/lib/python3.12/site-packages/airflow/example_dags/example_sla_dag.py
[2025-10-05T23:17:42.101+0000] {processor.py:925} INFO - DAG(s) 'example_sla_dag' retrieved from /home/airflow/.local/lib/python3.12/site-packages/airflow/example_dags/example_sla_dag.py
[2025-10-05T23:17:42.127+0000] {logging_mixin.py:190} INFO - [2025-10-05T23:17:42.127+0000] {dag.py:3239} INFO - Sync 1 DAGs
[2025-10-05T23:17:42.162+0000] {logging_mixin.py:190} INFO - [2025-10-05T23:17:42.162+0000] {dag.py:4180} INFO - Setting next_dagrun for example_sla_dag to 2025-10-05 23:14:00+00:00, run_after=2025-10-05 23:16:00+00:00
[2025-10-05T23:17:42.188+0000] {processor.py:208} INFO - Processing /home/airflow/.local/lib/python3.12/site-packages/airflow/example_dags/example_sla_dag.py took 0.111 seconds
[2025-10-05T23:18:13.199+0000] {processor.py:186} INFO - Started process (PID=944) to work on /home/airflow/.local/lib/python3.12/site-packages/airflow/example_dags/example_sla_dag.py
[2025-10-05T23:18:13.201+0000] {processor.py:914} INFO - Processing file /home/airflow/.local/lib/python3.12/site-packages/airflow/example_dags/example_sla_dag.py for tasks to queue
[2025-10-05T23:18:13.203+0000] {logging_mixin.py:190} INFO - [2025-10-05T23:18:13.203+0000] {dagbag.py:588} INFO - Filling up the DagBag from /home/airflow/.local/lib/python3.12/site-packages/airflow/example_dags/example_sla_dag.py
[2025-10-05T23:18:13.215+0000] {processor.py:925} INFO - DAG(s) 'example_sla_dag' retrieved from /home/airflow/.local/lib/python3.12/site-packages/airflow/example_dags/example_sla_dag.py
[2025-10-05T23:18:13.237+0000] {logging_mixin.py:190} INFO - [2025-10-05T23:18:13.236+0000] {dag.py:3239} INFO - Sync 1 DAGs
[2025-10-05T23:18:13.268+0000] {logging_mixin.py:190} INFO - [2025-10-05T23:18:13.268+0000] {dag.py:4180} INFO - Setting next_dagrun for example_sla_dag to 2025-10-05 23:16:00+00:00, run_after=2025-10-05 23:18:00+00:00
[2025-10-05T23:18:13.291+0000] {processor.py:208} INFO - Processing /home/airflow/.local/lib/python3.12/site-packages/airflow/example_dags/example_sla_dag.py took 0.099 seconds
[2025-10-05T23:18:44.524+0000] {processor.py:186} INFO - Started process (PID=1007) to work on /home/airflow/.local/lib/python3.12/site-packages/airflow/example_dags/example_sla_dag.py
[2025-10-05T23:18:44.526+0000] {processor.py:914} INFO - Processing file /home/airflow/.local/lib/python3.12/site-packages/airflow/example_dags/example_sla_dag.py for tasks to queue
[2025-10-05T23:18:44.529+0000] {logging_mixin.py:190} INFO - [2025-10-05T23:18:44.529+0000] {dagbag.py:588} INFO - Filling up the DagBag from /home/airflow/.local/lib/python3.12/site-packages/airflow/example_dags/example_sla_dag.py
[2025-10-05T23:18:44.544+0000] {processor.py:925} INFO - DAG(s) 'example_sla_dag' retrieved from /home/airflow/.local/lib/python3.12/site-packages/airflow/example_dags/example_sla_dag.py
[2025-10-05T23:18:44.569+0000] {logging_mixin.py:190} INFO - [2025-10-05T23:18:44.568+0000] {dag.py:3239} INFO - Sync 1 DAGs
[2025-10-05T23:18:44.607+0000] {logging_mixin.py:190} INFO - [2025-10-05T23:18:44.607+0000] {dag.py:4180} INFO - Setting next_dagrun for example_sla_dag to 2025-10-05 23:16:00+00:00, run_after=2025-10-05 23:18:00+00:00
[2025-10-05T23:18:44.641+0000] {processor.py:208} INFO - Processing /home/airflow/.local/lib/python3.12/site-packages/airflow/example_dags/example_sla_dag.py took 0.125 seconds
[2025-10-05T23:19:15.758+0000] {processor.py:186} INFO - Started process (PID=1072) to work on /home/airflow/.local/lib/python3.12/site-packages/airflow/example_dags/example_sla_dag.py
[2025-10-05T23:19:15.760+0000] {processor.py:914} INFO - Processing file /home/airflow/.local/lib/python3.12/site-packages/airflow/example_dags/example_sla_dag.py for tasks to queue
[2025-10-05T23:19:15.763+0000] {logging_mixin.py:190} INFO - [2025-10-05T23:19:15.762+0000] {dagbag.py:588} INFO - Filling up the DagBag from /home/airflow/.local/lib/python3.12/site-packages/airflow/example_dags/example_sla_dag.py
[2025-10-05T23:19:15.777+0000] {processor.py:925} INFO - DAG(s) 'example_sla_dag' retrieved from /home/airflow/.local/lib/python3.12/site-packages/airflow/example_dags/example_sla_dag.py
[2025-10-05T23:19:15.805+0000] {logging_mixin.py:190} INFO - [2025-10-05T23:19:15.804+0000] {dag.py:3239} INFO - Sync 1 DAGs
[2025-10-05T23:19:15.851+0000] {logging_mixin.py:190} INFO - [2025-10-05T23:19:15.850+0000] {dag.py:4180} INFO - Setting next_dagrun for example_sla_dag to 2025-10-05 23:16:00+00:00, run_after=2025-10-05 23:18:00+00:00
[2025-10-05T23:19:15.882+0000] {processor.py:208} INFO - Processing /home/airflow/.local/lib/python3.12/site-packages/airflow/example_dags/example_sla_dag.py took 0.131 seconds
[2025-10-05T23:20:07.689+0000] {processor.py:186} INFO - Started process (PID=1144) to work on /home/airflow/.local/lib/python3.12/site-packages/airflow/example_dags/example_sla_dag.py
[2025-10-05T23:20:07.690+0000] {processor.py:914} INFO - Processing file /home/airflow/.local/lib/python3.12/site-packages/airflow/example_dags/example_sla_dag.py for tasks to queue
[2025-10-05T23:20:07.694+0000] {logging_mixin.py:190} INFO - [2025-10-05T23:20:07.693+0000] {dagbag.py:588} INFO - Filling up the DagBag from /home/airflow/.local/lib/python3.12/site-packages/airflow/example_dags/example_sla_dag.py
[2025-10-05T23:20:07.707+0000] {processor.py:925} INFO - DAG(s) 'example_sla_dag' retrieved from /home/airflow/.local/lib/python3.12/site-packages/airflow/example_dags/example_sla_dag.py
[2025-10-05T23:20:07.733+0000] {logging_mixin.py:190} INFO - [2025-10-05T23:20:07.733+0000] {dag.py:3239} INFO - Sync 1 DAGs
[2025-10-05T23:20:07.766+0000] {logging_mixin.py:190} INFO - [2025-10-05T23:20:07.765+0000] {dag.py:4180} INFO - Setting next_dagrun for example_sla_dag to 2025-10-05 23:18:00+00:00, run_after=2025-10-05 23:20:00+00:00
[2025-10-05T23:20:07.791+0000] {processor.py:208} INFO - Processing /home/airflow/.local/lib/python3.12/site-packages/airflow/example_dags/example_sla_dag.py took 0.110 seconds
[2025-10-05T23:20:38.340+0000] {processor.py:186} INFO - Started process (PID=1207) to work on /home/airflow/.local/lib/python3.12/site-packages/airflow/example_dags/example_sla_dag.py
[2025-10-05T23:20:38.341+0000] {processor.py:914} INFO - Processing file /home/airflow/.local/lib/python3.12/site-packages/airflow/example_dags/example_sla_dag.py for tasks to queue
[2025-10-05T23:20:38.344+0000] {logging_mixin.py:190} INFO - [2025-10-05T23:20:38.344+0000] {dagbag.py:588} INFO - Filling up the DagBag from /home/airflow/.local/lib/python3.12/site-packages/airflow/example_dags/example_sla_dag.py
[2025-10-05T23:20:38.357+0000] {processor.py:925} INFO - DAG(s) 'example_sla_dag' retrieved from /home/airflow/.local/lib/python3.12/site-packages/airflow/example_dags/example_sla_dag.py
[2025-10-05T23:20:38.385+0000] {logging_mixin.py:190} INFO - [2025-10-05T23:20:38.384+0000] {dag.py:3239} INFO - Sync 1 DAGs
[2025-10-05T23:20:38.429+0000] {logging_mixin.py:190} INFO - [2025-10-05T23:20:38.429+0000] {dag.py:4180} INFO - Setting next_dagrun for example_sla_dag to 2025-10-05 23:18:00+00:00, run_after=2025-10-05 23:20:00+00:00
[2025-10-05T23:20:38.455+0000] {processor.py:208} INFO - Processing /home/airflow/.local/lib/python3.12/site-packages/airflow/example_dags/example_sla_dag.py took 0.122 seconds
[2025-10-05T23:21:19.401+0000] {processor.py:186} INFO - Started process (PID=1265) to work on /home/airflow/.local/lib/python3.12/site-packages/airflow/example_dags/example_sla_dag.py
[2025-10-05T23:21:19.402+0000] {processor.py:914} INFO - Processing file /home/airflow/.local/lib/python3.12/site-packages/airflow/example_dags/example_sla_dag.py for tasks to queue
[2025-10-05T23:21:19.406+0000] {logging_mixin.py:190} INFO - [2025-10-05T23:21:19.405+0000] {dagbag.py:588} INFO - Filling up the DagBag from /home/airflow/.local/lib/python3.12/site-packages/airflow/example_dags/example_sla_dag.py
[2025-10-05T23:21:19.422+0000] {processor.py:925} INFO - DAG(s) 'example_sla_dag' retrieved from /home/airflow/.local/lib/python3.12/site-packages/airflow/example_dags/example_sla_dag.py
[2025-10-05T23:21:19.448+0000] {logging_mixin.py:190} INFO - [2025-10-05T23:21:19.448+0000] {dag.py:3239} INFO - Sync 1 DAGs
[2025-10-05T23:21:19.493+0000] {logging_mixin.py:190} INFO - [2025-10-05T23:21:19.492+0000] {dag.py:4180} INFO - Setting next_dagrun for example_sla_dag to 2025-10-05 23:18:00+00:00, run_after=2025-10-05 23:20:00+00:00
[2025-10-05T23:21:19.524+0000] {processor.py:208} INFO - Processing /home/airflow/.local/lib/python3.12/site-packages/airflow/example_dags/example_sla_dag.py took 0.132 seconds
[2025-10-05T23:26:45.574+0000] {processor.py:186} INFO - Started process (PID=1359) to work on /home/airflow/.local/lib/python3.12/site-packages/airflow/example_dags/example_sla_dag.py
[2025-10-05T23:26:45.576+0000] {processor.py:914} INFO - Processing file /home/airflow/.local/lib/python3.12/site-packages/airflow/example_dags/example_sla_dag.py for tasks to queue
[2025-10-05T23:26:45.579+0000] {logging_mixin.py:190} INFO - [2025-10-05T23:26:45.578+0000] {dagbag.py:588} INFO - Filling up the DagBag from /home/airflow/.local/lib/python3.12/site-packages/airflow/example_dags/example_sla_dag.py
[2025-10-05T23:26:45.597+0000] {processor.py:925} INFO - DAG(s) 'example_sla_dag' retrieved from /home/airflow/.local/lib/python3.12/site-packages/airflow/example_dags/example_sla_dag.py
[2025-10-05T23:26:45.640+0000] {logging_mixin.py:190} INFO - [2025-10-05T23:26:45.639+0000] {dag.py:3239} INFO - Sync 1 DAGs
[2025-10-05T23:26:45.690+0000] {logging_mixin.py:190} INFO - [2025-10-05T23:26:45.690+0000] {dag.py:4180} INFO - Setting next_dagrun for example_sla_dag to 2025-10-05 23:24:00+00:00, run_after=2025-10-05 23:26:00+00:00
[2025-10-05T23:26:45.726+0000] {processor.py:208} INFO - Processing /home/airflow/.local/lib/python3.12/site-packages/airflow/example_dags/example_sla_dag.py took 0.163 seconds
[2025-10-05T23:28:19.269+0000] {processor.py:186} INFO - Started process (PID=1421) to work on /home/airflow/.local/lib/python3.12/site-packages/airflow/example_dags/example_sla_dag.py
[2025-10-05T23:28:19.272+0000] {processor.py:914} INFO - Processing file /home/airflow/.local/lib/python3.12/site-packages/airflow/example_dags/example_sla_dag.py for tasks to queue
[2025-10-05T23:28:19.278+0000] {logging_mixin.py:190} INFO - [2025-10-05T23:28:19.276+0000] {dagbag.py:588} INFO - Filling up the DagBag from /home/airflow/.local/lib/python3.12/site-packages/airflow/example_dags/example_sla_dag.py
[2025-10-05T23:28:19.355+0000] {processor.py:925} INFO - DAG(s) 'example_sla_dag' retrieved from /home/airflow/.local/lib/python3.12/site-packages/airflow/example_dags/example_sla_dag.py
