[2025-10-05T23:11:11.910+0000] {processor.py:186} INFO - Started process (PID=115) to work on /home/airflow/.local/lib/python3.12/site-packages/airflow/example_dags/example_dag_decorator.py
[2025-10-05T23:11:11.913+0000] {processor.py:914} INFO - Processing file /home/airflow/.local/lib/python3.12/site-packages/airflow/example_dags/example_dag_decorator.py for tasks to queue
[2025-10-05T23:11:11.925+0000] {logging_mixin.py:190} INFO - [2025-10-05T23:11:11.922+0000] {dagbag.py:588} INFO - Filling up the DagBag from /home/airflow/.local/lib/python3.12/site-packages/airflow/example_dags/example_dag_decorator.py
[2025-10-05T23:11:11.980+0000] {processor.py:925} INFO - DAG(s) 'example_dag_decorator' retrieved from /home/airflow/.local/lib/python3.12/site-packages/airflow/example_dags/example_dag_decorator.py
[2025-10-05T23:11:12.467+0000] {logging_mixin.py:190} INFO - [2025-10-05T23:11:12.465+0000] {override.py:1900} INFO - Created Permission View: can edit on DAG:example_dag_decorator
[2025-10-05T23:11:12.504+0000] {logging_mixin.py:190} INFO - [2025-10-05T23:11:12.503+0000] {override.py:1900} INFO - Created Permission View: can delete on DAG:example_dag_decorator
[2025-10-05T23:11:12.534+0000] {logging_mixin.py:190} INFO - [2025-10-05T23:11:12.533+0000] {override.py:1900} INFO - Created Permission View: can read on DAG:example_dag_decorator
[2025-10-05T23:11:12.561+0000] {logging_mixin.py:190} INFO - [2025-10-05T23:11:12.560+0000] {override.py:1900} INFO - Created Permission View: can create on DAG Run:example_dag_decorator
[2025-10-05T23:11:12.584+0000] {logging_mixin.py:190} INFO - [2025-10-05T23:11:12.583+0000] {override.py:1900} INFO - Created Permission View: menu access on DAG Run:example_dag_decorator
[2025-10-05T23:11:12.605+0000] {logging_mixin.py:190} INFO - [2025-10-05T23:11:12.604+0000] {override.py:1900} INFO - Created Permission View: can delete on DAG Run:example_dag_decorator
[2025-10-05T23:11:12.637+0000] {logging_mixin.py:190} INFO - [2025-10-05T23:11:12.636+0000] {override.py:1900} INFO - Created Permission View: can read on DAG Run:example_dag_decorator
[2025-10-05T23:11:12.639+0000] {logging_mixin.py:190} INFO - [2025-10-05T23:11:12.639+0000] {dag.py:3239} INFO - Sync 1 DAGs
[2025-10-05T23:11:12.708+0000] {logging_mixin.py:190} INFO - [2025-10-05T23:11:12.707+0000] {dag.py:3262} INFO - Creating ORM DAG for example_dag_decorator
[2025-10-05T23:11:12.713+0000] {logging_mixin.py:190} INFO - [2025-10-05T23:11:12.712+0000] {dag.py:4180} INFO - Setting next_dagrun for example_dag_decorator to None, run_after=None
[2025-10-05T23:11:12.793+0000] {processor.py:208} INFO - Processing /home/airflow/.local/lib/python3.12/site-packages/airflow/example_dags/example_dag_decorator.py took 0.912 seconds
[2025-10-05T23:11:43.535+0000] {processor.py:186} INFO - Started process (PID=178) to work on /home/airflow/.local/lib/python3.12/site-packages/airflow/example_dags/example_dag_decorator.py
[2025-10-05T23:11:43.538+0000] {processor.py:914} INFO - Processing file /home/airflow/.local/lib/python3.12/site-packages/airflow/example_dags/example_dag_decorator.py for tasks to queue
[2025-10-05T23:11:43.547+0000] {logging_mixin.py:190} INFO - [2025-10-05T23:11:43.545+0000] {dagbag.py:588} INFO - Filling up the DagBag from /home/airflow/.local/lib/python3.12/site-packages/airflow/example_dags/example_dag_decorator.py
[2025-10-05T23:11:43.605+0000] {processor.py:925} INFO - DAG(s) 'example_dag_decorator' retrieved from /home/airflow/.local/lib/python3.12/site-packages/airflow/example_dags/example_dag_decorator.py
[2025-10-05T23:11:44.167+0000] {logging_mixin.py:190} INFO - [2025-10-05T23:11:44.166+0000] {dag.py:3239} INFO - Sync 1 DAGs
[2025-10-05T23:11:44.220+0000] {logging_mixin.py:190} INFO - [2025-10-05T23:11:44.219+0000] {dag.py:4180} INFO - Setting next_dagrun for example_dag_decorator to None, run_after=None
[2025-10-05T23:11:44.276+0000] {processor.py:208} INFO - Processing /home/airflow/.local/lib/python3.12/site-packages/airflow/example_dags/example_dag_decorator.py took 0.761 seconds
[2025-10-05T23:12:14.376+0000] {processor.py:186} INFO - Started process (PID=242) to work on /home/airflow/.local/lib/python3.12/site-packages/airflow/example_dags/example_dag_decorator.py
[2025-10-05T23:12:14.379+0000] {processor.py:914} INFO - Processing file /home/airflow/.local/lib/python3.12/site-packages/airflow/example_dags/example_dag_decorator.py for tasks to queue
[2025-10-05T23:12:14.389+0000] {logging_mixin.py:190} INFO - [2025-10-05T23:12:14.388+0000] {dagbag.py:588} INFO - Filling up the DagBag from /home/airflow/.local/lib/python3.12/site-packages/airflow/example_dags/example_dag_decorator.py
[2025-10-05T23:12:14.430+0000] {processor.py:925} INFO - DAG(s) 'example_dag_decorator' retrieved from /home/airflow/.local/lib/python3.12/site-packages/airflow/example_dags/example_dag_decorator.py
[2025-10-05T23:12:14.491+0000] {logging_mixin.py:190} INFO - [2025-10-05T23:12:14.490+0000] {dag.py:3239} INFO - Sync 1 DAGs
[2025-10-05T23:12:14.529+0000] {logging_mixin.py:190} INFO - [2025-10-05T23:12:14.529+0000] {dag.py:4180} INFO - Setting next_dagrun for example_dag_decorator to None, run_after=None
[2025-10-05T23:12:14.587+0000] {processor.py:208} INFO - Processing /home/airflow/.local/lib/python3.12/site-packages/airflow/example_dags/example_dag_decorator.py took 0.227 seconds
[2025-10-05T23:12:48.765+0000] {processor.py:186} INFO - Started process (PID=310) to work on /home/airflow/.local/lib/python3.12/site-packages/airflow/example_dags/example_dag_decorator.py
[2025-10-05T23:12:48.767+0000] {processor.py:914} INFO - Processing file /home/airflow/.local/lib/python3.12/site-packages/airflow/example_dags/example_dag_decorator.py for tasks to queue
[2025-10-05T23:12:48.770+0000] {logging_mixin.py:190} INFO - [2025-10-05T23:12:48.770+0000] {dagbag.py:588} INFO - Filling up the DagBag from /home/airflow/.local/lib/python3.12/site-packages/airflow/example_dags/example_dag_decorator.py
[2025-10-05T23:12:48.785+0000] {processor.py:925} INFO - DAG(s) 'example_dag_decorator' retrieved from /home/airflow/.local/lib/python3.12/site-packages/airflow/example_dags/example_dag_decorator.py
[2025-10-05T23:12:48.815+0000] {logging_mixin.py:190} INFO - [2025-10-05T23:12:48.814+0000] {dag.py:3239} INFO - Sync 1 DAGs
[2025-10-05T23:12:48.836+0000] {logging_mixin.py:190} INFO - [2025-10-05T23:12:48.836+0000] {dag.py:4180} INFO - Setting next_dagrun for example_dag_decorator to None, run_after=None
[2025-10-05T23:12:48.874+0000] {processor.py:208} INFO - Processing /home/airflow/.local/lib/python3.12/site-packages/airflow/example_dags/example_dag_decorator.py took 0.118 seconds
[2025-10-05T23:13:19.007+0000] {processor.py:186} INFO - Started process (PID=367) to work on /home/airflow/.local/lib/python3.12/site-packages/airflow/example_dags/example_dag_decorator.py
[2025-10-05T23:13:19.009+0000] {processor.py:914} INFO - Processing file /home/airflow/.local/lib/python3.12/site-packages/airflow/example_dags/example_dag_decorator.py for tasks to queue
[2025-10-05T23:13:19.012+0000] {logging_mixin.py:190} INFO - [2025-10-05T23:13:19.011+0000] {dagbag.py:588} INFO - Filling up the DagBag from /home/airflow/.local/lib/python3.12/site-packages/airflow/example_dags/example_dag_decorator.py
[2025-10-05T23:13:19.025+0000] {processor.py:925} INFO - DAG(s) 'example_dag_decorator' retrieved from /home/airflow/.local/lib/python3.12/site-packages/airflow/example_dags/example_dag_decorator.py
[2025-10-05T23:13:19.158+0000] {logging_mixin.py:190} INFO - [2025-10-05T23:13:19.158+0000] {dag.py:3239} INFO - Sync 1 DAGs
[2025-10-05T23:13:19.172+0000] {logging_mixin.py:190} INFO - [2025-10-05T23:13:19.172+0000] {dag.py:4180} INFO - Setting next_dagrun for example_dag_decorator to None, run_after=None
[2025-10-05T23:13:19.255+0000] {processor.py:208} INFO - Processing /home/airflow/.local/lib/python3.12/site-packages/airflow/example_dags/example_dag_decorator.py took 0.256 seconds
[2025-10-05T23:13:49.855+0000] {processor.py:186} INFO - Started process (PID=430) to work on /home/airflow/.local/lib/python3.12/site-packages/airflow/example_dags/example_dag_decorator.py
[2025-10-05T23:13:49.856+0000] {processor.py:914} INFO - Processing file /home/airflow/.local/lib/python3.12/site-packages/airflow/example_dags/example_dag_decorator.py for tasks to queue
[2025-10-05T23:13:49.859+0000] {logging_mixin.py:190} INFO - [2025-10-05T23:13:49.859+0000] {dagbag.py:588} INFO - Filling up the DagBag from /home/airflow/.local/lib/python3.12/site-packages/airflow/example_dags/example_dag_decorator.py
[2025-10-05T23:13:49.876+0000] {processor.py:925} INFO - DAG(s) 'example_dag_decorator' retrieved from /home/airflow/.local/lib/python3.12/site-packages/airflow/example_dags/example_dag_decorator.py
[2025-10-05T23:13:50.008+0000] {logging_mixin.py:190} INFO - [2025-10-05T23:13:50.008+0000] {dag.py:3239} INFO - Sync 1 DAGs
[2025-10-05T23:13:50.022+0000] {logging_mixin.py:190} INFO - [2025-10-05T23:13:50.022+0000] {dag.py:4180} INFO - Setting next_dagrun for example_dag_decorator to None, run_after=None
[2025-10-05T23:13:50.050+0000] {processor.py:208} INFO - Processing /home/airflow/.local/lib/python3.12/site-packages/airflow/example_dags/example_dag_decorator.py took 0.202 seconds
[2025-10-05T23:14:20.205+0000] {processor.py:186} INFO - Started process (PID=493) to work on /home/airflow/.local/lib/python3.12/site-packages/airflow/example_dags/example_dag_decorator.py
[2025-10-05T23:14:20.206+0000] {processor.py:914} INFO - Processing file /home/airflow/.local/lib/python3.12/site-packages/airflow/example_dags/example_dag_decorator.py for tasks to queue
[2025-10-05T23:14:20.209+0000] {logging_mixin.py:190} INFO - [2025-10-05T23:14:20.209+0000] {dagbag.py:588} INFO - Filling up the DagBag from /home/airflow/.local/lib/python3.12/site-packages/airflow/example_dags/example_dag_decorator.py
[2025-10-05T23:14:20.224+0000] {processor.py:925} INFO - DAG(s) 'example_dag_decorator' retrieved from /home/airflow/.local/lib/python3.12/site-packages/airflow/example_dags/example_dag_decorator.py
[2025-10-05T23:14:20.368+0000] {logging_mixin.py:190} INFO - [2025-10-05T23:14:20.367+0000] {dag.py:3239} INFO - Sync 1 DAGs
[2025-10-05T23:14:20.382+0000] {logging_mixin.py:190} INFO - [2025-10-05T23:14:20.381+0000] {dag.py:4180} INFO - Setting next_dagrun for example_dag_decorator to None, run_after=None
[2025-10-05T23:14:20.403+0000] {processor.py:208} INFO - Processing /home/airflow/.local/lib/python3.12/site-packages/airflow/example_dags/example_dag_decorator.py took 0.205 seconds
[2025-10-05T23:14:52.205+0000] {processor.py:186} INFO - Started process (PID=558) to work on /home/airflow/.local/lib/python3.12/site-packages/airflow/example_dags/example_dag_decorator.py
[2025-10-05T23:14:52.209+0000] {processor.py:914} INFO - Processing file /home/airflow/.local/lib/python3.12/site-packages/airflow/example_dags/example_dag_decorator.py for tasks to queue
[2025-10-05T23:14:52.221+0000] {logging_mixin.py:190} INFO - [2025-10-05T23:14:52.220+0000] {dagbag.py:588} INFO - Filling up the DagBag from /home/airflow/.local/lib/python3.12/site-packages/airflow/example_dags/example_dag_decorator.py
[2025-10-05T23:14:52.275+0000] {processor.py:925} INFO - DAG(s) 'example_dag_decorator' retrieved from /home/airflow/.local/lib/python3.12/site-packages/airflow/example_dags/example_dag_decorator.py
[2025-10-05T23:14:53.078+0000] {logging_mixin.py:190} INFO - [2025-10-05T23:14:53.077+0000] {dag.py:3239} INFO - Sync 1 DAGs
[2025-10-05T23:14:53.305+0000] {logging_mixin.py:190} INFO - [2025-10-05T23:14:53.304+0000] {dag.py:4180} INFO - Setting next_dagrun for example_dag_decorator to None, run_after=None
[2025-10-05T23:14:53.539+0000] {processor.py:208} INFO - Processing /home/airflow/.local/lib/python3.12/site-packages/airflow/example_dags/example_dag_decorator.py took 1.354 seconds
[2025-10-05T23:15:23.806+0000] {processor.py:186} INFO - Started process (PID=621) to work on /home/airflow/.local/lib/python3.12/site-packages/airflow/example_dags/example_dag_decorator.py
[2025-10-05T23:15:23.813+0000] {processor.py:914} INFO - Processing file /home/airflow/.local/lib/python3.12/site-packages/airflow/example_dags/example_dag_decorator.py for tasks to queue
[2025-10-05T23:15:23.823+0000] {logging_mixin.py:190} INFO - [2025-10-05T23:15:23.822+0000] {dagbag.py:588} INFO - Filling up the DagBag from /home/airflow/.local/lib/python3.12/site-packages/airflow/example_dags/example_dag_decorator.py
[2025-10-05T23:15:23.856+0000] {processor.py:925} INFO - DAG(s) 'example_dag_decorator' retrieved from /home/airflow/.local/lib/python3.12/site-packages/airflow/example_dags/example_dag_decorator.py
[2025-10-05T23:15:24.222+0000] {logging_mixin.py:190} INFO - [2025-10-05T23:15:24.222+0000] {dag.py:3239} INFO - Sync 1 DAGs
[2025-10-05T23:15:24.253+0000] {logging_mixin.py:190} INFO - [2025-10-05T23:15:24.253+0000] {dag.py:4180} INFO - Setting next_dagrun for example_dag_decorator to None, run_after=None
[2025-10-05T23:15:24.289+0000] {processor.py:208} INFO - Processing /home/airflow/.local/lib/python3.12/site-packages/airflow/example_dags/example_dag_decorator.py took 0.498 seconds
[2025-10-05T23:15:55.212+0000] {processor.py:186} INFO - Started process (PID=684) to work on /home/airflow/.local/lib/python3.12/site-packages/airflow/example_dags/example_dag_decorator.py
[2025-10-05T23:15:55.213+0000] {processor.py:914} INFO - Processing file /home/airflow/.local/lib/python3.12/site-packages/airflow/example_dags/example_dag_decorator.py for tasks to queue
[2025-10-05T23:15:55.217+0000] {logging_mixin.py:190} INFO - [2025-10-05T23:15:55.217+0000] {dagbag.py:588} INFO - Filling up the DagBag from /home/airflow/.local/lib/python3.12/site-packages/airflow/example_dags/example_dag_decorator.py
[2025-10-05T23:15:55.235+0000] {processor.py:925} INFO - DAG(s) 'example_dag_decorator' retrieved from /home/airflow/.local/lib/python3.12/site-packages/airflow/example_dags/example_dag_decorator.py
[2025-10-05T23:15:55.262+0000] {logging_mixin.py:190} INFO - [2025-10-05T23:15:55.262+0000] {dag.py:3239} INFO - Sync 1 DAGs
[2025-10-05T23:15:55.278+0000] {logging_mixin.py:190} INFO - [2025-10-05T23:15:55.277+0000] {dag.py:4180} INFO - Setting next_dagrun for example_dag_decorator to None, run_after=None
[2025-10-05T23:15:55.302+0000] {processor.py:208} INFO - Processing /home/airflow/.local/lib/python3.12/site-packages/airflow/example_dags/example_dag_decorator.py took 0.102 seconds
[2025-10-05T23:16:40.219+0000] {processor.py:186} INFO - Started process (PID=750) to work on /home/airflow/.local/lib/python3.12/site-packages/airflow/example_dags/example_dag_decorator.py
[2025-10-05T23:16:40.220+0000] {processor.py:914} INFO - Processing file /home/airflow/.local/lib/python3.12/site-packages/airflow/example_dags/example_dag_decorator.py for tasks to queue
[2025-10-05T23:16:40.224+0000] {logging_mixin.py:190} INFO - [2025-10-05T23:16:40.224+0000] {dagbag.py:588} INFO - Filling up the DagBag from /home/airflow/.local/lib/python3.12/site-packages/airflow/example_dags/example_dag_decorator.py
[2025-10-05T23:16:40.242+0000] {processor.py:925} INFO - DAG(s) 'example_dag_decorator' retrieved from /home/airflow/.local/lib/python3.12/site-packages/airflow/example_dags/example_dag_decorator.py
[2025-10-05T23:16:40.525+0000] {logging_mixin.py:190} INFO - [2025-10-05T23:16:40.525+0000] {dag.py:3239} INFO - Sync 1 DAGs
[2025-10-05T23:16:40.544+0000] {logging_mixin.py:190} INFO - [2025-10-05T23:16:40.543+0000] {dag.py:4180} INFO - Setting next_dagrun for example_dag_decorator to None, run_after=None
[2025-10-05T23:16:40.573+0000] {processor.py:208} INFO - Processing /home/airflow/.local/lib/python3.12/site-packages/airflow/example_dags/example_dag_decorator.py took 0.366 seconds
[2025-10-05T23:17:10.887+0000] {processor.py:186} INFO - Started process (PID=815) to work on /home/airflow/.local/lib/python3.12/site-packages/airflow/example_dags/example_dag_decorator.py
[2025-10-05T23:17:10.888+0000] {processor.py:914} INFO - Processing file /home/airflow/.local/lib/python3.12/site-packages/airflow/example_dags/example_dag_decorator.py for tasks to queue
[2025-10-05T23:17:10.891+0000] {logging_mixin.py:190} INFO - [2025-10-05T23:17:10.891+0000] {dagbag.py:588} INFO - Filling up the DagBag from /home/airflow/.local/lib/python3.12/site-packages/airflow/example_dags/example_dag_decorator.py
[2025-10-05T23:17:10.910+0000] {processor.py:925} INFO - DAG(s) 'example_dag_decorator' retrieved from /home/airflow/.local/lib/python3.12/site-packages/airflow/example_dags/example_dag_decorator.py
[2025-10-05T23:17:10.950+0000] {logging_mixin.py:190} INFO - [2025-10-05T23:17:10.950+0000] {dag.py:3239} INFO - Sync 1 DAGs
[2025-10-05T23:17:10.976+0000] {logging_mixin.py:190} INFO - [2025-10-05T23:17:10.974+0000] {dag.py:4180} INFO - Setting next_dagrun for example_dag_decorator to None, run_after=None
[2025-10-05T23:17:11.010+0000] {processor.py:208} INFO - Processing /home/airflow/.local/lib/python3.12/site-packages/airflow/example_dags/example_dag_decorator.py took 0.132 seconds
[2025-10-05T23:17:41.581+0000] {processor.py:186} INFO - Started process (PID=877) to work on /home/airflow/.local/lib/python3.12/site-packages/airflow/example_dags/example_dag_decorator.py
[2025-10-05T23:17:41.582+0000] {processor.py:914} INFO - Processing file /home/airflow/.local/lib/python3.12/site-packages/airflow/example_dags/example_dag_decorator.py for tasks to queue
[2025-10-05T23:17:41.585+0000] {logging_mixin.py:190} INFO - [2025-10-05T23:17:41.585+0000] {dagbag.py:588} INFO - Filling up the DagBag from /home/airflow/.local/lib/python3.12/site-packages/airflow/example_dags/example_dag_decorator.py
[2025-10-05T23:17:41.600+0000] {processor.py:925} INFO - DAG(s) 'example_dag_decorator' retrieved from /home/airflow/.local/lib/python3.12/site-packages/airflow/example_dags/example_dag_decorator.py
[2025-10-05T23:17:41.833+0000] {logging_mixin.py:190} INFO - [2025-10-05T23:17:41.832+0000] {dag.py:3239} INFO - Sync 1 DAGs
[2025-10-05T23:17:41.849+0000] {logging_mixin.py:190} INFO - [2025-10-05T23:17:41.849+0000] {dag.py:4180} INFO - Setting next_dagrun for example_dag_decorator to None, run_after=None
[2025-10-05T23:17:41.881+0000] {processor.py:208} INFO - Processing /home/airflow/.local/lib/python3.12/site-packages/airflow/example_dags/example_dag_decorator.py took 0.308 seconds
[2025-10-05T23:18:12.733+0000] {processor.py:186} INFO - Started process (PID=940) to work on /home/airflow/.local/lib/python3.12/site-packages/airflow/example_dags/example_dag_decorator.py
[2025-10-05T23:18:12.735+0000] {processor.py:914} INFO - Processing file /home/airflow/.local/lib/python3.12/site-packages/airflow/example_dags/example_dag_decorator.py for tasks to queue
[2025-10-05T23:18:12.739+0000] {logging_mixin.py:190} INFO - [2025-10-05T23:18:12.738+0000] {dagbag.py:588} INFO - Filling up the DagBag from /home/airflow/.local/lib/python3.12/site-packages/airflow/example_dags/example_dag_decorator.py
[2025-10-05T23:18:12.760+0000] {processor.py:925} INFO - DAG(s) 'example_dag_decorator' retrieved from /home/airflow/.local/lib/python3.12/site-packages/airflow/example_dags/example_dag_decorator.py
[2025-10-05T23:18:12.989+0000] {logging_mixin.py:190} INFO - [2025-10-05T23:18:12.989+0000] {dag.py:3239} INFO - Sync 1 DAGs
[2025-10-05T23:18:13.003+0000] {logging_mixin.py:190} INFO - [2025-10-05T23:18:13.002+0000] {dag.py:4180} INFO - Setting next_dagrun for example_dag_decorator to None, run_after=None
[2025-10-05T23:18:13.025+0000] {processor.py:208} INFO - Processing /home/airflow/.local/lib/python3.12/site-packages/airflow/example_dags/example_dag_decorator.py took 0.301 seconds
[2025-10-05T23:18:44.013+0000] {processor.py:186} INFO - Started process (PID=1003) to work on /home/airflow/.local/lib/python3.12/site-packages/airflow/example_dags/example_dag_decorator.py
[2025-10-05T23:18:44.014+0000] {processor.py:914} INFO - Processing file /home/airflow/.local/lib/python3.12/site-packages/airflow/example_dags/example_dag_decorator.py for tasks to queue
[2025-10-05T23:18:44.017+0000] {logging_mixin.py:190} INFO - [2025-10-05T23:18:44.017+0000] {dagbag.py:588} INFO - Filling up the DagBag from /home/airflow/.local/lib/python3.12/site-packages/airflow/example_dags/example_dag_decorator.py
[2025-10-05T23:18:44.032+0000] {processor.py:925} INFO - DAG(s) 'example_dag_decorator' retrieved from /home/airflow/.local/lib/python3.12/site-packages/airflow/example_dags/example_dag_decorator.py
[2025-10-05T23:18:44.279+0000] {logging_mixin.py:190} INFO - [2025-10-05T23:18:44.279+0000] {dag.py:3239} INFO - Sync 1 DAGs
[2025-10-05T23:18:44.295+0000] {logging_mixin.py:190} INFO - [2025-10-05T23:18:44.295+0000] {dag.py:4180} INFO - Setting next_dagrun for example_dag_decorator to None, run_after=None
[2025-10-05T23:18:44.319+0000] {processor.py:208} INFO - Processing /home/airflow/.local/lib/python3.12/site-packages/airflow/example_dags/example_dag_decorator.py took 0.313 seconds
[2025-10-05T23:19:15.056+0000] {processor.py:186} INFO - Started process (PID=1066) to work on /home/airflow/.local/lib/python3.12/site-packages/airflow/example_dags/example_dag_decorator.py
[2025-10-05T23:19:15.058+0000] {processor.py:914} INFO - Processing file /home/airflow/.local/lib/python3.12/site-packages/airflow/example_dags/example_dag_decorator.py for tasks to queue
[2025-10-05T23:19:15.061+0000] {logging_mixin.py:190} INFO - [2025-10-05T23:19:15.061+0000] {dagbag.py:588} INFO - Filling up the DagBag from /home/airflow/.local/lib/python3.12/site-packages/airflow/example_dags/example_dag_decorator.py
[2025-10-05T23:19:15.078+0000] {processor.py:925} INFO - DAG(s) 'example_dag_decorator' retrieved from /home/airflow/.local/lib/python3.12/site-packages/airflow/example_dags/example_dag_decorator.py
[2025-10-05T23:19:15.303+0000] {logging_mixin.py:190} INFO - [2025-10-05T23:19:15.303+0000] {dag.py:3239} INFO - Sync 1 DAGs
[2025-10-05T23:19:15.319+0000] {logging_mixin.py:190} INFO - [2025-10-05T23:19:15.319+0000] {dag.py:4180} INFO - Setting next_dagrun for example_dag_decorator to None, run_after=None
[2025-10-05T23:19:15.344+0000] {processor.py:208} INFO - Processing /home/airflow/.local/lib/python3.12/site-packages/airflow/example_dags/example_dag_decorator.py took 0.295 seconds
[2025-10-05T23:20:07.181+0000] {processor.py:186} INFO - Started process (PID=1140) to work on /home/airflow/.local/lib/python3.12/site-packages/airflow/example_dags/example_dag_decorator.py
[2025-10-05T23:20:07.182+0000] {processor.py:914} INFO - Processing file /home/airflow/.local/lib/python3.12/site-packages/airflow/example_dags/example_dag_decorator.py for tasks to queue
[2025-10-05T23:20:07.186+0000] {logging_mixin.py:190} INFO - [2025-10-05T23:20:07.185+0000] {dagbag.py:588} INFO - Filling up the DagBag from /home/airflow/.local/lib/python3.12/site-packages/airflow/example_dags/example_dag_decorator.py
[2025-10-05T23:20:07.210+0000] {processor.py:925} INFO - DAG(s) 'example_dag_decorator' retrieved from /home/airflow/.local/lib/python3.12/site-packages/airflow/example_dags/example_dag_decorator.py
[2025-10-05T23:20:07.594+0000] {logging_mixin.py:190} INFO - [2025-10-05T23:20:07.594+0000] {dag.py:3239} INFO - Sync 1 DAGs
[2025-10-05T23:20:07.611+0000] {logging_mixin.py:190} INFO - [2025-10-05T23:20:07.611+0000] {dag.py:4180} INFO - Setting next_dagrun for example_dag_decorator to None, run_after=None
[2025-10-05T23:20:07.643+0000] {processor.py:208} INFO - Processing /home/airflow/.local/lib/python3.12/site-packages/airflow/example_dags/example_dag_decorator.py took 0.471 seconds
[2025-10-05T23:20:37.943+0000] {processor.py:186} INFO - Started process (PID=1203) to work on /home/airflow/.local/lib/python3.12/site-packages/airflow/example_dags/example_dag_decorator.py
[2025-10-05T23:20:37.944+0000] {processor.py:914} INFO - Processing file /home/airflow/.local/lib/python3.12/site-packages/airflow/example_dags/example_dag_decorator.py for tasks to queue
[2025-10-05T23:20:37.947+0000] {logging_mixin.py:190} INFO - [2025-10-05T23:20:37.947+0000] {dagbag.py:588} INFO - Filling up the DagBag from /home/airflow/.local/lib/python3.12/site-packages/airflow/example_dags/example_dag_decorator.py
[2025-10-05T23:20:37.964+0000] {processor.py:925} INFO - DAG(s) 'example_dag_decorator' retrieved from /home/airflow/.local/lib/python3.12/site-packages/airflow/example_dags/example_dag_decorator.py
[2025-10-05T23:20:38.186+0000] {logging_mixin.py:190} INFO - [2025-10-05T23:20:38.185+0000] {dag.py:3239} INFO - Sync 1 DAGs
[2025-10-05T23:20:38.204+0000] {logging_mixin.py:190} INFO - [2025-10-05T23:20:38.204+0000] {dag.py:4180} INFO - Setting next_dagrun for example_dag_decorator to None, run_after=None
[2025-10-05T23:20:38.234+0000] {processor.py:208} INFO - Processing /home/airflow/.local/lib/python3.12/site-packages/airflow/example_dags/example_dag_decorator.py took 0.299 seconds
[2025-10-05T23:21:18.944+0000] {processor.py:186} INFO - Started process (PID=1261) to work on /home/airflow/.local/lib/python3.12/site-packages/airflow/example_dags/example_dag_decorator.py
[2025-10-05T23:21:18.946+0000] {processor.py:914} INFO - Processing file /home/airflow/.local/lib/python3.12/site-packages/airflow/example_dags/example_dag_decorator.py for tasks to queue
[2025-10-05T23:21:18.950+0000] {logging_mixin.py:190} INFO - [2025-10-05T23:21:18.949+0000] {dagbag.py:588} INFO - Filling up the DagBag from /home/airflow/.local/lib/python3.12/site-packages/airflow/example_dags/example_dag_decorator.py
[2025-10-05T23:21:18.968+0000] {processor.py:925} INFO - DAG(s) 'example_dag_decorator' retrieved from /home/airflow/.local/lib/python3.12/site-packages/airflow/example_dags/example_dag_decorator.py
[2025-10-05T23:21:19.302+0000] {logging_mixin.py:190} INFO - [2025-10-05T23:21:19.302+0000] {dag.py:3239} INFO - Sync 1 DAGs
[2025-10-05T23:21:19.319+0000] {logging_mixin.py:190} INFO - [2025-10-05T23:21:19.319+0000] {dag.py:4180} INFO - Setting next_dagrun for example_dag_decorator to None, run_after=None
[2025-10-05T23:21:19.350+0000] {processor.py:208} INFO - Processing /home/airflow/.local/lib/python3.12/site-packages/airflow/example_dags/example_dag_decorator.py took 0.414 seconds
[2025-10-05T23:26:44.722+0000] {processor.py:186} INFO - Started process (PID=1355) to work on /home/airflow/.local/lib/python3.12/site-packages/airflow/example_dags/example_dag_decorator.py
[2025-10-05T23:26:44.725+0000] {processor.py:914} INFO - Processing file /home/airflow/.local/lib/python3.12/site-packages/airflow/example_dags/example_dag_decorator.py for tasks to queue
[2025-10-05T23:26:44.729+0000] {logging_mixin.py:190} INFO - [2025-10-05T23:26:44.728+0000] {dagbag.py:588} INFO - Filling up the DagBag from /home/airflow/.local/lib/python3.12/site-packages/airflow/example_dags/example_dag_decorator.py
[2025-10-05T23:26:44.758+0000] {processor.py:925} INFO - DAG(s) 'example_dag_decorator' retrieved from /home/airflow/.local/lib/python3.12/site-packages/airflow/example_dags/example_dag_decorator.py
[2025-10-05T23:26:45.194+0000] {logging_mixin.py:190} INFO - [2025-10-05T23:26:45.193+0000] {dag.py:3239} INFO - Sync 1 DAGs
[2025-10-05T23:26:45.232+0000] {logging_mixin.py:190} INFO - [2025-10-05T23:26:45.231+0000] {dag.py:4180} INFO - Setting next_dagrun for example_dag_decorator to None, run_after=None
[2025-10-05T23:26:45.278+0000] {processor.py:208} INFO - Processing /home/airflow/.local/lib/python3.12/site-packages/airflow/example_dags/example_dag_decorator.py took 0.571 seconds
[2025-10-05T23:28:17.586+0000] {processor.py:186} INFO - Started process (PID=1417) to work on /home/airflow/.local/lib/python3.12/site-packages/airflow/example_dags/example_dag_decorator.py
[2025-10-05T23:28:17.588+0000] {processor.py:914} INFO - Processing file /home/airflow/.local/lib/python3.12/site-packages/airflow/example_dags/example_dag_decorator.py for tasks to queue
[2025-10-05T23:28:17.591+0000] {logging_mixin.py:190} INFO - [2025-10-05T23:28:17.590+0000] {dagbag.py:588} INFO - Filling up the DagBag from /home/airflow/.local/lib/python3.12/site-packages/airflow/example_dags/example_dag_decorator.py
[2025-10-05T23:28:17.628+0000] {processor.py:925} INFO - DAG(s) 'example_dag_decorator' retrieved from /home/airflow/.local/lib/python3.12/site-packages/airflow/example_dags/example_dag_decorator.py
[2025-10-05T23:28:18.298+0000] {logging_mixin.py:190} INFO - [2025-10-05T23:28:18.290+0000] {dag.py:3239} INFO - Sync 1 DAGs
[2025-10-05T23:28:18.343+0000] {logging_mixin.py:190} INFO - [2025-10-05T23:28:18.342+0000] {dag.py:4180} INFO - Setting next_dagrun for example_dag_decorator to None, run_after=None
[2025-10-05T23:28:18.450+0000] {processor.py:208} INFO - Processing /home/airflow/.local/lib/python3.12/site-packages/airflow/example_dags/example_dag_decorator.py took 0.881 seconds
