[2025-10-05T23:11:18.552+0000] {processor.py:186} INFO - Started process (PID=135) to work on /home/airflow/.local/lib/python3.12/site-packages/airflow/example_dags/example_branch_operator.py
[2025-10-05T23:11:18.556+0000] {processor.py:914} INFO - Processing file /home/airflow/.local/lib/python3.12/site-packages/airflow/example_dags/example_branch_operator.py for tasks to queue
[2025-10-05T23:11:18.566+0000] {logging_mixin.py:190} INFO - [2025-10-05T23:11:18.565+0000] {dagbag.py:588} INFO - Filling up the DagBag from /home/airflow/.local/lib/python3.12/site-packages/airflow/example_dags/example_branch_operator.py
[2025-10-05T23:11:18.642+0000] {processor.py:925} INFO - DAG(s) 'example_branch_operator' retrieved from /home/airflow/.local/lib/python3.12/site-packages/airflow/example_dags/example_branch_operator.py
[2025-10-05T23:11:19.249+0000] {logging_mixin.py:190} INFO - [2025-10-05T23:11:19.242+0000] {override.py:1900} INFO - Created Permission View: can edit on DAG:example_branch_operator
[2025-10-05T23:11:19.650+0000] {logging_mixin.py:190} INFO - [2025-10-05T23:11:19.649+0000] {override.py:1900} INFO - Created Permission View: can delete on DAG:example_branch_operator
[2025-10-05T23:11:19.725+0000] {logging_mixin.py:190} INFO - [2025-10-05T23:11:19.724+0000] {override.py:1900} INFO - Created Permission View: can read on DAG:example_branch_operator
[2025-10-05T23:11:19.931+0000] {logging_mixin.py:190} INFO - [2025-10-05T23:11:19.930+0000] {override.py:1900} INFO - Created Permission View: can create on DAG Run:example_branch_operator
[2025-10-05T23:11:20.023+0000] {logging_mixin.py:190} INFO - [2025-10-05T23:11:20.020+0000] {override.py:1900} INFO - Created Permission View: menu access on DAG Run:example_branch_operator
[2025-10-05T23:11:20.169+0000] {logging_mixin.py:190} INFO - [2025-10-05T23:11:20.167+0000] {override.py:1900} INFO - Created Permission View: can delete on DAG Run:example_branch_operator
[2025-10-05T23:11:20.243+0000] {logging_mixin.py:190} INFO - [2025-10-05T23:11:20.241+0000] {override.py:1900} INFO - Created Permission View: can read on DAG Run:example_branch_operator
[2025-10-05T23:11:20.247+0000] {logging_mixin.py:190} INFO - [2025-10-05T23:11:20.245+0000] {dag.py:3239} INFO - Sync 1 DAGs
[2025-10-05T23:11:20.352+0000] {logging_mixin.py:190} INFO - [2025-10-05T23:11:20.351+0000] {dag.py:3262} INFO - Creating ORM DAG for example_branch_operator
[2025-10-05T23:11:20.385+0000] {logging_mixin.py:190} INFO - [2025-10-05T23:11:20.384+0000] {dag.py:4180} INFO - Setting next_dagrun for example_branch_operator to 2025-10-04 00:00:00+00:00, run_after=2025-10-05 00:00:00+00:00
[2025-10-05T23:11:20.438+0000] {processor.py:208} INFO - Processing /home/airflow/.local/lib/python3.12/site-packages/airflow/example_dags/example_branch_operator.py took 1.907 seconds
[2025-10-05T23:11:50.852+0000] {processor.py:186} INFO - Started process (PID=198) to work on /home/airflow/.local/lib/python3.12/site-packages/airflow/example_dags/example_branch_operator.py
[2025-10-05T23:11:50.858+0000] {processor.py:914} INFO - Processing file /home/airflow/.local/lib/python3.12/site-packages/airflow/example_dags/example_branch_operator.py for tasks to queue
[2025-10-05T23:11:50.865+0000] {logging_mixin.py:190} INFO - [2025-10-05T23:11:50.864+0000] {dagbag.py:588} INFO - Filling up the DagBag from /home/airflow/.local/lib/python3.12/site-packages/airflow/example_dags/example_branch_operator.py
[2025-10-05T23:11:50.933+0000] {processor.py:925} INFO - DAG(s) 'example_branch_operator' retrieved from /home/airflow/.local/lib/python3.12/site-packages/airflow/example_dags/example_branch_operator.py
[2025-10-05T23:11:51.032+0000] {logging_mixin.py:190} INFO - [2025-10-05T23:11:51.031+0000] {dag.py:3239} INFO - Sync 1 DAGs
[2025-10-05T23:11:51.102+0000] {logging_mixin.py:190} INFO - [2025-10-05T23:11:51.102+0000] {dag.py:4180} INFO - Setting next_dagrun for example_branch_operator to 2025-10-04 00:00:00+00:00, run_after=2025-10-05 00:00:00+00:00
[2025-10-05T23:11:51.153+0000] {processor.py:208} INFO - Processing /home/airflow/.local/lib/python3.12/site-packages/airflow/example_dags/example_branch_operator.py took 0.318 seconds
[2025-10-05T23:12:21.320+0000] {processor.py:186} INFO - Started process (PID=261) to work on /home/airflow/.local/lib/python3.12/site-packages/airflow/example_dags/example_branch_operator.py
[2025-10-05T23:12:21.327+0000] {processor.py:914} INFO - Processing file /home/airflow/.local/lib/python3.12/site-packages/airflow/example_dags/example_branch_operator.py for tasks to queue
[2025-10-05T23:12:21.342+0000] {logging_mixin.py:190} INFO - [2025-10-05T23:12:21.340+0000] {dagbag.py:588} INFO - Filling up the DagBag from /home/airflow/.local/lib/python3.12/site-packages/airflow/example_dags/example_branch_operator.py
[2025-10-05T23:12:21.440+0000] {processor.py:925} INFO - DAG(s) 'example_branch_operator' retrieved from /home/airflow/.local/lib/python3.12/site-packages/airflow/example_dags/example_branch_operator.py
[2025-10-05T23:12:21.520+0000] {logging_mixin.py:190} INFO - [2025-10-05T23:12:21.519+0000] {dag.py:3239} INFO - Sync 1 DAGs
[2025-10-05T23:12:21.594+0000] {logging_mixin.py:190} INFO - [2025-10-05T23:12:21.593+0000] {dag.py:4180} INFO - Setting next_dagrun for example_branch_operator to 2025-10-04 00:00:00+00:00, run_after=2025-10-05 00:00:00+00:00
[2025-10-05T23:12:21.656+0000] {processor.py:208} INFO - Processing /home/airflow/.local/lib/python3.12/site-packages/airflow/example_dags/example_branch_operator.py took 0.371 seconds
[2025-10-05T23:12:51.712+0000] {processor.py:186} INFO - Started process (PID=324) to work on /home/airflow/.local/lib/python3.12/site-packages/airflow/example_dags/example_branch_operator.py
[2025-10-05T23:12:52.019+0000] {processor.py:914} INFO - Processing file /home/airflow/.local/lib/python3.12/site-packages/airflow/example_dags/example_branch_operator.py for tasks to queue
[2025-10-05T23:12:52.025+0000] {logging_mixin.py:190} INFO - [2025-10-05T23:12:52.025+0000] {dagbag.py:588} INFO - Filling up the DagBag from /home/airflow/.local/lib/python3.12/site-packages/airflow/example_dags/example_branch_operator.py
[2025-10-05T23:12:52.065+0000] {processor.py:925} INFO - DAG(s) 'example_branch_operator' retrieved from /home/airflow/.local/lib/python3.12/site-packages/airflow/example_dags/example_branch_operator.py
[2025-10-05T23:12:52.240+0000] {logging_mixin.py:190} INFO - [2025-10-05T23:12:52.240+0000] {dag.py:3239} INFO - Sync 1 DAGs
[2025-10-05T23:12:52.271+0000] {logging_mixin.py:190} INFO - [2025-10-05T23:12:52.271+0000] {dag.py:4180} INFO - Setting next_dagrun for example_branch_operator to 2025-10-04 00:00:00+00:00, run_after=2025-10-05 00:00:00+00:00
[2025-10-05T23:12:53.458+0000] {processor.py:208} INFO - Processing /home/airflow/.local/lib/python3.12/site-packages/airflow/example_dags/example_branch_operator.py took 1.753 seconds
[2025-10-05T23:13:23.857+0000] {processor.py:186} INFO - Started process (PID=388) to work on /home/airflow/.local/lib/python3.12/site-packages/airflow/example_dags/example_branch_operator.py
[2025-10-05T23:13:23.858+0000] {processor.py:914} INFO - Processing file /home/airflow/.local/lib/python3.12/site-packages/airflow/example_dags/example_branch_operator.py for tasks to queue
[2025-10-05T23:13:23.861+0000] {logging_mixin.py:190} INFO - [2025-10-05T23:13:23.860+0000] {dagbag.py:588} INFO - Filling up the DagBag from /home/airflow/.local/lib/python3.12/site-packages/airflow/example_dags/example_branch_operator.py
[2025-10-05T23:13:23.880+0000] {processor.py:925} INFO - DAG(s) 'example_branch_operator' retrieved from /home/airflow/.local/lib/python3.12/site-packages/airflow/example_dags/example_branch_operator.py
[2025-10-05T23:13:23.914+0000] {logging_mixin.py:190} INFO - [2025-10-05T23:13:23.914+0000] {dag.py:3239} INFO - Sync 1 DAGs
[2025-10-05T23:13:23.948+0000] {logging_mixin.py:190} INFO - [2025-10-05T23:13:23.947+0000] {dag.py:4180} INFO - Setting next_dagrun for example_branch_operator to 2025-10-04 00:00:00+00:00, run_after=2025-10-05 00:00:00+00:00
[2025-10-05T23:13:23.976+0000] {processor.py:208} INFO - Processing /home/airflow/.local/lib/python3.12/site-packages/airflow/example_dags/example_branch_operator.py took 0.126 seconds
[2025-10-05T23:13:54.701+0000] {processor.py:186} INFO - Started process (PID=451) to work on /home/airflow/.local/lib/python3.12/site-packages/airflow/example_dags/example_branch_operator.py
[2025-10-05T23:13:54.702+0000] {processor.py:914} INFO - Processing file /home/airflow/.local/lib/python3.12/site-packages/airflow/example_dags/example_branch_operator.py for tasks to queue
[2025-10-05T23:13:54.705+0000] {logging_mixin.py:190} INFO - [2025-10-05T23:13:54.704+0000] {dagbag.py:588} INFO - Filling up the DagBag from /home/airflow/.local/lib/python3.12/site-packages/airflow/example_dags/example_branch_operator.py
[2025-10-05T23:13:54.725+0000] {processor.py:925} INFO - DAG(s) 'example_branch_operator' retrieved from /home/airflow/.local/lib/python3.12/site-packages/airflow/example_dags/example_branch_operator.py
[2025-10-05T23:13:54.756+0000] {logging_mixin.py:190} INFO - [2025-10-05T23:13:54.756+0000] {dag.py:3239} INFO - Sync 1 DAGs
[2025-10-05T23:13:54.783+0000] {logging_mixin.py:190} INFO - [2025-10-05T23:13:54.783+0000] {dag.py:4180} INFO - Setting next_dagrun for example_branch_operator to 2025-10-04 00:00:00+00:00, run_after=2025-10-05 00:00:00+00:00
[2025-10-05T23:13:54.813+0000] {processor.py:208} INFO - Processing /home/airflow/.local/lib/python3.12/site-packages/airflow/example_dags/example_branch_operator.py took 0.119 seconds
[2025-10-05T23:14:25.349+0000] {processor.py:186} INFO - Started process (PID=514) to work on /home/airflow/.local/lib/python3.12/site-packages/airflow/example_dags/example_branch_operator.py
[2025-10-05T23:14:25.350+0000] {processor.py:914} INFO - Processing file /home/airflow/.local/lib/python3.12/site-packages/airflow/example_dags/example_branch_operator.py for tasks to queue
[2025-10-05T23:14:25.352+0000] {logging_mixin.py:190} INFO - [2025-10-05T23:14:25.352+0000] {dagbag.py:588} INFO - Filling up the DagBag from /home/airflow/.local/lib/python3.12/site-packages/airflow/example_dags/example_branch_operator.py
[2025-10-05T23:14:25.371+0000] {processor.py:925} INFO - DAG(s) 'example_branch_operator' retrieved from /home/airflow/.local/lib/python3.12/site-packages/airflow/example_dags/example_branch_operator.py
[2025-10-05T23:14:25.402+0000] {logging_mixin.py:190} INFO - [2025-10-05T23:14:25.401+0000] {dag.py:3239} INFO - Sync 1 DAGs
[2025-10-05T23:14:25.428+0000] {logging_mixin.py:190} INFO - [2025-10-05T23:14:25.428+0000] {dag.py:4180} INFO - Setting next_dagrun for example_branch_operator to 2025-10-04 00:00:00+00:00, run_after=2025-10-05 00:00:00+00:00
[2025-10-05T23:14:25.453+0000] {processor.py:208} INFO - Processing /home/airflow/.local/lib/python3.12/site-packages/airflow/example_dags/example_branch_operator.py took 0.111 seconds
[2025-10-05T23:15:11.246+0000] {processor.py:186} INFO - Started process (PID=603) to work on /home/airflow/.local/lib/python3.12/site-packages/airflow/example_dags/example_branch_operator.py
[2025-10-05T23:15:11.248+0000] {processor.py:914} INFO - Processing file /home/airflow/.local/lib/python3.12/site-packages/airflow/example_dags/example_branch_operator.py for tasks to queue
[2025-10-05T23:15:11.251+0000] {logging_mixin.py:190} INFO - [2025-10-05T23:15:11.250+0000] {dagbag.py:588} INFO - Filling up the DagBag from /home/airflow/.local/lib/python3.12/site-packages/airflow/example_dags/example_branch_operator.py
[2025-10-05T23:15:11.273+0000] {processor.py:925} INFO - DAG(s) 'example_branch_operator' retrieved from /home/airflow/.local/lib/python3.12/site-packages/airflow/example_dags/example_branch_operator.py
[2025-10-05T23:15:11.311+0000] {logging_mixin.py:190} INFO - [2025-10-05T23:15:11.311+0000] {dag.py:3239} INFO - Sync 1 DAGs
[2025-10-05T23:15:11.344+0000] {logging_mixin.py:190} INFO - [2025-10-05T23:15:11.344+0000] {dag.py:4180} INFO - Setting next_dagrun for example_branch_operator to 2025-10-04 00:00:00+00:00, run_after=2025-10-05 00:00:00+00:00
[2025-10-05T23:15:11.371+0000] {processor.py:208} INFO - Processing /home/airflow/.local/lib/python3.12/site-packages/airflow/example_dags/example_branch_operator.py took 0.132 seconds
[2025-10-05T23:15:41.588+0000] {processor.py:186} INFO - Started process (PID=667) to work on /home/airflow/.local/lib/python3.12/site-packages/airflow/example_dags/example_branch_operator.py
[2025-10-05T23:15:41.590+0000] {processor.py:914} INFO - Processing file /home/airflow/.local/lib/python3.12/site-packages/airflow/example_dags/example_branch_operator.py for tasks to queue
[2025-10-05T23:15:41.596+0000] {logging_mixin.py:190} INFO - [2025-10-05T23:15:41.596+0000] {dagbag.py:588} INFO - Filling up the DagBag from /home/airflow/.local/lib/python3.12/site-packages/airflow/example_dags/example_branch_operator.py
[2025-10-05T23:15:41.682+0000] {processor.py:925} INFO - DAG(s) 'example_branch_operator' retrieved from /home/airflow/.local/lib/python3.12/site-packages/airflow/example_dags/example_branch_operator.py
[2025-10-05T23:15:41.721+0000] {logging_mixin.py:190} INFO - [2025-10-05T23:15:41.721+0000] {dag.py:3239} INFO - Sync 1 DAGs
[2025-10-05T23:15:41.750+0000] {logging_mixin.py:190} INFO - [2025-10-05T23:15:41.750+0000] {dag.py:4180} INFO - Setting next_dagrun for example_branch_operator to 2025-10-04 00:00:00+00:00, run_after=2025-10-05 00:00:00+00:00
[2025-10-05T23:15:41.775+0000] {processor.py:208} INFO - Processing /home/airflow/.local/lib/python3.12/site-packages/airflow/example_dags/example_branch_operator.py took 0.194 seconds
[2025-10-05T23:16:37.749+0000] {processor.py:186} INFO - Started process (PID=734) to work on /home/airflow/.local/lib/python3.12/site-packages/airflow/example_dags/example_branch_operator.py
[2025-10-05T23:16:37.753+0000] {processor.py:914} INFO - Processing file /home/airflow/.local/lib/python3.12/site-packages/airflow/example_dags/example_branch_operator.py for tasks to queue
[2025-10-05T23:16:37.759+0000] {logging_mixin.py:190} INFO - [2025-10-05T23:16:37.757+0000] {dagbag.py:588} INFO - Filling up the DagBag from /home/airflow/.local/lib/python3.12/site-packages/airflow/example_dags/example_branch_operator.py
[2025-10-05T23:16:37.829+0000] {processor.py:925} INFO - DAG(s) 'example_branch_operator' retrieved from /home/airflow/.local/lib/python3.12/site-packages/airflow/example_dags/example_branch_operator.py
[2025-10-05T23:16:37.912+0000] {logging_mixin.py:190} INFO - [2025-10-05T23:16:37.911+0000] {dag.py:3239} INFO - Sync 1 DAGs
[2025-10-05T23:16:37.994+0000] {logging_mixin.py:190} INFO - [2025-10-05T23:16:37.993+0000] {dag.py:4180} INFO - Setting next_dagrun for example_branch_operator to 2025-10-04 00:00:00+00:00, run_after=2025-10-05 00:00:00+00:00
[2025-10-05T23:16:38.037+0000] {processor.py:208} INFO - Processing /home/airflow/.local/lib/python3.12/site-packages/airflow/example_dags/example_branch_operator.py took 0.307 seconds
[2025-10-05T23:17:08.997+0000] {processor.py:186} INFO - Started process (PID=798) to work on /home/airflow/.local/lib/python3.12/site-packages/airflow/example_dags/example_branch_operator.py
[2025-10-05T23:17:08.999+0000] {processor.py:914} INFO - Processing file /home/airflow/.local/lib/python3.12/site-packages/airflow/example_dags/example_branch_operator.py for tasks to queue
[2025-10-05T23:17:09.002+0000] {logging_mixin.py:190} INFO - [2025-10-05T23:17:09.002+0000] {dagbag.py:588} INFO - Filling up the DagBag from /home/airflow/.local/lib/python3.12/site-packages/airflow/example_dags/example_branch_operator.py
[2025-10-05T23:17:09.034+0000] {processor.py:925} INFO - DAG(s) 'example_branch_operator' retrieved from /home/airflow/.local/lib/python3.12/site-packages/airflow/example_dags/example_branch_operator.py
[2025-10-05T23:17:09.087+0000] {logging_mixin.py:190} INFO - [2025-10-05T23:17:09.086+0000] {dag.py:3239} INFO - Sync 1 DAGs
[2025-10-05T23:17:09.128+0000] {logging_mixin.py:190} INFO - [2025-10-05T23:17:09.128+0000] {dag.py:4180} INFO - Setting next_dagrun for example_branch_operator to 2025-10-04 00:00:00+00:00, run_after=2025-10-05 00:00:00+00:00
[2025-10-05T23:17:09.178+0000] {processor.py:208} INFO - Processing /home/airflow/.local/lib/python3.12/site-packages/airflow/example_dags/example_branch_operator.py took 0.191 seconds
[2025-10-05T23:17:39.295+0000] {processor.py:186} INFO - Started process (PID=861) to work on /home/airflow/.local/lib/python3.12/site-packages/airflow/example_dags/example_branch_operator.py
[2025-10-05T23:17:39.297+0000] {processor.py:914} INFO - Processing file /home/airflow/.local/lib/python3.12/site-packages/airflow/example_dags/example_branch_operator.py for tasks to queue
[2025-10-05T23:17:39.300+0000] {logging_mixin.py:190} INFO - [2025-10-05T23:17:39.300+0000] {dagbag.py:588} INFO - Filling up the DagBag from /home/airflow/.local/lib/python3.12/site-packages/airflow/example_dags/example_branch_operator.py
[2025-10-05T23:17:39.324+0000] {processor.py:925} INFO - DAG(s) 'example_branch_operator' retrieved from /home/airflow/.local/lib/python3.12/site-packages/airflow/example_dags/example_branch_operator.py
[2025-10-05T23:17:39.356+0000] {logging_mixin.py:190} INFO - [2025-10-05T23:17:39.356+0000] {dag.py:3239} INFO - Sync 1 DAGs
[2025-10-05T23:17:39.384+0000] {logging_mixin.py:190} INFO - [2025-10-05T23:17:39.384+0000] {dag.py:4180} INFO - Setting next_dagrun for example_branch_operator to 2025-10-04 00:00:00+00:00, run_after=2025-10-05 00:00:00+00:00
[2025-10-05T23:17:39.406+0000] {processor.py:208} INFO - Processing /home/airflow/.local/lib/python3.12/site-packages/airflow/example_dags/example_branch_operator.py took 0.118 seconds
[2025-10-05T23:18:10.426+0000] {processor.py:186} INFO - Started process (PID=924) to work on /home/airflow/.local/lib/python3.12/site-packages/airflow/example_dags/example_branch_operator.py
[2025-10-05T23:18:10.427+0000] {processor.py:914} INFO - Processing file /home/airflow/.local/lib/python3.12/site-packages/airflow/example_dags/example_branch_operator.py for tasks to queue
[2025-10-05T23:18:10.431+0000] {logging_mixin.py:190} INFO - [2025-10-05T23:18:10.430+0000] {dagbag.py:588} INFO - Filling up the DagBag from /home/airflow/.local/lib/python3.12/site-packages/airflow/example_dags/example_branch_operator.py
[2025-10-05T23:18:10.453+0000] {processor.py:925} INFO - DAG(s) 'example_branch_operator' retrieved from /home/airflow/.local/lib/python3.12/site-packages/airflow/example_dags/example_branch_operator.py
[2025-10-05T23:18:10.486+0000] {logging_mixin.py:190} INFO - [2025-10-05T23:18:10.485+0000] {dag.py:3239} INFO - Sync 1 DAGs
[2025-10-05T23:18:10.519+0000] {logging_mixin.py:190} INFO - [2025-10-05T23:18:10.519+0000] {dag.py:4180} INFO - Setting next_dagrun for example_branch_operator to 2025-10-04 00:00:00+00:00, run_after=2025-10-05 00:00:00+00:00
[2025-10-05T23:18:10.546+0000] {processor.py:208} INFO - Processing /home/airflow/.local/lib/python3.12/site-packages/airflow/example_dags/example_branch_operator.py took 0.127 seconds
[2025-10-05T23:18:41.805+0000] {processor.py:186} INFO - Started process (PID=987) to work on /home/airflow/.local/lib/python3.12/site-packages/airflow/example_dags/example_branch_operator.py
[2025-10-05T23:18:41.806+0000] {processor.py:914} INFO - Processing file /home/airflow/.local/lib/python3.12/site-packages/airflow/example_dags/example_branch_operator.py for tasks to queue
[2025-10-05T23:18:41.809+0000] {logging_mixin.py:190} INFO - [2025-10-05T23:18:41.809+0000] {dagbag.py:588} INFO - Filling up the DagBag from /home/airflow/.local/lib/python3.12/site-packages/airflow/example_dags/example_branch_operator.py
[2025-10-05T23:18:41.830+0000] {processor.py:925} INFO - DAG(s) 'example_branch_operator' retrieved from /home/airflow/.local/lib/python3.12/site-packages/airflow/example_dags/example_branch_operator.py
[2025-10-05T23:18:41.861+0000] {logging_mixin.py:190} INFO - [2025-10-05T23:18:41.861+0000] {dag.py:3239} INFO - Sync 1 DAGs
[2025-10-05T23:18:41.894+0000] {logging_mixin.py:190} INFO - [2025-10-05T23:18:41.893+0000] {dag.py:4180} INFO - Setting next_dagrun for example_branch_operator to 2025-10-04 00:00:00+00:00, run_after=2025-10-05 00:00:00+00:00
[2025-10-05T23:18:41.921+0000] {processor.py:208} INFO - Processing /home/airflow/.local/lib/python3.12/site-packages/airflow/example_dags/example_branch_operator.py took 0.123 seconds
[2025-10-05T23:19:12.848+0000] {processor.py:186} INFO - Started process (PID=1045) to work on /home/airflow/.local/lib/python3.12/site-packages/airflow/example_dags/example_branch_operator.py
[2025-10-05T23:19:12.850+0000] {processor.py:914} INFO - Processing file /home/airflow/.local/lib/python3.12/site-packages/airflow/example_dags/example_branch_operator.py for tasks to queue
[2025-10-05T23:19:12.855+0000] {logging_mixin.py:190} INFO - [2025-10-05T23:19:12.855+0000] {dagbag.py:588} INFO - Filling up the DagBag from /home/airflow/.local/lib/python3.12/site-packages/airflow/example_dags/example_branch_operator.py
[2025-10-05T23:19:12.879+0000] {processor.py:925} INFO - DAG(s) 'example_branch_operator' retrieved from /home/airflow/.local/lib/python3.12/site-packages/airflow/example_dags/example_branch_operator.py
[2025-10-05T23:19:12.930+0000] {logging_mixin.py:190} INFO - [2025-10-05T23:19:12.929+0000] {dag.py:3239} INFO - Sync 1 DAGs
[2025-10-05T23:19:12.975+0000] {logging_mixin.py:190} INFO - [2025-10-05T23:19:12.975+0000] {dag.py:4180} INFO - Setting next_dagrun for example_branch_operator to 2025-10-04 00:00:00+00:00, run_after=2025-10-05 00:00:00+00:00
[2025-10-05T23:19:13.004+0000] {processor.py:208} INFO - Processing /home/airflow/.local/lib/python3.12/site-packages/airflow/example_dags/example_branch_operator.py took 0.162 seconds
[2025-10-05T23:19:44.878+0000] {processor.py:186} INFO - Started process (PID=1112) to work on /home/airflow/.local/lib/python3.12/site-packages/airflow/example_dags/example_branch_operator.py
[2025-10-05T23:19:44.879+0000] {processor.py:914} INFO - Processing file /home/airflow/.local/lib/python3.12/site-packages/airflow/example_dags/example_branch_operator.py for tasks to queue
[2025-10-05T23:19:44.883+0000] {logging_mixin.py:190} INFO - [2025-10-05T23:19:44.882+0000] {dagbag.py:588} INFO - Filling up the DagBag from /home/airflow/.local/lib/python3.12/site-packages/airflow/example_dags/example_branch_operator.py
[2025-10-05T23:19:44.934+0000] {processor.py:925} INFO - DAG(s) 'example_branch_operator' retrieved from /home/airflow/.local/lib/python3.12/site-packages/airflow/example_dags/example_branch_operator.py
[2025-10-05T23:19:45.030+0000] {logging_mixin.py:190} INFO - [2025-10-05T23:19:45.030+0000] {dag.py:3239} INFO - Sync 1 DAGs
[2025-10-05T23:19:45.075+0000] {logging_mixin.py:190} INFO - [2025-10-05T23:19:45.074+0000] {dag.py:4180} INFO - Setting next_dagrun for example_branch_operator to 2025-10-04 00:00:00+00:00, run_after=2025-10-05 00:00:00+00:00
[2025-10-05T23:19:45.107+0000] {processor.py:208} INFO - Processing /home/airflow/.local/lib/python3.12/site-packages/airflow/example_dags/example_branch_operator.py took 0.244 seconds
[2025-10-05T23:20:15.766+0000] {processor.py:186} INFO - Started process (PID=1175) to work on /home/airflow/.local/lib/python3.12/site-packages/airflow/example_dags/example_branch_operator.py
[2025-10-05T23:20:15.767+0000] {processor.py:914} INFO - Processing file /home/airflow/.local/lib/python3.12/site-packages/airflow/example_dags/example_branch_operator.py for tasks to queue
[2025-10-05T23:20:15.771+0000] {logging_mixin.py:190} INFO - [2025-10-05T23:20:15.771+0000] {dagbag.py:588} INFO - Filling up the DagBag from /home/airflow/.local/lib/python3.12/site-packages/airflow/example_dags/example_branch_operator.py
[2025-10-05T23:20:15.796+0000] {processor.py:925} INFO - DAG(s) 'example_branch_operator' retrieved from /home/airflow/.local/lib/python3.12/site-packages/airflow/example_dags/example_branch_operator.py
[2025-10-05T23:20:15.840+0000] {logging_mixin.py:190} INFO - [2025-10-05T23:20:15.839+0000] {dag.py:3239} INFO - Sync 1 DAGs
[2025-10-05T23:20:15.873+0000] {logging_mixin.py:190} INFO - [2025-10-05T23:20:15.873+0000] {dag.py:4180} INFO - Setting next_dagrun for example_branch_operator to 2025-10-04 00:00:00+00:00, run_after=2025-10-05 00:00:00+00:00
[2025-10-05T23:20:15.910+0000] {processor.py:208} INFO - Processing /home/airflow/.local/lib/python3.12/site-packages/airflow/example_dags/example_branch_operator.py took 0.151 seconds
[2025-10-05T23:21:20.423+0000] {processor.py:186} INFO - Started process (PID=1275) to work on /home/airflow/.local/lib/python3.12/site-packages/airflow/example_dags/example_branch_operator.py
[2025-10-05T23:21:20.424+0000] {processor.py:914} INFO - Processing file /home/airflow/.local/lib/python3.12/site-packages/airflow/example_dags/example_branch_operator.py for tasks to queue
[2025-10-05T23:21:20.428+0000] {logging_mixin.py:190} INFO - [2025-10-05T23:21:20.427+0000] {dagbag.py:588} INFO - Filling up the DagBag from /home/airflow/.local/lib/python3.12/site-packages/airflow/example_dags/example_branch_operator.py
[2025-10-05T23:21:20.454+0000] {processor.py:925} INFO - DAG(s) 'example_branch_operator' retrieved from /home/airflow/.local/lib/python3.12/site-packages/airflow/example_dags/example_branch_operator.py
[2025-10-05T23:21:20.495+0000] {logging_mixin.py:190} INFO - [2025-10-05T23:21:20.494+0000] {dag.py:3239} INFO - Sync 1 DAGs
[2025-10-05T23:21:20.531+0000] {logging_mixin.py:190} INFO - [2025-10-05T23:21:20.531+0000] {dag.py:4180} INFO - Setting next_dagrun for example_branch_operator to 2025-10-04 00:00:00+00:00, run_after=2025-10-05 00:00:00+00:00
[2025-10-05T23:21:20.561+0000] {processor.py:208} INFO - Processing /home/airflow/.local/lib/python3.12/site-packages/airflow/example_dags/example_branch_operator.py took 0.147 seconds
[2025-10-05T23:26:47.504+0000] {processor.py:186} INFO - Started process (PID=1369) to work on /home/airflow/.local/lib/python3.12/site-packages/airflow/example_dags/example_branch_operator.py
[2025-10-05T23:26:47.507+0000] {processor.py:914} INFO - Processing file /home/airflow/.local/lib/python3.12/site-packages/airflow/example_dags/example_branch_operator.py for tasks to queue
[2025-10-05T23:26:47.511+0000] {logging_mixin.py:190} INFO - [2025-10-05T23:26:47.510+0000] {dagbag.py:588} INFO - Filling up the DagBag from /home/airflow/.local/lib/python3.12/site-packages/airflow/example_dags/example_branch_operator.py
[2025-10-05T23:26:47.565+0000] {processor.py:925} INFO - DAG(s) 'example_branch_operator' retrieved from /home/airflow/.local/lib/python3.12/site-packages/airflow/example_dags/example_branch_operator.py
[2025-10-05T23:26:47.643+0000] {logging_mixin.py:190} INFO - [2025-10-05T23:26:47.642+0000] {dag.py:3239} INFO - Sync 1 DAGs
[2025-10-05T23:26:47.706+0000] {logging_mixin.py:190} INFO - [2025-10-05T23:26:47.706+0000] {dag.py:4180} INFO - Setting next_dagrun for example_branch_operator to 2025-10-04 00:00:00+00:00, run_after=2025-10-05 00:00:00+00:00
[2025-10-05T23:26:47.755+0000] {processor.py:208} INFO - Processing /home/airflow/.local/lib/python3.12/site-packages/airflow/example_dags/example_branch_operator.py took 0.271 seconds
