[2025-10-05T23:10:35.397+0000] {processor.py:186} INFO - Started process (PID=80) to work on /home/airflow/.local/lib/python3.12/site-packages/airflow/example_dags/example_bash_decorator.py
[2025-10-05T23:10:35.404+0000] {processor.py:914} INFO - Processing file /home/airflow/.local/lib/python3.12/site-packages/airflow/example_dags/example_bash_decorator.py for tasks to queue
[2025-10-05T23:10:35.420+0000] {logging_mixin.py:190} INFO - [2025-10-05T23:10:35.419+0000] {dagbag.py:588} INFO - Filling up the DagBag from /home/airflow/.local/lib/python3.12/site-packages/airflow/example_dags/example_bash_decorator.py
[2025-10-05T23:10:35.644+0000] {processor.py:925} INFO - DAG(s) 'example_bash_decorator' retrieved from /home/airflow/.local/lib/python3.12/site-packages/airflow/example_dags/example_bash_decorator.py
[2025-10-05T23:10:37.205+0000] {logging_mixin.py:190} INFO - [2025-10-05T23:10:37.203+0000] {override.py:1900} INFO - Created Permission View: can edit on DAG:example_bash_decorator
[2025-10-05T23:10:37.246+0000] {logging_mixin.py:190} INFO - [2025-10-05T23:10:37.245+0000] {override.py:1900} INFO - Created Permission View: can delete on DAG:example_bash_decorator
[2025-10-05T23:10:37.271+0000] {logging_mixin.py:190} INFO - [2025-10-05T23:10:37.270+0000] {override.py:1900} INFO - Created Permission View: can read on DAG:example_bash_decorator
[2025-10-05T23:10:37.297+0000] {logging_mixin.py:190} INFO - [2025-10-05T23:10:37.295+0000] {override.py:1900} INFO - Created Permission View: can create on DAG Run:example_bash_decorator
[2025-10-05T23:10:37.321+0000] {logging_mixin.py:190} INFO - [2025-10-05T23:10:37.319+0000] {override.py:1900} INFO - Created Permission View: menu access on DAG Run:example_bash_decorator
[2025-10-05T23:10:37.349+0000] {logging_mixin.py:190} INFO - [2025-10-05T23:10:37.348+0000] {override.py:1900} INFO - Created Permission View: can delete on DAG Run:example_bash_decorator
[2025-10-05T23:10:37.375+0000] {logging_mixin.py:190} INFO - [2025-10-05T23:10:37.374+0000] {override.py:1900} INFO - Created Permission View: can read on DAG Run:example_bash_decorator
[2025-10-05T23:10:37.380+0000] {logging_mixin.py:190} INFO - [2025-10-05T23:10:37.379+0000] {dag.py:3239} INFO - Sync 1 DAGs
[2025-10-05T23:10:37.477+0000] {logging_mixin.py:190} INFO - [2025-10-05T23:10:37.476+0000] {dag.py:3262} INFO - Creating ORM DAG for example_bash_decorator
[2025-10-05T23:10:37.484+0000] {logging_mixin.py:190} INFO - [2025-10-05T23:10:37.483+0000] {dag.py:4180} INFO - Setting next_dagrun for example_bash_decorator to None, run_after=None
[2025-10-05T23:10:37.579+0000] {processor.py:208} INFO - Processing /home/airflow/.local/lib/python3.12/site-packages/airflow/example_dags/example_bash_decorator.py took 2.305 seconds
[2025-10-05T23:11:23.680+0000] {processor.py:186} INFO - Started process (PID=149) to work on /home/airflow/.local/lib/python3.12/site-packages/airflow/example_dags/example_bash_decorator.py
[2025-10-05T23:11:23.683+0000] {processor.py:914} INFO - Processing file /home/airflow/.local/lib/python3.12/site-packages/airflow/example_dags/example_bash_decorator.py for tasks to queue
[2025-10-05T23:11:23.692+0000] {logging_mixin.py:190} INFO - [2025-10-05T23:11:23.691+0000] {dagbag.py:588} INFO - Filling up the DagBag from /home/airflow/.local/lib/python3.12/site-packages/airflow/example_dags/example_bash_decorator.py
[2025-10-05T23:11:23.737+0000] {processor.py:925} INFO - DAG(s) 'example_bash_decorator' retrieved from /home/airflow/.local/lib/python3.12/site-packages/airflow/example_dags/example_bash_decorator.py
[2025-10-05T23:11:23.800+0000] {logging_mixin.py:190} INFO - [2025-10-05T23:11:23.800+0000] {dag.py:3239} INFO - Sync 1 DAGs
[2025-10-05T23:11:23.845+0000] {logging_mixin.py:190} INFO - [2025-10-05T23:11:23.844+0000] {dag.py:4180} INFO - Setting next_dagrun for example_bash_decorator to None, run_after=None
[2025-10-05T23:11:23.886+0000] {processor.py:208} INFO - Processing /home/airflow/.local/lib/python3.12/site-packages/airflow/example_dags/example_bash_decorator.py took 0.226 seconds
[2025-10-05T23:11:54.424+0000] {processor.py:186} INFO - Started process (PID=212) to work on /home/airflow/.local/lib/python3.12/site-packages/airflow/example_dags/example_bash_decorator.py
[2025-10-05T23:11:54.428+0000] {processor.py:914} INFO - Processing file /home/airflow/.local/lib/python3.12/site-packages/airflow/example_dags/example_bash_decorator.py for tasks to queue
[2025-10-05T23:11:54.436+0000] {logging_mixin.py:190} INFO - [2025-10-05T23:11:54.435+0000] {dagbag.py:588} INFO - Filling up the DagBag from /home/airflow/.local/lib/python3.12/site-packages/airflow/example_dags/example_bash_decorator.py
[2025-10-05T23:11:54.491+0000] {processor.py:925} INFO - DAG(s) 'example_bash_decorator' retrieved from /home/airflow/.local/lib/python3.12/site-packages/airflow/example_dags/example_bash_decorator.py
[2025-10-05T23:11:54.553+0000] {logging_mixin.py:190} INFO - [2025-10-05T23:11:54.552+0000] {dag.py:3239} INFO - Sync 1 DAGs
[2025-10-05T23:11:54.590+0000] {logging_mixin.py:190} INFO - [2025-10-05T23:11:54.590+0000] {dag.py:4180} INFO - Setting next_dagrun for example_bash_decorator to None, run_after=None
[2025-10-05T23:11:54.640+0000] {processor.py:208} INFO - Processing /home/airflow/.local/lib/python3.12/site-packages/airflow/example_dags/example_bash_decorator.py took 0.238 seconds
[2025-10-05T23:12:26.164+0000] {processor.py:186} INFO - Started process (PID=275) to work on /home/airflow/.local/lib/python3.12/site-packages/airflow/example_dags/example_bash_decorator.py
[2025-10-05T23:12:26.167+0000] {processor.py:914} INFO - Processing file /home/airflow/.local/lib/python3.12/site-packages/airflow/example_dags/example_bash_decorator.py for tasks to queue
[2025-10-05T23:12:26.174+0000] {logging_mixin.py:190} INFO - [2025-10-05T23:12:26.173+0000] {dagbag.py:588} INFO - Filling up the DagBag from /home/airflow/.local/lib/python3.12/site-packages/airflow/example_dags/example_bash_decorator.py
[2025-10-05T23:12:26.237+0000] {processor.py:925} INFO - DAG(s) 'example_bash_decorator' retrieved from /home/airflow/.local/lib/python3.12/site-packages/airflow/example_dags/example_bash_decorator.py
[2025-10-05T23:12:26.345+0000] {logging_mixin.py:190} INFO - [2025-10-05T23:12:26.344+0000] {dag.py:3239} INFO - Sync 1 DAGs
[2025-10-05T23:12:26.422+0000] {logging_mixin.py:190} INFO - [2025-10-05T23:12:26.421+0000] {dag.py:4180} INFO - Setting next_dagrun for example_bash_decorator to None, run_after=None
[2025-10-05T23:12:26.510+0000] {processor.py:208} INFO - Processing /home/airflow/.local/lib/python3.12/site-packages/airflow/example_dags/example_bash_decorator.py took 0.362 seconds
[2025-10-05T23:12:56.778+0000] {processor.py:186} INFO - Started process (PID=338) to work on /home/airflow/.local/lib/python3.12/site-packages/airflow/example_dags/example_bash_decorator.py
[2025-10-05T23:12:56.780+0000] {processor.py:914} INFO - Processing file /home/airflow/.local/lib/python3.12/site-packages/airflow/example_dags/example_bash_decorator.py for tasks to queue
[2025-10-05T23:12:56.784+0000] {logging_mixin.py:190} INFO - [2025-10-05T23:12:56.784+0000] {dagbag.py:588} INFO - Filling up the DagBag from /home/airflow/.local/lib/python3.12/site-packages/airflow/example_dags/example_bash_decorator.py
[2025-10-05T23:12:56.815+0000] {processor.py:925} INFO - DAG(s) 'example_bash_decorator' retrieved from /home/airflow/.local/lib/python3.12/site-packages/airflow/example_dags/example_bash_decorator.py
[2025-10-05T23:12:56.867+0000] {logging_mixin.py:190} INFO - [2025-10-05T23:12:56.867+0000] {dag.py:3239} INFO - Sync 1 DAGs
[2025-10-05T23:12:56.891+0000] {logging_mixin.py:190} INFO - [2025-10-05T23:12:56.890+0000] {dag.py:4180} INFO - Setting next_dagrun for example_bash_decorator to None, run_after=None
[2025-10-05T23:12:56.932+0000] {processor.py:208} INFO - Processing /home/airflow/.local/lib/python3.12/site-packages/airflow/example_dags/example_bash_decorator.py took 0.167 seconds
[2025-10-05T23:13:27.816+0000] {processor.py:186} INFO - Started process (PID=401) to work on /home/airflow/.local/lib/python3.12/site-packages/airflow/example_dags/example_bash_decorator.py
[2025-10-05T23:13:27.818+0000] {processor.py:914} INFO - Processing file /home/airflow/.local/lib/python3.12/site-packages/airflow/example_dags/example_bash_decorator.py for tasks to queue
[2025-10-05T23:13:27.821+0000] {logging_mixin.py:190} INFO - [2025-10-05T23:13:27.821+0000] {dagbag.py:588} INFO - Filling up the DagBag from /home/airflow/.local/lib/python3.12/site-packages/airflow/example_dags/example_bash_decorator.py
[2025-10-05T23:13:27.838+0000] {processor.py:925} INFO - DAG(s) 'example_bash_decorator' retrieved from /home/airflow/.local/lib/python3.12/site-packages/airflow/example_dags/example_bash_decorator.py
[2025-10-05T23:13:27.864+0000] {logging_mixin.py:190} INFO - [2025-10-05T23:13:27.864+0000] {dag.py:3239} INFO - Sync 1 DAGs
[2025-10-05T23:13:27.885+0000] {logging_mixin.py:190} INFO - [2025-10-05T23:13:27.884+0000] {dag.py:4180} INFO - Setting next_dagrun for example_bash_decorator to None, run_after=None
[2025-10-05T23:13:27.908+0000] {processor.py:208} INFO - Processing /home/airflow/.local/lib/python3.12/site-packages/airflow/example_dags/example_bash_decorator.py took 0.099 seconds
[2025-10-05T23:13:58.573+0000] {processor.py:186} INFO - Started process (PID=464) to work on /home/airflow/.local/lib/python3.12/site-packages/airflow/example_dags/example_bash_decorator.py
[2025-10-05T23:13:58.575+0000] {processor.py:914} INFO - Processing file /home/airflow/.local/lib/python3.12/site-packages/airflow/example_dags/example_bash_decorator.py for tasks to queue
[2025-10-05T23:13:58.580+0000] {logging_mixin.py:190} INFO - [2025-10-05T23:13:58.580+0000] {dagbag.py:588} INFO - Filling up the DagBag from /home/airflow/.local/lib/python3.12/site-packages/airflow/example_dags/example_bash_decorator.py
[2025-10-05T23:13:58.621+0000] {processor.py:925} INFO - DAG(s) 'example_bash_decorator' retrieved from /home/airflow/.local/lib/python3.12/site-packages/airflow/example_dags/example_bash_decorator.py
[2025-10-05T23:13:58.677+0000] {logging_mixin.py:190} INFO - [2025-10-05T23:13:58.677+0000] {dag.py:3239} INFO - Sync 1 DAGs
[2025-10-05T23:13:58.738+0000] {logging_mixin.py:190} INFO - [2025-10-05T23:13:58.738+0000] {dag.py:4180} INFO - Setting next_dagrun for example_bash_decorator to None, run_after=None
[2025-10-05T23:13:58.793+0000] {processor.py:208} INFO - Processing /home/airflow/.local/lib/python3.12/site-packages/airflow/example_dags/example_bash_decorator.py took 0.230 seconds
[2025-10-05T23:14:29.041+0000] {processor.py:186} INFO - Started process (PID=527) to work on /home/airflow/.local/lib/python3.12/site-packages/airflow/example_dags/example_bash_decorator.py
[2025-10-05T23:14:29.043+0000] {processor.py:914} INFO - Processing file /home/airflow/.local/lib/python3.12/site-packages/airflow/example_dags/example_bash_decorator.py for tasks to queue
[2025-10-05T23:14:29.046+0000] {logging_mixin.py:190} INFO - [2025-10-05T23:14:29.046+0000] {dagbag.py:588} INFO - Filling up the DagBag from /home/airflow/.local/lib/python3.12/site-packages/airflow/example_dags/example_bash_decorator.py
[2025-10-05T23:14:29.064+0000] {processor.py:925} INFO - DAG(s) 'example_bash_decorator' retrieved from /home/airflow/.local/lib/python3.12/site-packages/airflow/example_dags/example_bash_decorator.py
[2025-10-05T23:14:29.089+0000] {logging_mixin.py:190} INFO - [2025-10-05T23:14:29.089+0000] {dag.py:3239} INFO - Sync 1 DAGs
[2025-10-05T23:14:29.106+0000] {logging_mixin.py:190} INFO - [2025-10-05T23:14:29.106+0000] {dag.py:4180} INFO - Setting next_dagrun for example_bash_decorator to None, run_after=None
[2025-10-05T23:14:29.127+0000] {processor.py:208} INFO - Processing /home/airflow/.local/lib/python3.12/site-packages/airflow/example_dags/example_bash_decorator.py took 0.092 seconds
[2025-10-05T23:15:09.109+0000] {processor.py:186} INFO - Started process (PID=583) to work on /home/airflow/.local/lib/python3.12/site-packages/airflow/example_dags/example_bash_decorator.py
[2025-10-05T23:15:09.112+0000] {processor.py:914} INFO - Processing file /home/airflow/.local/lib/python3.12/site-packages/airflow/example_dags/example_bash_decorator.py for tasks to queue
[2025-10-05T23:15:09.116+0000] {logging_mixin.py:190} INFO - [2025-10-05T23:15:09.115+0000] {dagbag.py:588} INFO - Filling up the DagBag from /home/airflow/.local/lib/python3.12/site-packages/airflow/example_dags/example_bash_decorator.py
[2025-10-05T23:15:09.185+0000] {processor.py:925} INFO - DAG(s) 'example_bash_decorator' retrieved from /home/airflow/.local/lib/python3.12/site-packages/airflow/example_dags/example_bash_decorator.py
[2025-10-05T23:15:09.231+0000] {logging_mixin.py:190} INFO - [2025-10-05T23:15:09.231+0000] {dag.py:3239} INFO - Sync 1 DAGs
[2025-10-05T23:15:09.260+0000] {logging_mixin.py:190} INFO - [2025-10-05T23:15:09.260+0000] {dag.py:4180} INFO - Setting next_dagrun for example_bash_decorator to None, run_after=None
[2025-10-05T23:15:09.301+0000] {processor.py:208} INFO - Processing /home/airflow/.local/lib/python3.12/site-packages/airflow/example_dags/example_bash_decorator.py took 0.204 seconds
[2025-10-05T23:15:39.719+0000] {processor.py:186} INFO - Started process (PID=646) to work on /home/airflow/.local/lib/python3.12/site-packages/airflow/example_dags/example_bash_decorator.py
[2025-10-05T23:15:39.720+0000] {processor.py:914} INFO - Processing file /home/airflow/.local/lib/python3.12/site-packages/airflow/example_dags/example_bash_decorator.py for tasks to queue
[2025-10-05T23:15:39.723+0000] {logging_mixin.py:190} INFO - [2025-10-05T23:15:39.722+0000] {dagbag.py:588} INFO - Filling up the DagBag from /home/airflow/.local/lib/python3.12/site-packages/airflow/example_dags/example_bash_decorator.py
[2025-10-05T23:15:39.745+0000] {processor.py:925} INFO - DAG(s) 'example_bash_decorator' retrieved from /home/airflow/.local/lib/python3.12/site-packages/airflow/example_dags/example_bash_decorator.py
[2025-10-05T23:15:39.770+0000] {logging_mixin.py:190} INFO - [2025-10-05T23:15:39.769+0000] {dag.py:3239} INFO - Sync 1 DAGs
[2025-10-05T23:15:39.786+0000] {logging_mixin.py:190} INFO - [2025-10-05T23:15:39.786+0000] {dag.py:4180} INFO - Setting next_dagrun for example_bash_decorator to None, run_after=None
[2025-10-05T23:15:39.808+0000] {processor.py:208} INFO - Processing /home/airflow/.local/lib/python3.12/site-packages/airflow/example_dags/example_bash_decorator.py took 0.097 seconds
[2025-10-05T23:16:10.742+0000] {processor.py:186} INFO - Started process (PID=709) to work on /home/airflow/.local/lib/python3.12/site-packages/airflow/example_dags/example_bash_decorator.py
[2025-10-05T23:16:10.743+0000] {processor.py:914} INFO - Processing file /home/airflow/.local/lib/python3.12/site-packages/airflow/example_dags/example_bash_decorator.py for tasks to queue
[2025-10-05T23:16:10.748+0000] {logging_mixin.py:190} INFO - [2025-10-05T23:16:10.747+0000] {dagbag.py:588} INFO - Filling up the DagBag from /home/airflow/.local/lib/python3.12/site-packages/airflow/example_dags/example_bash_decorator.py
[2025-10-05T23:16:10.776+0000] {processor.py:925} INFO - DAG(s) 'example_bash_decorator' retrieved from /home/airflow/.local/lib/python3.12/site-packages/airflow/example_dags/example_bash_decorator.py
[2025-10-05T23:16:11.004+0000] {logging_mixin.py:190} INFO - [2025-10-05T23:16:11.000+0000] {dag.py:3239} INFO - Sync 1 DAGs
[2025-10-05T23:16:11.032+0000] {logging_mixin.py:190} INFO - [2025-10-05T23:16:11.032+0000] {dag.py:4180} INFO - Setting next_dagrun for example_bash_decorator to None, run_after=None
[2025-10-05T23:16:11.082+0000] {processor.py:208} INFO - Processing /home/airflow/.local/lib/python3.12/site-packages/airflow/example_dags/example_bash_decorator.py took 0.348 seconds
[2025-10-05T23:16:42.845+0000] {processor.py:186} INFO - Started process (PID=771) to work on /home/airflow/.local/lib/python3.12/site-packages/airflow/example_dags/example_bash_decorator.py
[2025-10-05T23:16:42.846+0000] {processor.py:914} INFO - Processing file /home/airflow/.local/lib/python3.12/site-packages/airflow/example_dags/example_bash_decorator.py for tasks to queue
[2025-10-05T23:16:42.849+0000] {logging_mixin.py:190} INFO - [2025-10-05T23:16:42.849+0000] {dagbag.py:588} INFO - Filling up the DagBag from /home/airflow/.local/lib/python3.12/site-packages/airflow/example_dags/example_bash_decorator.py
[2025-10-05T23:16:42.870+0000] {processor.py:925} INFO - DAG(s) 'example_bash_decorator' retrieved from /home/airflow/.local/lib/python3.12/site-packages/airflow/example_dags/example_bash_decorator.py
[2025-10-05T23:16:42.902+0000] {logging_mixin.py:190} INFO - [2025-10-05T23:16:42.901+0000] {dag.py:3239} INFO - Sync 1 DAGs
[2025-10-05T23:16:42.920+0000] {logging_mixin.py:190} INFO - [2025-10-05T23:16:42.920+0000] {dag.py:4180} INFO - Setting next_dagrun for example_bash_decorator to None, run_after=None
[2025-10-05T23:16:42.946+0000] {processor.py:208} INFO - Processing /home/airflow/.local/lib/python3.12/site-packages/airflow/example_dags/example_bash_decorator.py took 0.112 seconds
[2025-10-05T23:17:17.084+0000] {processor.py:186} INFO - Started process (PID=835) to work on /home/airflow/.local/lib/python3.12/site-packages/airflow/example_dags/example_bash_decorator.py
[2025-10-05T23:17:17.085+0000] {processor.py:914} INFO - Processing file /home/airflow/.local/lib/python3.12/site-packages/airflow/example_dags/example_bash_decorator.py for tasks to queue
[2025-10-05T23:17:17.088+0000] {logging_mixin.py:190} INFO - [2025-10-05T23:17:17.088+0000] {dagbag.py:588} INFO - Filling up the DagBag from /home/airflow/.local/lib/python3.12/site-packages/airflow/example_dags/example_bash_decorator.py
[2025-10-05T23:17:17.109+0000] {processor.py:925} INFO - DAG(s) 'example_bash_decorator' retrieved from /home/airflow/.local/lib/python3.12/site-packages/airflow/example_dags/example_bash_decorator.py
[2025-10-05T23:17:17.135+0000] {logging_mixin.py:190} INFO - [2025-10-05T23:17:17.134+0000] {dag.py:3239} INFO - Sync 1 DAGs
[2025-10-05T23:17:17.152+0000] {logging_mixin.py:190} INFO - [2025-10-05T23:17:17.151+0000] {dag.py:4180} INFO - Setting next_dagrun for example_bash_decorator to None, run_after=None
[2025-10-05T23:17:17.172+0000] {processor.py:208} INFO - Processing /home/airflow/.local/lib/python3.12/site-packages/airflow/example_dags/example_bash_decorator.py took 0.094 seconds
[2025-10-05T23:17:47.252+0000] {processor.py:186} INFO - Started process (PID=895) to work on /home/airflow/.local/lib/python3.12/site-packages/airflow/example_dags/example_bash_decorator.py
[2025-10-05T23:17:47.254+0000] {processor.py:914} INFO - Processing file /home/airflow/.local/lib/python3.12/site-packages/airflow/example_dags/example_bash_decorator.py for tasks to queue
[2025-10-05T23:17:47.257+0000] {logging_mixin.py:190} INFO - [2025-10-05T23:17:47.257+0000] {dagbag.py:588} INFO - Filling up the DagBag from /home/airflow/.local/lib/python3.12/site-packages/airflow/example_dags/example_bash_decorator.py
[2025-10-05T23:17:47.283+0000] {processor.py:925} INFO - DAG(s) 'example_bash_decorator' retrieved from /home/airflow/.local/lib/python3.12/site-packages/airflow/example_dags/example_bash_decorator.py
[2025-10-05T23:17:47.317+0000] {logging_mixin.py:190} INFO - [2025-10-05T23:17:47.317+0000] {dag.py:3239} INFO - Sync 1 DAGs
[2025-10-05T23:17:47.338+0000] {logging_mixin.py:190} INFO - [2025-10-05T23:17:47.337+0000] {dag.py:4180} INFO - Setting next_dagrun for example_bash_decorator to None, run_after=None
[2025-10-05T23:17:47.364+0000] {processor.py:208} INFO - Processing /home/airflow/.local/lib/python3.12/site-packages/airflow/example_dags/example_bash_decorator.py took 0.121 seconds
[2025-10-05T23:18:17.858+0000] {processor.py:186} INFO - Started process (PID=958) to work on /home/airflow/.local/lib/python3.12/site-packages/airflow/example_dags/example_bash_decorator.py
[2025-10-05T23:18:17.859+0000] {processor.py:914} INFO - Processing file /home/airflow/.local/lib/python3.12/site-packages/airflow/example_dags/example_bash_decorator.py for tasks to queue
[2025-10-05T23:18:17.862+0000] {logging_mixin.py:190} INFO - [2025-10-05T23:18:17.862+0000] {dagbag.py:588} INFO - Filling up the DagBag from /home/airflow/.local/lib/python3.12/site-packages/airflow/example_dags/example_bash_decorator.py
[2025-10-05T23:18:17.880+0000] {processor.py:925} INFO - DAG(s) 'example_bash_decorator' retrieved from /home/airflow/.local/lib/python3.12/site-packages/airflow/example_dags/example_bash_decorator.py
[2025-10-05T23:18:17.906+0000] {logging_mixin.py:190} INFO - [2025-10-05T23:18:17.906+0000] {dag.py:3239} INFO - Sync 1 DAGs
[2025-10-05T23:18:17.922+0000] {logging_mixin.py:190} INFO - [2025-10-05T23:18:17.922+0000] {dag.py:4180} INFO - Setting next_dagrun for example_bash_decorator to None, run_after=None
[2025-10-05T23:18:17.952+0000] {processor.py:208} INFO - Processing /home/airflow/.local/lib/python3.12/site-packages/airflow/example_dags/example_bash_decorator.py took 0.102 seconds
[2025-10-05T23:18:49.166+0000] {processor.py:186} INFO - Started process (PID=1022) to work on /home/airflow/.local/lib/python3.12/site-packages/airflow/example_dags/example_bash_decorator.py
[2025-10-05T23:18:49.167+0000] {processor.py:914} INFO - Processing file /home/airflow/.local/lib/python3.12/site-packages/airflow/example_dags/example_bash_decorator.py for tasks to queue
[2025-10-05T23:18:49.170+0000] {logging_mixin.py:190} INFO - [2025-10-05T23:18:49.170+0000] {dagbag.py:588} INFO - Filling up the DagBag from /home/airflow/.local/lib/python3.12/site-packages/airflow/example_dags/example_bash_decorator.py
[2025-10-05T23:18:49.190+0000] {processor.py:925} INFO - DAG(s) 'example_bash_decorator' retrieved from /home/airflow/.local/lib/python3.12/site-packages/airflow/example_dags/example_bash_decorator.py
[2025-10-05T23:18:49.222+0000] {logging_mixin.py:190} INFO - [2025-10-05T23:18:49.221+0000] {dag.py:3239} INFO - Sync 1 DAGs
[2025-10-05T23:18:49.252+0000] {logging_mixin.py:190} INFO - [2025-10-05T23:18:49.252+0000] {dag.py:4180} INFO - Setting next_dagrun for example_bash_decorator to None, run_after=None
[2025-10-05T23:18:49.299+0000] {processor.py:208} INFO - Processing /home/airflow/.local/lib/python3.12/site-packages/airflow/example_dags/example_bash_decorator.py took 0.145 seconds
[2025-10-05T23:19:19.463+0000] {processor.py:186} INFO - Started process (PID=1085) to work on /home/airflow/.local/lib/python3.12/site-packages/airflow/example_dags/example_bash_decorator.py
[2025-10-05T23:19:19.467+0000] {processor.py:914} INFO - Processing file /home/airflow/.local/lib/python3.12/site-packages/airflow/example_dags/example_bash_decorator.py for tasks to queue
[2025-10-05T23:19:19.471+0000] {logging_mixin.py:190} INFO - [2025-10-05T23:19:19.470+0000] {dagbag.py:588} INFO - Filling up the DagBag from /home/airflow/.local/lib/python3.12/site-packages/airflow/example_dags/example_bash_decorator.py
[2025-10-05T23:19:19.502+0000] {processor.py:925} INFO - DAG(s) 'example_bash_decorator' retrieved from /home/airflow/.local/lib/python3.12/site-packages/airflow/example_dags/example_bash_decorator.py
[2025-10-05T23:19:19.535+0000] {logging_mixin.py:190} INFO - [2025-10-05T23:19:19.535+0000] {dag.py:3239} INFO - Sync 1 DAGs
[2025-10-05T23:19:19.554+0000] {logging_mixin.py:190} INFO - [2025-10-05T23:19:19.554+0000] {dag.py:4180} INFO - Setting next_dagrun for example_bash_decorator to None, run_after=None
[2025-10-05T23:19:19.581+0000] {processor.py:208} INFO - Processing /home/airflow/.local/lib/python3.12/site-packages/airflow/example_dags/example_bash_decorator.py took 0.126 seconds
[2025-10-05T23:20:06.102+0000] {processor.py:186} INFO - Started process (PID=1131) to work on /home/airflow/.local/lib/python3.12/site-packages/airflow/example_dags/example_bash_decorator.py
[2025-10-05T23:20:06.104+0000] {processor.py:914} INFO - Processing file /home/airflow/.local/lib/python3.12/site-packages/airflow/example_dags/example_bash_decorator.py for tasks to queue
[2025-10-05T23:20:06.109+0000] {logging_mixin.py:190} INFO - [2025-10-05T23:20:06.108+0000] {dagbag.py:588} INFO - Filling up the DagBag from /home/airflow/.local/lib/python3.12/site-packages/airflow/example_dags/example_bash_decorator.py
[2025-10-05T23:20:06.134+0000] {processor.py:925} INFO - DAG(s) 'example_bash_decorator' retrieved from /home/airflow/.local/lib/python3.12/site-packages/airflow/example_dags/example_bash_decorator.py
[2025-10-05T23:20:06.172+0000] {logging_mixin.py:190} INFO - [2025-10-05T23:20:06.171+0000] {dag.py:3239} INFO - Sync 1 DAGs
[2025-10-05T23:20:06.194+0000] {logging_mixin.py:190} INFO - [2025-10-05T23:20:06.193+0000] {dag.py:4180} INFO - Setting next_dagrun for example_bash_decorator to None, run_after=None
[2025-10-05T23:20:06.221+0000] {processor.py:208} INFO - Processing /home/airflow/.local/lib/python3.12/site-packages/airflow/example_dags/example_bash_decorator.py took 0.129 seconds
[2025-10-05T23:20:36.967+0000] {processor.py:186} INFO - Started process (PID=1194) to work on /home/airflow/.local/lib/python3.12/site-packages/airflow/example_dags/example_bash_decorator.py
[2025-10-05T23:20:36.969+0000] {processor.py:914} INFO - Processing file /home/airflow/.local/lib/python3.12/site-packages/airflow/example_dags/example_bash_decorator.py for tasks to queue
[2025-10-05T23:20:36.973+0000] {logging_mixin.py:190} INFO - [2025-10-05T23:20:36.972+0000] {dagbag.py:588} INFO - Filling up the DagBag from /home/airflow/.local/lib/python3.12/site-packages/airflow/example_dags/example_bash_decorator.py
[2025-10-05T23:20:36.997+0000] {processor.py:925} INFO - DAG(s) 'example_bash_decorator' retrieved from /home/airflow/.local/lib/python3.12/site-packages/airflow/example_dags/example_bash_decorator.py
[2025-10-05T23:20:37.034+0000] {logging_mixin.py:190} INFO - [2025-10-05T23:20:37.033+0000] {dag.py:3239} INFO - Sync 1 DAGs
[2025-10-05T23:20:37.056+0000] {logging_mixin.py:190} INFO - [2025-10-05T23:20:37.055+0000] {dag.py:4180} INFO - Setting next_dagrun for example_bash_decorator to None, run_after=None
[2025-10-05T23:20:37.087+0000] {processor.py:208} INFO - Processing /home/airflow/.local/lib/python3.12/site-packages/airflow/example_dags/example_bash_decorator.py took 0.130 seconds
[2025-10-05T23:21:17.305+0000] {processor.py:186} INFO - Started process (PID=1250) to work on /home/airflow/.local/lib/python3.12/site-packages/airflow/example_dags/example_bash_decorator.py
[2025-10-05T23:21:17.307+0000] {processor.py:914} INFO - Processing file /home/airflow/.local/lib/python3.12/site-packages/airflow/example_dags/example_bash_decorator.py for tasks to queue
[2025-10-05T23:21:17.314+0000] {logging_mixin.py:190} INFO - [2025-10-05T23:21:17.313+0000] {dagbag.py:588} INFO - Filling up the DagBag from /home/airflow/.local/lib/python3.12/site-packages/airflow/example_dags/example_bash_decorator.py
[2025-10-05T23:21:17.351+0000] {processor.py:925} INFO - DAG(s) 'example_bash_decorator' retrieved from /home/airflow/.local/lib/python3.12/site-packages/airflow/example_dags/example_bash_decorator.py
[2025-10-05T23:21:17.402+0000] {logging_mixin.py:190} INFO - [2025-10-05T23:21:17.401+0000] {dag.py:3239} INFO - Sync 1 DAGs
[2025-10-05T23:21:17.431+0000] {logging_mixin.py:190} INFO - [2025-10-05T23:21:17.430+0000] {dag.py:4180} INFO - Setting next_dagrun for example_bash_decorator to None, run_after=None
[2025-10-05T23:21:17.472+0000] {processor.py:208} INFO - Processing /home/airflow/.local/lib/python3.12/site-packages/airflow/example_dags/example_bash_decorator.py took 0.182 seconds
[2025-10-05T23:22:00.898+0000] {processor.py:186} INFO - Started process (PID=1307) to work on /home/airflow/.local/lib/python3.12/site-packages/airflow/example_dags/example_bash_decorator.py
[2025-10-05T23:22:00.911+0000] {processor.py:914} INFO - Processing file /home/airflow/.local/lib/python3.12/site-packages/airflow/example_dags/example_bash_decorator.py for tasks to queue
[2025-10-05T23:22:00.918+0000] {logging_mixin.py:190} INFO - [2025-10-05T23:22:00.914+0000] {dagbag.py:588} INFO - Filling up the DagBag from /home/airflow/.local/lib/python3.12/site-packages/airflow/example_dags/example_bash_decorator.py
[2025-10-05T23:22:00.987+0000] {processor.py:925} INFO - DAG(s) 'example_bash_decorator' retrieved from /home/airflow/.local/lib/python3.12/site-packages/airflow/example_dags/example_bash_decorator.py
[2025-10-05T23:22:01.316+0000] {logging_mixin.py:190} INFO - [2025-10-05T23:22:01.314+0000] {dag.py:3239} INFO - Sync 1 DAGs
[2025-10-05T23:22:01.355+0000] {logging_mixin.py:190} INFO - [2025-10-05T23:22:01.355+0000] {dag.py:4180} INFO - Setting next_dagrun for example_bash_decorator to None, run_after=None
[2025-10-05T23:22:01.414+0000] {processor.py:208} INFO - Processing /home/airflow/.local/lib/python3.12/site-packages/airflow/example_dags/example_bash_decorator.py took 0.547 seconds
[2025-10-05T23:26:39.595+0000] {processor.py:186} INFO - Started process (PID=1330) to work on /home/airflow/.local/lib/python3.12/site-packages/airflow/example_dags/example_bash_decorator.py
[2025-10-05T23:26:39.601+0000] {processor.py:914} INFO - Processing file /home/airflow/.local/lib/python3.12/site-packages/airflow/example_dags/example_bash_decorator.py for tasks to queue
[2025-10-05T23:26:39.615+0000] {logging_mixin.py:190} INFO - [2025-10-05T23:26:39.614+0000] {dagbag.py:588} INFO - Filling up the DagBag from /home/airflow/.local/lib/python3.12/site-packages/airflow/example_dags/example_bash_decorator.py
[2025-10-05T23:26:39.666+0000] {processor.py:925} INFO - DAG(s) 'example_bash_decorator' retrieved from /home/airflow/.local/lib/python3.12/site-packages/airflow/example_dags/example_bash_decorator.py
[2025-10-05T23:26:39.721+0000] {logging_mixin.py:190} INFO - [2025-10-05T23:26:39.720+0000] {dag.py:3239} INFO - Sync 1 DAGs
[2025-10-05T23:26:39.749+0000] {logging_mixin.py:190} INFO - [2025-10-05T23:26:39.748+0000] {dag.py:4180} INFO - Setting next_dagrun for example_bash_decorator to None, run_after=None
[2025-10-05T23:26:39.787+0000] {processor.py:208} INFO - Processing /home/airflow/.local/lib/python3.12/site-packages/airflow/example_dags/example_bash_decorator.py took 0.201 seconds
[2025-10-05T23:28:11.996+0000] {processor.py:186} INFO - Started process (PID=1388) to work on /home/airflow/.local/lib/python3.12/site-packages/airflow/example_dags/example_bash_decorator.py
[2025-10-05T23:28:11.999+0000] {processor.py:914} INFO - Processing file /home/airflow/.local/lib/python3.12/site-packages/airflow/example_dags/example_bash_decorator.py for tasks to queue
[2025-10-05T23:28:12.002+0000] {logging_mixin.py:190} INFO - [2025-10-05T23:28:12.001+0000] {dagbag.py:588} INFO - Filling up the DagBag from /home/airflow/.local/lib/python3.12/site-packages/airflow/example_dags/example_bash_decorator.py
[2025-10-05T23:28:12.043+0000] {processor.py:925} INFO - DAG(s) 'example_bash_decorator' retrieved from /home/airflow/.local/lib/python3.12/site-packages/airflow/example_dags/example_bash_decorator.py
[2025-10-05T23:28:12.087+0000] {logging_mixin.py:190} INFO - [2025-10-05T23:28:12.086+0000] {dag.py:3239} INFO - Sync 1 DAGs
[2025-10-05T23:28:12.120+0000] {logging_mixin.py:190} INFO - [2025-10-05T23:28:12.120+0000] {dag.py:4180} INFO - Setting next_dagrun for example_bash_decorator to None, run_after=None
[2025-10-05T23:28:12.159+0000] {processor.py:208} INFO - Processing /home/airflow/.local/lib/python3.12/site-packages/airflow/example_dags/example_bash_decorator.py took 0.174 seconds
