[2025-10-05T23:10:38.380+0000] {processor.py:186} INFO - Started process (PID=82) to work on /home/airflow/.local/lib/python3.12/site-packages/airflow/example_dags/example_time_delta_sensor_async.py
[2025-10-05T23:10:38.390+0000] {processor.py:914} INFO - Processing file /home/airflow/.local/lib/python3.12/site-packages/airflow/example_dags/example_time_delta_sensor_async.py for tasks to queue
[2025-10-05T23:10:38.429+0000] {logging_mixin.py:190} INFO - [2025-10-05T23:10:38.426+0000] {dagbag.py:588} INFO - Filling up the DagBag from /home/airflow/.local/lib/python3.12/site-packages/airflow/example_dags/example_time_delta_sensor_async.py
[2025-10-05T23:10:39.628+0000] {processor.py:925} INFO - DAG(s) 'example_time_delta_sensor_async' retrieved from /home/airflow/.local/lib/python3.12/site-packages/airflow/example_dags/example_time_delta_sensor_async.py
[2025-10-05T23:10:40.829+0000] {logging_mixin.py:190} INFO - [2025-10-05T23:10:40.825+0000] {override.py:1900} INFO - Created Permission View: can edit on DAG:example_time_delta_sensor_async
[2025-10-05T23:10:40.890+0000] {logging_mixin.py:190} INFO - [2025-10-05T23:10:40.889+0000] {override.py:1900} INFO - Created Permission View: can delete on DAG:example_time_delta_sensor_async
[2025-10-05T23:10:40.935+0000] {logging_mixin.py:190} INFO - [2025-10-05T23:10:40.934+0000] {override.py:1900} INFO - Created Permission View: can read on DAG:example_time_delta_sensor_async
[2025-10-05T23:10:40.988+0000] {logging_mixin.py:190} INFO - [2025-10-05T23:10:40.986+0000] {override.py:1900} INFO - Created Permission View: can create on DAG Run:example_time_delta_sensor_async
[2025-10-05T23:10:41.018+0000] {logging_mixin.py:190} INFO - [2025-10-05T23:10:41.017+0000] {override.py:1900} INFO - Created Permission View: menu access on DAG Run:example_time_delta_sensor_async
[2025-10-05T23:10:41.044+0000] {logging_mixin.py:190} INFO - [2025-10-05T23:10:41.043+0000] {override.py:1900} INFO - Created Permission View: can delete on DAG Run:example_time_delta_sensor_async
[2025-10-05T23:10:41.071+0000] {logging_mixin.py:190} INFO - [2025-10-05T23:10:41.070+0000] {override.py:1900} INFO - Created Permission View: can read on DAG Run:example_time_delta_sensor_async
[2025-10-05T23:10:41.073+0000] {logging_mixin.py:190} INFO - [2025-10-05T23:10:41.072+0000] {dag.py:3239} INFO - Sync 1 DAGs
[2025-10-05T23:10:41.168+0000] {logging_mixin.py:190} INFO - [2025-10-05T23:10:41.167+0000] {dag.py:3262} INFO - Creating ORM DAG for example_time_delta_sensor_async
[2025-10-05T23:10:41.170+0000] {logging_mixin.py:190} INFO - [2025-10-05T23:10:41.170+0000] {dag.py:4180} INFO - Setting next_dagrun for example_time_delta_sensor_async to None, run_after=None
[2025-10-05T23:10:41.223+0000] {processor.py:208} INFO - Processing /home/airflow/.local/lib/python3.12/site-packages/airflow/example_dags/example_time_delta_sensor_async.py took 2.267 seconds
[2025-10-05T23:11:23.966+0000] {processor.py:186} INFO - Started process (PID=151) to work on /home/airflow/.local/lib/python3.12/site-packages/airflow/example_dags/example_time_delta_sensor_async.py
[2025-10-05T23:11:23.969+0000] {processor.py:914} INFO - Processing file /home/airflow/.local/lib/python3.12/site-packages/airflow/example_dags/example_time_delta_sensor_async.py for tasks to queue
[2025-10-05T23:11:23.977+0000] {logging_mixin.py:190} INFO - [2025-10-05T23:11:23.976+0000] {dagbag.py:588} INFO - Filling up the DagBag from /home/airflow/.local/lib/python3.12/site-packages/airflow/example_dags/example_time_delta_sensor_async.py
[2025-10-05T23:11:23.996+0000] {processor.py:925} INFO - DAG(s) 'example_time_delta_sensor_async' retrieved from /home/airflow/.local/lib/python3.12/site-packages/airflow/example_dags/example_time_delta_sensor_async.py
[2025-10-05T23:11:24.050+0000] {logging_mixin.py:190} INFO - [2025-10-05T23:11:24.049+0000] {dag.py:3239} INFO - Sync 1 DAGs
[2025-10-05T23:11:24.092+0000] {logging_mixin.py:190} INFO - [2025-10-05T23:11:24.091+0000] {dag.py:4180} INFO - Setting next_dagrun for example_time_delta_sensor_async to None, run_after=None
[2025-10-05T23:11:24.155+0000] {processor.py:208} INFO - Processing /home/airflow/.local/lib/python3.12/site-packages/airflow/example_dags/example_time_delta_sensor_async.py took 0.203 seconds
[2025-10-05T23:11:54.754+0000] {processor.py:186} INFO - Started process (PID=214) to work on /home/airflow/.local/lib/python3.12/site-packages/airflow/example_dags/example_time_delta_sensor_async.py
[2025-10-05T23:11:54.757+0000] {processor.py:914} INFO - Processing file /home/airflow/.local/lib/python3.12/site-packages/airflow/example_dags/example_time_delta_sensor_async.py for tasks to queue
[2025-10-05T23:11:54.766+0000] {logging_mixin.py:190} INFO - [2025-10-05T23:11:54.764+0000] {dagbag.py:588} INFO - Filling up the DagBag from /home/airflow/.local/lib/python3.12/site-packages/airflow/example_dags/example_time_delta_sensor_async.py
[2025-10-05T23:11:54.786+0000] {processor.py:925} INFO - DAG(s) 'example_time_delta_sensor_async' retrieved from /home/airflow/.local/lib/python3.12/site-packages/airflow/example_dags/example_time_delta_sensor_async.py
[2025-10-05T23:11:54.846+0000] {logging_mixin.py:190} INFO - [2025-10-05T23:11:54.845+0000] {dag.py:3239} INFO - Sync 1 DAGs
[2025-10-05T23:11:54.890+0000] {logging_mixin.py:190} INFO - [2025-10-05T23:11:54.889+0000] {dag.py:4180} INFO - Setting next_dagrun for example_time_delta_sensor_async to None, run_after=None
[2025-10-05T23:11:54.943+0000] {processor.py:208} INFO - Processing /home/airflow/.local/lib/python3.12/site-packages/airflow/example_dags/example_time_delta_sensor_async.py took 0.210 seconds
[2025-10-05T23:12:26.690+0000] {processor.py:186} INFO - Started process (PID=277) to work on /home/airflow/.local/lib/python3.12/site-packages/airflow/example_dags/example_time_delta_sensor_async.py
[2025-10-05T23:12:26.695+0000] {processor.py:914} INFO - Processing file /home/airflow/.local/lib/python3.12/site-packages/airflow/example_dags/example_time_delta_sensor_async.py for tasks to queue
[2025-10-05T23:12:26.712+0000] {logging_mixin.py:190} INFO - [2025-10-05T23:12:26.710+0000] {dagbag.py:588} INFO - Filling up the DagBag from /home/airflow/.local/lib/python3.12/site-packages/airflow/example_dags/example_time_delta_sensor_async.py
[2025-10-05T23:12:26.754+0000] {processor.py:925} INFO - DAG(s) 'example_time_delta_sensor_async' retrieved from /home/airflow/.local/lib/python3.12/site-packages/airflow/example_dags/example_time_delta_sensor_async.py
[2025-10-05T23:12:26.871+0000] {logging_mixin.py:190} INFO - [2025-10-05T23:12:26.870+0000] {dag.py:3239} INFO - Sync 1 DAGs
[2025-10-05T23:12:26.974+0000] {logging_mixin.py:190} INFO - [2025-10-05T23:12:26.973+0000] {dag.py:4180} INFO - Setting next_dagrun for example_time_delta_sensor_async to None, run_after=None
[2025-10-05T23:12:27.045+0000] {processor.py:208} INFO - Processing /home/airflow/.local/lib/python3.12/site-packages/airflow/example_dags/example_time_delta_sensor_async.py took 0.384 seconds
[2025-10-05T23:12:57.130+0000] {processor.py:186} INFO - Started process (PID=339) to work on /home/airflow/.local/lib/python3.12/site-packages/airflow/example_dags/example_time_delta_sensor_async.py
[2025-10-05T23:12:57.132+0000] {processor.py:914} INFO - Processing file /home/airflow/.local/lib/python3.12/site-packages/airflow/example_dags/example_time_delta_sensor_async.py for tasks to queue
[2025-10-05T23:12:57.137+0000] {logging_mixin.py:190} INFO - [2025-10-05T23:12:57.136+0000] {dagbag.py:588} INFO - Filling up the DagBag from /home/airflow/.local/lib/python3.12/site-packages/airflow/example_dags/example_time_delta_sensor_async.py
[2025-10-05T23:12:57.147+0000] {processor.py:925} INFO - DAG(s) 'example_time_delta_sensor_async' retrieved from /home/airflow/.local/lib/python3.12/site-packages/airflow/example_dags/example_time_delta_sensor_async.py
[2025-10-05T23:12:57.176+0000] {logging_mixin.py:190} INFO - [2025-10-05T23:12:57.175+0000] {dag.py:3239} INFO - Sync 1 DAGs
[2025-10-05T23:12:57.205+0000] {logging_mixin.py:190} INFO - [2025-10-05T23:12:57.205+0000] {dag.py:4180} INFO - Setting next_dagrun for example_time_delta_sensor_async to None, run_after=None
[2025-10-05T23:12:57.241+0000] {processor.py:208} INFO - Processing /home/airflow/.local/lib/python3.12/site-packages/airflow/example_dags/example_time_delta_sensor_async.py took 0.120 seconds
[2025-10-05T23:13:27.953+0000] {processor.py:186} INFO - Started process (PID=402) to work on /home/airflow/.local/lib/python3.12/site-packages/airflow/example_dags/example_time_delta_sensor_async.py
[2025-10-05T23:13:27.954+0000] {processor.py:914} INFO - Processing file /home/airflow/.local/lib/python3.12/site-packages/airflow/example_dags/example_time_delta_sensor_async.py for tasks to queue
[2025-10-05T23:13:27.957+0000] {logging_mixin.py:190} INFO - [2025-10-05T23:13:27.957+0000] {dagbag.py:588} INFO - Filling up the DagBag from /home/airflow/.local/lib/python3.12/site-packages/airflow/example_dags/example_time_delta_sensor_async.py
[2025-10-05T23:13:27.966+0000] {processor.py:925} INFO - DAG(s) 'example_time_delta_sensor_async' retrieved from /home/airflow/.local/lib/python3.12/site-packages/airflow/example_dags/example_time_delta_sensor_async.py
[2025-10-05T23:13:27.998+0000] {logging_mixin.py:190} INFO - [2025-10-05T23:13:27.998+0000] {dag.py:3239} INFO - Sync 1 DAGs
[2025-10-05T23:13:28.028+0000] {logging_mixin.py:190} INFO - [2025-10-05T23:13:28.027+0000] {dag.py:4180} INFO - Setting next_dagrun for example_time_delta_sensor_async to None, run_after=None
[2025-10-05T23:13:28.069+0000] {processor.py:208} INFO - Processing /home/airflow/.local/lib/python3.12/site-packages/airflow/example_dags/example_time_delta_sensor_async.py took 0.124 seconds
[2025-10-05T23:13:58.700+0000] {processor.py:186} INFO - Started process (PID=465) to work on /home/airflow/.local/lib/python3.12/site-packages/airflow/example_dags/example_time_delta_sensor_async.py
[2025-10-05T23:13:58.702+0000] {processor.py:914} INFO - Processing file /home/airflow/.local/lib/python3.12/site-packages/airflow/example_dags/example_time_delta_sensor_async.py for tasks to queue
[2025-10-05T23:13:58.706+0000] {logging_mixin.py:190} INFO - [2025-10-05T23:13:58.705+0000] {dagbag.py:588} INFO - Filling up the DagBag from /home/airflow/.local/lib/python3.12/site-packages/airflow/example_dags/example_time_delta_sensor_async.py
[2025-10-05T23:13:58.736+0000] {processor.py:925} INFO - DAG(s) 'example_time_delta_sensor_async' retrieved from /home/airflow/.local/lib/python3.12/site-packages/airflow/example_dags/example_time_delta_sensor_async.py
[2025-10-05T23:13:58.796+0000] {logging_mixin.py:190} INFO - [2025-10-05T23:13:58.795+0000] {dag.py:3239} INFO - Sync 1 DAGs
[2025-10-05T23:13:58.834+0000] {logging_mixin.py:190} INFO - [2025-10-05T23:13:58.833+0000] {dag.py:4180} INFO - Setting next_dagrun for example_time_delta_sensor_async to None, run_after=None
[2025-10-05T23:13:58.882+0000] {processor.py:208} INFO - Processing /home/airflow/.local/lib/python3.12/site-packages/airflow/example_dags/example_time_delta_sensor_async.py took 0.188 seconds
[2025-10-05T23:14:29.165+0000] {processor.py:186} INFO - Started process (PID=529) to work on /home/airflow/.local/lib/python3.12/site-packages/airflow/example_dags/example_time_delta_sensor_async.py
[2025-10-05T23:14:29.167+0000] {processor.py:914} INFO - Processing file /home/airflow/.local/lib/python3.12/site-packages/airflow/example_dags/example_time_delta_sensor_async.py for tasks to queue
[2025-10-05T23:14:29.171+0000] {logging_mixin.py:190} INFO - [2025-10-05T23:14:29.170+0000] {dagbag.py:588} INFO - Filling up the DagBag from /home/airflow/.local/lib/python3.12/site-packages/airflow/example_dags/example_time_delta_sensor_async.py
[2025-10-05T23:14:29.178+0000] {processor.py:925} INFO - DAG(s) 'example_time_delta_sensor_async' retrieved from /home/airflow/.local/lib/python3.12/site-packages/airflow/example_dags/example_time_delta_sensor_async.py
[2025-10-05T23:14:29.200+0000] {logging_mixin.py:190} INFO - [2025-10-05T23:14:29.200+0000] {dag.py:3239} INFO - Sync 1 DAGs
[2025-10-05T23:14:29.217+0000] {logging_mixin.py:190} INFO - [2025-10-05T23:14:29.217+0000] {dag.py:4180} INFO - Setting next_dagrun for example_time_delta_sensor_async to None, run_after=None
[2025-10-05T23:14:29.241+0000] {processor.py:208} INFO - Processing /home/airflow/.local/lib/python3.12/site-packages/airflow/example_dags/example_time_delta_sensor_async.py took 0.083 seconds
[2025-10-05T23:15:09.364+0000] {processor.py:186} INFO - Started process (PID=585) to work on /home/airflow/.local/lib/python3.12/site-packages/airflow/example_dags/example_time_delta_sensor_async.py
[2025-10-05T23:15:09.366+0000] {processor.py:914} INFO - Processing file /home/airflow/.local/lib/python3.12/site-packages/airflow/example_dags/example_time_delta_sensor_async.py for tasks to queue
[2025-10-05T23:15:09.371+0000] {logging_mixin.py:190} INFO - [2025-10-05T23:15:09.371+0000] {dagbag.py:588} INFO - Filling up the DagBag from /home/airflow/.local/lib/python3.12/site-packages/airflow/example_dags/example_time_delta_sensor_async.py
[2025-10-05T23:15:09.385+0000] {processor.py:925} INFO - DAG(s) 'example_time_delta_sensor_async' retrieved from /home/airflow/.local/lib/python3.12/site-packages/airflow/example_dags/example_time_delta_sensor_async.py
[2025-10-05T23:15:09.422+0000] {logging_mixin.py:190} INFO - [2025-10-05T23:15:09.422+0000] {dag.py:3239} INFO - Sync 1 DAGs
[2025-10-05T23:15:09.446+0000] {logging_mixin.py:190} INFO - [2025-10-05T23:15:09.446+0000] {dag.py:4180} INFO - Setting next_dagrun for example_time_delta_sensor_async to None, run_after=None
[2025-10-05T23:15:09.479+0000] {processor.py:208} INFO - Processing /home/airflow/.local/lib/python3.12/site-packages/airflow/example_dags/example_time_delta_sensor_async.py took 0.125 seconds
[2025-10-05T23:15:39.848+0000] {processor.py:186} INFO - Started process (PID=648) to work on /home/airflow/.local/lib/python3.12/site-packages/airflow/example_dags/example_time_delta_sensor_async.py
[2025-10-05T23:15:39.849+0000] {processor.py:914} INFO - Processing file /home/airflow/.local/lib/python3.12/site-packages/airflow/example_dags/example_time_delta_sensor_async.py for tasks to queue
[2025-10-05T23:15:39.852+0000] {logging_mixin.py:190} INFO - [2025-10-05T23:15:39.851+0000] {dagbag.py:588} INFO - Filling up the DagBag from /home/airflow/.local/lib/python3.12/site-packages/airflow/example_dags/example_time_delta_sensor_async.py
[2025-10-05T23:15:39.860+0000] {processor.py:925} INFO - DAG(s) 'example_time_delta_sensor_async' retrieved from /home/airflow/.local/lib/python3.12/site-packages/airflow/example_dags/example_time_delta_sensor_async.py
[2025-10-05T23:15:39.884+0000] {logging_mixin.py:190} INFO - [2025-10-05T23:15:39.883+0000] {dag.py:3239} INFO - Sync 1 DAGs
[2025-10-05T23:15:39.902+0000] {logging_mixin.py:190} INFO - [2025-10-05T23:15:39.901+0000] {dag.py:4180} INFO - Setting next_dagrun for example_time_delta_sensor_async to None, run_after=None
[2025-10-05T23:15:39.926+0000] {processor.py:208} INFO - Processing /home/airflow/.local/lib/python3.12/site-packages/airflow/example_dags/example_time_delta_sensor_async.py took 0.085 seconds
[2025-10-05T23:16:11.739+0000] {processor.py:186} INFO - Started process (PID=711) to work on /home/airflow/.local/lib/python3.12/site-packages/airflow/example_dags/example_time_delta_sensor_async.py
[2025-10-05T23:16:11.740+0000] {processor.py:914} INFO - Processing file /home/airflow/.local/lib/python3.12/site-packages/airflow/example_dags/example_time_delta_sensor_async.py for tasks to queue
[2025-10-05T23:16:11.748+0000] {logging_mixin.py:190} INFO - [2025-10-05T23:16:11.744+0000] {dagbag.py:588} INFO - Filling up the DagBag from /home/airflow/.local/lib/python3.12/site-packages/airflow/example_dags/example_time_delta_sensor_async.py
[2025-10-05T23:16:11.772+0000] {processor.py:925} INFO - DAG(s) 'example_time_delta_sensor_async' retrieved from /home/airflow/.local/lib/python3.12/site-packages/airflow/example_dags/example_time_delta_sensor_async.py
[2025-10-05T23:16:12.141+0000] {logging_mixin.py:190} INFO - [2025-10-05T23:16:12.130+0000] {dag.py:3239} INFO - Sync 1 DAGs
[2025-10-05T23:16:12.171+0000] {logging_mixin.py:190} INFO - [2025-10-05T23:16:12.171+0000] {dag.py:4180} INFO - Setting next_dagrun for example_time_delta_sensor_async to None, run_after=None
[2025-10-05T23:16:12.544+0000] {processor.py:208} INFO - Processing /home/airflow/.local/lib/python3.12/site-packages/airflow/example_dags/example_time_delta_sensor_async.py took 0.817 seconds
[2025-10-05T23:16:43.163+0000] {processor.py:186} INFO - Started process (PID=773) to work on /home/airflow/.local/lib/python3.12/site-packages/airflow/example_dags/example_time_delta_sensor_async.py
[2025-10-05T23:16:43.165+0000] {processor.py:914} INFO - Processing file /home/airflow/.local/lib/python3.12/site-packages/airflow/example_dags/example_time_delta_sensor_async.py for tasks to queue
[2025-10-05T23:16:43.169+0000] {logging_mixin.py:190} INFO - [2025-10-05T23:16:43.169+0000] {dagbag.py:588} INFO - Filling up the DagBag from /home/airflow/.local/lib/python3.12/site-packages/airflow/example_dags/example_time_delta_sensor_async.py
[2025-10-05T23:16:43.182+0000] {processor.py:925} INFO - DAG(s) 'example_time_delta_sensor_async' retrieved from /home/airflow/.local/lib/python3.12/site-packages/airflow/example_dags/example_time_delta_sensor_async.py
[2025-10-05T23:16:43.212+0000] {logging_mixin.py:190} INFO - [2025-10-05T23:16:43.211+0000] {dag.py:3239} INFO - Sync 1 DAGs
[2025-10-05T23:16:43.232+0000] {logging_mixin.py:190} INFO - [2025-10-05T23:16:43.231+0000] {dag.py:4180} INFO - Setting next_dagrun for example_time_delta_sensor_async to None, run_after=None
[2025-10-05T23:16:43.262+0000] {processor.py:208} INFO - Processing /home/airflow/.local/lib/python3.12/site-packages/airflow/example_dags/example_time_delta_sensor_async.py took 0.109 seconds
[2025-10-05T23:17:17.322+0000] {processor.py:186} INFO - Started process (PID=837) to work on /home/airflow/.local/lib/python3.12/site-packages/airflow/example_dags/example_time_delta_sensor_async.py
[2025-10-05T23:17:17.323+0000] {processor.py:914} INFO - Processing file /home/airflow/.local/lib/python3.12/site-packages/airflow/example_dags/example_time_delta_sensor_async.py for tasks to queue
[2025-10-05T23:17:17.326+0000] {logging_mixin.py:190} INFO - [2025-10-05T23:17:17.326+0000] {dagbag.py:588} INFO - Filling up the DagBag from /home/airflow/.local/lib/python3.12/site-packages/airflow/example_dags/example_time_delta_sensor_async.py
[2025-10-05T23:17:17.338+0000] {processor.py:925} INFO - DAG(s) 'example_time_delta_sensor_async' retrieved from /home/airflow/.local/lib/python3.12/site-packages/airflow/example_dags/example_time_delta_sensor_async.py
[2025-10-05T23:17:17.362+0000] {logging_mixin.py:190} INFO - [2025-10-05T23:17:17.362+0000] {dag.py:3239} INFO - Sync 1 DAGs
[2025-10-05T23:17:17.379+0000] {logging_mixin.py:190} INFO - [2025-10-05T23:17:17.378+0000] {dag.py:4180} INFO - Setting next_dagrun for example_time_delta_sensor_async to None, run_after=None
[2025-10-05T23:17:17.401+0000] {processor.py:208} INFO - Processing /home/airflow/.local/lib/python3.12/site-packages/airflow/example_dags/example_time_delta_sensor_async.py took 0.087 seconds
[2025-10-05T23:17:48.115+0000] {processor.py:186} INFO - Started process (PID=900) to work on /home/airflow/.local/lib/python3.12/site-packages/airflow/example_dags/example_time_delta_sensor_async.py
[2025-10-05T23:17:48.117+0000] {processor.py:914} INFO - Processing file /home/airflow/.local/lib/python3.12/site-packages/airflow/example_dags/example_time_delta_sensor_async.py for tasks to queue
[2025-10-05T23:17:48.120+0000] {logging_mixin.py:190} INFO - [2025-10-05T23:17:48.120+0000] {dagbag.py:588} INFO - Filling up the DagBag from /home/airflow/.local/lib/python3.12/site-packages/airflow/example_dags/example_time_delta_sensor_async.py
[2025-10-05T23:17:48.130+0000] {processor.py:925} INFO - DAG(s) 'example_time_delta_sensor_async' retrieved from /home/airflow/.local/lib/python3.12/site-packages/airflow/example_dags/example_time_delta_sensor_async.py
[2025-10-05T23:17:48.161+0000] {logging_mixin.py:190} INFO - [2025-10-05T23:17:48.161+0000] {dag.py:3239} INFO - Sync 1 DAGs
[2025-10-05T23:17:48.184+0000] {logging_mixin.py:190} INFO - [2025-10-05T23:17:48.184+0000] {dag.py:4180} INFO - Setting next_dagrun for example_time_delta_sensor_async to None, run_after=None
[2025-10-05T23:17:48.224+0000] {processor.py:208} INFO - Processing /home/airflow/.local/lib/python3.12/site-packages/airflow/example_dags/example_time_delta_sensor_async.py took 0.118 seconds
[2025-10-05T23:18:18.475+0000] {processor.py:186} INFO - Started process (PID=963) to work on /home/airflow/.local/lib/python3.12/site-packages/airflow/example_dags/example_time_delta_sensor_async.py
[2025-10-05T23:18:18.476+0000] {processor.py:914} INFO - Processing file /home/airflow/.local/lib/python3.12/site-packages/airflow/example_dags/example_time_delta_sensor_async.py for tasks to queue
[2025-10-05T23:18:18.479+0000] {logging_mixin.py:190} INFO - [2025-10-05T23:18:18.479+0000] {dagbag.py:588} INFO - Filling up the DagBag from /home/airflow/.local/lib/python3.12/site-packages/airflow/example_dags/example_time_delta_sensor_async.py
[2025-10-05T23:18:18.488+0000] {processor.py:925} INFO - DAG(s) 'example_time_delta_sensor_async' retrieved from /home/airflow/.local/lib/python3.12/site-packages/airflow/example_dags/example_time_delta_sensor_async.py
[2025-10-05T23:18:18.511+0000] {logging_mixin.py:190} INFO - [2025-10-05T23:18:18.511+0000] {dag.py:3239} INFO - Sync 1 DAGs
[2025-10-05T23:18:18.530+0000] {logging_mixin.py:190} INFO - [2025-10-05T23:18:18.530+0000] {dag.py:4180} INFO - Setting next_dagrun for example_time_delta_sensor_async to None, run_after=None
[2025-10-05T23:18:18.551+0000] {processor.py:208} INFO - Processing /home/airflow/.local/lib/python3.12/site-packages/airflow/example_dags/example_time_delta_sensor_async.py took 0.083 seconds
[2025-10-05T23:18:49.369+0000] {processor.py:186} INFO - Started process (PID=1024) to work on /home/airflow/.local/lib/python3.12/site-packages/airflow/example_dags/example_time_delta_sensor_async.py
[2025-10-05T23:18:49.371+0000] {processor.py:914} INFO - Processing file /home/airflow/.local/lib/python3.12/site-packages/airflow/example_dags/example_time_delta_sensor_async.py for tasks to queue
[2025-10-05T23:18:49.376+0000] {logging_mixin.py:190} INFO - [2025-10-05T23:18:49.374+0000] {dagbag.py:588} INFO - Filling up the DagBag from /home/airflow/.local/lib/python3.12/site-packages/airflow/example_dags/example_time_delta_sensor_async.py
[2025-10-05T23:18:49.388+0000] {processor.py:925} INFO - DAG(s) 'example_time_delta_sensor_async' retrieved from /home/airflow/.local/lib/python3.12/site-packages/airflow/example_dags/example_time_delta_sensor_async.py
[2025-10-05T23:18:49.418+0000] {logging_mixin.py:190} INFO - [2025-10-05T23:18:49.417+0000] {dag.py:3239} INFO - Sync 1 DAGs
[2025-10-05T23:18:49.437+0000] {logging_mixin.py:190} INFO - [2025-10-05T23:18:49.437+0000] {dag.py:4180} INFO - Setting next_dagrun for example_time_delta_sensor_async to None, run_after=None
[2025-10-05T23:18:49.462+0000] {processor.py:208} INFO - Processing /home/airflow/.local/lib/python3.12/site-packages/airflow/example_dags/example_time_delta_sensor_async.py took 0.107 seconds
[2025-10-05T23:19:19.726+0000] {processor.py:186} INFO - Started process (PID=1087) to work on /home/airflow/.local/lib/python3.12/site-packages/airflow/example_dags/example_time_delta_sensor_async.py
[2025-10-05T23:19:19.728+0000] {processor.py:914} INFO - Processing file /home/airflow/.local/lib/python3.12/site-packages/airflow/example_dags/example_time_delta_sensor_async.py for tasks to queue
[2025-10-05T23:19:19.733+0000] {logging_mixin.py:190} INFO - [2025-10-05T23:19:19.732+0000] {dagbag.py:588} INFO - Filling up the DagBag from /home/airflow/.local/lib/python3.12/site-packages/airflow/example_dags/example_time_delta_sensor_async.py
[2025-10-05T23:19:19.748+0000] {processor.py:925} INFO - DAG(s) 'example_time_delta_sensor_async' retrieved from /home/airflow/.local/lib/python3.12/site-packages/airflow/example_dags/example_time_delta_sensor_async.py
[2025-10-05T23:19:19.789+0000] {logging_mixin.py:190} INFO - [2025-10-05T23:19:19.788+0000] {dag.py:3239} INFO - Sync 1 DAGs
[2025-10-05T23:19:19.822+0000] {logging_mixin.py:190} INFO - [2025-10-05T23:19:19.822+0000] {dag.py:4180} INFO - Setting next_dagrun for example_time_delta_sensor_async to None, run_after=None
[2025-10-05T23:19:19.852+0000] {processor.py:208} INFO - Processing /home/airflow/.local/lib/python3.12/site-packages/airflow/example_dags/example_time_delta_sensor_async.py took 0.140 seconds
[2025-10-05T23:20:06.272+0000] {processor.py:186} INFO - Started process (PID=1133) to work on /home/airflow/.local/lib/python3.12/site-packages/airflow/example_dags/example_time_delta_sensor_async.py
[2025-10-05T23:20:06.275+0000] {processor.py:914} INFO - Processing file /home/airflow/.local/lib/python3.12/site-packages/airflow/example_dags/example_time_delta_sensor_async.py for tasks to queue
[2025-10-05T23:20:06.280+0000] {logging_mixin.py:190} INFO - [2025-10-05T23:20:06.280+0000] {dagbag.py:588} INFO - Filling up the DagBag from /home/airflow/.local/lib/python3.12/site-packages/airflow/example_dags/example_time_delta_sensor_async.py
[2025-10-05T23:20:06.293+0000] {processor.py:925} INFO - DAG(s) 'example_time_delta_sensor_async' retrieved from /home/airflow/.local/lib/python3.12/site-packages/airflow/example_dags/example_time_delta_sensor_async.py
[2025-10-05T23:20:06.320+0000] {logging_mixin.py:190} INFO - [2025-10-05T23:20:06.320+0000] {dag.py:3239} INFO - Sync 1 DAGs
[2025-10-05T23:20:06.343+0000] {logging_mixin.py:190} INFO - [2025-10-05T23:20:06.343+0000] {dag.py:4180} INFO - Setting next_dagrun for example_time_delta_sensor_async to None, run_after=None
[2025-10-05T23:20:06.374+0000] {processor.py:208} INFO - Processing /home/airflow/.local/lib/python3.12/site-packages/airflow/example_dags/example_time_delta_sensor_async.py took 0.113 seconds
[2025-10-05T23:20:37.146+0000] {processor.py:186} INFO - Started process (PID=1196) to work on /home/airflow/.local/lib/python3.12/site-packages/airflow/example_dags/example_time_delta_sensor_async.py
[2025-10-05T23:20:37.147+0000] {processor.py:914} INFO - Processing file /home/airflow/.local/lib/python3.12/site-packages/airflow/example_dags/example_time_delta_sensor_async.py for tasks to queue
[2025-10-05T23:20:37.151+0000] {logging_mixin.py:190} INFO - [2025-10-05T23:20:37.151+0000] {dagbag.py:588} INFO - Filling up the DagBag from /home/airflow/.local/lib/python3.12/site-packages/airflow/example_dags/example_time_delta_sensor_async.py
[2025-10-05T23:20:37.161+0000] {processor.py:925} INFO - DAG(s) 'example_time_delta_sensor_async' retrieved from /home/airflow/.local/lib/python3.12/site-packages/airflow/example_dags/example_time_delta_sensor_async.py
[2025-10-05T23:20:37.192+0000] {logging_mixin.py:190} INFO - [2025-10-05T23:20:37.192+0000] {dag.py:3239} INFO - Sync 1 DAGs
[2025-10-05T23:20:37.213+0000] {logging_mixin.py:190} INFO - [2025-10-05T23:20:37.213+0000] {dag.py:4180} INFO - Setting next_dagrun for example_time_delta_sensor_async to None, run_after=None
[2025-10-05T23:20:37.250+0000] {processor.py:208} INFO - Processing /home/airflow/.local/lib/python3.12/site-packages/airflow/example_dags/example_time_delta_sensor_async.py took 0.114 seconds
[2025-10-05T23:21:17.539+0000] {processor.py:186} INFO - Started process (PID=1252) to work on /home/airflow/.local/lib/python3.12/site-packages/airflow/example_dags/example_time_delta_sensor_async.py
[2025-10-05T23:21:17.540+0000] {processor.py:914} INFO - Processing file /home/airflow/.local/lib/python3.12/site-packages/airflow/example_dags/example_time_delta_sensor_async.py for tasks to queue
[2025-10-05T23:21:17.546+0000] {logging_mixin.py:190} INFO - [2025-10-05T23:21:17.545+0000] {dagbag.py:588} INFO - Filling up the DagBag from /home/airflow/.local/lib/python3.12/site-packages/airflow/example_dags/example_time_delta_sensor_async.py
[2025-10-05T23:21:17.561+0000] {processor.py:925} INFO - DAG(s) 'example_time_delta_sensor_async' retrieved from /home/airflow/.local/lib/python3.12/site-packages/airflow/example_dags/example_time_delta_sensor_async.py
[2025-10-05T23:21:17.604+0000] {logging_mixin.py:190} INFO - [2025-10-05T23:21:17.604+0000] {dag.py:3239} INFO - Sync 1 DAGs
[2025-10-05T23:21:17.640+0000] {logging_mixin.py:190} INFO - [2025-10-05T23:21:17.640+0000] {dag.py:4180} INFO - Setting next_dagrun for example_time_delta_sensor_async to None, run_after=None
[2025-10-05T23:21:17.684+0000] {processor.py:208} INFO - Processing /home/airflow/.local/lib/python3.12/site-packages/airflow/example_dags/example_time_delta_sensor_async.py took 0.157 seconds
[2025-10-05T23:22:01.517+0000] {processor.py:186} INFO - Started process (PID=1309) to work on /home/airflow/.local/lib/python3.12/site-packages/airflow/example_dags/example_time_delta_sensor_async.py
[2025-10-05T23:22:01.519+0000] {processor.py:914} INFO - Processing file /home/airflow/.local/lib/python3.12/site-packages/airflow/example_dags/example_time_delta_sensor_async.py for tasks to queue
[2025-10-05T23:22:01.521+0000] {logging_mixin.py:190} INFO - [2025-10-05T23:22:01.520+0000] {dagbag.py:588} INFO - Filling up the DagBag from /home/airflow/.local/lib/python3.12/site-packages/airflow/example_dags/example_time_delta_sensor_async.py
[2025-10-05T23:22:01.544+0000] {processor.py:925} INFO - DAG(s) 'example_time_delta_sensor_async' retrieved from /home/airflow/.local/lib/python3.12/site-packages/airflow/example_dags/example_time_delta_sensor_async.py
[2025-10-05T23:22:01.817+0000] {logging_mixin.py:190} INFO - [2025-10-05T23:22:01.812+0000] {dag.py:3239} INFO - Sync 1 DAGs
[2025-10-05T23:22:01.851+0000] {logging_mixin.py:190} INFO - [2025-10-05T23:22:01.851+0000] {dag.py:4180} INFO - Setting next_dagrun for example_time_delta_sensor_async to None, run_after=None
[2025-10-05T23:22:01.899+0000] {processor.py:208} INFO - Processing /home/airflow/.local/lib/python3.12/site-packages/airflow/example_dags/example_time_delta_sensor_async.py took 0.401 seconds
[2025-10-05T23:26:39.865+0000] {processor.py:186} INFO - Started process (PID=1332) to work on /home/airflow/.local/lib/python3.12/site-packages/airflow/example_dags/example_time_delta_sensor_async.py
[2025-10-05T23:26:39.867+0000] {processor.py:914} INFO - Processing file /home/airflow/.local/lib/python3.12/site-packages/airflow/example_dags/example_time_delta_sensor_async.py for tasks to queue
[2025-10-05T23:26:39.870+0000] {logging_mixin.py:190} INFO - [2025-10-05T23:26:39.869+0000] {dagbag.py:588} INFO - Filling up the DagBag from /home/airflow/.local/lib/python3.12/site-packages/airflow/example_dags/example_time_delta_sensor_async.py
[2025-10-05T23:26:39.890+0000] {processor.py:925} INFO - DAG(s) 'example_time_delta_sensor_async' retrieved from /home/airflow/.local/lib/python3.12/site-packages/airflow/example_dags/example_time_delta_sensor_async.py
[2025-10-05T23:26:39.941+0000] {logging_mixin.py:190} INFO - [2025-10-05T23:26:39.940+0000] {dag.py:3239} INFO - Sync 1 DAGs
[2025-10-05T23:26:39.974+0000] {logging_mixin.py:190} INFO - [2025-10-05T23:26:39.973+0000] {dag.py:4180} INFO - Setting next_dagrun for example_time_delta_sensor_async to None, run_after=None
[2025-10-05T23:26:40.011+0000] {processor.py:208} INFO - Processing /home/airflow/.local/lib/python3.12/site-packages/airflow/example_dags/example_time_delta_sensor_async.py took 0.159 seconds
[2025-10-05T23:28:12.236+0000] {processor.py:186} INFO - Started process (PID=1390) to work on /home/airflow/.local/lib/python3.12/site-packages/airflow/example_dags/example_time_delta_sensor_async.py
[2025-10-05T23:28:12.239+0000] {processor.py:914} INFO - Processing file /home/airflow/.local/lib/python3.12/site-packages/airflow/example_dags/example_time_delta_sensor_async.py for tasks to queue
[2025-10-05T23:28:12.242+0000] {logging_mixin.py:190} INFO - [2025-10-05T23:28:12.241+0000] {dagbag.py:588} INFO - Filling up the DagBag from /home/airflow/.local/lib/python3.12/site-packages/airflow/example_dags/example_time_delta_sensor_async.py
[2025-10-05T23:28:12.262+0000] {processor.py:925} INFO - DAG(s) 'example_time_delta_sensor_async' retrieved from /home/airflow/.local/lib/python3.12/site-packages/airflow/example_dags/example_time_delta_sensor_async.py
[2025-10-05T23:28:12.319+0000] {logging_mixin.py:190} INFO - [2025-10-05T23:28:12.318+0000] {dag.py:3239} INFO - Sync 1 DAGs
[2025-10-05T23:28:12.359+0000] {logging_mixin.py:190} INFO - [2025-10-05T23:28:12.358+0000] {dag.py:4180} INFO - Setting next_dagrun for example_time_delta_sensor_async to None, run_after=None
[2025-10-05T23:28:12.399+0000] {processor.py:208} INFO - Processing /home/airflow/.local/lib/python3.12/site-packages/airflow/example_dags/example_time_delta_sensor_async.py took 0.180 seconds
