[2025-10-05T23:11:13.086+0000] {processor.py:186} INFO - Started process (PID=117) to work on /home/airflow/.local/lib/python3.12/site-packages/airflow/example_dags/example_short_circuit_decorator.py
[2025-10-05T23:11:13.090+0000] {processor.py:914} INFO - Processing file /home/airflow/.local/lib/python3.12/site-packages/airflow/example_dags/example_short_circuit_decorator.py for tasks to queue
[2025-10-05T23:11:13.098+0000] {logging_mixin.py:190} INFO - [2025-10-05T23:11:13.097+0000] {dagbag.py:588} INFO - Filling up the DagBag from /home/airflow/.local/lib/python3.12/site-packages/airflow/example_dags/example_short_circuit_decorator.py
[2025-10-05T23:11:13.148+0000] {processor.py:925} INFO - DAG(s) 'example_short_circuit_decorator' retrieved from /home/airflow/.local/lib/python3.12/site-packages/airflow/example_dags/example_short_circuit_decorator.py
[2025-10-05T23:11:13.597+0000] {logging_mixin.py:190} INFO - [2025-10-05T23:11:13.595+0000] {override.py:1900} INFO - Created Permission View: can edit on DAG:example_short_circuit_decorator
[2025-10-05T23:11:13.638+0000] {logging_mixin.py:190} INFO - [2025-10-05T23:11:13.637+0000] {override.py:1900} INFO - Created Permission View: can delete on DAG:example_short_circuit_decorator
[2025-10-05T23:11:13.661+0000] {logging_mixin.py:190} INFO - [2025-10-05T23:11:13.660+0000] {override.py:1900} INFO - Created Permission View: can read on DAG:example_short_circuit_decorator
[2025-10-05T23:11:13.681+0000] {logging_mixin.py:190} INFO - [2025-10-05T23:11:13.680+0000] {override.py:1900} INFO - Created Permission View: can create on DAG Run:example_short_circuit_decorator
[2025-10-05T23:11:13.704+0000] {logging_mixin.py:190} INFO - [2025-10-05T23:11:13.703+0000] {override.py:1900} INFO - Created Permission View: menu access on DAG Run:example_short_circuit_decorator
[2025-10-05T23:11:13.726+0000] {logging_mixin.py:190} INFO - [2025-10-05T23:11:13.725+0000] {override.py:1900} INFO - Created Permission View: can delete on DAG Run:example_short_circuit_decorator
[2025-10-05T23:11:13.744+0000] {logging_mixin.py:190} INFO - [2025-10-05T23:11:13.743+0000] {override.py:1900} INFO - Created Permission View: can read on DAG Run:example_short_circuit_decorator
[2025-10-05T23:11:13.746+0000] {logging_mixin.py:190} INFO - [2025-10-05T23:11:13.745+0000] {dag.py:3239} INFO - Sync 1 DAGs
[2025-10-05T23:11:13.789+0000] {logging_mixin.py:190} INFO - [2025-10-05T23:11:13.788+0000] {dag.py:3262} INFO - Creating ORM DAG for example_short_circuit_decorator
[2025-10-05T23:11:13.794+0000] {logging_mixin.py:190} INFO - [2025-10-05T23:11:13.794+0000] {dag.py:4180} INFO - Setting next_dagrun for example_short_circuit_decorator to None, run_after=None
[2025-10-05T23:11:13.859+0000] {processor.py:208} INFO - Processing /home/airflow/.local/lib/python3.12/site-packages/airflow/example_dags/example_short_circuit_decorator.py took 0.799 seconds
[2025-10-05T23:11:44.041+0000] {processor.py:186} INFO - Started process (PID=180) to work on /home/airflow/.local/lib/python3.12/site-packages/airflow/example_dags/example_short_circuit_decorator.py
[2025-10-05T23:11:44.044+0000] {processor.py:914} INFO - Processing file /home/airflow/.local/lib/python3.12/site-packages/airflow/example_dags/example_short_circuit_decorator.py for tasks to queue
[2025-10-05T23:11:44.054+0000] {logging_mixin.py:190} INFO - [2025-10-05T23:11:44.053+0000] {dagbag.py:588} INFO - Filling up the DagBag from /home/airflow/.local/lib/python3.12/site-packages/airflow/example_dags/example_short_circuit_decorator.py
[2025-10-05T23:11:44.090+0000] {processor.py:925} INFO - DAG(s) 'example_short_circuit_decorator' retrieved from /home/airflow/.local/lib/python3.12/site-packages/airflow/example_dags/example_short_circuit_decorator.py
[2025-10-05T23:11:44.171+0000] {logging_mixin.py:190} INFO - [2025-10-05T23:11:44.170+0000] {dag.py:3239} INFO - Sync 1 DAGs
[2025-10-05T23:11:44.235+0000] {logging_mixin.py:190} INFO - [2025-10-05T23:11:44.234+0000] {dag.py:4180} INFO - Setting next_dagrun for example_short_circuit_decorator to None, run_after=None
[2025-10-05T23:11:44.288+0000] {processor.py:208} INFO - Processing /home/airflow/.local/lib/python3.12/site-packages/airflow/example_dags/example_short_circuit_decorator.py took 0.266 seconds
[2025-10-05T23:12:14.673+0000] {processor.py:186} INFO - Started process (PID=243) to work on /home/airflow/.local/lib/python3.12/site-packages/airflow/example_dags/example_short_circuit_decorator.py
[2025-10-05T23:12:14.676+0000] {processor.py:914} INFO - Processing file /home/airflow/.local/lib/python3.12/site-packages/airflow/example_dags/example_short_circuit_decorator.py for tasks to queue
[2025-10-05T23:12:14.683+0000] {logging_mixin.py:190} INFO - [2025-10-05T23:12:14.682+0000] {dagbag.py:588} INFO - Filling up the DagBag from /home/airflow/.local/lib/python3.12/site-packages/airflow/example_dags/example_short_circuit_decorator.py
[2025-10-05T23:12:14.705+0000] {processor.py:925} INFO - DAG(s) 'example_short_circuit_decorator' retrieved from /home/airflow/.local/lib/python3.12/site-packages/airflow/example_dags/example_short_circuit_decorator.py
[2025-10-05T23:12:14.754+0000] {logging_mixin.py:190} INFO - [2025-10-05T23:12:14.753+0000] {dag.py:3239} INFO - Sync 1 DAGs
[2025-10-05T23:12:14.787+0000] {logging_mixin.py:190} INFO - [2025-10-05T23:12:14.786+0000] {dag.py:4180} INFO - Setting next_dagrun for example_short_circuit_decorator to None, run_after=None
[2025-10-05T23:12:14.834+0000] {processor.py:208} INFO - Processing /home/airflow/.local/lib/python3.12/site-packages/airflow/example_dags/example_short_circuit_decorator.py took 0.179 seconds
[2025-10-05T23:12:49.142+0000] {processor.py:186} INFO - Started process (PID=312) to work on /home/airflow/.local/lib/python3.12/site-packages/airflow/example_dags/example_short_circuit_decorator.py
[2025-10-05T23:12:49.145+0000] {processor.py:914} INFO - Processing file /home/airflow/.local/lib/python3.12/site-packages/airflow/example_dags/example_short_circuit_decorator.py for tasks to queue
[2025-10-05T23:12:49.151+0000] {logging_mixin.py:190} INFO - [2025-10-05T23:12:49.150+0000] {dagbag.py:588} INFO - Filling up the DagBag from /home/airflow/.local/lib/python3.12/site-packages/airflow/example_dags/example_short_circuit_decorator.py
[2025-10-05T23:12:49.175+0000] {processor.py:925} INFO - DAG(s) 'example_short_circuit_decorator' retrieved from /home/airflow/.local/lib/python3.12/site-packages/airflow/example_dags/example_short_circuit_decorator.py
[2025-10-05T23:12:49.217+0000] {logging_mixin.py:190} INFO - [2025-10-05T23:12:49.217+0000] {dag.py:3239} INFO - Sync 1 DAGs
[2025-10-05T23:12:49.249+0000] {logging_mixin.py:190} INFO - [2025-10-05T23:12:49.248+0000] {dag.py:4180} INFO - Setting next_dagrun for example_short_circuit_decorator to None, run_after=None
[2025-10-05T23:12:49.299+0000] {processor.py:208} INFO - Processing /home/airflow/.local/lib/python3.12/site-packages/airflow/example_dags/example_short_circuit_decorator.py took 0.168 seconds
[2025-10-05T23:13:19.495+0000] {processor.py:186} INFO - Started process (PID=376) to work on /home/airflow/.local/lib/python3.12/site-packages/airflow/example_dags/example_short_circuit_decorator.py
[2025-10-05T23:13:19.498+0000] {processor.py:914} INFO - Processing file /home/airflow/.local/lib/python3.12/site-packages/airflow/example_dags/example_short_circuit_decorator.py for tasks to queue
[2025-10-05T23:13:19.502+0000] {logging_mixin.py:190} INFO - [2025-10-05T23:13:19.501+0000] {dagbag.py:588} INFO - Filling up the DagBag from /home/airflow/.local/lib/python3.12/site-packages/airflow/example_dags/example_short_circuit_decorator.py
[2025-10-05T23:13:19.525+0000] {processor.py:925} INFO - DAG(s) 'example_short_circuit_decorator' retrieved from /home/airflow/.local/lib/python3.12/site-packages/airflow/example_dags/example_short_circuit_decorator.py
[2025-10-05T23:13:19.573+0000] {logging_mixin.py:190} INFO - [2025-10-05T23:13:19.572+0000] {dag.py:3239} INFO - Sync 1 DAGs
[2025-10-05T23:13:19.607+0000] {logging_mixin.py:190} INFO - [2025-10-05T23:13:19.606+0000] {dag.py:4180} INFO - Setting next_dagrun for example_short_circuit_decorator to None, run_after=None
[2025-10-05T23:13:19.637+0000] {processor.py:208} INFO - Processing /home/airflow/.local/lib/python3.12/site-packages/airflow/example_dags/example_short_circuit_decorator.py took 0.154 seconds
[2025-10-05T23:13:50.222+0000] {processor.py:186} INFO - Started process (PID=433) to work on /home/airflow/.local/lib/python3.12/site-packages/airflow/example_dags/example_short_circuit_decorator.py
[2025-10-05T23:13:50.224+0000] {processor.py:914} INFO - Processing file /home/airflow/.local/lib/python3.12/site-packages/airflow/example_dags/example_short_circuit_decorator.py for tasks to queue
[2025-10-05T23:13:50.226+0000] {logging_mixin.py:190} INFO - [2025-10-05T23:13:50.226+0000] {dagbag.py:588} INFO - Filling up the DagBag from /home/airflow/.local/lib/python3.12/site-packages/airflow/example_dags/example_short_circuit_decorator.py
[2025-10-05T23:13:50.239+0000] {processor.py:925} INFO - DAG(s) 'example_short_circuit_decorator' retrieved from /home/airflow/.local/lib/python3.12/site-packages/airflow/example_dags/example_short_circuit_decorator.py
[2025-10-05T23:13:50.269+0000] {logging_mixin.py:190} INFO - [2025-10-05T23:13:50.269+0000] {dag.py:3239} INFO - Sync 1 DAGs
[2025-10-05T23:13:50.288+0000] {logging_mixin.py:190} INFO - [2025-10-05T23:13:50.287+0000] {dag.py:4180} INFO - Setting next_dagrun for example_short_circuit_decorator to None, run_after=None
[2025-10-05T23:13:50.312+0000] {processor.py:208} INFO - Processing /home/airflow/.local/lib/python3.12/site-packages/airflow/example_dags/example_short_circuit_decorator.py took 0.098 seconds
[2025-10-05T23:14:20.372+0000] {processor.py:186} INFO - Started process (PID=495) to work on /home/airflow/.local/lib/python3.12/site-packages/airflow/example_dags/example_short_circuit_decorator.py
[2025-10-05T23:14:20.373+0000] {processor.py:914} INFO - Processing file /home/airflow/.local/lib/python3.12/site-packages/airflow/example_dags/example_short_circuit_decorator.py for tasks to queue
[2025-10-05T23:14:20.376+0000] {logging_mixin.py:190} INFO - [2025-10-05T23:14:20.375+0000] {dagbag.py:588} INFO - Filling up the DagBag from /home/airflow/.local/lib/python3.12/site-packages/airflow/example_dags/example_short_circuit_decorator.py
[2025-10-05T23:14:20.387+0000] {processor.py:925} INFO - DAG(s) 'example_short_circuit_decorator' retrieved from /home/airflow/.local/lib/python3.12/site-packages/airflow/example_dags/example_short_circuit_decorator.py
[2025-10-05T23:14:20.411+0000] {logging_mixin.py:190} INFO - [2025-10-05T23:14:20.410+0000] {dag.py:3239} INFO - Sync 1 DAGs
[2025-10-05T23:14:20.428+0000] {logging_mixin.py:190} INFO - [2025-10-05T23:14:20.427+0000] {dag.py:4180} INFO - Setting next_dagrun for example_short_circuit_decorator to None, run_after=None
[2025-10-05T23:14:20.449+0000] {processor.py:208} INFO - Processing /home/airflow/.local/lib/python3.12/site-packages/airflow/example_dags/example_short_circuit_decorator.py took 0.085 seconds
[2025-10-05T23:14:53.727+0000] {processor.py:186} INFO - Started process (PID=565) to work on /home/airflow/.local/lib/python3.12/site-packages/airflow/example_dags/example_short_circuit_decorator.py
[2025-10-05T23:14:53.732+0000] {processor.py:914} INFO - Processing file /home/airflow/.local/lib/python3.12/site-packages/airflow/example_dags/example_short_circuit_decorator.py for tasks to queue
[2025-10-05T23:14:53.743+0000] {logging_mixin.py:190} INFO - [2025-10-05T23:14:53.741+0000] {dagbag.py:588} INFO - Filling up the DagBag from /home/airflow/.local/lib/python3.12/site-packages/airflow/example_dags/example_short_circuit_decorator.py
[2025-10-05T23:14:53.782+0000] {processor.py:925} INFO - DAG(s) 'example_short_circuit_decorator' retrieved from /home/airflow/.local/lib/python3.12/site-packages/airflow/example_dags/example_short_circuit_decorator.py
[2025-10-05T23:14:53.844+0000] {logging_mixin.py:190} INFO - [2025-10-05T23:14:53.843+0000] {dag.py:3239} INFO - Sync 1 DAGs
[2025-10-05T23:14:53.892+0000] {logging_mixin.py:190} INFO - [2025-10-05T23:14:53.892+0000] {dag.py:4180} INFO - Setting next_dagrun for example_short_circuit_decorator to None, run_after=None
[2025-10-05T23:14:53.959+0000] {processor.py:208} INFO - Processing /home/airflow/.local/lib/python3.12/site-packages/airflow/example_dags/example_short_circuit_decorator.py took 0.250 seconds
[2025-10-05T23:15:24.367+0000] {processor.py:186} INFO - Started process (PID=622) to work on /home/airflow/.local/lib/python3.12/site-packages/airflow/example_dags/example_short_circuit_decorator.py
[2025-10-05T23:15:24.370+0000] {processor.py:914} INFO - Processing file /home/airflow/.local/lib/python3.12/site-packages/airflow/example_dags/example_short_circuit_decorator.py for tasks to queue
[2025-10-05T23:15:24.376+0000] {logging_mixin.py:190} INFO - [2025-10-05T23:15:24.375+0000] {dagbag.py:588} INFO - Filling up the DagBag from /home/airflow/.local/lib/python3.12/site-packages/airflow/example_dags/example_short_circuit_decorator.py
[2025-10-05T23:15:24.401+0000] {processor.py:925} INFO - DAG(s) 'example_short_circuit_decorator' retrieved from /home/airflow/.local/lib/python3.12/site-packages/airflow/example_dags/example_short_circuit_decorator.py
[2025-10-05T23:15:24.447+0000] {logging_mixin.py:190} INFO - [2025-10-05T23:15:24.446+0000] {dag.py:3239} INFO - Sync 1 DAGs
[2025-10-05T23:15:24.485+0000] {logging_mixin.py:190} INFO - [2025-10-05T23:15:24.484+0000] {dag.py:4180} INFO - Setting next_dagrun for example_short_circuit_decorator to None, run_after=None
[2025-10-05T23:15:24.526+0000] {processor.py:208} INFO - Processing /home/airflow/.local/lib/python3.12/site-packages/airflow/example_dags/example_short_circuit_decorator.py took 0.170 seconds
[2025-10-05T23:15:55.342+0000] {processor.py:186} INFO - Started process (PID=685) to work on /home/airflow/.local/lib/python3.12/site-packages/airflow/example_dags/example_short_circuit_decorator.py
[2025-10-05T23:15:55.344+0000] {processor.py:914} INFO - Processing file /home/airflow/.local/lib/python3.12/site-packages/airflow/example_dags/example_short_circuit_decorator.py for tasks to queue
[2025-10-05T23:15:55.348+0000] {logging_mixin.py:190} INFO - [2025-10-05T23:15:55.347+0000] {dagbag.py:588} INFO - Filling up the DagBag from /home/airflow/.local/lib/python3.12/site-packages/airflow/example_dags/example_short_circuit_decorator.py
[2025-10-05T23:15:55.363+0000] {processor.py:925} INFO - DAG(s) 'example_short_circuit_decorator' retrieved from /home/airflow/.local/lib/python3.12/site-packages/airflow/example_dags/example_short_circuit_decorator.py
[2025-10-05T23:15:55.392+0000] {logging_mixin.py:190} INFO - [2025-10-05T23:15:55.391+0000] {dag.py:3239} INFO - Sync 1 DAGs
[2025-10-05T23:15:55.412+0000] {logging_mixin.py:190} INFO - [2025-10-05T23:15:55.412+0000] {dag.py:4180} INFO - Setting next_dagrun for example_short_circuit_decorator to None, run_after=None
[2025-10-05T23:15:55.437+0000] {processor.py:208} INFO - Processing /home/airflow/.local/lib/python3.12/site-packages/airflow/example_dags/example_short_circuit_decorator.py took 0.102 seconds
[2025-10-05T23:16:40.552+0000] {processor.py:186} INFO - Started process (PID=752) to work on /home/airflow/.local/lib/python3.12/site-packages/airflow/example_dags/example_short_circuit_decorator.py
[2025-10-05T23:16:40.554+0000] {processor.py:914} INFO - Processing file /home/airflow/.local/lib/python3.12/site-packages/airflow/example_dags/example_short_circuit_decorator.py for tasks to queue
[2025-10-05T23:16:40.557+0000] {logging_mixin.py:190} INFO - [2025-10-05T23:16:40.557+0000] {dagbag.py:588} INFO - Filling up the DagBag from /home/airflow/.local/lib/python3.12/site-packages/airflow/example_dags/example_short_circuit_decorator.py
[2025-10-05T23:16:40.573+0000] {processor.py:925} INFO - DAG(s) 'example_short_circuit_decorator' retrieved from /home/airflow/.local/lib/python3.12/site-packages/airflow/example_dags/example_short_circuit_decorator.py
[2025-10-05T23:16:40.612+0000] {logging_mixin.py:190} INFO - [2025-10-05T23:16:40.611+0000] {dag.py:3239} INFO - Sync 1 DAGs
[2025-10-05T23:16:40.638+0000] {logging_mixin.py:190} INFO - [2025-10-05T23:16:40.637+0000] {dag.py:4180} INFO - Setting next_dagrun for example_short_circuit_decorator to None, run_after=None
[2025-10-05T23:16:40.668+0000] {processor.py:208} INFO - Processing /home/airflow/.local/lib/python3.12/site-packages/airflow/example_dags/example_short_circuit_decorator.py took 0.125 seconds
[2025-10-05T23:17:11.066+0000] {processor.py:186} INFO - Started process (PID=816) to work on /home/airflow/.local/lib/python3.12/site-packages/airflow/example_dags/example_short_circuit_decorator.py
[2025-10-05T23:17:11.069+0000] {processor.py:914} INFO - Processing file /home/airflow/.local/lib/python3.12/site-packages/airflow/example_dags/example_short_circuit_decorator.py for tasks to queue
[2025-10-05T23:17:11.074+0000] {logging_mixin.py:190} INFO - [2025-10-05T23:17:11.073+0000] {dagbag.py:588} INFO - Filling up the DagBag from /home/airflow/.local/lib/python3.12/site-packages/airflow/example_dags/example_short_circuit_decorator.py
[2025-10-05T23:17:11.098+0000] {processor.py:925} INFO - DAG(s) 'example_short_circuit_decorator' retrieved from /home/airflow/.local/lib/python3.12/site-packages/airflow/example_dags/example_short_circuit_decorator.py
[2025-10-05T23:17:11.143+0000] {logging_mixin.py:190} INFO - [2025-10-05T23:17:11.143+0000] {dag.py:3239} INFO - Sync 1 DAGs
[2025-10-05T23:17:11.171+0000] {logging_mixin.py:190} INFO - [2025-10-05T23:17:11.170+0000] {dag.py:4180} INFO - Setting next_dagrun for example_short_circuit_decorator to None, run_after=None
[2025-10-05T23:17:11.205+0000] {processor.py:208} INFO - Processing /home/airflow/.local/lib/python3.12/site-packages/airflow/example_dags/example_short_circuit_decorator.py took 0.150 seconds
[2025-10-05T23:17:41.955+0000] {processor.py:186} INFO - Started process (PID=879) to work on /home/airflow/.local/lib/python3.12/site-packages/airflow/example_dags/example_short_circuit_decorator.py
[2025-10-05T23:17:41.956+0000] {processor.py:914} INFO - Processing file /home/airflow/.local/lib/python3.12/site-packages/airflow/example_dags/example_short_circuit_decorator.py for tasks to queue
[2025-10-05T23:17:41.959+0000] {logging_mixin.py:190} INFO - [2025-10-05T23:17:41.959+0000] {dagbag.py:588} INFO - Filling up the DagBag from /home/airflow/.local/lib/python3.12/site-packages/airflow/example_dags/example_short_circuit_decorator.py
[2025-10-05T23:17:41.971+0000] {processor.py:925} INFO - DAG(s) 'example_short_circuit_decorator' retrieved from /home/airflow/.local/lib/python3.12/site-packages/airflow/example_dags/example_short_circuit_decorator.py
[2025-10-05T23:17:41.998+0000] {logging_mixin.py:190} INFO - [2025-10-05T23:17:41.998+0000] {dag.py:3239} INFO - Sync 1 DAGs
[2025-10-05T23:17:42.017+0000] {logging_mixin.py:190} INFO - [2025-10-05T23:17:42.017+0000] {dag.py:4180} INFO - Setting next_dagrun for example_short_circuit_decorator to None, run_after=None
[2025-10-05T23:17:42.042+0000] {processor.py:208} INFO - Processing /home/airflow/.local/lib/python3.12/site-packages/airflow/example_dags/example_short_circuit_decorator.py took 0.094 seconds
[2025-10-05T23:18:12.946+0000] {processor.py:186} INFO - Started process (PID=942) to work on /home/airflow/.local/lib/python3.12/site-packages/airflow/example_dags/example_short_circuit_decorator.py
[2025-10-05T23:18:12.947+0000] {processor.py:914} INFO - Processing file /home/airflow/.local/lib/python3.12/site-packages/airflow/example_dags/example_short_circuit_decorator.py for tasks to queue
[2025-10-05T23:18:12.950+0000] {logging_mixin.py:190} INFO - [2025-10-05T23:18:12.949+0000] {dagbag.py:588} INFO - Filling up the DagBag from /home/airflow/.local/lib/python3.12/site-packages/airflow/example_dags/example_short_circuit_decorator.py
[2025-10-05T23:18:12.962+0000] {processor.py:925} INFO - DAG(s) 'example_short_circuit_decorator' retrieved from /home/airflow/.local/lib/python3.12/site-packages/airflow/example_dags/example_short_circuit_decorator.py
[2025-10-05T23:18:12.988+0000] {logging_mixin.py:190} INFO - [2025-10-05T23:18:12.987+0000] {dag.py:3239} INFO - Sync 1 DAGs
[2025-10-05T23:18:13.003+0000] {logging_mixin.py:190} INFO - [2025-10-05T23:18:13.003+0000] {dag.py:4180} INFO - Setting next_dagrun for example_short_circuit_decorator to None, run_after=None
[2025-10-05T23:18:13.027+0000] {processor.py:208} INFO - Processing /home/airflow/.local/lib/python3.12/site-packages/airflow/example_dags/example_short_circuit_decorator.py took 0.089 seconds
[2025-10-05T23:18:44.236+0000] {processor.py:186} INFO - Started process (PID=1005) to work on /home/airflow/.local/lib/python3.12/site-packages/airflow/example_dags/example_short_circuit_decorator.py
[2025-10-05T23:18:44.237+0000] {processor.py:914} INFO - Processing file /home/airflow/.local/lib/python3.12/site-packages/airflow/example_dags/example_short_circuit_decorator.py for tasks to queue
[2025-10-05T23:18:44.244+0000] {logging_mixin.py:190} INFO - [2025-10-05T23:18:44.243+0000] {dagbag.py:588} INFO - Filling up the DagBag from /home/airflow/.local/lib/python3.12/site-packages/airflow/example_dags/example_short_circuit_decorator.py
[2025-10-05T23:18:44.256+0000] {processor.py:925} INFO - DAG(s) 'example_short_circuit_decorator' retrieved from /home/airflow/.local/lib/python3.12/site-packages/airflow/example_dags/example_short_circuit_decorator.py
[2025-10-05T23:18:44.284+0000] {logging_mixin.py:190} INFO - [2025-10-05T23:18:44.284+0000] {dag.py:3239} INFO - Sync 1 DAGs
[2025-10-05T23:18:44.301+0000] {logging_mixin.py:190} INFO - [2025-10-05T23:18:44.301+0000] {dag.py:4180} INFO - Setting next_dagrun for example_short_circuit_decorator to None, run_after=None
[2025-10-05T23:18:44.333+0000] {processor.py:208} INFO - Processing /home/airflow/.local/lib/python3.12/site-packages/airflow/example_dags/example_short_circuit_decorator.py took 0.104 seconds
[2025-10-05T23:19:15.254+0000] {processor.py:186} INFO - Started process (PID=1068) to work on /home/airflow/.local/lib/python3.12/site-packages/airflow/example_dags/example_short_circuit_decorator.py
[2025-10-05T23:19:15.255+0000] {processor.py:914} INFO - Processing file /home/airflow/.local/lib/python3.12/site-packages/airflow/example_dags/example_short_circuit_decorator.py for tasks to queue
[2025-10-05T23:19:15.258+0000] {logging_mixin.py:190} INFO - [2025-10-05T23:19:15.258+0000] {dagbag.py:588} INFO - Filling up the DagBag from /home/airflow/.local/lib/python3.12/site-packages/airflow/example_dags/example_short_circuit_decorator.py
[2025-10-05T23:19:15.270+0000] {processor.py:925} INFO - DAG(s) 'example_short_circuit_decorator' retrieved from /home/airflow/.local/lib/python3.12/site-packages/airflow/example_dags/example_short_circuit_decorator.py
[2025-10-05T23:19:15.299+0000] {logging_mixin.py:190} INFO - [2025-10-05T23:19:15.299+0000] {dag.py:3239} INFO - Sync 1 DAGs
[2025-10-05T23:19:15.315+0000] {logging_mixin.py:190} INFO - [2025-10-05T23:19:15.315+0000] {dag.py:4180} INFO - Setting next_dagrun for example_short_circuit_decorator to None, run_after=None
[2025-10-05T23:19:15.342+0000] {processor.py:208} INFO - Processing /home/airflow/.local/lib/python3.12/site-packages/airflow/example_dags/example_short_circuit_decorator.py took 0.095 seconds
[2025-10-05T23:20:07.382+0000] {processor.py:186} INFO - Started process (PID=1142) to work on /home/airflow/.local/lib/python3.12/site-packages/airflow/example_dags/example_short_circuit_decorator.py
[2025-10-05T23:20:07.383+0000] {processor.py:914} INFO - Processing file /home/airflow/.local/lib/python3.12/site-packages/airflow/example_dags/example_short_circuit_decorator.py for tasks to queue
[2025-10-05T23:20:07.387+0000] {logging_mixin.py:190} INFO - [2025-10-05T23:20:07.387+0000] {dagbag.py:588} INFO - Filling up the DagBag from /home/airflow/.local/lib/python3.12/site-packages/airflow/example_dags/example_short_circuit_decorator.py
[2025-10-05T23:20:07.403+0000] {processor.py:925} INFO - DAG(s) 'example_short_circuit_decorator' retrieved from /home/airflow/.local/lib/python3.12/site-packages/airflow/example_dags/example_short_circuit_decorator.py
[2025-10-05T23:20:07.433+0000] {logging_mixin.py:190} INFO - [2025-10-05T23:20:07.433+0000] {dag.py:3239} INFO - Sync 1 DAGs
[2025-10-05T23:20:07.453+0000] {logging_mixin.py:190} INFO - [2025-10-05T23:20:07.452+0000] {dag.py:4180} INFO - Setting next_dagrun for example_short_circuit_decorator to None, run_after=None
[2025-10-05T23:20:07.478+0000] {processor.py:208} INFO - Processing /home/airflow/.local/lib/python3.12/site-packages/airflow/example_dags/example_short_circuit_decorator.py took 0.106 seconds
[2025-10-05T23:20:38.183+0000] {processor.py:186} INFO - Started process (PID=1205) to work on /home/airflow/.local/lib/python3.12/site-packages/airflow/example_dags/example_short_circuit_decorator.py
[2025-10-05T23:20:38.185+0000] {processor.py:914} INFO - Processing file /home/airflow/.local/lib/python3.12/site-packages/airflow/example_dags/example_short_circuit_decorator.py for tasks to queue
[2025-10-05T23:20:38.191+0000] {logging_mixin.py:190} INFO - [2025-10-05T23:20:38.191+0000] {dagbag.py:588} INFO - Filling up the DagBag from /home/airflow/.local/lib/python3.12/site-packages/airflow/example_dags/example_short_circuit_decorator.py
[2025-10-05T23:20:38.204+0000] {processor.py:925} INFO - DAG(s) 'example_short_circuit_decorator' retrieved from /home/airflow/.local/lib/python3.12/site-packages/airflow/example_dags/example_short_circuit_decorator.py
[2025-10-05T23:20:38.238+0000] {logging_mixin.py:190} INFO - [2025-10-05T23:20:38.238+0000] {dag.py:3239} INFO - Sync 1 DAGs
[2025-10-05T23:20:38.261+0000] {logging_mixin.py:190} INFO - [2025-10-05T23:20:38.261+0000] {dag.py:4180} INFO - Setting next_dagrun for example_short_circuit_decorator to None, run_after=None
[2025-10-05T23:20:38.290+0000] {processor.py:208} INFO - Processing /home/airflow/.local/lib/python3.12/site-packages/airflow/example_dags/example_short_circuit_decorator.py took 0.115 seconds
[2025-10-05T23:21:19.167+0000] {processor.py:186} INFO - Started process (PID=1263) to work on /home/airflow/.local/lib/python3.12/site-packages/airflow/example_dags/example_short_circuit_decorator.py
[2025-10-05T23:21:19.168+0000] {processor.py:914} INFO - Processing file /home/airflow/.local/lib/python3.12/site-packages/airflow/example_dags/example_short_circuit_decorator.py for tasks to queue
[2025-10-05T23:21:19.172+0000] {logging_mixin.py:190} INFO - [2025-10-05T23:21:19.171+0000] {dagbag.py:588} INFO - Filling up the DagBag from /home/airflow/.local/lib/python3.12/site-packages/airflow/example_dags/example_short_circuit_decorator.py
[2025-10-05T23:21:19.188+0000] {processor.py:925} INFO - DAG(s) 'example_short_circuit_decorator' retrieved from /home/airflow/.local/lib/python3.12/site-packages/airflow/example_dags/example_short_circuit_decorator.py
[2025-10-05T23:21:19.219+0000] {logging_mixin.py:190} INFO - [2025-10-05T23:21:19.219+0000] {dag.py:3239} INFO - Sync 1 DAGs
[2025-10-05T23:21:19.241+0000] {logging_mixin.py:190} INFO - [2025-10-05T23:21:19.241+0000] {dag.py:4180} INFO - Setting next_dagrun for example_short_circuit_decorator to None, run_after=None
[2025-10-05T23:21:19.272+0000] {processor.py:208} INFO - Processing /home/airflow/.local/lib/python3.12/site-packages/airflow/example_dags/example_short_circuit_decorator.py took 0.113 seconds
[2025-10-05T23:26:45.103+0000] {processor.py:186} INFO - Started process (PID=1357) to work on /home/airflow/.local/lib/python3.12/site-packages/airflow/example_dags/example_short_circuit_decorator.py
[2025-10-05T23:26:45.106+0000] {processor.py:914} INFO - Processing file /home/airflow/.local/lib/python3.12/site-packages/airflow/example_dags/example_short_circuit_decorator.py for tasks to queue
[2025-10-05T23:26:45.109+0000] {logging_mixin.py:190} INFO - [2025-10-05T23:26:45.108+0000] {dagbag.py:588} INFO - Filling up the DagBag from /home/airflow/.local/lib/python3.12/site-packages/airflow/example_dags/example_short_circuit_decorator.py
[2025-10-05T23:26:45.130+0000] {processor.py:925} INFO - DAG(s) 'example_short_circuit_decorator' retrieved from /home/airflow/.local/lib/python3.12/site-packages/airflow/example_dags/example_short_circuit_decorator.py
[2025-10-05T23:26:45.212+0000] {logging_mixin.py:190} INFO - [2025-10-05T23:26:45.212+0000] {dag.py:3239} INFO - Sync 1 DAGs
[2025-10-05T23:26:45.253+0000] {logging_mixin.py:190} INFO - [2025-10-05T23:26:45.252+0000] {dag.py:4180} INFO - Setting next_dagrun for example_short_circuit_decorator to None, run_after=None
[2025-10-05T23:26:45.303+0000] {processor.py:208} INFO - Processing /home/airflow/.local/lib/python3.12/site-packages/airflow/example_dags/example_short_circuit_decorator.py took 0.210 seconds
[2025-10-05T23:28:18.570+0000] {processor.py:186} INFO - Started process (PID=1419) to work on /home/airflow/.local/lib/python3.12/site-packages/airflow/example_dags/example_short_circuit_decorator.py
[2025-10-05T23:28:18.572+0000] {processor.py:914} INFO - Processing file /home/airflow/.local/lib/python3.12/site-packages/airflow/example_dags/example_short_circuit_decorator.py for tasks to queue
[2025-10-05T23:28:18.577+0000] {logging_mixin.py:190} INFO - [2025-10-05T23:28:18.574+0000] {dagbag.py:588} INFO - Filling up the DagBag from /home/airflow/.local/lib/python3.12/site-packages/airflow/example_dags/example_short_circuit_decorator.py
[2025-10-05T23:28:18.626+0000] {processor.py:925} INFO - DAG(s) 'example_short_circuit_decorator' retrieved from /home/airflow/.local/lib/python3.12/site-packages/airflow/example_dags/example_short_circuit_decorator.py
[2025-10-05T23:28:19.001+0000] {logging_mixin.py:190} INFO - [2025-10-05T23:28:19.000+0000] {dag.py:3239} INFO - Sync 1 DAGs
[2025-10-05T23:28:19.051+0000] {logging_mixin.py:190} INFO - [2025-10-05T23:28:19.051+0000] {dag.py:4180} INFO - Setting next_dagrun for example_short_circuit_decorator to None, run_after=None
[2025-10-05T23:28:19.134+0000] {processor.py:208} INFO - Processing /home/airflow/.local/lib/python3.12/site-packages/airflow/example_dags/example_short_circuit_decorator.py took 0.588 seconds
