[2025-10-05T23:11:12.056+0000] {processor.py:186} INFO - Started process (PID=116) to work on /home/airflow/.local/lib/python3.12/site-packages/airflow/example_dags/example_external_task_marker_dag.py
[2025-10-05T23:11:12.059+0000] {processor.py:914} INFO - Processing file /home/airflow/.local/lib/python3.12/site-packages/airflow/example_dags/example_external_task_marker_dag.py for tasks to queue
[2025-10-05T23:11:12.067+0000] {logging_mixin.py:190} INFO - [2025-10-05T23:11:12.066+0000] {dagbag.py:588} INFO - Filling up the DagBag from /home/airflow/.local/lib/python3.12/site-packages/airflow/example_dags/example_external_task_marker_dag.py
[2025-10-05T23:11:12.105+0000] {processor.py:925} INFO - DAG(s) 'example_external_task_marker_parent', 'example_external_task_marker_child' retrieved from /home/airflow/.local/lib/python3.12/site-packages/airflow/example_dags/example_external_task_marker_dag.py
[2025-10-05T23:11:12.551+0000] {logging_mixin.py:190} INFO - [2025-10-05T23:11:12.544+0000] {override.py:1900} INFO - Created Permission View: can edit on DAG:example_external_task_marker_parent
[2025-10-05T23:11:12.591+0000] {logging_mixin.py:190} INFO - [2025-10-05T23:11:12.590+0000] {override.py:1900} INFO - Created Permission View: can delete on DAG:example_external_task_marker_parent
[2025-10-05T23:11:12.620+0000] {logging_mixin.py:190} INFO - [2025-10-05T23:11:12.619+0000] {override.py:1900} INFO - Created Permission View: can read on DAG:example_external_task_marker_parent
[2025-10-05T23:11:12.651+0000] {logging_mixin.py:190} INFO - [2025-10-05T23:11:12.650+0000] {override.py:1900} INFO - Created Permission View: can create on DAG Run:example_external_task_marker_parent
[2025-10-05T23:11:12.679+0000] {logging_mixin.py:190} INFO - [2025-10-05T23:11:12.678+0000] {override.py:1900} INFO - Created Permission View: menu access on DAG Run:example_external_task_marker_parent
[2025-10-05T23:11:12.708+0000] {logging_mixin.py:190} INFO - [2025-10-05T23:11:12.708+0000] {override.py:1900} INFO - Created Permission View: can delete on DAG Run:example_external_task_marker_parent
[2025-10-05T23:11:12.734+0000] {logging_mixin.py:190} INFO - [2025-10-05T23:11:12.732+0000] {override.py:1900} INFO - Created Permission View: can read on DAG Run:example_external_task_marker_parent
[2025-10-05T23:11:12.810+0000] {logging_mixin.py:190} INFO - [2025-10-05T23:11:12.809+0000] {override.py:1900} INFO - Created Permission View: can edit on DAG:example_external_task_marker_child
[2025-10-05T23:11:12.850+0000] {logging_mixin.py:190} INFO - [2025-10-05T23:11:12.849+0000] {override.py:1900} INFO - Created Permission View: can delete on DAG:example_external_task_marker_child
[2025-10-05T23:11:12.885+0000] {logging_mixin.py:190} INFO - [2025-10-05T23:11:12.884+0000] {override.py:1900} INFO - Created Permission View: can read on DAG:example_external_task_marker_child
[2025-10-05T23:11:12.911+0000] {logging_mixin.py:190} INFO - [2025-10-05T23:11:12.910+0000] {override.py:1900} INFO - Created Permission View: can create on DAG Run:example_external_task_marker_child
[2025-10-05T23:11:12.934+0000] {logging_mixin.py:190} INFO - [2025-10-05T23:11:12.933+0000] {override.py:1900} INFO - Created Permission View: menu access on DAG Run:example_external_task_marker_child
[2025-10-05T23:11:12.957+0000] {logging_mixin.py:190} INFO - [2025-10-05T23:11:12.956+0000] {override.py:1900} INFO - Created Permission View: can delete on DAG Run:example_external_task_marker_child
[2025-10-05T23:11:13.005+0000] {logging_mixin.py:190} INFO - [2025-10-05T23:11:13.004+0000] {override.py:1900} INFO - Created Permission View: can read on DAG Run:example_external_task_marker_child
[2025-10-05T23:11:13.007+0000] {logging_mixin.py:190} INFO - [2025-10-05T23:11:13.007+0000] {dag.py:3239} INFO - Sync 2 DAGs
[2025-10-05T23:11:13.065+0000] {logging_mixin.py:190} INFO - [2025-10-05T23:11:13.065+0000] {dag.py:3262} INFO - Creating ORM DAG for example_external_task_marker_child
[2025-10-05T23:11:13.068+0000] {logging_mixin.py:190} INFO - [2025-10-05T23:11:13.067+0000] {dag.py:3262} INFO - Creating ORM DAG for example_external_task_marker_parent
[2025-10-05T23:11:13.072+0000] {logging_mixin.py:190} INFO - [2025-10-05T23:11:13.071+0000] {dag.py:4180} INFO - Setting next_dagrun for example_external_task_marker_child to None, run_after=None
[2025-10-05T23:11:13.075+0000] {logging_mixin.py:190} INFO - [2025-10-05T23:11:13.074+0000] {dag.py:4180} INFO - Setting next_dagrun for example_external_task_marker_parent to None, run_after=None
[2025-10-05T23:11:13.136+0000] {processor.py:208} INFO - Processing /home/airflow/.local/lib/python3.12/site-packages/airflow/example_dags/example_external_task_marker_dag.py took 1.102 seconds
[2025-10-05T23:11:43.538+0000] {processor.py:186} INFO - Started process (PID=179) to work on /home/airflow/.local/lib/python3.12/site-packages/airflow/example_dags/example_external_task_marker_dag.py
[2025-10-05T23:11:43.542+0000] {processor.py:914} INFO - Processing file /home/airflow/.local/lib/python3.12/site-packages/airflow/example_dags/example_external_task_marker_dag.py for tasks to queue
[2025-10-05T23:11:43.550+0000] {logging_mixin.py:190} INFO - [2025-10-05T23:11:43.549+0000] {dagbag.py:588} INFO - Filling up the DagBag from /home/airflow/.local/lib/python3.12/site-packages/airflow/example_dags/example_external_task_marker_dag.py
[2025-10-05T23:11:43.576+0000] {processor.py:925} INFO - DAG(s) 'example_external_task_marker_child', 'example_external_task_marker_parent' retrieved from /home/airflow/.local/lib/python3.12/site-packages/airflow/example_dags/example_external_task_marker_dag.py
[2025-10-05T23:11:43.688+0000] {logging_mixin.py:190} INFO - [2025-10-05T23:11:43.687+0000] {dag.py:3239} INFO - Sync 2 DAGs
[2025-10-05T23:11:43.775+0000] {logging_mixin.py:190} INFO - [2025-10-05T23:11:43.775+0000] {dag.py:4180} INFO - Setting next_dagrun for example_external_task_marker_child to None, run_after=None
[2025-10-05T23:11:43.810+0000] {logging_mixin.py:190} INFO - [2025-10-05T23:11:43.809+0000] {dag.py:4180} INFO - Setting next_dagrun for example_external_task_marker_parent to None, run_after=None
[2025-10-05T23:11:43.928+0000] {processor.py:208} INFO - Processing /home/airflow/.local/lib/python3.12/site-packages/airflow/example_dags/example_external_task_marker_dag.py took 0.410 seconds
[2025-10-05T23:12:14.113+0000] {processor.py:186} INFO - Started process (PID=241) to work on /home/airflow/.local/lib/python3.12/site-packages/airflow/example_dags/example_external_task_marker_dag.py
[2025-10-05T23:12:14.115+0000] {processor.py:914} INFO - Processing file /home/airflow/.local/lib/python3.12/site-packages/airflow/example_dags/example_external_task_marker_dag.py for tasks to queue
[2025-10-05T23:12:14.122+0000] {logging_mixin.py:190} INFO - [2025-10-05T23:12:14.121+0000] {dagbag.py:588} INFO - Filling up the DagBag from /home/airflow/.local/lib/python3.12/site-packages/airflow/example_dags/example_external_task_marker_dag.py
[2025-10-05T23:12:14.145+0000] {processor.py:925} INFO - DAG(s) 'example_external_task_marker_parent', 'example_external_task_marker_child' retrieved from /home/airflow/.local/lib/python3.12/site-packages/airflow/example_dags/example_external_task_marker_dag.py
[2025-10-05T23:12:14.199+0000] {logging_mixin.py:190} INFO - [2025-10-05T23:12:14.198+0000] {dag.py:3239} INFO - Sync 2 DAGs
[2025-10-05T23:12:14.236+0000] {logging_mixin.py:190} INFO - [2025-10-05T23:12:14.235+0000] {dag.py:4180} INFO - Setting next_dagrun for example_external_task_marker_child to None, run_after=None
[2025-10-05T23:12:14.244+0000] {logging_mixin.py:190} INFO - [2025-10-05T23:12:14.243+0000] {dag.py:4180} INFO - Setting next_dagrun for example_external_task_marker_parent to None, run_after=None
[2025-10-05T23:12:14.290+0000] {processor.py:208} INFO - Processing /home/airflow/.local/lib/python3.12/site-packages/airflow/example_dags/example_external_task_marker_dag.py took 0.193 seconds
[2025-10-05T23:12:48.935+0000] {processor.py:186} INFO - Started process (PID=311) to work on /home/airflow/.local/lib/python3.12/site-packages/airflow/example_dags/example_external_task_marker_dag.py
[2025-10-05T23:12:48.937+0000] {processor.py:914} INFO - Processing file /home/airflow/.local/lib/python3.12/site-packages/airflow/example_dags/example_external_task_marker_dag.py for tasks to queue
[2025-10-05T23:12:48.941+0000] {logging_mixin.py:190} INFO - [2025-10-05T23:12:48.940+0000] {dagbag.py:588} INFO - Filling up the DagBag from /home/airflow/.local/lib/python3.12/site-packages/airflow/example_dags/example_external_task_marker_dag.py
[2025-10-05T23:12:48.954+0000] {processor.py:925} INFO - DAG(s) 'example_external_task_marker_child', 'example_external_task_marker_parent' retrieved from /home/airflow/.local/lib/python3.12/site-packages/airflow/example_dags/example_external_task_marker_dag.py
[2025-10-05T23:12:48.997+0000] {logging_mixin.py:190} INFO - [2025-10-05T23:12:48.996+0000] {dag.py:3239} INFO - Sync 2 DAGs
[2025-10-05T23:12:49.025+0000] {logging_mixin.py:190} INFO - [2025-10-05T23:12:49.024+0000] {dag.py:4180} INFO - Setting next_dagrun for example_external_task_marker_child to None, run_after=None
[2025-10-05T23:12:49.031+0000] {logging_mixin.py:190} INFO - [2025-10-05T23:12:49.031+0000] {dag.py:4180} INFO - Setting next_dagrun for example_external_task_marker_parent to None, run_after=None
[2025-10-05T23:12:49.067+0000] {processor.py:208} INFO - Processing /home/airflow/.local/lib/python3.12/site-packages/airflow/example_dags/example_external_task_marker_dag.py took 0.143 seconds
[2025-10-05T23:13:19.335+0000] {processor.py:186} INFO - Started process (PID=375) to work on /home/airflow/.local/lib/python3.12/site-packages/airflow/example_dags/example_external_task_marker_dag.py
[2025-10-05T23:13:19.338+0000] {processor.py:914} INFO - Processing file /home/airflow/.local/lib/python3.12/site-packages/airflow/example_dags/example_external_task_marker_dag.py for tasks to queue
[2025-10-05T23:13:19.344+0000] {logging_mixin.py:190} INFO - [2025-10-05T23:13:19.343+0000] {dagbag.py:588} INFO - Filling up the DagBag from /home/airflow/.local/lib/python3.12/site-packages/airflow/example_dags/example_external_task_marker_dag.py
[2025-10-05T23:13:19.370+0000] {processor.py:925} INFO - DAG(s) 'example_external_task_marker_parent', 'example_external_task_marker_child' retrieved from /home/airflow/.local/lib/python3.12/site-packages/airflow/example_dags/example_external_task_marker_dag.py
[2025-10-05T23:13:19.413+0000] {logging_mixin.py:190} INFO - [2025-10-05T23:13:19.413+0000] {dag.py:3239} INFO - Sync 2 DAGs
[2025-10-05T23:13:19.444+0000] {logging_mixin.py:190} INFO - [2025-10-05T23:13:19.444+0000] {dag.py:4180} INFO - Setting next_dagrun for example_external_task_marker_child to None, run_after=None
[2025-10-05T23:13:19.452+0000] {logging_mixin.py:190} INFO - [2025-10-05T23:13:19.451+0000] {dag.py:4180} INFO - Setting next_dagrun for example_external_task_marker_parent to None, run_after=None
[2025-10-05T23:13:19.493+0000] {processor.py:208} INFO - Processing /home/airflow/.local/lib/python3.12/site-packages/airflow/example_dags/example_external_task_marker_dag.py took 0.171 seconds
[2025-10-05T23:13:50.094+0000] {processor.py:186} INFO - Started process (PID=432) to work on /home/airflow/.local/lib/python3.12/site-packages/airflow/example_dags/example_external_task_marker_dag.py
[2025-10-05T23:13:50.095+0000] {processor.py:914} INFO - Processing file /home/airflow/.local/lib/python3.12/site-packages/airflow/example_dags/example_external_task_marker_dag.py for tasks to queue
[2025-10-05T23:13:50.099+0000] {logging_mixin.py:190} INFO - [2025-10-05T23:13:50.098+0000] {dagbag.py:588} INFO - Filling up the DagBag from /home/airflow/.local/lib/python3.12/site-packages/airflow/example_dags/example_external_task_marker_dag.py
[2025-10-05T23:13:50.108+0000] {processor.py:925} INFO - DAG(s) 'example_external_task_marker_child', 'example_external_task_marker_parent' retrieved from /home/airflow/.local/lib/python3.12/site-packages/airflow/example_dags/example_external_task_marker_dag.py
[2025-10-05T23:13:50.135+0000] {logging_mixin.py:190} INFO - [2025-10-05T23:13:50.135+0000] {dag.py:3239} INFO - Sync 2 DAGs
[2025-10-05T23:13:50.155+0000] {logging_mixin.py:190} INFO - [2025-10-05T23:13:50.154+0000] {dag.py:4180} INFO - Setting next_dagrun for example_external_task_marker_child to None, run_after=None
[2025-10-05T23:13:50.160+0000] {logging_mixin.py:190} INFO - [2025-10-05T23:13:50.159+0000] {dag.py:4180} INFO - Setting next_dagrun for example_external_task_marker_parent to None, run_after=None
[2025-10-05T23:13:50.180+0000] {processor.py:208} INFO - Processing /home/airflow/.local/lib/python3.12/site-packages/airflow/example_dags/example_external_task_marker_dag.py took 0.094 seconds
[2025-10-05T23:14:20.242+0000] {processor.py:186} INFO - Started process (PID=494) to work on /home/airflow/.local/lib/python3.12/site-packages/airflow/example_dags/example_external_task_marker_dag.py
[2025-10-05T23:14:20.244+0000] {processor.py:914} INFO - Processing file /home/airflow/.local/lib/python3.12/site-packages/airflow/example_dags/example_external_task_marker_dag.py for tasks to queue
[2025-10-05T23:14:20.247+0000] {logging_mixin.py:190} INFO - [2025-10-05T23:14:20.247+0000] {dagbag.py:588} INFO - Filling up the DagBag from /home/airflow/.local/lib/python3.12/site-packages/airflow/example_dags/example_external_task_marker_dag.py
[2025-10-05T23:14:20.257+0000] {processor.py:925} INFO - DAG(s) 'example_external_task_marker_child', 'example_external_task_marker_parent' retrieved from /home/airflow/.local/lib/python3.12/site-packages/airflow/example_dags/example_external_task_marker_dag.py
[2025-10-05T23:14:20.283+0000] {logging_mixin.py:190} INFO - [2025-10-05T23:14:20.283+0000] {dag.py:3239} INFO - Sync 2 DAGs
[2025-10-05T23:14:20.306+0000] {logging_mixin.py:190} INFO - [2025-10-05T23:14:20.306+0000] {dag.py:4180} INFO - Setting next_dagrun for example_external_task_marker_child to None, run_after=None
[2025-10-05T23:14:20.310+0000] {logging_mixin.py:190} INFO - [2025-10-05T23:14:20.310+0000] {dag.py:4180} INFO - Setting next_dagrun for example_external_task_marker_parent to None, run_after=None
[2025-10-05T23:14:20.330+0000] {processor.py:208} INFO - Processing /home/airflow/.local/lib/python3.12/site-packages/airflow/example_dags/example_external_task_marker_dag.py took 0.094 seconds
[2025-10-05T23:14:51.778+0000] {processor.py:186} INFO - Started process (PID=556) to work on /home/airflow/.local/lib/python3.12/site-packages/airflow/example_dags/example_external_task_marker_dag.py
[2025-10-05T23:14:51.781+0000] {processor.py:914} INFO - Processing file /home/airflow/.local/lib/python3.12/site-packages/airflow/example_dags/example_external_task_marker_dag.py for tasks to queue
[2025-10-05T23:14:51.801+0000] {logging_mixin.py:190} INFO - [2025-10-05T23:14:51.799+0000] {dagbag.py:588} INFO - Filling up the DagBag from /home/airflow/.local/lib/python3.12/site-packages/airflow/example_dags/example_external_task_marker_dag.py
[2025-10-05T23:14:51.850+0000] {processor.py:925} INFO - DAG(s) 'example_external_task_marker_parent', 'example_external_task_marker_child' retrieved from /home/airflow/.local/lib/python3.12/site-packages/airflow/example_dags/example_external_task_marker_dag.py
[2025-10-05T23:14:51.940+0000] {logging_mixin.py:190} INFO - [2025-10-05T23:14:51.939+0000] {dag.py:3239} INFO - Sync 2 DAGs
[2025-10-05T23:14:52.004+0000] {logging_mixin.py:190} INFO - [2025-10-05T23:14:52.004+0000] {dag.py:4180} INFO - Setting next_dagrun for example_external_task_marker_child to None, run_after=None
[2025-10-05T23:14:52.017+0000] {logging_mixin.py:190} INFO - [2025-10-05T23:14:52.016+0000] {dag.py:4180} INFO - Setting next_dagrun for example_external_task_marker_parent to None, run_after=None
[2025-10-05T23:14:52.078+0000] {processor.py:208} INFO - Processing /home/airflow/.local/lib/python3.12/site-packages/airflow/example_dags/example_external_task_marker_dag.py took 0.327 seconds
[2025-10-05T23:15:22.773+0000] {processor.py:186} INFO - Started process (PID=619) to work on /home/airflow/.local/lib/python3.12/site-packages/airflow/example_dags/example_external_task_marker_dag.py
[2025-10-05T23:15:22.775+0000] {processor.py:914} INFO - Processing file /home/airflow/.local/lib/python3.12/site-packages/airflow/example_dags/example_external_task_marker_dag.py for tasks to queue
[2025-10-05T23:15:22.778+0000] {logging_mixin.py:190} INFO - [2025-10-05T23:15:22.777+0000] {dagbag.py:588} INFO - Filling up the DagBag from /home/airflow/.local/lib/python3.12/site-packages/airflow/example_dags/example_external_task_marker_dag.py
[2025-10-05T23:15:22.788+0000] {processor.py:925} INFO - DAG(s) 'example_external_task_marker_parent', 'example_external_task_marker_child' retrieved from /home/airflow/.local/lib/python3.12/site-packages/airflow/example_dags/example_external_task_marker_dag.py
[2025-10-05T23:15:22.813+0000] {logging_mixin.py:190} INFO - [2025-10-05T23:15:22.812+0000] {dag.py:3239} INFO - Sync 2 DAGs
[2025-10-05T23:15:22.830+0000] {logging_mixin.py:190} INFO - [2025-10-05T23:15:22.830+0000] {dag.py:4180} INFO - Setting next_dagrun for example_external_task_marker_child to None, run_after=None
[2025-10-05T23:15:22.835+0000] {logging_mixin.py:190} INFO - [2025-10-05T23:15:22.834+0000] {dag.py:4180} INFO - Setting next_dagrun for example_external_task_marker_parent to None, run_after=None
[2025-10-05T23:15:22.856+0000] {processor.py:208} INFO - Processing /home/airflow/.local/lib/python3.12/site-packages/airflow/example_dags/example_external_task_marker_dag.py took 0.090 seconds
[2025-10-05T23:15:53.132+0000] {processor.py:186} INFO - Started process (PID=682) to work on /home/airflow/.local/lib/python3.12/site-packages/airflow/example_dags/example_external_task_marker_dag.py
[2025-10-05T23:15:53.134+0000] {processor.py:914} INFO - Processing file /home/airflow/.local/lib/python3.12/site-packages/airflow/example_dags/example_external_task_marker_dag.py for tasks to queue
[2025-10-05T23:15:53.137+0000] {logging_mixin.py:190} INFO - [2025-10-05T23:15:53.136+0000] {dagbag.py:588} INFO - Filling up the DagBag from /home/airflow/.local/lib/python3.12/site-packages/airflow/example_dags/example_external_task_marker_dag.py
[2025-10-05T23:15:53.147+0000] {processor.py:925} INFO - DAG(s) 'example_external_task_marker_child', 'example_external_task_marker_parent' retrieved from /home/airflow/.local/lib/python3.12/site-packages/airflow/example_dags/example_external_task_marker_dag.py
[2025-10-05T23:15:53.173+0000] {logging_mixin.py:190} INFO - [2025-10-05T23:15:53.173+0000] {dag.py:3239} INFO - Sync 2 DAGs
[2025-10-05T23:15:53.190+0000] {logging_mixin.py:190} INFO - [2025-10-05T23:15:53.190+0000] {dag.py:4180} INFO - Setting next_dagrun for example_external_task_marker_child to None, run_after=None
[2025-10-05T23:15:53.195+0000] {logging_mixin.py:190} INFO - [2025-10-05T23:15:53.195+0000] {dag.py:4180} INFO - Setting next_dagrun for example_external_task_marker_parent to None, run_after=None
[2025-10-05T23:15:53.216+0000] {processor.py:208} INFO - Processing /home/airflow/.local/lib/python3.12/site-packages/airflow/example_dags/example_external_task_marker_dag.py took 0.091 seconds
[2025-10-05T23:16:40.382+0000] {processor.py:186} INFO - Started process (PID=751) to work on /home/airflow/.local/lib/python3.12/site-packages/airflow/example_dags/example_external_task_marker_dag.py
[2025-10-05T23:16:40.384+0000] {processor.py:914} INFO - Processing file /home/airflow/.local/lib/python3.12/site-packages/airflow/example_dags/example_external_task_marker_dag.py for tasks to queue
[2025-10-05T23:16:40.389+0000] {logging_mixin.py:190} INFO - [2025-10-05T23:16:40.389+0000] {dagbag.py:588} INFO - Filling up the DagBag from /home/airflow/.local/lib/python3.12/site-packages/airflow/example_dags/example_external_task_marker_dag.py
[2025-10-05T23:16:40.402+0000] {processor.py:925} INFO - DAG(s) 'example_external_task_marker_parent', 'example_external_task_marker_child' retrieved from /home/airflow/.local/lib/python3.12/site-packages/airflow/example_dags/example_external_task_marker_dag.py
[2025-10-05T23:16:40.440+0000] {logging_mixin.py:190} INFO - [2025-10-05T23:16:40.440+0000] {dag.py:3239} INFO - Sync 2 DAGs
[2025-10-05T23:16:40.468+0000] {logging_mixin.py:190} INFO - [2025-10-05T23:16:40.468+0000] {dag.py:4180} INFO - Setting next_dagrun for example_external_task_marker_child to None, run_after=None
[2025-10-05T23:16:40.474+0000] {logging_mixin.py:190} INFO - [2025-10-05T23:16:40.474+0000] {dag.py:4180} INFO - Setting next_dagrun for example_external_task_marker_parent to None, run_after=None
[2025-10-05T23:16:40.502+0000] {processor.py:208} INFO - Processing /home/airflow/.local/lib/python3.12/site-packages/airflow/example_dags/example_external_task_marker_dag.py took 0.129 seconds
[2025-10-05T23:17:10.666+0000] {processor.py:186} INFO - Started process (PID=814) to work on /home/airflow/.local/lib/python3.12/site-packages/airflow/example_dags/example_external_task_marker_dag.py
[2025-10-05T23:17:10.668+0000] {processor.py:914} INFO - Processing file /home/airflow/.local/lib/python3.12/site-packages/airflow/example_dags/example_external_task_marker_dag.py for tasks to queue
[2025-10-05T23:17:10.672+0000] {logging_mixin.py:190} INFO - [2025-10-05T23:17:10.671+0000] {dagbag.py:588} INFO - Filling up the DagBag from /home/airflow/.local/lib/python3.12/site-packages/airflow/example_dags/example_external_task_marker_dag.py
[2025-10-05T23:17:10.685+0000] {processor.py:925} INFO - DAG(s) 'example_external_task_marker_parent', 'example_external_task_marker_child' retrieved from /home/airflow/.local/lib/python3.12/site-packages/airflow/example_dags/example_external_task_marker_dag.py
[2025-10-05T23:17:10.727+0000] {logging_mixin.py:190} INFO - [2025-10-05T23:17:10.726+0000] {dag.py:3239} INFO - Sync 2 DAGs
[2025-10-05T23:17:10.768+0000] {logging_mixin.py:190} INFO - [2025-10-05T23:17:10.767+0000] {dag.py:4180} INFO - Setting next_dagrun for example_external_task_marker_child to None, run_after=None
[2025-10-05T23:17:10.777+0000] {logging_mixin.py:190} INFO - [2025-10-05T23:17:10.777+0000] {dag.py:4180} INFO - Setting next_dagrun for example_external_task_marker_parent to None, run_after=None
[2025-10-05T23:17:10.820+0000] {processor.py:208} INFO - Processing /home/airflow/.local/lib/python3.12/site-packages/airflow/example_dags/example_external_task_marker_dag.py took 0.164 seconds
[2025-10-05T23:17:41.930+0000] {processor.py:186} INFO - Started process (PID=878) to work on /home/airflow/.local/lib/python3.12/site-packages/airflow/example_dags/example_external_task_marker_dag.py
[2025-10-05T23:17:41.932+0000] {processor.py:914} INFO - Processing file /home/airflow/.local/lib/python3.12/site-packages/airflow/example_dags/example_external_task_marker_dag.py for tasks to queue
[2025-10-05T23:17:41.935+0000] {logging_mixin.py:190} INFO - [2025-10-05T23:17:41.935+0000] {dagbag.py:588} INFO - Filling up the DagBag from /home/airflow/.local/lib/python3.12/site-packages/airflow/example_dags/example_external_task_marker_dag.py
[2025-10-05T23:17:41.945+0000] {processor.py:925} INFO - DAG(s) 'example_external_task_marker_parent', 'example_external_task_marker_child' retrieved from /home/airflow/.local/lib/python3.12/site-packages/airflow/example_dags/example_external_task_marker_dag.py
[2025-10-05T23:17:41.970+0000] {logging_mixin.py:190} INFO - [2025-10-05T23:17:41.970+0000] {dag.py:3239} INFO - Sync 2 DAGs
[2025-10-05T23:17:41.989+0000] {logging_mixin.py:190} INFO - [2025-10-05T23:17:41.989+0000] {dag.py:4180} INFO - Setting next_dagrun for example_external_task_marker_child to None, run_after=None
[2025-10-05T23:17:41.994+0000] {logging_mixin.py:190} INFO - [2025-10-05T23:17:41.994+0000] {dag.py:4180} INFO - Setting next_dagrun for example_external_task_marker_parent to None, run_after=None
[2025-10-05T23:17:42.015+0000] {processor.py:208} INFO - Processing /home/airflow/.local/lib/python3.12/site-packages/airflow/example_dags/example_external_task_marker_dag.py took 0.094 seconds
[2025-10-05T23:18:12.817+0000] {processor.py:186} INFO - Started process (PID=941) to work on /home/airflow/.local/lib/python3.12/site-packages/airflow/example_dags/example_external_task_marker_dag.py
[2025-10-05T23:18:12.818+0000] {processor.py:914} INFO - Processing file /home/airflow/.local/lib/python3.12/site-packages/airflow/example_dags/example_external_task_marker_dag.py for tasks to queue
[2025-10-05T23:18:12.821+0000] {logging_mixin.py:190} INFO - [2025-10-05T23:18:12.821+0000] {dagbag.py:588} INFO - Filling up the DagBag from /home/airflow/.local/lib/python3.12/site-packages/airflow/example_dags/example_external_task_marker_dag.py
[2025-10-05T23:18:12.834+0000] {processor.py:925} INFO - DAG(s) 'example_external_task_marker_parent', 'example_external_task_marker_child' retrieved from /home/airflow/.local/lib/python3.12/site-packages/airflow/example_dags/example_external_task_marker_dag.py
[2025-10-05T23:18:12.869+0000] {logging_mixin.py:190} INFO - [2025-10-05T23:18:12.869+0000] {dag.py:3239} INFO - Sync 2 DAGs
[2025-10-05T23:18:12.888+0000] {logging_mixin.py:190} INFO - [2025-10-05T23:18:12.887+0000] {dag.py:4180} INFO - Setting next_dagrun for example_external_task_marker_child to None, run_after=None
[2025-10-05T23:18:12.892+0000] {logging_mixin.py:190} INFO - [2025-10-05T23:18:12.891+0000] {dag.py:4180} INFO - Setting next_dagrun for example_external_task_marker_parent to None, run_after=None
[2025-10-05T23:18:12.910+0000] {processor.py:208} INFO - Processing /home/airflow/.local/lib/python3.12/site-packages/airflow/example_dags/example_external_task_marker_dag.py took 0.104 seconds
[2025-10-05T23:18:44.087+0000] {processor.py:186} INFO - Started process (PID=1004) to work on /home/airflow/.local/lib/python3.12/site-packages/airflow/example_dags/example_external_task_marker_dag.py
[2025-10-05T23:18:44.088+0000] {processor.py:914} INFO - Processing file /home/airflow/.local/lib/python3.12/site-packages/airflow/example_dags/example_external_task_marker_dag.py for tasks to queue
[2025-10-05T23:18:44.091+0000] {logging_mixin.py:190} INFO - [2025-10-05T23:18:44.091+0000] {dagbag.py:588} INFO - Filling up the DagBag from /home/airflow/.local/lib/python3.12/site-packages/airflow/example_dags/example_external_task_marker_dag.py
[2025-10-05T23:18:44.106+0000] {processor.py:925} INFO - DAG(s) 'example_external_task_marker_child', 'example_external_task_marker_parent' retrieved from /home/airflow/.local/lib/python3.12/site-packages/airflow/example_dags/example_external_task_marker_dag.py
[2025-10-05T23:18:44.138+0000] {logging_mixin.py:190} INFO - [2025-10-05T23:18:44.137+0000] {dag.py:3239} INFO - Sync 2 DAGs
[2025-10-05T23:18:44.160+0000] {logging_mixin.py:190} INFO - [2025-10-05T23:18:44.160+0000] {dag.py:4180} INFO - Setting next_dagrun for example_external_task_marker_child to None, run_after=None
[2025-10-05T23:18:44.165+0000] {logging_mixin.py:190} INFO - [2025-10-05T23:18:44.165+0000] {dag.py:4180} INFO - Setting next_dagrun for example_external_task_marker_parent to None, run_after=None
[2025-10-05T23:18:44.189+0000] {processor.py:208} INFO - Processing /home/airflow/.local/lib/python3.12/site-packages/airflow/example_dags/example_external_task_marker_dag.py took 0.111 seconds
[2025-10-05T23:19:15.127+0000] {processor.py:186} INFO - Started process (PID=1067) to work on /home/airflow/.local/lib/python3.12/site-packages/airflow/example_dags/example_external_task_marker_dag.py
[2025-10-05T23:19:15.129+0000] {processor.py:914} INFO - Processing file /home/airflow/.local/lib/python3.12/site-packages/airflow/example_dags/example_external_task_marker_dag.py for tasks to queue
[2025-10-05T23:19:15.131+0000] {logging_mixin.py:190} INFO - [2025-10-05T23:19:15.131+0000] {dagbag.py:588} INFO - Filling up the DagBag from /home/airflow/.local/lib/python3.12/site-packages/airflow/example_dags/example_external_task_marker_dag.py
[2025-10-05T23:19:15.143+0000] {processor.py:925} INFO - DAG(s) 'example_external_task_marker_parent', 'example_external_task_marker_child' retrieved from /home/airflow/.local/lib/python3.12/site-packages/airflow/example_dags/example_external_task_marker_dag.py
[2025-10-05T23:19:15.171+0000] {logging_mixin.py:190} INFO - [2025-10-05T23:19:15.170+0000] {dag.py:3239} INFO - Sync 2 DAGs
[2025-10-05T23:19:15.189+0000] {logging_mixin.py:190} INFO - [2025-10-05T23:19:15.189+0000] {dag.py:4180} INFO - Setting next_dagrun for example_external_task_marker_child to None, run_after=None
[2025-10-05T23:19:15.194+0000] {logging_mixin.py:190} INFO - [2025-10-05T23:19:15.194+0000] {dag.py:4180} INFO - Setting next_dagrun for example_external_task_marker_parent to None, run_after=None
[2025-10-05T23:19:15.216+0000] {processor.py:208} INFO - Processing /home/airflow/.local/lib/python3.12/site-packages/airflow/example_dags/example_external_task_marker_dag.py took 0.097 seconds
[2025-10-05T23:20:07.232+0000] {processor.py:186} INFO - Started process (PID=1141) to work on /home/airflow/.local/lib/python3.12/site-packages/airflow/example_dags/example_external_task_marker_dag.py
[2025-10-05T23:20:07.233+0000] {processor.py:914} INFO - Processing file /home/airflow/.local/lib/python3.12/site-packages/airflow/example_dags/example_external_task_marker_dag.py for tasks to queue
[2025-10-05T23:20:07.237+0000] {logging_mixin.py:190} INFO - [2025-10-05T23:20:07.236+0000] {dagbag.py:588} INFO - Filling up the DagBag from /home/airflow/.local/lib/python3.12/site-packages/airflow/example_dags/example_external_task_marker_dag.py
[2025-10-05T23:20:07.249+0000] {processor.py:925} INFO - DAG(s) 'example_external_task_marker_parent', 'example_external_task_marker_child' retrieved from /home/airflow/.local/lib/python3.12/site-packages/airflow/example_dags/example_external_task_marker_dag.py
[2025-10-05T23:20:07.281+0000] {logging_mixin.py:190} INFO - [2025-10-05T23:20:07.281+0000] {dag.py:3239} INFO - Sync 2 DAGs
[2025-10-05T23:20:07.303+0000] {logging_mixin.py:190} INFO - [2025-10-05T23:20:07.303+0000] {dag.py:4180} INFO - Setting next_dagrun for example_external_task_marker_child to None, run_after=None
[2025-10-05T23:20:07.309+0000] {logging_mixin.py:190} INFO - [2025-10-05T23:20:07.308+0000] {dag.py:4180} INFO - Setting next_dagrun for example_external_task_marker_parent to None, run_after=None
[2025-10-05T23:20:07.332+0000] {processor.py:208} INFO - Processing /home/airflow/.local/lib/python3.12/site-packages/airflow/example_dags/example_external_task_marker_dag.py took 0.108 seconds
[2025-10-05T23:20:38.043+0000] {processor.py:186} INFO - Started process (PID=1204) to work on /home/airflow/.local/lib/python3.12/site-packages/airflow/example_dags/example_external_task_marker_dag.py
[2025-10-05T23:20:38.044+0000] {processor.py:914} INFO - Processing file /home/airflow/.local/lib/python3.12/site-packages/airflow/example_dags/example_external_task_marker_dag.py for tasks to queue
[2025-10-05T23:20:38.048+0000] {logging_mixin.py:190} INFO - [2025-10-05T23:20:38.047+0000] {dagbag.py:588} INFO - Filling up the DagBag from /home/airflow/.local/lib/python3.12/site-packages/airflow/example_dags/example_external_task_marker_dag.py
[2025-10-05T23:20:38.058+0000] {processor.py:925} INFO - DAG(s) 'example_external_task_marker_parent', 'example_external_task_marker_child' retrieved from /home/airflow/.local/lib/python3.12/site-packages/airflow/example_dags/example_external_task_marker_dag.py
[2025-10-05T23:20:38.087+0000] {logging_mixin.py:190} INFO - [2025-10-05T23:20:38.087+0000] {dag.py:3239} INFO - Sync 2 DAGs
[2025-10-05T23:20:38.108+0000] {logging_mixin.py:190} INFO - [2025-10-05T23:20:38.107+0000] {dag.py:4180} INFO - Setting next_dagrun for example_external_task_marker_child to None, run_after=None
[2025-10-05T23:20:38.113+0000] {logging_mixin.py:190} INFO - [2025-10-05T23:20:38.113+0000] {dag.py:4180} INFO - Setting next_dagrun for example_external_task_marker_parent to None, run_after=None
[2025-10-05T23:20:38.136+0000] {processor.py:208} INFO - Processing /home/airflow/.local/lib/python3.12/site-packages/airflow/example_dags/example_external_task_marker_dag.py took 0.100 seconds
[2025-10-05T23:21:19.001+0000] {processor.py:186} INFO - Started process (PID=1262) to work on /home/airflow/.local/lib/python3.12/site-packages/airflow/example_dags/example_external_task_marker_dag.py
[2025-10-05T23:21:19.002+0000] {processor.py:914} INFO - Processing file /home/airflow/.local/lib/python3.12/site-packages/airflow/example_dags/example_external_task_marker_dag.py for tasks to queue
[2025-10-05T23:21:19.006+0000] {logging_mixin.py:190} INFO - [2025-10-05T23:21:19.005+0000] {dagbag.py:588} INFO - Filling up the DagBag from /home/airflow/.local/lib/python3.12/site-packages/airflow/example_dags/example_external_task_marker_dag.py
[2025-10-05T23:21:19.018+0000] {processor.py:925} INFO - DAG(s) 'example_external_task_marker_parent', 'example_external_task_marker_child' retrieved from /home/airflow/.local/lib/python3.12/site-packages/airflow/example_dags/example_external_task_marker_dag.py
[2025-10-05T23:21:19.051+0000] {logging_mixin.py:190} INFO - [2025-10-05T23:21:19.051+0000] {dag.py:3239} INFO - Sync 2 DAGs
[2025-10-05T23:21:19.070+0000] {logging_mixin.py:190} INFO - [2025-10-05T23:21:19.070+0000] {dag.py:4180} INFO - Setting next_dagrun for example_external_task_marker_child to None, run_after=None
[2025-10-05T23:21:19.075+0000] {logging_mixin.py:190} INFO - [2025-10-05T23:21:19.075+0000] {dag.py:4180} INFO - Setting next_dagrun for example_external_task_marker_parent to None, run_after=None
[2025-10-05T23:21:19.097+0000] {processor.py:208} INFO - Processing /home/airflow/.local/lib/python3.12/site-packages/airflow/example_dags/example_external_task_marker_dag.py took 0.104 seconds
[2025-10-05T23:26:44.884+0000] {processor.py:186} INFO - Started process (PID=1356) to work on /home/airflow/.local/lib/python3.12/site-packages/airflow/example_dags/example_external_task_marker_dag.py
[2025-10-05T23:26:44.886+0000] {processor.py:914} INFO - Processing file /home/airflow/.local/lib/python3.12/site-packages/airflow/example_dags/example_external_task_marker_dag.py for tasks to queue
[2025-10-05T23:26:44.890+0000] {logging_mixin.py:190} INFO - [2025-10-05T23:26:44.888+0000] {dagbag.py:588} INFO - Filling up the DagBag from /home/airflow/.local/lib/python3.12/site-packages/airflow/example_dags/example_external_task_marker_dag.py
[2025-10-05T23:26:44.905+0000] {processor.py:925} INFO - DAG(s) 'example_external_task_marker_child', 'example_external_task_marker_parent' retrieved from /home/airflow/.local/lib/python3.12/site-packages/airflow/example_dags/example_external_task_marker_dag.py
[2025-10-05T23:26:44.957+0000] {logging_mixin.py:190} INFO - [2025-10-05T23:26:44.956+0000] {dag.py:3239} INFO - Sync 2 DAGs
[2025-10-05T23:26:44.996+0000] {logging_mixin.py:190} INFO - [2025-10-05T23:26:44.995+0000] {dag.py:4180} INFO - Setting next_dagrun for example_external_task_marker_child to None, run_after=None
[2025-10-05T23:26:45.003+0000] {logging_mixin.py:190} INFO - [2025-10-05T23:26:45.003+0000] {dag.py:4180} INFO - Setting next_dagrun for example_external_task_marker_parent to None, run_after=None
[2025-10-05T23:26:45.037+0000] {processor.py:208} INFO - Processing /home/airflow/.local/lib/python3.12/site-packages/airflow/example_dags/example_external_task_marker_dag.py took 0.165 seconds
[2025-10-05T23:28:18.109+0000] {processor.py:186} INFO - Started process (PID=1418) to work on /home/airflow/.local/lib/python3.12/site-packages/airflow/example_dags/example_external_task_marker_dag.py
[2025-10-05T23:28:18.112+0000] {processor.py:914} INFO - Processing file /home/airflow/.local/lib/python3.12/site-packages/airflow/example_dags/example_external_task_marker_dag.py for tasks to queue
[2025-10-05T23:28:18.121+0000] {logging_mixin.py:190} INFO - [2025-10-05T23:28:18.115+0000] {dagbag.py:588} INFO - Filling up the DagBag from /home/airflow/.local/lib/python3.12/site-packages/airflow/example_dags/example_external_task_marker_dag.py
[2025-10-05T23:28:18.155+0000] {processor.py:925} INFO - DAG(s) 'example_external_task_marker_child', 'example_external_task_marker_parent' retrieved from /home/airflow/.local/lib/python3.12/site-packages/airflow/example_dags/example_external_task_marker_dag.py
[2025-10-05T23:28:18.645+0000] {logging_mixin.py:190} INFO - [2025-10-05T23:28:18.645+0000] {dag.py:3239} INFO - Sync 2 DAGs
[2025-10-05T23:28:18.697+0000] {logging_mixin.py:190} INFO - [2025-10-05T23:28:18.696+0000] {dag.py:4180} INFO - Setting next_dagrun for example_external_task_marker_child to None, run_after=None
[2025-10-05T23:28:18.708+0000] {logging_mixin.py:190} INFO - [2025-10-05T23:28:18.708+0000] {dag.py:4180} INFO - Setting next_dagrun for example_external_task_marker_parent to None, run_after=None
[2025-10-05T23:28:18.769+0000] {processor.py:208} INFO - Processing /home/airflow/.local/lib/python3.12/site-packages/airflow/example_dags/example_external_task_marker_dag.py took 0.683 seconds
