[2025-10-05T23:10:49.378+0000] {processor.py:186} INFO - Started process (PID=94) to work on /home/airflow/.local/lib/python3.12/site-packages/airflow/example_dags/example_params_trigger_ui.py
[2025-10-05T23:10:49.381+0000] {processor.py:914} INFO - Processing file /home/airflow/.local/lib/python3.12/site-packages/airflow/example_dags/example_params_trigger_ui.py for tasks to queue
[2025-10-05T23:10:49.414+0000] {logging_mixin.py:190} INFO - [2025-10-05T23:10:49.408+0000] {dagbag.py:588} INFO - Filling up the DagBag from /home/airflow/.local/lib/python3.12/site-packages/airflow/example_dags/example_params_trigger_ui.py
[2025-10-05T23:10:49.707+0000] {processor.py:925} INFO - DAG(s) 'example_params_trigger_ui' retrieved from /home/airflow/.local/lib/python3.12/site-packages/airflow/example_dags/example_params_trigger_ui.py
[2025-10-05T23:10:52.664+0000] {logging_mixin.py:190} INFO - [2025-10-05T23:10:52.654+0000] {override.py:1900} INFO - Created Permission View: can edit on DAG:example_params_trigger_ui
[2025-10-05T23:10:52.712+0000] {logging_mixin.py:190} INFO - [2025-10-05T23:10:52.710+0000] {override.py:1900} INFO - Created Permission View: can delete on DAG:example_params_trigger_ui
[2025-10-05T23:10:52.754+0000] {logging_mixin.py:190} INFO - [2025-10-05T23:10:52.753+0000] {override.py:1900} INFO - Created Permission View: can read on DAG:example_params_trigger_ui
[2025-10-05T23:10:52.798+0000] {logging_mixin.py:190} INFO - [2025-10-05T23:10:52.796+0000] {override.py:1900} INFO - Created Permission View: can create on DAG Run:example_params_trigger_ui
[2025-10-05T23:10:52.818+0000] {logging_mixin.py:190} INFO - [2025-10-05T23:10:52.817+0000] {override.py:1900} INFO - Created Permission View: menu access on DAG Run:example_params_trigger_ui
[2025-10-05T23:10:52.837+0000] {logging_mixin.py:190} INFO - [2025-10-05T23:10:52.836+0000] {override.py:1900} INFO - Created Permission View: can delete on DAG Run:example_params_trigger_ui
[2025-10-05T23:10:52.855+0000] {logging_mixin.py:190} INFO - [2025-10-05T23:10:52.854+0000] {override.py:1900} INFO - Created Permission View: can read on DAG Run:example_params_trigger_ui
[2025-10-05T23:10:52.857+0000] {logging_mixin.py:190} INFO - [2025-10-05T23:10:52.856+0000] {dag.py:3239} INFO - Sync 1 DAGs
[2025-10-05T23:10:52.911+0000] {logging_mixin.py:190} INFO - [2025-10-05T23:10:52.911+0000] {dag.py:3262} INFO - Creating ORM DAG for example_params_trigger_ui
[2025-10-05T23:10:52.914+0000] {logging_mixin.py:190} INFO - [2025-10-05T23:10:52.914+0000] {dag.py:4180} INFO - Setting next_dagrun for example_params_trigger_ui to None, run_after=None
[2025-10-05T23:10:52.965+0000] {processor.py:208} INFO - Processing /home/airflow/.local/lib/python3.12/site-packages/airflow/example_dags/example_params_trigger_ui.py took 3.705 seconds
[2025-10-05T23:11:26.291+0000] {processor.py:186} INFO - Started process (PID=157) to work on /home/airflow/.local/lib/python3.12/site-packages/airflow/example_dags/example_params_trigger_ui.py
[2025-10-05T23:11:26.304+0000] {processor.py:914} INFO - Processing file /home/airflow/.local/lib/python3.12/site-packages/airflow/example_dags/example_params_trigger_ui.py for tasks to queue
[2025-10-05T23:11:26.328+0000] {logging_mixin.py:190} INFO - [2025-10-05T23:11:26.327+0000] {dagbag.py:588} INFO - Filling up the DagBag from /home/airflow/.local/lib/python3.12/site-packages/airflow/example_dags/example_params_trigger_ui.py
[2025-10-05T23:11:26.433+0000] {processor.py:925} INFO - DAG(s) 'example_params_trigger_ui' retrieved from /home/airflow/.local/lib/python3.12/site-packages/airflow/example_dags/example_params_trigger_ui.py
[2025-10-05T23:11:26.641+0000] {logging_mixin.py:190} INFO - [2025-10-05T23:11:26.641+0000] {dag.py:3239} INFO - Sync 1 DAGs
[2025-10-05T23:11:26.715+0000] {logging_mixin.py:190} INFO - [2025-10-05T23:11:26.714+0000] {dag.py:4180} INFO - Setting next_dagrun for example_params_trigger_ui to None, run_after=None
[2025-10-05T23:11:26.783+0000] {processor.py:208} INFO - Processing /home/airflow/.local/lib/python3.12/site-packages/airflow/example_dags/example_params_trigger_ui.py took 0.541 seconds
[2025-10-05T23:11:57.298+0000] {processor.py:186} INFO - Started process (PID=220) to work on /home/airflow/.local/lib/python3.12/site-packages/airflow/example_dags/example_params_trigger_ui.py
[2025-10-05T23:11:57.380+0000] {processor.py:914} INFO - Processing file /home/airflow/.local/lib/python3.12/site-packages/airflow/example_dags/example_params_trigger_ui.py for tasks to queue
[2025-10-05T23:11:57.391+0000] {logging_mixin.py:190} INFO - [2025-10-05T23:11:57.390+0000] {dagbag.py:588} INFO - Filling up the DagBag from /home/airflow/.local/lib/python3.12/site-packages/airflow/example_dags/example_params_trigger_ui.py
[2025-10-05T23:11:57.450+0000] {processor.py:925} INFO - DAG(s) 'example_params_trigger_ui' retrieved from /home/airflow/.local/lib/python3.12/site-packages/airflow/example_dags/example_params_trigger_ui.py
[2025-10-05T23:11:57.587+0000] {logging_mixin.py:190} INFO - [2025-10-05T23:11:57.587+0000] {dag.py:3239} INFO - Sync 1 DAGs
[2025-10-05T23:11:57.629+0000] {logging_mixin.py:190} INFO - [2025-10-05T23:11:57.628+0000] {dag.py:4180} INFO - Setting next_dagrun for example_params_trigger_ui to None, run_after=None
[2025-10-05T23:11:58.523+0000] {processor.py:208} INFO - Processing /home/airflow/.local/lib/python3.12/site-packages/airflow/example_dags/example_params_trigger_ui.py took 1.237 seconds
[2025-10-05T23:12:29.416+0000] {processor.py:186} INFO - Started process (PID=283) to work on /home/airflow/.local/lib/python3.12/site-packages/airflow/example_dags/example_params_trigger_ui.py
[2025-10-05T23:12:29.421+0000] {processor.py:914} INFO - Processing file /home/airflow/.local/lib/python3.12/site-packages/airflow/example_dags/example_params_trigger_ui.py for tasks to queue
[2025-10-05T23:12:29.432+0000] {logging_mixin.py:190} INFO - [2025-10-05T23:12:29.431+0000] {dagbag.py:588} INFO - Filling up the DagBag from /home/airflow/.local/lib/python3.12/site-packages/airflow/example_dags/example_params_trigger_ui.py
[2025-10-05T23:12:29.483+0000] {processor.py:925} INFO - DAG(s) 'example_params_trigger_ui' retrieved from /home/airflow/.local/lib/python3.12/site-packages/airflow/example_dags/example_params_trigger_ui.py
[2025-10-05T23:12:29.622+0000] {logging_mixin.py:190} INFO - [2025-10-05T23:12:29.621+0000] {dag.py:3239} INFO - Sync 1 DAGs
[2025-10-05T23:12:29.665+0000] {logging_mixin.py:190} INFO - [2025-10-05T23:12:29.665+0000] {dag.py:4180} INFO - Setting next_dagrun for example_params_trigger_ui to None, run_after=None
[2025-10-05T23:12:29.738+0000] {processor.py:208} INFO - Processing /home/airflow/.local/lib/python3.12/site-packages/airflow/example_dags/example_params_trigger_ui.py took 0.348 seconds
[2025-10-05T23:12:59.897+0000] {processor.py:186} INFO - Started process (PID=346) to work on /home/airflow/.local/lib/python3.12/site-packages/airflow/example_dags/example_params_trigger_ui.py
[2025-10-05T23:12:59.898+0000] {processor.py:914} INFO - Processing file /home/airflow/.local/lib/python3.12/site-packages/airflow/example_dags/example_params_trigger_ui.py for tasks to queue
[2025-10-05T23:12:59.902+0000] {logging_mixin.py:190} INFO - [2025-10-05T23:12:59.901+0000] {dagbag.py:588} INFO - Filling up the DagBag from /home/airflow/.local/lib/python3.12/site-packages/airflow/example_dags/example_params_trigger_ui.py
[2025-10-05T23:12:59.915+0000] {processor.py:925} INFO - DAG(s) 'example_params_trigger_ui' retrieved from /home/airflow/.local/lib/python3.12/site-packages/airflow/example_dags/example_params_trigger_ui.py
[2025-10-05T23:12:59.968+0000] {logging_mixin.py:190} INFO - [2025-10-05T23:12:59.968+0000] {dag.py:3239} INFO - Sync 1 DAGs
[2025-10-05T23:12:59.991+0000] {logging_mixin.py:190} INFO - [2025-10-05T23:12:59.991+0000] {dag.py:4180} INFO - Setting next_dagrun for example_params_trigger_ui to None, run_after=None
[2025-10-05T23:13:00.015+0000] {processor.py:208} INFO - Processing /home/airflow/.local/lib/python3.12/site-packages/airflow/example_dags/example_params_trigger_ui.py took 0.129 seconds
[2025-10-05T23:13:30.822+0000] {processor.py:186} INFO - Started process (PID=410) to work on /home/airflow/.local/lib/python3.12/site-packages/airflow/example_dags/example_params_trigger_ui.py
[2025-10-05T23:13:30.824+0000] {processor.py:914} INFO - Processing file /home/airflow/.local/lib/python3.12/site-packages/airflow/example_dags/example_params_trigger_ui.py for tasks to queue
[2025-10-05T23:13:30.827+0000] {logging_mixin.py:190} INFO - [2025-10-05T23:13:30.827+0000] {dagbag.py:588} INFO - Filling up the DagBag from /home/airflow/.local/lib/python3.12/site-packages/airflow/example_dags/example_params_trigger_ui.py
[2025-10-05T23:13:30.842+0000] {processor.py:925} INFO - DAG(s) 'example_params_trigger_ui' retrieved from /home/airflow/.local/lib/python3.12/site-packages/airflow/example_dags/example_params_trigger_ui.py
[2025-10-05T23:13:30.893+0000] {logging_mixin.py:190} INFO - [2025-10-05T23:13:30.893+0000] {dag.py:3239} INFO - Sync 1 DAGs
[2025-10-05T23:13:30.912+0000] {logging_mixin.py:190} INFO - [2025-10-05T23:13:30.912+0000] {dag.py:4180} INFO - Setting next_dagrun for example_params_trigger_ui to None, run_after=None
[2025-10-05T23:13:30.950+0000] {processor.py:208} INFO - Processing /home/airflow/.local/lib/python3.12/site-packages/airflow/example_dags/example_params_trigger_ui.py took 0.138 seconds
[2025-10-05T23:14:01.119+0000] {processor.py:186} INFO - Started process (PID=473) to work on /home/airflow/.local/lib/python3.12/site-packages/airflow/example_dags/example_params_trigger_ui.py
[2025-10-05T23:14:01.120+0000] {processor.py:914} INFO - Processing file /home/airflow/.local/lib/python3.12/site-packages/airflow/example_dags/example_params_trigger_ui.py for tasks to queue
[2025-10-05T23:14:01.123+0000] {logging_mixin.py:190} INFO - [2025-10-05T23:14:01.123+0000] {dagbag.py:588} INFO - Filling up the DagBag from /home/airflow/.local/lib/python3.12/site-packages/airflow/example_dags/example_params_trigger_ui.py
[2025-10-05T23:14:01.139+0000] {processor.py:925} INFO - DAG(s) 'example_params_trigger_ui' retrieved from /home/airflow/.local/lib/python3.12/site-packages/airflow/example_dags/example_params_trigger_ui.py
[2025-10-05T23:14:01.186+0000] {logging_mixin.py:190} INFO - [2025-10-05T23:14:01.186+0000] {dag.py:3239} INFO - Sync 1 DAGs
[2025-10-05T23:14:01.205+0000] {logging_mixin.py:190} INFO - [2025-10-05T23:14:01.205+0000] {dag.py:4180} INFO - Setting next_dagrun for example_params_trigger_ui to None, run_after=None
[2025-10-05T23:14:01.226+0000] {processor.py:208} INFO - Processing /home/airflow/.local/lib/python3.12/site-packages/airflow/example_dags/example_params_trigger_ui.py took 0.116 seconds
[2025-10-05T23:14:31.910+0000] {processor.py:186} INFO - Started process (PID=536) to work on /home/airflow/.local/lib/python3.12/site-packages/airflow/example_dags/example_params_trigger_ui.py
[2025-10-05T23:14:31.911+0000] {processor.py:914} INFO - Processing file /home/airflow/.local/lib/python3.12/site-packages/airflow/example_dags/example_params_trigger_ui.py for tasks to queue
[2025-10-05T23:14:31.915+0000] {logging_mixin.py:190} INFO - [2025-10-05T23:14:31.915+0000] {dagbag.py:588} INFO - Filling up the DagBag from /home/airflow/.local/lib/python3.12/site-packages/airflow/example_dags/example_params_trigger_ui.py
[2025-10-05T23:14:31.931+0000] {processor.py:925} INFO - DAG(s) 'example_params_trigger_ui' retrieved from /home/airflow/.local/lib/python3.12/site-packages/airflow/example_dags/example_params_trigger_ui.py
[2025-10-05T23:14:31.980+0000] {logging_mixin.py:190} INFO - [2025-10-05T23:14:31.979+0000] {dag.py:3239} INFO - Sync 1 DAGs
[2025-10-05T23:14:31.998+0000] {logging_mixin.py:190} INFO - [2025-10-05T23:14:31.998+0000] {dag.py:4180} INFO - Setting next_dagrun for example_params_trigger_ui to None, run_after=None
[2025-10-05T23:14:32.021+0000] {processor.py:208} INFO - Processing /home/airflow/.local/lib/python3.12/site-packages/airflow/example_dags/example_params_trigger_ui.py took 0.120 seconds
[2025-10-05T23:15:10.022+0000] {processor.py:186} INFO - Started process (PID=591) to work on /home/airflow/.local/lib/python3.12/site-packages/airflow/example_dags/example_params_trigger_ui.py
[2025-10-05T23:15:10.028+0000] {processor.py:914} INFO - Processing file /home/airflow/.local/lib/python3.12/site-packages/airflow/example_dags/example_params_trigger_ui.py for tasks to queue
[2025-10-05T23:15:10.032+0000] {logging_mixin.py:190} INFO - [2025-10-05T23:15:10.031+0000] {dagbag.py:588} INFO - Filling up the DagBag from /home/airflow/.local/lib/python3.12/site-packages/airflow/example_dags/example_params_trigger_ui.py
[2025-10-05T23:15:10.052+0000] {processor.py:925} INFO - DAG(s) 'example_params_trigger_ui' retrieved from /home/airflow/.local/lib/python3.12/site-packages/airflow/example_dags/example_params_trigger_ui.py
[2025-10-05T23:15:10.098+0000] {logging_mixin.py:190} INFO - [2025-10-05T23:15:10.098+0000] {dag.py:3239} INFO - Sync 1 DAGs
[2025-10-05T23:15:10.120+0000] {logging_mixin.py:190} INFO - [2025-10-05T23:15:10.120+0000] {dag.py:4180} INFO - Setting next_dagrun for example_params_trigger_ui to None, run_after=None
[2025-10-05T23:15:10.146+0000] {processor.py:208} INFO - Processing /home/airflow/.local/lib/python3.12/site-packages/airflow/example_dags/example_params_trigger_ui.py took 0.131 seconds
[2025-10-05T23:15:40.231+0000] {processor.py:186} INFO - Started process (PID=654) to work on /home/airflow/.local/lib/python3.12/site-packages/airflow/example_dags/example_params_trigger_ui.py
[2025-10-05T23:15:40.232+0000] {processor.py:914} INFO - Processing file /home/airflow/.local/lib/python3.12/site-packages/airflow/example_dags/example_params_trigger_ui.py for tasks to queue
[2025-10-05T23:15:40.236+0000] {logging_mixin.py:190} INFO - [2025-10-05T23:15:40.236+0000] {dagbag.py:588} INFO - Filling up the DagBag from /home/airflow/.local/lib/python3.12/site-packages/airflow/example_dags/example_params_trigger_ui.py
[2025-10-05T23:15:40.251+0000] {processor.py:925} INFO - DAG(s) 'example_params_trigger_ui' retrieved from /home/airflow/.local/lib/python3.12/site-packages/airflow/example_dags/example_params_trigger_ui.py
[2025-10-05T23:15:40.296+0000] {logging_mixin.py:190} INFO - [2025-10-05T23:15:40.296+0000] {dag.py:3239} INFO - Sync 1 DAGs
[2025-10-05T23:15:40.312+0000] {logging_mixin.py:190} INFO - [2025-10-05T23:15:40.312+0000] {dag.py:4180} INFO - Setting next_dagrun for example_params_trigger_ui to None, run_after=None
[2025-10-05T23:15:40.336+0000] {processor.py:208} INFO - Processing /home/airflow/.local/lib/python3.12/site-packages/airflow/example_dags/example_params_trigger_ui.py took 0.113 seconds
[2025-10-05T23:16:34.909+0000] {processor.py:186} INFO - Started process (PID=717) to work on /home/airflow/.local/lib/python3.12/site-packages/airflow/example_dags/example_params_trigger_ui.py
[2025-10-05T23:16:34.912+0000] {processor.py:914} INFO - Processing file /home/airflow/.local/lib/python3.12/site-packages/airflow/example_dags/example_params_trigger_ui.py for tasks to queue
[2025-10-05T23:16:34.924+0000] {logging_mixin.py:190} INFO - [2025-10-05T23:16:34.924+0000] {dagbag.py:588} INFO - Filling up the DagBag from /home/airflow/.local/lib/python3.12/site-packages/airflow/example_dags/example_params_trigger_ui.py
[2025-10-05T23:16:34.962+0000] {processor.py:925} INFO - DAG(s) 'example_params_trigger_ui' retrieved from /home/airflow/.local/lib/python3.12/site-packages/airflow/example_dags/example_params_trigger_ui.py
[2025-10-05T23:16:35.824+0000] {logging_mixin.py:190} INFO - [2025-10-05T23:16:35.823+0000] {dag.py:3239} INFO - Sync 1 DAGs
[2025-10-05T23:16:35.899+0000] {logging_mixin.py:190} INFO - [2025-10-05T23:16:35.899+0000] {dag.py:4180} INFO - Setting next_dagrun for example_params_trigger_ui to None, run_after=None
[2025-10-05T23:16:36.001+0000] {processor.py:208} INFO - Processing /home/airflow/.local/lib/python3.12/site-packages/airflow/example_dags/example_params_trigger_ui.py took 0.432 seconds
[2025-10-05T23:17:07.683+0000] {processor.py:186} INFO - Started process (PID=786) to work on /home/airflow/.local/lib/python3.12/site-packages/airflow/example_dags/example_params_trigger_ui.py
[2025-10-05T23:17:07.684+0000] {processor.py:914} INFO - Processing file /home/airflow/.local/lib/python3.12/site-packages/airflow/example_dags/example_params_trigger_ui.py for tasks to queue
[2025-10-05T23:17:07.689+0000] {logging_mixin.py:190} INFO - [2025-10-05T23:17:07.688+0000] {dagbag.py:588} INFO - Filling up the DagBag from /home/airflow/.local/lib/python3.12/site-packages/airflow/example_dags/example_params_trigger_ui.py
[2025-10-05T23:17:07.708+0000] {processor.py:925} INFO - DAG(s) 'example_params_trigger_ui' retrieved from /home/airflow/.local/lib/python3.12/site-packages/airflow/example_dags/example_params_trigger_ui.py
[2025-10-05T23:17:07.770+0000] {logging_mixin.py:190} INFO - [2025-10-05T23:17:07.770+0000] {dag.py:3239} INFO - Sync 1 DAGs
[2025-10-05T23:17:07.792+0000] {logging_mixin.py:190} INFO - [2025-10-05T23:17:07.792+0000] {dag.py:4180} INFO - Setting next_dagrun for example_params_trigger_ui to None, run_after=None
[2025-10-05T23:17:07.827+0000] {processor.py:208} INFO - Processing /home/airflow/.local/lib/python3.12/site-packages/airflow/example_dags/example_params_trigger_ui.py took 0.153 seconds
[2025-10-05T23:17:38.297+0000] {processor.py:186} INFO - Started process (PID=843) to work on /home/airflow/.local/lib/python3.12/site-packages/airflow/example_dags/example_params_trigger_ui.py
[2025-10-05T23:17:38.299+0000] {processor.py:914} INFO - Processing file /home/airflow/.local/lib/python3.12/site-packages/airflow/example_dags/example_params_trigger_ui.py for tasks to queue
[2025-10-05T23:17:38.302+0000] {logging_mixin.py:190} INFO - [2025-10-05T23:17:38.302+0000] {dagbag.py:588} INFO - Filling up the DagBag from /home/airflow/.local/lib/python3.12/site-packages/airflow/example_dags/example_params_trigger_ui.py
[2025-10-05T23:17:38.319+0000] {processor.py:925} INFO - DAG(s) 'example_params_trigger_ui' retrieved from /home/airflow/.local/lib/python3.12/site-packages/airflow/example_dags/example_params_trigger_ui.py
[2025-10-05T23:17:38.384+0000] {logging_mixin.py:190} INFO - [2025-10-05T23:17:38.383+0000] {dag.py:3239} INFO - Sync 1 DAGs
[2025-10-05T23:17:38.407+0000] {logging_mixin.py:190} INFO - [2025-10-05T23:17:38.406+0000] {dag.py:4180} INFO - Setting next_dagrun for example_params_trigger_ui to None, run_after=None
[2025-10-05T23:17:38.431+0000] {processor.py:208} INFO - Processing /home/airflow/.local/lib/python3.12/site-packages/airflow/example_dags/example_params_trigger_ui.py took 0.143 seconds
[2025-10-05T23:18:09.482+0000] {processor.py:186} INFO - Started process (PID=906) to work on /home/airflow/.local/lib/python3.12/site-packages/airflow/example_dags/example_params_trigger_ui.py
[2025-10-05T23:18:09.483+0000] {processor.py:914} INFO - Processing file /home/airflow/.local/lib/python3.12/site-packages/airflow/example_dags/example_params_trigger_ui.py for tasks to queue
[2025-10-05T23:18:09.487+0000] {logging_mixin.py:190} INFO - [2025-10-05T23:18:09.487+0000] {dagbag.py:588} INFO - Filling up the DagBag from /home/airflow/.local/lib/python3.12/site-packages/airflow/example_dags/example_params_trigger_ui.py
[2025-10-05T23:18:09.501+0000] {processor.py:925} INFO - DAG(s) 'example_params_trigger_ui' retrieved from /home/airflow/.local/lib/python3.12/site-packages/airflow/example_dags/example_params_trigger_ui.py
[2025-10-05T23:18:09.544+0000] {logging_mixin.py:190} INFO - [2025-10-05T23:18:09.544+0000] {dag.py:3239} INFO - Sync 1 DAGs
[2025-10-05T23:18:09.565+0000] {logging_mixin.py:190} INFO - [2025-10-05T23:18:09.565+0000] {dag.py:4180} INFO - Setting next_dagrun for example_params_trigger_ui to None, run_after=None
[2025-10-05T23:18:09.598+0000] {processor.py:208} INFO - Processing /home/airflow/.local/lib/python3.12/site-packages/airflow/example_dags/example_params_trigger_ui.py took 0.123 seconds
[2025-10-05T23:18:40.737+0000] {processor.py:186} INFO - Started process (PID=969) to work on /home/airflow/.local/lib/python3.12/site-packages/airflow/example_dags/example_params_trigger_ui.py
[2025-10-05T23:18:40.738+0000] {processor.py:914} INFO - Processing file /home/airflow/.local/lib/python3.12/site-packages/airflow/example_dags/example_params_trigger_ui.py for tasks to queue
[2025-10-05T23:18:40.740+0000] {logging_mixin.py:190} INFO - [2025-10-05T23:18:40.740+0000] {dagbag.py:588} INFO - Filling up the DagBag from /home/airflow/.local/lib/python3.12/site-packages/airflow/example_dags/example_params_trigger_ui.py
[2025-10-05T23:18:40.753+0000] {processor.py:925} INFO - DAG(s) 'example_params_trigger_ui' retrieved from /home/airflow/.local/lib/python3.12/site-packages/airflow/example_dags/example_params_trigger_ui.py
[2025-10-05T23:18:40.802+0000] {logging_mixin.py:190} INFO - [2025-10-05T23:18:40.801+0000] {dag.py:3239} INFO - Sync 1 DAGs
[2025-10-05T23:18:40.819+0000] {logging_mixin.py:190} INFO - [2025-10-05T23:18:40.819+0000] {dag.py:4180} INFO - Setting next_dagrun for example_params_trigger_ui to None, run_after=None
[2025-10-05T23:18:40.846+0000] {processor.py:208} INFO - Processing /home/airflow/.local/lib/python3.12/site-packages/airflow/example_dags/example_params_trigger_ui.py took 0.115 seconds
[2025-10-05T23:19:12.036+0000] {processor.py:186} INFO - Started process (PID=1032) to work on /home/airflow/.local/lib/python3.12/site-packages/airflow/example_dags/example_params_trigger_ui.py
[2025-10-05T23:19:12.037+0000] {processor.py:914} INFO - Processing file /home/airflow/.local/lib/python3.12/site-packages/airflow/example_dags/example_params_trigger_ui.py for tasks to queue
[2025-10-05T23:19:12.040+0000] {logging_mixin.py:190} INFO - [2025-10-05T23:19:12.040+0000] {dagbag.py:588} INFO - Filling up the DagBag from /home/airflow/.local/lib/python3.12/site-packages/airflow/example_dags/example_params_trigger_ui.py
[2025-10-05T23:19:12.053+0000] {processor.py:925} INFO - DAG(s) 'example_params_trigger_ui' retrieved from /home/airflow/.local/lib/python3.12/site-packages/airflow/example_dags/example_params_trigger_ui.py
[2025-10-05T23:19:12.098+0000] {logging_mixin.py:190} INFO - [2025-10-05T23:19:12.097+0000] {dag.py:3239} INFO - Sync 1 DAGs
[2025-10-05T23:19:12.114+0000] {logging_mixin.py:190} INFO - [2025-10-05T23:19:12.114+0000] {dag.py:4180} INFO - Setting next_dagrun for example_params_trigger_ui to None, run_after=None
[2025-10-05T23:19:12.139+0000] {processor.py:208} INFO - Processing /home/airflow/.local/lib/python3.12/site-packages/airflow/example_dags/example_params_trigger_ui.py took 0.109 seconds
[2025-10-05T23:19:42.833+0000] {processor.py:186} INFO - Started process (PID=1095) to work on /home/airflow/.local/lib/python3.12/site-packages/airflow/example_dags/example_params_trigger_ui.py
[2025-10-05T23:19:42.835+0000] {processor.py:914} INFO - Processing file /home/airflow/.local/lib/python3.12/site-packages/airflow/example_dags/example_params_trigger_ui.py for tasks to queue
[2025-10-05T23:19:42.839+0000] {logging_mixin.py:190} INFO - [2025-10-05T23:19:42.838+0000] {dagbag.py:588} INFO - Filling up the DagBag from /home/airflow/.local/lib/python3.12/site-packages/airflow/example_dags/example_params_trigger_ui.py
[2025-10-05T23:19:42.856+0000] {processor.py:925} INFO - DAG(s) 'example_params_trigger_ui' retrieved from /home/airflow/.local/lib/python3.12/site-packages/airflow/example_dags/example_params_trigger_ui.py
[2025-10-05T23:19:42.925+0000] {logging_mixin.py:190} INFO - [2025-10-05T23:19:42.925+0000] {dag.py:3239} INFO - Sync 1 DAGs
[2025-10-05T23:19:42.951+0000] {logging_mixin.py:190} INFO - [2025-10-05T23:19:42.951+0000] {dag.py:4180} INFO - Setting next_dagrun for example_params_trigger_ui to None, run_after=None
[2025-10-05T23:19:42.985+0000] {processor.py:208} INFO - Processing /home/airflow/.local/lib/python3.12/site-packages/airflow/example_dags/example_params_trigger_ui.py took 0.160 seconds
[2025-10-05T23:20:14.558+0000] {processor.py:186} INFO - Started process (PID=1158) to work on /home/airflow/.local/lib/python3.12/site-packages/airflow/example_dags/example_params_trigger_ui.py
[2025-10-05T23:20:14.559+0000] {processor.py:914} INFO - Processing file /home/airflow/.local/lib/python3.12/site-packages/airflow/example_dags/example_params_trigger_ui.py for tasks to queue
[2025-10-05T23:20:14.562+0000] {logging_mixin.py:190} INFO - [2025-10-05T23:20:14.561+0000] {dagbag.py:588} INFO - Filling up the DagBag from /home/airflow/.local/lib/python3.12/site-packages/airflow/example_dags/example_params_trigger_ui.py
[2025-10-05T23:20:14.575+0000] {processor.py:925} INFO - DAG(s) 'example_params_trigger_ui' retrieved from /home/airflow/.local/lib/python3.12/site-packages/airflow/example_dags/example_params_trigger_ui.py
[2025-10-05T23:20:14.621+0000] {logging_mixin.py:190} INFO - [2025-10-05T23:20:14.620+0000] {dag.py:3239} INFO - Sync 1 DAGs
[2025-10-05T23:20:14.636+0000] {logging_mixin.py:190} INFO - [2025-10-05T23:20:14.636+0000] {dag.py:4180} INFO - Setting next_dagrun for example_params_trigger_ui to None, run_after=None
[2025-10-05T23:20:14.664+0000] {processor.py:208} INFO - Processing /home/airflow/.local/lib/python3.12/site-packages/airflow/example_dags/example_params_trigger_ui.py took 0.113 seconds
[2025-10-05T23:20:52.578+0000] {processor.py:186} INFO - Started process (PID=1221) to work on /home/airflow/.local/lib/python3.12/site-packages/airflow/example_dags/example_params_trigger_ui.py
[2025-10-05T23:20:53.207+0000] {processor.py:914} INFO - Processing file /home/airflow/.local/lib/python3.12/site-packages/airflow/example_dags/example_params_trigger_ui.py for tasks to queue
[2025-10-05T23:20:53.330+0000] {logging_mixin.py:190} INFO - [2025-10-05T23:20:53.283+0000] {dagbag.py:588} INFO - Filling up the DagBag from /home/airflow/.local/lib/python3.12/site-packages/airflow/example_dags/example_params_trigger_ui.py
[2025-10-05T23:20:53.892+0000] {processor.py:925} INFO - DAG(s) 'example_params_trigger_ui' retrieved from /home/airflow/.local/lib/python3.12/site-packages/airflow/example_dags/example_params_trigger_ui.py
[2025-10-05T23:21:13.202+0000] {logging_mixin.py:190} INFO - [2025-10-05T23:21:13.202+0000] {dag.py:3239} INFO - Sync 1 DAGs
[2025-10-05T23:21:13.229+0000] {logging_mixin.py:190} INFO - [2025-10-05T23:21:13.228+0000] {dag.py:4180} INFO - Setting next_dagrun for example_params_trigger_ui to None, run_after=None
[2025-10-05T23:21:13.270+0000] {processor.py:208} INFO - Processing /home/airflow/.local/lib/python3.12/site-packages/airflow/example_dags/example_params_trigger_ui.py took 22.903 seconds
[2025-10-05T23:21:43.560+0000] {processor.py:186} INFO - Started process (PID=1283) to work on /home/airflow/.local/lib/python3.12/site-packages/airflow/example_dags/example_params_trigger_ui.py
[2025-10-05T23:21:43.561+0000] {processor.py:914} INFO - Processing file /home/airflow/.local/lib/python3.12/site-packages/airflow/example_dags/example_params_trigger_ui.py for tasks to queue
[2025-10-05T23:21:43.562+0000] {logging_mixin.py:190} INFO - [2025-10-05T23:21:43.562+0000] {dagbag.py:588} INFO - Filling up the DagBag from /home/airflow/.local/lib/python3.12/site-packages/airflow/example_dags/example_params_trigger_ui.py
[2025-10-05T23:21:43.579+0000] {processor.py:925} INFO - DAG(s) 'example_params_trigger_ui' retrieved from /home/airflow/.local/lib/python3.12/site-packages/airflow/example_dags/example_params_trigger_ui.py
[2025-10-05T23:21:43.622+0000] {logging_mixin.py:190} INFO - [2025-10-05T23:21:43.622+0000] {dag.py:3239} INFO - Sync 1 DAGs
[2025-10-05T23:21:43.638+0000] {logging_mixin.py:190} INFO - [2025-10-05T23:21:43.637+0000] {dag.py:4180} INFO - Setting next_dagrun for example_params_trigger_ui to None, run_after=None
[2025-10-05T23:21:43.662+0000] {processor.py:208} INFO - Processing /home/airflow/.local/lib/python3.12/site-packages/airflow/example_dags/example_params_trigger_ui.py took 0.109 seconds
[2025-10-05T23:26:41.403+0000] {processor.py:186} INFO - Started process (PID=1338) to work on /home/airflow/.local/lib/python3.12/site-packages/airflow/example_dags/example_params_trigger_ui.py
[2025-10-05T23:26:41.406+0000] {processor.py:914} INFO - Processing file /home/airflow/.local/lib/python3.12/site-packages/airflow/example_dags/example_params_trigger_ui.py for tasks to queue
[2025-10-05T23:26:41.410+0000] {logging_mixin.py:190} INFO - [2025-10-05T23:26:41.408+0000] {dagbag.py:588} INFO - Filling up the DagBag from /home/airflow/.local/lib/python3.12/site-packages/airflow/example_dags/example_params_trigger_ui.py
[2025-10-05T23:26:41.443+0000] {processor.py:925} INFO - DAG(s) 'example_params_trigger_ui' retrieved from /home/airflow/.local/lib/python3.12/site-packages/airflow/example_dags/example_params_trigger_ui.py
[2025-10-05T23:26:41.549+0000] {logging_mixin.py:190} INFO - [2025-10-05T23:26:41.548+0000] {dag.py:3239} INFO - Sync 1 DAGs
[2025-10-05T23:26:41.583+0000] {logging_mixin.py:190} INFO - [2025-10-05T23:26:41.583+0000] {dag.py:4180} INFO - Setting next_dagrun for example_params_trigger_ui to None, run_after=None
[2025-10-05T23:26:41.636+0000] {processor.py:208} INFO - Processing /home/airflow/.local/lib/python3.12/site-packages/airflow/example_dags/example_params_trigger_ui.py took 0.253 seconds
[2025-10-05T23:28:13.219+0000] {processor.py:186} INFO - Started process (PID=1396) to work on /home/airflow/.local/lib/python3.12/site-packages/airflow/example_dags/example_params_trigger_ui.py
[2025-10-05T23:28:13.221+0000] {processor.py:914} INFO - Processing file /home/airflow/.local/lib/python3.12/site-packages/airflow/example_dags/example_params_trigger_ui.py for tasks to queue
[2025-10-05T23:28:13.224+0000] {logging_mixin.py:190} INFO - [2025-10-05T23:28:13.223+0000] {dagbag.py:588} INFO - Filling up the DagBag from /home/airflow/.local/lib/python3.12/site-packages/airflow/example_dags/example_params_trigger_ui.py
[2025-10-05T23:28:13.245+0000] {processor.py:925} INFO - DAG(s) 'example_params_trigger_ui' retrieved from /home/airflow/.local/lib/python3.12/site-packages/airflow/example_dags/example_params_trigger_ui.py
[2025-10-05T23:28:13.324+0000] {logging_mixin.py:190} INFO - [2025-10-05T23:28:13.324+0000] {dag.py:3239} INFO - Sync 1 DAGs
[2025-10-05T23:28:13.355+0000] {logging_mixin.py:190} INFO - [2025-10-05T23:28:13.354+0000] {dag.py:4180} INFO - Setting next_dagrun for example_params_trigger_ui to None, run_after=None
[2025-10-05T23:28:13.410+0000] {processor.py:208} INFO - Processing /home/airflow/.local/lib/python3.12/site-packages/airflow/example_dags/example_params_trigger_ui.py took 0.201 seconds
