[2025-10-05T23:10:57.020+0000] {processor.py:186} INFO - Started process (PID=102) to work on /home/airflow/.local/lib/python3.12/site-packages/airflow/example_dags/example_complex.py
[2025-10-05T23:10:57.023+0000] {processor.py:914} INFO - Processing file /home/airflow/.local/lib/python3.12/site-packages/airflow/example_dags/example_complex.py for tasks to queue
[2025-10-05T23:10:57.036+0000] {logging_mixin.py:190} INFO - [2025-10-05T23:10:57.034+0000] {dagbag.py:588} INFO - Filling up the DagBag from /home/airflow/.local/lib/python3.12/site-packages/airflow/example_dags/example_complex.py
[2025-10-05T23:10:57.100+0000] {processor.py:925} INFO - DAG(s) 'example_complex' retrieved from /home/airflow/.local/lib/python3.12/site-packages/airflow/example_dags/example_complex.py
[2025-10-05T23:10:57.761+0000] {logging_mixin.py:190} INFO - [2025-10-05T23:10:57.758+0000] {override.py:1900} INFO - Created Permission View: can edit on DAG:example_complex
[2025-10-05T23:10:57.804+0000] {logging_mixin.py:190} INFO - [2025-10-05T23:10:57.803+0000] {override.py:1900} INFO - Created Permission View: can delete on DAG:example_complex
[2025-10-05T23:10:57.824+0000] {logging_mixin.py:190} INFO - [2025-10-05T23:10:57.823+0000] {override.py:1900} INFO - Created Permission View: can read on DAG:example_complex
[2025-10-05T23:10:57.849+0000] {logging_mixin.py:190} INFO - [2025-10-05T23:10:57.848+0000] {override.py:1900} INFO - Created Permission View: can create on DAG Run:example_complex
[2025-10-05T23:10:57.881+0000] {logging_mixin.py:190} INFO - [2025-10-05T23:10:57.880+0000] {override.py:1900} INFO - Created Permission View: menu access on DAG Run:example_complex
[2025-10-05T23:10:57.941+0000] {logging_mixin.py:190} INFO - [2025-10-05T23:10:57.939+0000] {override.py:1900} INFO - Created Permission View: can delete on DAG Run:example_complex
[2025-10-05T23:10:57.981+0000] {logging_mixin.py:190} INFO - [2025-10-05T23:10:57.980+0000] {override.py:1900} INFO - Created Permission View: can read on DAG Run:example_complex
[2025-10-05T23:10:57.985+0000] {logging_mixin.py:190} INFO - [2025-10-05T23:10:57.983+0000] {dag.py:3239} INFO - Sync 1 DAGs
[2025-10-05T23:10:58.090+0000] {logging_mixin.py:190} INFO - [2025-10-05T23:10:58.089+0000] {dag.py:3262} INFO - Creating ORM DAG for example_complex
[2025-10-05T23:10:58.111+0000] {logging_mixin.py:190} INFO - [2025-10-05T23:10:58.110+0000] {dag.py:4180} INFO - Setting next_dagrun for example_complex to None, run_after=None
[2025-10-05T23:10:58.224+0000] {processor.py:208} INFO - Processing /home/airflow/.local/lib/python3.12/site-packages/airflow/example_dags/example_complex.py took 1.221 seconds
[2025-10-05T23:11:28.754+0000] {processor.py:186} INFO - Started process (PID=165) to work on /home/airflow/.local/lib/python3.12/site-packages/airflow/example_dags/example_complex.py
[2025-10-05T23:11:28.757+0000] {processor.py:914} INFO - Processing file /home/airflow/.local/lib/python3.12/site-packages/airflow/example_dags/example_complex.py for tasks to queue
[2025-10-05T23:11:28.765+0000] {logging_mixin.py:190} INFO - [2025-10-05T23:11:28.764+0000] {dagbag.py:588} INFO - Filling up the DagBag from /home/airflow/.local/lib/python3.12/site-packages/airflow/example_dags/example_complex.py
[2025-10-05T23:11:28.825+0000] {processor.py:925} INFO - DAG(s) 'example_complex' retrieved from /home/airflow/.local/lib/python3.12/site-packages/airflow/example_dags/example_complex.py
[2025-10-05T23:11:29.041+0000] {logging_mixin.py:190} INFO - [2025-10-05T23:11:29.040+0000] {dag.py:3239} INFO - Sync 1 DAGs
[2025-10-05T23:11:29.077+0000] {logging_mixin.py:190} INFO - [2025-10-05T23:11:29.077+0000] {dag.py:4180} INFO - Setting next_dagrun for example_complex to None, run_after=None
[2025-10-05T23:11:29.207+0000] {processor.py:208} INFO - Processing /home/airflow/.local/lib/python3.12/site-packages/airflow/example_dags/example_complex.py took 0.469 seconds
[2025-10-05T23:12:00.717+0000] {processor.py:186} INFO - Started process (PID=228) to work on /home/airflow/.local/lib/python3.12/site-packages/airflow/example_dags/example_complex.py
[2025-10-05T23:12:00.722+0000] {processor.py:914} INFO - Processing file /home/airflow/.local/lib/python3.12/site-packages/airflow/example_dags/example_complex.py for tasks to queue
[2025-10-05T23:12:00.728+0000] {logging_mixin.py:190} INFO - [2025-10-05T23:12:00.727+0000] {dagbag.py:588} INFO - Filling up the DagBag from /home/airflow/.local/lib/python3.12/site-packages/airflow/example_dags/example_complex.py
[2025-10-05T23:12:00.758+0000] {processor.py:925} INFO - DAG(s) 'example_complex' retrieved from /home/airflow/.local/lib/python3.12/site-packages/airflow/example_dags/example_complex.py
[2025-10-05T23:12:00.834+0000] {logging_mixin.py:190} INFO - [2025-10-05T23:12:00.833+0000] {dag.py:3239} INFO - Sync 1 DAGs
[2025-10-05T23:12:00.869+0000] {logging_mixin.py:190} INFO - [2025-10-05T23:12:00.869+0000] {dag.py:4180} INFO - Setting next_dagrun for example_complex to None, run_after=None
[2025-10-05T23:12:00.913+0000] {processor.py:208} INFO - Processing /home/airflow/.local/lib/python3.12/site-packages/airflow/example_dags/example_complex.py took 0.211 seconds
[2025-10-05T23:12:31.834+0000] {processor.py:186} INFO - Started process (PID=291) to work on /home/airflow/.local/lib/python3.12/site-packages/airflow/example_dags/example_complex.py
[2025-10-05T23:12:31.837+0000] {processor.py:914} INFO - Processing file /home/airflow/.local/lib/python3.12/site-packages/airflow/example_dags/example_complex.py for tasks to queue
[2025-10-05T23:12:31.843+0000] {logging_mixin.py:190} INFO - [2025-10-05T23:12:31.842+0000] {dagbag.py:588} INFO - Filling up the DagBag from /home/airflow/.local/lib/python3.12/site-packages/airflow/example_dags/example_complex.py
[2025-10-05T23:12:31.875+0000] {processor.py:925} INFO - DAG(s) 'example_complex' retrieved from /home/airflow/.local/lib/python3.12/site-packages/airflow/example_dags/example_complex.py
[2025-10-05T23:12:31.956+0000] {logging_mixin.py:190} INFO - [2025-10-05T23:12:31.956+0000] {dag.py:3239} INFO - Sync 1 DAGs
[2025-10-05T23:12:31.996+0000] {logging_mixin.py:190} INFO - [2025-10-05T23:12:31.995+0000] {dag.py:4180} INFO - Setting next_dagrun for example_complex to None, run_after=None
[2025-10-05T23:12:32.046+0000] {processor.py:208} INFO - Processing /home/airflow/.local/lib/python3.12/site-packages/airflow/example_dags/example_complex.py took 0.228 seconds
[2025-10-05T23:13:02.719+0000] {processor.py:186} INFO - Started process (PID=354) to work on /home/airflow/.local/lib/python3.12/site-packages/airflow/example_dags/example_complex.py
[2025-10-05T23:13:02.721+0000] {processor.py:914} INFO - Processing file /home/airflow/.local/lib/python3.12/site-packages/airflow/example_dags/example_complex.py for tasks to queue
[2025-10-05T23:13:02.725+0000] {logging_mixin.py:190} INFO - [2025-10-05T23:13:02.724+0000] {dagbag.py:588} INFO - Filling up the DagBag from /home/airflow/.local/lib/python3.12/site-packages/airflow/example_dags/example_complex.py
[2025-10-05T23:13:02.745+0000] {processor.py:925} INFO - DAG(s) 'example_complex' retrieved from /home/airflow/.local/lib/python3.12/site-packages/airflow/example_dags/example_complex.py
[2025-10-05T23:13:02.785+0000] {logging_mixin.py:190} INFO - [2025-10-05T23:13:02.785+0000] {dag.py:3239} INFO - Sync 1 DAGs
[2025-10-05T23:13:02.807+0000] {logging_mixin.py:190} INFO - [2025-10-05T23:13:02.807+0000] {dag.py:4180} INFO - Setting next_dagrun for example_complex to None, run_after=None
[2025-10-05T23:13:02.840+0000] {processor.py:208} INFO - Processing /home/airflow/.local/lib/python3.12/site-packages/airflow/example_dags/example_complex.py took 0.134 seconds
[2025-10-05T23:13:33.526+0000] {processor.py:186} INFO - Started process (PID=418) to work on /home/airflow/.local/lib/python3.12/site-packages/airflow/example_dags/example_complex.py
[2025-10-05T23:13:33.527+0000] {processor.py:914} INFO - Processing file /home/airflow/.local/lib/python3.12/site-packages/airflow/example_dags/example_complex.py for tasks to queue
[2025-10-05T23:13:33.531+0000] {logging_mixin.py:190} INFO - [2025-10-05T23:13:33.530+0000] {dagbag.py:588} INFO - Filling up the DagBag from /home/airflow/.local/lib/python3.12/site-packages/airflow/example_dags/example_complex.py
[2025-10-05T23:13:33.547+0000] {processor.py:925} INFO - DAG(s) 'example_complex' retrieved from /home/airflow/.local/lib/python3.12/site-packages/airflow/example_dags/example_complex.py
[2025-10-05T23:13:33.588+0000] {logging_mixin.py:190} INFO - [2025-10-05T23:13:33.588+0000] {dag.py:3239} INFO - Sync 1 DAGs
[2025-10-05T23:13:33.607+0000] {logging_mixin.py:190} INFO - [2025-10-05T23:13:33.607+0000] {dag.py:4180} INFO - Setting next_dagrun for example_complex to None, run_after=None
[2025-10-05T23:13:33.634+0000] {processor.py:208} INFO - Processing /home/airflow/.local/lib/python3.12/site-packages/airflow/example_dags/example_complex.py took 0.117 seconds
[2025-10-05T23:14:04.016+0000] {processor.py:186} INFO - Started process (PID=481) to work on /home/airflow/.local/lib/python3.12/site-packages/airflow/example_dags/example_complex.py
[2025-10-05T23:14:04.017+0000] {processor.py:914} INFO - Processing file /home/airflow/.local/lib/python3.12/site-packages/airflow/example_dags/example_complex.py for tasks to queue
[2025-10-05T23:14:04.021+0000] {logging_mixin.py:190} INFO - [2025-10-05T23:14:04.020+0000] {dagbag.py:588} INFO - Filling up the DagBag from /home/airflow/.local/lib/python3.12/site-packages/airflow/example_dags/example_complex.py
[2025-10-05T23:14:04.041+0000] {processor.py:925} INFO - DAG(s) 'example_complex' retrieved from /home/airflow/.local/lib/python3.12/site-packages/airflow/example_dags/example_complex.py
[2025-10-05T23:14:04.101+0000] {logging_mixin.py:190} INFO - [2025-10-05T23:14:04.100+0000] {dag.py:3239} INFO - Sync 1 DAGs
[2025-10-05T23:14:04.121+0000] {logging_mixin.py:190} INFO - [2025-10-05T23:14:04.121+0000] {dag.py:4180} INFO - Setting next_dagrun for example_complex to None, run_after=None
[2025-10-05T23:14:04.153+0000] {processor.py:208} INFO - Processing /home/airflow/.local/lib/python3.12/site-packages/airflow/example_dags/example_complex.py took 0.145 seconds
[2025-10-05T23:14:34.546+0000] {processor.py:186} INFO - Started process (PID=544) to work on /home/airflow/.local/lib/python3.12/site-packages/airflow/example_dags/example_complex.py
[2025-10-05T23:14:34.556+0000] {processor.py:914} INFO - Processing file /home/airflow/.local/lib/python3.12/site-packages/airflow/example_dags/example_complex.py for tasks to queue
[2025-10-05T23:14:34.563+0000] {logging_mixin.py:190} INFO - [2025-10-05T23:14:34.562+0000] {dagbag.py:588} INFO - Filling up the DagBag from /home/airflow/.local/lib/python3.12/site-packages/airflow/example_dags/example_complex.py
[2025-10-05T23:14:34.583+0000] {processor.py:925} INFO - DAG(s) 'example_complex' retrieved from /home/airflow/.local/lib/python3.12/site-packages/airflow/example_dags/example_complex.py
[2025-10-05T23:14:34.645+0000] {logging_mixin.py:190} INFO - [2025-10-05T23:14:34.644+0000] {dag.py:3239} INFO - Sync 1 DAGs
[2025-10-05T23:14:34.667+0000] {logging_mixin.py:190} INFO - [2025-10-05T23:14:34.666+0000] {dag.py:4180} INFO - Setting next_dagrun for example_complex to None, run_after=None
[2025-10-05T23:14:34.695+0000] {processor.py:208} INFO - Processing /home/airflow/.local/lib/python3.12/site-packages/airflow/example_dags/example_complex.py took 0.162 seconds
[2025-10-05T23:15:10.721+0000] {processor.py:186} INFO - Started process (PID=599) to work on /home/airflow/.local/lib/python3.12/site-packages/airflow/example_dags/example_complex.py
[2025-10-05T23:15:10.722+0000] {processor.py:914} INFO - Processing file /home/airflow/.local/lib/python3.12/site-packages/airflow/example_dags/example_complex.py for tasks to queue
[2025-10-05T23:15:10.726+0000] {logging_mixin.py:190} INFO - [2025-10-05T23:15:10.725+0000] {dagbag.py:588} INFO - Filling up the DagBag from /home/airflow/.local/lib/python3.12/site-packages/airflow/example_dags/example_complex.py
[2025-10-05T23:15:10.740+0000] {processor.py:925} INFO - DAG(s) 'example_complex' retrieved from /home/airflow/.local/lib/python3.12/site-packages/airflow/example_dags/example_complex.py
[2025-10-05T23:15:10.782+0000] {logging_mixin.py:190} INFO - [2025-10-05T23:15:10.782+0000] {dag.py:3239} INFO - Sync 1 DAGs
[2025-10-05T23:15:10.801+0000] {logging_mixin.py:190} INFO - [2025-10-05T23:15:10.801+0000] {dag.py:4180} INFO - Setting next_dagrun for example_complex to None, run_after=None
[2025-10-05T23:15:10.831+0000] {processor.py:208} INFO - Processing /home/airflow/.local/lib/python3.12/site-packages/airflow/example_dags/example_complex.py took 0.117 seconds
[2025-10-05T23:15:40.953+0000] {processor.py:186} INFO - Started process (PID=662) to work on /home/airflow/.local/lib/python3.12/site-packages/airflow/example_dags/example_complex.py
[2025-10-05T23:15:40.955+0000] {processor.py:914} INFO - Processing file /home/airflow/.local/lib/python3.12/site-packages/airflow/example_dags/example_complex.py for tasks to queue
[2025-10-05T23:15:40.958+0000] {logging_mixin.py:190} INFO - [2025-10-05T23:15:40.957+0000] {dagbag.py:588} INFO - Filling up the DagBag from /home/airflow/.local/lib/python3.12/site-packages/airflow/example_dags/example_complex.py
[2025-10-05T23:15:40.971+0000] {processor.py:925} INFO - DAG(s) 'example_complex' retrieved from /home/airflow/.local/lib/python3.12/site-packages/airflow/example_dags/example_complex.py
[2025-10-05T23:15:41.006+0000] {logging_mixin.py:190} INFO - [2025-10-05T23:15:41.006+0000] {dag.py:3239} INFO - Sync 1 DAGs
[2025-10-05T23:15:41.023+0000] {logging_mixin.py:190} INFO - [2025-10-05T23:15:41.023+0000] {dag.py:4180} INFO - Setting next_dagrun for example_complex to None, run_after=None
[2025-10-05T23:15:41.055+0000] {processor.py:208} INFO - Processing /home/airflow/.local/lib/python3.12/site-packages/airflow/example_dags/example_complex.py took 0.109 seconds
[2025-10-05T23:16:36.922+0000] {processor.py:186} INFO - Started process (PID=730) to work on /home/airflow/.local/lib/python3.12/site-packages/airflow/example_dags/example_complex.py
[2025-10-05T23:16:36.925+0000] {processor.py:914} INFO - Processing file /home/airflow/.local/lib/python3.12/site-packages/airflow/example_dags/example_complex.py for tasks to queue
[2025-10-05T23:16:36.931+0000] {logging_mixin.py:190} INFO - [2025-10-05T23:16:36.930+0000] {dagbag.py:588} INFO - Filling up the DagBag from /home/airflow/.local/lib/python3.12/site-packages/airflow/example_dags/example_complex.py
[2025-10-05T23:16:36.971+0000] {processor.py:925} INFO - DAG(s) 'example_complex' retrieved from /home/airflow/.local/lib/python3.12/site-packages/airflow/example_dags/example_complex.py
[2025-10-05T23:16:37.079+0000] {logging_mixin.py:190} INFO - [2025-10-05T23:16:37.078+0000] {dag.py:3239} INFO - Sync 1 DAGs
[2025-10-05T23:16:37.125+0000] {logging_mixin.py:190} INFO - [2025-10-05T23:16:37.125+0000] {dag.py:4180} INFO - Setting next_dagrun for example_complex to None, run_after=None
[2025-10-05T23:16:37.200+0000] {processor.py:208} INFO - Processing /home/airflow/.local/lib/python3.12/site-packages/airflow/example_dags/example_complex.py took 0.300 seconds
[2025-10-05T23:17:08.537+0000] {processor.py:186} INFO - Started process (PID=794) to work on /home/airflow/.local/lib/python3.12/site-packages/airflow/example_dags/example_complex.py
[2025-10-05T23:17:08.539+0000] {processor.py:914} INFO - Processing file /home/airflow/.local/lib/python3.12/site-packages/airflow/example_dags/example_complex.py for tasks to queue
[2025-10-05T23:17:08.543+0000] {logging_mixin.py:190} INFO - [2025-10-05T23:17:08.543+0000] {dagbag.py:588} INFO - Filling up the DagBag from /home/airflow/.local/lib/python3.12/site-packages/airflow/example_dags/example_complex.py
[2025-10-05T23:17:08.568+0000] {processor.py:925} INFO - DAG(s) 'example_complex' retrieved from /home/airflow/.local/lib/python3.12/site-packages/airflow/example_dags/example_complex.py
[2025-10-05T23:17:08.633+0000] {logging_mixin.py:190} INFO - [2025-10-05T23:17:08.633+0000] {dag.py:3239} INFO - Sync 1 DAGs
[2025-10-05T23:17:08.667+0000] {logging_mixin.py:190} INFO - [2025-10-05T23:17:08.666+0000] {dag.py:4180} INFO - Setting next_dagrun for example_complex to None, run_after=None
[2025-10-05T23:17:08.698+0000] {processor.py:208} INFO - Processing /home/airflow/.local/lib/python3.12/site-packages/airflow/example_dags/example_complex.py took 0.177 seconds
[2025-10-05T23:17:38.947+0000] {processor.py:186} INFO - Started process (PID=857) to work on /home/airflow/.local/lib/python3.12/site-packages/airflow/example_dags/example_complex.py
[2025-10-05T23:17:38.948+0000] {processor.py:914} INFO - Processing file /home/airflow/.local/lib/python3.12/site-packages/airflow/example_dags/example_complex.py for tasks to queue
[2025-10-05T23:17:38.953+0000] {logging_mixin.py:190} INFO - [2025-10-05T23:17:38.952+0000] {dagbag.py:588} INFO - Filling up the DagBag from /home/airflow/.local/lib/python3.12/site-packages/airflow/example_dags/example_complex.py
[2025-10-05T23:17:38.973+0000] {processor.py:925} INFO - DAG(s) 'example_complex' retrieved from /home/airflow/.local/lib/python3.12/site-packages/airflow/example_dags/example_complex.py
[2025-10-05T23:17:39.016+0000] {logging_mixin.py:190} INFO - [2025-10-05T23:17:39.016+0000] {dag.py:3239} INFO - Sync 1 DAGs
[2025-10-05T23:17:39.035+0000] {logging_mixin.py:190} INFO - [2025-10-05T23:17:39.034+0000] {dag.py:4180} INFO - Setting next_dagrun for example_complex to None, run_after=None
[2025-10-05T23:17:39.059+0000] {processor.py:208} INFO - Processing /home/airflow/.local/lib/python3.12/site-packages/airflow/example_dags/example_complex.py took 0.119 seconds
[2025-10-05T23:18:10.087+0000] {processor.py:186} INFO - Started process (PID=914) to work on /home/airflow/.local/lib/python3.12/site-packages/airflow/example_dags/example_complex.py
[2025-10-05T23:18:10.088+0000] {processor.py:914} INFO - Processing file /home/airflow/.local/lib/python3.12/site-packages/airflow/example_dags/example_complex.py for tasks to queue
[2025-10-05T23:18:10.091+0000] {logging_mixin.py:190} INFO - [2025-10-05T23:18:10.090+0000] {dagbag.py:588} INFO - Filling up the DagBag from /home/airflow/.local/lib/python3.12/site-packages/airflow/example_dags/example_complex.py
[2025-10-05T23:18:10.105+0000] {processor.py:925} INFO - DAG(s) 'example_complex' retrieved from /home/airflow/.local/lib/python3.12/site-packages/airflow/example_dags/example_complex.py
[2025-10-05T23:18:10.149+0000] {logging_mixin.py:190} INFO - [2025-10-05T23:18:10.148+0000] {dag.py:3239} INFO - Sync 1 DAGs
[2025-10-05T23:18:10.175+0000] {logging_mixin.py:190} INFO - [2025-10-05T23:18:10.174+0000] {dag.py:4180} INFO - Setting next_dagrun for example_complex to None, run_after=None
[2025-10-05T23:18:10.201+0000] {processor.py:208} INFO - Processing /home/airflow/.local/lib/python3.12/site-packages/airflow/example_dags/example_complex.py took 0.122 seconds
[2025-10-05T23:18:41.305+0000] {processor.py:186} INFO - Started process (PID=977) to work on /home/airflow/.local/lib/python3.12/site-packages/airflow/example_dags/example_complex.py
[2025-10-05T23:18:41.307+0000] {processor.py:914} INFO - Processing file /home/airflow/.local/lib/python3.12/site-packages/airflow/example_dags/example_complex.py for tasks to queue
[2025-10-05T23:18:41.309+0000] {logging_mixin.py:190} INFO - [2025-10-05T23:18:41.309+0000] {dagbag.py:588} INFO - Filling up the DagBag from /home/airflow/.local/lib/python3.12/site-packages/airflow/example_dags/example_complex.py
[2025-10-05T23:18:41.330+0000] {processor.py:925} INFO - DAG(s) 'example_complex' retrieved from /home/airflow/.local/lib/python3.12/site-packages/airflow/example_dags/example_complex.py
[2025-10-05T23:18:41.368+0000] {logging_mixin.py:190} INFO - [2025-10-05T23:18:41.367+0000] {dag.py:3239} INFO - Sync 1 DAGs
[2025-10-05T23:18:41.390+0000] {logging_mixin.py:190} INFO - [2025-10-05T23:18:41.389+0000] {dag.py:4180} INFO - Setting next_dagrun for example_complex to None, run_after=None
[2025-10-05T23:18:41.424+0000] {processor.py:208} INFO - Processing /home/airflow/.local/lib/python3.12/site-packages/airflow/example_dags/example_complex.py took 0.126 seconds
[2025-10-05T23:19:12.561+0000] {processor.py:186} INFO - Started process (PID=1040) to work on /home/airflow/.local/lib/python3.12/site-packages/airflow/example_dags/example_complex.py
[2025-10-05T23:19:12.563+0000] {processor.py:914} INFO - Processing file /home/airflow/.local/lib/python3.12/site-packages/airflow/example_dags/example_complex.py for tasks to queue
[2025-10-05T23:19:12.567+0000] {logging_mixin.py:190} INFO - [2025-10-05T23:19:12.566+0000] {dagbag.py:588} INFO - Filling up the DagBag from /home/airflow/.local/lib/python3.12/site-packages/airflow/example_dags/example_complex.py
[2025-10-05T23:19:12.584+0000] {processor.py:925} INFO - DAG(s) 'example_complex' retrieved from /home/airflow/.local/lib/python3.12/site-packages/airflow/example_dags/example_complex.py
[2025-10-05T23:19:12.618+0000] {logging_mixin.py:190} INFO - [2025-10-05T23:19:12.618+0000] {dag.py:3239} INFO - Sync 1 DAGs
[2025-10-05T23:19:12.634+0000] {logging_mixin.py:190} INFO - [2025-10-05T23:19:12.634+0000] {dag.py:4180} INFO - Setting next_dagrun for example_complex to None, run_after=None
[2025-10-05T23:19:12.655+0000] {processor.py:208} INFO - Processing /home/airflow/.local/lib/python3.12/site-packages/airflow/example_dags/example_complex.py took 0.105 seconds
[2025-10-05T23:19:43.559+0000] {processor.py:186} INFO - Started process (PID=1103) to work on /home/airflow/.local/lib/python3.12/site-packages/airflow/example_dags/example_complex.py
[2025-10-05T23:19:43.563+0000] {processor.py:914} INFO - Processing file /home/airflow/.local/lib/python3.12/site-packages/airflow/example_dags/example_complex.py for tasks to queue
[2025-10-05T23:19:43.566+0000] {logging_mixin.py:190} INFO - [2025-10-05T23:19:43.566+0000] {dagbag.py:588} INFO - Filling up the DagBag from /home/airflow/.local/lib/python3.12/site-packages/airflow/example_dags/example_complex.py
[2025-10-05T23:19:43.585+0000] {processor.py:925} INFO - DAG(s) 'example_complex' retrieved from /home/airflow/.local/lib/python3.12/site-packages/airflow/example_dags/example_complex.py
[2025-10-05T23:19:43.635+0000] {logging_mixin.py:190} INFO - [2025-10-05T23:19:43.634+0000] {dag.py:3239} INFO - Sync 1 DAGs
[2025-10-05T23:19:43.664+0000] {logging_mixin.py:190} INFO - [2025-10-05T23:19:43.664+0000] {dag.py:4180} INFO - Setting next_dagrun for example_complex to None, run_after=None
[2025-10-05T23:19:43.691+0000] {processor.py:208} INFO - Processing /home/airflow/.local/lib/python3.12/site-packages/airflow/example_dags/example_complex.py took 0.141 seconds
[2025-10-05T23:20:15.095+0000] {processor.py:186} INFO - Started process (PID=1166) to work on /home/airflow/.local/lib/python3.12/site-packages/airflow/example_dags/example_complex.py
[2025-10-05T23:20:15.096+0000] {processor.py:914} INFO - Processing file /home/airflow/.local/lib/python3.12/site-packages/airflow/example_dags/example_complex.py for tasks to queue
[2025-10-05T23:20:15.099+0000] {logging_mixin.py:190} INFO - [2025-10-05T23:20:15.098+0000] {dagbag.py:588} INFO - Filling up the DagBag from /home/airflow/.local/lib/python3.12/site-packages/airflow/example_dags/example_complex.py
[2025-10-05T23:20:15.112+0000] {processor.py:925} INFO - DAG(s) 'example_complex' retrieved from /home/airflow/.local/lib/python3.12/site-packages/airflow/example_dags/example_complex.py
[2025-10-05T23:20:15.145+0000] {logging_mixin.py:190} INFO - [2025-10-05T23:20:15.145+0000] {dag.py:3239} INFO - Sync 1 DAGs
[2025-10-05T23:20:15.162+0000] {logging_mixin.py:190} INFO - [2025-10-05T23:20:15.162+0000] {dag.py:4180} INFO - Setting next_dagrun for example_complex to None, run_after=None
[2025-10-05T23:20:15.185+0000] {processor.py:208} INFO - Processing /home/airflow/.local/lib/python3.12/site-packages/airflow/example_dags/example_complex.py took 0.096 seconds
[2025-10-05T23:21:15.268+0000] {processor.py:186} INFO - Started process (PID=1234) to work on /home/airflow/.local/lib/python3.12/site-packages/airflow/example_dags/example_complex.py
[2025-10-05T23:21:15.270+0000] {processor.py:914} INFO - Processing file /home/airflow/.local/lib/python3.12/site-packages/airflow/example_dags/example_complex.py for tasks to queue
[2025-10-05T23:21:15.274+0000] {logging_mixin.py:190} INFO - [2025-10-05T23:21:15.274+0000] {dagbag.py:588} INFO - Filling up the DagBag from /home/airflow/.local/lib/python3.12/site-packages/airflow/example_dags/example_complex.py
[2025-10-05T23:21:15.293+0000] {processor.py:925} INFO - DAG(s) 'example_complex' retrieved from /home/airflow/.local/lib/python3.12/site-packages/airflow/example_dags/example_complex.py
[2025-10-05T23:21:15.338+0000] {logging_mixin.py:190} INFO - [2025-10-05T23:21:15.337+0000] {dag.py:3239} INFO - Sync 1 DAGs
[2025-10-05T23:21:15.359+0000] {logging_mixin.py:190} INFO - [2025-10-05T23:21:15.359+0000] {dag.py:4180} INFO - Setting next_dagrun for example_complex to None, run_after=None
[2025-10-05T23:21:15.390+0000] {processor.py:208} INFO - Processing /home/airflow/.local/lib/python3.12/site-packages/airflow/example_dags/example_complex.py took 0.131 seconds
[2025-10-05T23:21:47.216+0000] {processor.py:186} INFO - Started process (PID=1297) to work on /home/airflow/.local/lib/python3.12/site-packages/airflow/example_dags/example_complex.py
[2025-10-05T23:21:47.218+0000] {processor.py:914} INFO - Processing file /home/airflow/.local/lib/python3.12/site-packages/airflow/example_dags/example_complex.py for tasks to queue
[2025-10-05T23:21:47.221+0000] {logging_mixin.py:190} INFO - [2025-10-05T23:21:47.220+0000] {dagbag.py:588} INFO - Filling up the DagBag from /home/airflow/.local/lib/python3.12/site-packages/airflow/example_dags/example_complex.py
[2025-10-05T23:21:47.243+0000] {processor.py:925} INFO - DAG(s) 'example_complex' retrieved from /home/airflow/.local/lib/python3.12/site-packages/airflow/example_dags/example_complex.py
[2025-10-05T23:21:47.337+0000] {logging_mixin.py:190} INFO - [2025-10-05T23:21:47.336+0000] {dag.py:3239} INFO - Sync 1 DAGs
[2025-10-05T23:21:47.359+0000] {logging_mixin.py:190} INFO - [2025-10-05T23:21:47.359+0000] {dag.py:4180} INFO - Setting next_dagrun for example_complex to None, run_after=None
[2025-10-05T23:21:47.431+0000] {processor.py:208} INFO - Processing /home/airflow/.local/lib/python3.12/site-packages/airflow/example_dags/example_complex.py took 0.226 seconds
[2025-10-05T23:26:42.816+0000] {processor.py:186} INFO - Started process (PID=1346) to work on /home/airflow/.local/lib/python3.12/site-packages/airflow/example_dags/example_complex.py
[2025-10-05T23:26:42.819+0000] {processor.py:914} INFO - Processing file /home/airflow/.local/lib/python3.12/site-packages/airflow/example_dags/example_complex.py for tasks to queue
[2025-10-05T23:26:42.823+0000] {logging_mixin.py:190} INFO - [2025-10-05T23:26:42.821+0000] {dagbag.py:588} INFO - Filling up the DagBag from /home/airflow/.local/lib/python3.12/site-packages/airflow/example_dags/example_complex.py
[2025-10-05T23:26:42.865+0000] {processor.py:925} INFO - DAG(s) 'example_complex' retrieved from /home/airflow/.local/lib/python3.12/site-packages/airflow/example_dags/example_complex.py
[2025-10-05T23:26:43.024+0000] {logging_mixin.py:190} INFO - [2025-10-05T23:26:43.024+0000] {dag.py:3239} INFO - Sync 1 DAGs
[2025-10-05T23:26:43.075+0000] {logging_mixin.py:190} INFO - [2025-10-05T23:26:43.075+0000] {dag.py:4180} INFO - Setting next_dagrun for example_complex to None, run_after=None
[2025-10-05T23:26:43.135+0000] {processor.py:208} INFO - Processing /home/airflow/.local/lib/python3.12/site-packages/airflow/example_dags/example_complex.py took 0.336 seconds
[2025-10-05T23:28:14.218+0000] {processor.py:186} INFO - Started process (PID=1404) to work on /home/airflow/.local/lib/python3.12/site-packages/airflow/example_dags/example_complex.py
[2025-10-05T23:28:14.220+0000] {processor.py:914} INFO - Processing file /home/airflow/.local/lib/python3.12/site-packages/airflow/example_dags/example_complex.py for tasks to queue
[2025-10-05T23:28:14.223+0000] {logging_mixin.py:190} INFO - [2025-10-05T23:28:14.222+0000] {dagbag.py:588} INFO - Filling up the DagBag from /home/airflow/.local/lib/python3.12/site-packages/airflow/example_dags/example_complex.py
[2025-10-05T23:28:14.251+0000] {processor.py:925} INFO - DAG(s) 'example_complex' retrieved from /home/airflow/.local/lib/python3.12/site-packages/airflow/example_dags/example_complex.py
[2025-10-05T23:28:14.323+0000] {logging_mixin.py:190} INFO - [2025-10-05T23:28:14.323+0000] {dag.py:3239} INFO - Sync 1 DAGs
[2025-10-05T23:28:14.358+0000] {logging_mixin.py:190} INFO - [2025-10-05T23:28:14.358+0000] {dag.py:4180} INFO - Setting next_dagrun for example_complex to None, run_after=None
[2025-10-05T23:28:14.396+0000] {processor.py:208} INFO - Processing /home/airflow/.local/lib/python3.12/site-packages/airflow/example_dags/example_complex.py took 0.191 seconds
