[2025-10-05T23:11:08.135+0000] {processor.py:186} INFO - Started process (PID=113) to work on /home/airflow/.local/lib/python3.12/site-packages/airflow/example_dags/example_branch_python_dop_operator_3.py
[2025-10-05T23:11:08.139+0000] {processor.py:914} INFO - Processing file /home/airflow/.local/lib/python3.12/site-packages/airflow/example_dags/example_branch_python_dop_operator_3.py for tasks to queue
[2025-10-05T23:11:08.147+0000] {logging_mixin.py:190} INFO - [2025-10-05T23:11:08.146+0000] {dagbag.py:588} INFO - Filling up the DagBag from /home/airflow/.local/lib/python3.12/site-packages/airflow/example_dags/example_branch_python_dop_operator_3.py
[2025-10-05T23:11:08.189+0000] {processor.py:925} INFO - DAG(s) 'example_branch_dop_operator_v3' retrieved from /home/airflow/.local/lib/python3.12/site-packages/airflow/example_dags/example_branch_python_dop_operator_3.py
[2025-10-05T23:11:08.857+0000] {logging_mixin.py:190} INFO - [2025-10-05T23:11:08.854+0000] {override.py:1900} INFO - Created Permission View: can edit on DAG:example_branch_dop_operator_v3
[2025-10-05T23:11:08.899+0000] {logging_mixin.py:190} INFO - [2025-10-05T23:11:08.898+0000] {override.py:1900} INFO - Created Permission View: can delete on DAG:example_branch_dop_operator_v3
[2025-10-05T23:11:08.922+0000] {logging_mixin.py:190} INFO - [2025-10-05T23:11:08.921+0000] {override.py:1900} INFO - Created Permission View: can read on DAG:example_branch_dop_operator_v3
[2025-10-05T23:11:08.947+0000] {logging_mixin.py:190} INFO - [2025-10-05T23:11:08.946+0000] {override.py:1900} INFO - Created Permission View: can create on DAG Run:example_branch_dop_operator_v3
[2025-10-05T23:11:08.975+0000] {logging_mixin.py:190} INFO - [2025-10-05T23:11:08.974+0000] {override.py:1900} INFO - Created Permission View: menu access on DAG Run:example_branch_dop_operator_v3
[2025-10-05T23:11:09.425+0000] {logging_mixin.py:190} INFO - [2025-10-05T23:11:09.424+0000] {override.py:1900} INFO - Created Permission View: can delete on DAG Run:example_branch_dop_operator_v3
[2025-10-05T23:11:09.502+0000] {logging_mixin.py:190} INFO - [2025-10-05T23:11:09.502+0000] {override.py:1900} INFO - Created Permission View: can read on DAG Run:example_branch_dop_operator_v3
[2025-10-05T23:11:09.507+0000] {logging_mixin.py:190} INFO - [2025-10-05T23:11:09.506+0000] {dag.py:3239} INFO - Sync 1 DAGs
[2025-10-05T23:11:09.564+0000] {logging_mixin.py:190} INFO - [2025-10-05T23:11:09.564+0000] {dag.py:3262} INFO - Creating ORM DAG for example_branch_dop_operator_v3
[2025-10-05T23:11:09.621+0000] {logging_mixin.py:190} INFO - [2025-10-05T23:11:09.621+0000] {dag.py:4180} INFO - Setting next_dagrun for example_branch_dop_operator_v3 to 2025-10-05 23:10:00+00:00, run_after=2025-10-05 23:11:00+00:00
[2025-10-05T23:11:10.543+0000] {processor.py:208} INFO - Processing /home/airflow/.local/lib/python3.12/site-packages/airflow/example_dags/example_branch_python_dop_operator_3.py took 1.404 seconds
[2025-10-05T23:11:41.396+0000] {processor.py:186} INFO - Started process (PID=175) to work on /home/airflow/.local/lib/python3.12/site-packages/airflow/example_dags/example_branch_python_dop_operator_3.py
[2025-10-05T23:11:41.400+0000] {processor.py:914} INFO - Processing file /home/airflow/.local/lib/python3.12/site-packages/airflow/example_dags/example_branch_python_dop_operator_3.py for tasks to queue
[2025-10-05T23:11:41.406+0000] {logging_mixin.py:190} INFO - [2025-10-05T23:11:41.405+0000] {dagbag.py:588} INFO - Filling up the DagBag from /home/airflow/.local/lib/python3.12/site-packages/airflow/example_dags/example_branch_python_dop_operator_3.py
[2025-10-05T23:11:41.431+0000] {processor.py:925} INFO - DAG(s) 'example_branch_dop_operator_v3' retrieved from /home/airflow/.local/lib/python3.12/site-packages/airflow/example_dags/example_branch_python_dop_operator_3.py
[2025-10-05T23:11:41.484+0000] {logging_mixin.py:190} INFO - [2025-10-05T23:11:41.483+0000] {dag.py:3239} INFO - Sync 1 DAGs
[2025-10-05T23:11:41.561+0000] {logging_mixin.py:190} INFO - [2025-10-05T23:11:41.560+0000] {dag.py:4180} INFO - Setting next_dagrun for example_branch_dop_operator_v3 to 2025-10-05 23:10:00+00:00, run_after=2025-10-05 23:11:00+00:00
[2025-10-05T23:11:41.628+0000] {processor.py:208} INFO - Processing /home/airflow/.local/lib/python3.12/site-packages/airflow/example_dags/example_branch_python_dop_operator_3.py took 0.250 seconds
[2025-10-05T23:12:12.577+0000] {processor.py:186} INFO - Started process (PID=238) to work on /home/airflow/.local/lib/python3.12/site-packages/airflow/example_dags/example_branch_python_dop_operator_3.py
[2025-10-05T23:12:12.581+0000] {processor.py:914} INFO - Processing file /home/airflow/.local/lib/python3.12/site-packages/airflow/example_dags/example_branch_python_dop_operator_3.py for tasks to queue
[2025-10-05T23:12:12.588+0000] {logging_mixin.py:190} INFO - [2025-10-05T23:12:12.587+0000] {dagbag.py:588} INFO - Filling up the DagBag from /home/airflow/.local/lib/python3.12/site-packages/airflow/example_dags/example_branch_python_dop_operator_3.py
[2025-10-05T23:12:12.619+0000] {processor.py:925} INFO - DAG(s) 'example_branch_dop_operator_v3' retrieved from /home/airflow/.local/lib/python3.12/site-packages/airflow/example_dags/example_branch_python_dop_operator_3.py
[2025-10-05T23:12:12.666+0000] {logging_mixin.py:190} INFO - [2025-10-05T23:12:12.665+0000] {dag.py:3239} INFO - Sync 1 DAGs
[2025-10-05T23:12:12.734+0000] {logging_mixin.py:190} INFO - [2025-10-05T23:12:12.733+0000] {dag.py:4180} INFO - Setting next_dagrun for example_branch_dop_operator_v3 to 2025-10-05 23:11:00+00:00, run_after=2025-10-05 23:12:00+00:00
[2025-10-05T23:12:12.774+0000] {processor.py:208} INFO - Processing /home/airflow/.local/lib/python3.12/site-packages/airflow/example_dags/example_branch_python_dop_operator_3.py took 0.217 seconds
[2025-10-05T23:12:48.317+0000] {processor.py:186} INFO - Started process (PID=308) to work on /home/airflow/.local/lib/python3.12/site-packages/airflow/example_dags/example_branch_python_dop_operator_3.py
[2025-10-05T23:12:48.328+0000] {processor.py:914} INFO - Processing file /home/airflow/.local/lib/python3.12/site-packages/airflow/example_dags/example_branch_python_dop_operator_3.py for tasks to queue
[2025-10-05T23:12:48.336+0000] {logging_mixin.py:190} INFO - [2025-10-05T23:12:48.335+0000] {dagbag.py:588} INFO - Filling up the DagBag from /home/airflow/.local/lib/python3.12/site-packages/airflow/example_dags/example_branch_python_dop_operator_3.py
[2025-10-05T23:12:48.385+0000] {processor.py:925} INFO - DAG(s) 'example_branch_dop_operator_v3' retrieved from /home/airflow/.local/lib/python3.12/site-packages/airflow/example_dags/example_branch_python_dop_operator_3.py
[2025-10-05T23:12:48.461+0000] {logging_mixin.py:190} INFO - [2025-10-05T23:12:48.460+0000] {dag.py:3239} INFO - Sync 1 DAGs
[2025-10-05T23:12:48.511+0000] {logging_mixin.py:190} INFO - [2025-10-05T23:12:48.511+0000] {dag.py:4180} INFO - Setting next_dagrun for example_branch_dop_operator_v3 to 2025-10-05 23:11:00+00:00, run_after=2025-10-05 23:12:00+00:00
[2025-10-05T23:12:48.542+0000] {processor.py:208} INFO - Processing /home/airflow/.local/lib/python3.12/site-packages/airflow/example_dags/example_branch_python_dop_operator_3.py took 0.239 seconds
[2025-10-05T23:13:18.723+0000] {processor.py:186} INFO - Started process (PID=364) to work on /home/airflow/.local/lib/python3.12/site-packages/airflow/example_dags/example_branch_python_dop_operator_3.py
[2025-10-05T23:13:18.724+0000] {processor.py:914} INFO - Processing file /home/airflow/.local/lib/python3.12/site-packages/airflow/example_dags/example_branch_python_dop_operator_3.py for tasks to queue
[2025-10-05T23:13:18.728+0000] {logging_mixin.py:190} INFO - [2025-10-05T23:13:18.727+0000] {dagbag.py:588} INFO - Filling up the DagBag from /home/airflow/.local/lib/python3.12/site-packages/airflow/example_dags/example_branch_python_dop_operator_3.py
[2025-10-05T23:13:18.740+0000] {processor.py:925} INFO - DAG(s) 'example_branch_dop_operator_v3' retrieved from /home/airflow/.local/lib/python3.12/site-packages/airflow/example_dags/example_branch_python_dop_operator_3.py
[2025-10-05T23:13:18.774+0000] {logging_mixin.py:190} INFO - [2025-10-05T23:13:18.774+0000] {dag.py:3239} INFO - Sync 1 DAGs
[2025-10-05T23:13:18.803+0000] {logging_mixin.py:190} INFO - [2025-10-05T23:13:18.803+0000] {dag.py:4180} INFO - Setting next_dagrun for example_branch_dop_operator_v3 to 2025-10-05 23:12:00+00:00, run_after=2025-10-05 23:13:00+00:00
[2025-10-05T23:13:18.826+0000] {processor.py:208} INFO - Processing /home/airflow/.local/lib/python3.12/site-packages/airflow/example_dags/example_branch_python_dop_operator_3.py took 0.110 seconds
[2025-10-05T23:13:49.388+0000] {processor.py:186} INFO - Started process (PID=428) to work on /home/airflow/.local/lib/python3.12/site-packages/airflow/example_dags/example_branch_python_dop_operator_3.py
[2025-10-05T23:13:49.389+0000] {processor.py:914} INFO - Processing file /home/airflow/.local/lib/python3.12/site-packages/airflow/example_dags/example_branch_python_dop_operator_3.py for tasks to queue
[2025-10-05T23:13:49.393+0000] {logging_mixin.py:190} INFO - [2025-10-05T23:13:49.392+0000] {dagbag.py:588} INFO - Filling up the DagBag from /home/airflow/.local/lib/python3.12/site-packages/airflow/example_dags/example_branch_python_dop_operator_3.py
[2025-10-05T23:13:49.405+0000] {processor.py:925} INFO - DAG(s) 'example_branch_dop_operator_v3' retrieved from /home/airflow/.local/lib/python3.12/site-packages/airflow/example_dags/example_branch_python_dop_operator_3.py
[2025-10-05T23:13:49.546+0000] {logging_mixin.py:190} INFO - [2025-10-05T23:13:49.545+0000] {dag.py:3239} INFO - Sync 1 DAGs
[2025-10-05T23:13:49.581+0000] {logging_mixin.py:190} INFO - [2025-10-05T23:13:49.581+0000] {dag.py:4180} INFO - Setting next_dagrun for example_branch_dop_operator_v3 to 2025-10-05 23:12:00+00:00, run_after=2025-10-05 23:13:00+00:00
[2025-10-05T23:13:49.772+0000] {processor.py:208} INFO - Processing /home/airflow/.local/lib/python3.12/site-packages/airflow/example_dags/example_branch_python_dop_operator_3.py took 0.394 seconds
[2025-10-05T23:14:19.928+0000] {processor.py:186} INFO - Started process (PID=491) to work on /home/airflow/.local/lib/python3.12/site-packages/airflow/example_dags/example_branch_python_dop_operator_3.py
[2025-10-05T23:14:19.929+0000] {processor.py:914} INFO - Processing file /home/airflow/.local/lib/python3.12/site-packages/airflow/example_dags/example_branch_python_dop_operator_3.py for tasks to queue
[2025-10-05T23:14:19.932+0000] {logging_mixin.py:190} INFO - [2025-10-05T23:14:19.931+0000] {dagbag.py:588} INFO - Filling up the DagBag from /home/airflow/.local/lib/python3.12/site-packages/airflow/example_dags/example_branch_python_dop_operator_3.py
[2025-10-05T23:14:19.944+0000] {processor.py:925} INFO - DAG(s) 'example_branch_dop_operator_v3' retrieved from /home/airflow/.local/lib/python3.12/site-packages/airflow/example_dags/example_branch_python_dop_operator_3.py
[2025-10-05T23:14:19.970+0000] {logging_mixin.py:190} INFO - [2025-10-05T23:14:19.970+0000] {dag.py:3239} INFO - Sync 1 DAGs
[2025-10-05T23:14:20.014+0000] {logging_mixin.py:190} INFO - [2025-10-05T23:14:20.013+0000] {dag.py:4180} INFO - Setting next_dagrun for example_branch_dop_operator_v3 to 2025-10-05 23:13:00+00:00, run_after=2025-10-05 23:14:00+00:00
[2025-10-05T23:14:20.044+0000] {processor.py:208} INFO - Processing /home/airflow/.local/lib/python3.12/site-packages/airflow/example_dags/example_branch_python_dop_operator_3.py took 0.123 seconds
[2025-10-05T23:14:50.561+0000] {processor.py:186} INFO - Started process (PID=554) to work on /home/airflow/.local/lib/python3.12/site-packages/airflow/example_dags/example_branch_python_dop_operator_3.py
[2025-10-05T23:14:50.572+0000] {processor.py:914} INFO - Processing file /home/airflow/.local/lib/python3.12/site-packages/airflow/example_dags/example_branch_python_dop_operator_3.py for tasks to queue
[2025-10-05T23:14:50.603+0000] {logging_mixin.py:190} INFO - [2025-10-05T23:14:50.601+0000] {dagbag.py:588} INFO - Filling up the DagBag from /home/airflow/.local/lib/python3.12/site-packages/airflow/example_dags/example_branch_python_dop_operator_3.py
[2025-10-05T23:14:50.698+0000] {processor.py:925} INFO - DAG(s) 'example_branch_dop_operator_v3' retrieved from /home/airflow/.local/lib/python3.12/site-packages/airflow/example_dags/example_branch_python_dop_operator_3.py
[2025-10-05T23:14:50.873+0000] {logging_mixin.py:190} INFO - [2025-10-05T23:14:50.872+0000] {dag.py:3239} INFO - Sync 1 DAGs
[2025-10-05T23:14:51.116+0000] {logging_mixin.py:190} INFO - [2025-10-05T23:14:51.116+0000] {dag.py:4180} INFO - Setting next_dagrun for example_branch_dop_operator_v3 to 2025-10-05 23:13:00+00:00, run_after=2025-10-05 23:14:00+00:00
[2025-10-05T23:14:51.174+0000] {processor.py:208} INFO - Processing /home/airflow/.local/lib/python3.12/site-packages/airflow/example_dags/example_branch_python_dop_operator_3.py took 0.673 seconds
[2025-10-05T23:15:21.311+0000] {processor.py:186} INFO - Started process (PID=616) to work on /home/airflow/.local/lib/python3.12/site-packages/airflow/example_dags/example_branch_python_dop_operator_3.py
[2025-10-05T23:15:21.316+0000] {processor.py:914} INFO - Processing file /home/airflow/.local/lib/python3.12/site-packages/airflow/example_dags/example_branch_python_dop_operator_3.py for tasks to queue
[2025-10-05T23:15:21.330+0000] {logging_mixin.py:190} INFO - [2025-10-05T23:15:21.324+0000] {dagbag.py:588} INFO - Filling up the DagBag from /home/airflow/.local/lib/python3.12/site-packages/airflow/example_dags/example_branch_python_dop_operator_3.py
[2025-10-05T23:15:21.357+0000] {processor.py:925} INFO - DAG(s) 'example_branch_dop_operator_v3' retrieved from /home/airflow/.local/lib/python3.12/site-packages/airflow/example_dags/example_branch_python_dop_operator_3.py
[2025-10-05T23:15:21.393+0000] {logging_mixin.py:190} INFO - [2025-10-05T23:15:21.392+0000] {dag.py:3239} INFO - Sync 1 DAGs
[2025-10-05T23:15:21.443+0000] {logging_mixin.py:190} INFO - [2025-10-05T23:15:21.443+0000] {dag.py:4180} INFO - Setting next_dagrun for example_branch_dop_operator_v3 to 2025-10-05 23:14:00+00:00, run_after=2025-10-05 23:15:00+00:00
[2025-10-05T23:15:21.478+0000] {processor.py:208} INFO - Processing /home/airflow/.local/lib/python3.12/site-packages/airflow/example_dags/example_branch_python_dop_operator_3.py took 0.187 seconds
[2025-10-05T23:15:51.703+0000] {processor.py:186} INFO - Started process (PID=679) to work on /home/airflow/.local/lib/python3.12/site-packages/airflow/example_dags/example_branch_python_dop_operator_3.py
[2025-10-05T23:15:51.704+0000] {processor.py:914} INFO - Processing file /home/airflow/.local/lib/python3.12/site-packages/airflow/example_dags/example_branch_python_dop_operator_3.py for tasks to queue
[2025-10-05T23:15:51.707+0000] {logging_mixin.py:190} INFO - [2025-10-05T23:15:51.707+0000] {dagbag.py:588} INFO - Filling up the DagBag from /home/airflow/.local/lib/python3.12/site-packages/airflow/example_dags/example_branch_python_dop_operator_3.py
[2025-10-05T23:15:51.720+0000] {processor.py:925} INFO - DAG(s) 'example_branch_dop_operator_v3' retrieved from /home/airflow/.local/lib/python3.12/site-packages/airflow/example_dags/example_branch_python_dop_operator_3.py
[2025-10-05T23:15:51.745+0000] {logging_mixin.py:190} INFO - [2025-10-05T23:15:51.744+0000] {dag.py:3239} INFO - Sync 1 DAGs
[2025-10-05T23:15:51.775+0000] {logging_mixin.py:190} INFO - [2025-10-05T23:15:51.774+0000] {dag.py:4180} INFO - Setting next_dagrun for example_branch_dop_operator_v3 to 2025-10-05 23:14:00+00:00, run_after=2025-10-05 23:15:00+00:00
[2025-10-05T23:15:51.798+0000] {processor.py:208} INFO - Processing /home/airflow/.local/lib/python3.12/site-packages/airflow/example_dags/example_branch_python_dop_operator_3.py took 0.104 seconds
[2025-10-05T23:16:39.863+0000] {processor.py:186} INFO - Started process (PID=748) to work on /home/airflow/.local/lib/python3.12/site-packages/airflow/example_dags/example_branch_python_dop_operator_3.py
[2025-10-05T23:16:39.865+0000] {processor.py:914} INFO - Processing file /home/airflow/.local/lib/python3.12/site-packages/airflow/example_dags/example_branch_python_dop_operator_3.py for tasks to queue
[2025-10-05T23:16:39.868+0000] {logging_mixin.py:190} INFO - [2025-10-05T23:16:39.868+0000] {dagbag.py:588} INFO - Filling up the DagBag from /home/airflow/.local/lib/python3.12/site-packages/airflow/example_dags/example_branch_python_dop_operator_3.py
[2025-10-05T23:16:39.885+0000] {processor.py:925} INFO - DAG(s) 'example_branch_dop_operator_v3' retrieved from /home/airflow/.local/lib/python3.12/site-packages/airflow/example_dags/example_branch_python_dop_operator_3.py
[2025-10-05T23:16:39.921+0000] {logging_mixin.py:190} INFO - [2025-10-05T23:16:39.921+0000] {dag.py:3239} INFO - Sync 1 DAGs
[2025-10-05T23:16:39.966+0000] {logging_mixin.py:190} INFO - [2025-10-05T23:16:39.965+0000] {dag.py:4180} INFO - Setting next_dagrun for example_branch_dop_operator_v3 to 2025-10-05 23:15:00+00:00, run_after=2025-10-05 23:16:00+00:00
[2025-10-05T23:16:39.998+0000] {processor.py:208} INFO - Processing /home/airflow/.local/lib/python3.12/site-packages/airflow/example_dags/example_branch_python_dop_operator_3.py took 0.146 seconds
[2025-10-05T23:17:10.121+0000] {processor.py:186} INFO - Started process (PID=811) to work on /home/airflow/.local/lib/python3.12/site-packages/airflow/example_dags/example_branch_python_dop_operator_3.py
[2025-10-05T23:17:10.122+0000] {processor.py:914} INFO - Processing file /home/airflow/.local/lib/python3.12/site-packages/airflow/example_dags/example_branch_python_dop_operator_3.py for tasks to queue
[2025-10-05T23:17:10.127+0000] {logging_mixin.py:190} INFO - [2025-10-05T23:17:10.127+0000] {dagbag.py:588} INFO - Filling up the DagBag from /home/airflow/.local/lib/python3.12/site-packages/airflow/example_dags/example_branch_python_dop_operator_3.py
[2025-10-05T23:17:10.143+0000] {processor.py:925} INFO - DAG(s) 'example_branch_dop_operator_v3' retrieved from /home/airflow/.local/lib/python3.12/site-packages/airflow/example_dags/example_branch_python_dop_operator_3.py
[2025-10-05T23:17:10.182+0000] {logging_mixin.py:190} INFO - [2025-10-05T23:17:10.181+0000] {dag.py:3239} INFO - Sync 1 DAGs
[2025-10-05T23:17:10.238+0000] {logging_mixin.py:190} INFO - [2025-10-05T23:17:10.237+0000] {dag.py:4180} INFO - Setting next_dagrun for example_branch_dop_operator_v3 to 2025-10-05 23:16:00+00:00, run_after=2025-10-05 23:17:00+00:00
[2025-10-05T23:17:10.290+0000] {processor.py:208} INFO - Processing /home/airflow/.local/lib/python3.12/site-packages/airflow/example_dags/example_branch_python_dop_operator_3.py took 0.177 seconds
[2025-10-05T23:17:41.436+0000] {processor.py:186} INFO - Started process (PID=874) to work on /home/airflow/.local/lib/python3.12/site-packages/airflow/example_dags/example_branch_python_dop_operator_3.py
[2025-10-05T23:17:41.437+0000] {processor.py:914} INFO - Processing file /home/airflow/.local/lib/python3.12/site-packages/airflow/example_dags/example_branch_python_dop_operator_3.py for tasks to queue
[2025-10-05T23:17:41.441+0000] {logging_mixin.py:190} INFO - [2025-10-05T23:17:41.440+0000] {dagbag.py:588} INFO - Filling up the DagBag from /home/airflow/.local/lib/python3.12/site-packages/airflow/example_dags/example_branch_python_dop_operator_3.py
[2025-10-05T23:17:41.458+0000] {processor.py:925} INFO - DAG(s) 'example_branch_dop_operator_v3' retrieved from /home/airflow/.local/lib/python3.12/site-packages/airflow/example_dags/example_branch_python_dop_operator_3.py
[2025-10-05T23:17:41.481+0000] {logging_mixin.py:190} INFO - [2025-10-05T23:17:41.481+0000] {dag.py:3239} INFO - Sync 1 DAGs
[2025-10-05T23:17:41.511+0000] {logging_mixin.py:190} INFO - [2025-10-05T23:17:41.510+0000] {dag.py:4180} INFO - Setting next_dagrun for example_branch_dop_operator_v3 to 2025-10-05 23:16:00+00:00, run_after=2025-10-05 23:17:00+00:00
[2025-10-05T23:17:41.536+0000] {processor.py:208} INFO - Processing /home/airflow/.local/lib/python3.12/site-packages/airflow/example_dags/example_branch_python_dop_operator_3.py took 0.108 seconds
[2025-10-05T23:18:12.581+0000] {processor.py:186} INFO - Started process (PID=938) to work on /home/airflow/.local/lib/python3.12/site-packages/airflow/example_dags/example_branch_python_dop_operator_3.py
[2025-10-05T23:18:12.583+0000] {processor.py:914} INFO - Processing file /home/airflow/.local/lib/python3.12/site-packages/airflow/example_dags/example_branch_python_dop_operator_3.py for tasks to queue
[2025-10-05T23:18:12.586+0000] {logging_mixin.py:190} INFO - [2025-10-05T23:18:12.586+0000] {dagbag.py:588} INFO - Filling up the DagBag from /home/airflow/.local/lib/python3.12/site-packages/airflow/example_dags/example_branch_python_dop_operator_3.py
[2025-10-05T23:18:12.601+0000] {processor.py:925} INFO - DAG(s) 'example_branch_dop_operator_v3' retrieved from /home/airflow/.local/lib/python3.12/site-packages/airflow/example_dags/example_branch_python_dop_operator_3.py
[2025-10-05T23:18:12.623+0000] {logging_mixin.py:190} INFO - [2025-10-05T23:18:12.623+0000] {dag.py:3239} INFO - Sync 1 DAGs
[2025-10-05T23:18:12.657+0000] {logging_mixin.py:190} INFO - [2025-10-05T23:18:12.656+0000] {dag.py:4180} INFO - Setting next_dagrun for example_branch_dop_operator_v3 to 2025-10-05 23:17:00+00:00, run_after=2025-10-05 23:18:00+00:00
[2025-10-05T23:18:12.681+0000] {processor.py:208} INFO - Processing /home/airflow/.local/lib/python3.12/site-packages/airflow/example_dags/example_branch_python_dop_operator_3.py took 0.107 seconds
[2025-10-05T23:18:43.873+0000] {processor.py:186} INFO - Started process (PID=1001) to work on /home/airflow/.local/lib/python3.12/site-packages/airflow/example_dags/example_branch_python_dop_operator_3.py
[2025-10-05T23:18:43.874+0000] {processor.py:914} INFO - Processing file /home/airflow/.local/lib/python3.12/site-packages/airflow/example_dags/example_branch_python_dop_operator_3.py for tasks to queue
[2025-10-05T23:18:43.877+0000] {logging_mixin.py:190} INFO - [2025-10-05T23:18:43.876+0000] {dagbag.py:588} INFO - Filling up the DagBag from /home/airflow/.local/lib/python3.12/site-packages/airflow/example_dags/example_branch_python_dop_operator_3.py
[2025-10-05T23:18:43.891+0000] {processor.py:925} INFO - DAG(s) 'example_branch_dop_operator_v3' retrieved from /home/airflow/.local/lib/python3.12/site-packages/airflow/example_dags/example_branch_python_dop_operator_3.py
[2025-10-05T23:18:43.914+0000] {logging_mixin.py:190} INFO - [2025-10-05T23:18:43.914+0000] {dag.py:3239} INFO - Sync 1 DAGs
[2025-10-05T23:18:43.945+0000] {logging_mixin.py:190} INFO - [2025-10-05T23:18:43.945+0000] {dag.py:4180} INFO - Setting next_dagrun for example_branch_dop_operator_v3 to 2025-10-05 23:17:00+00:00, run_after=2025-10-05 23:18:00+00:00
[2025-10-05T23:18:43.970+0000] {processor.py:208} INFO - Processing /home/airflow/.local/lib/python3.12/site-packages/airflow/example_dags/example_branch_python_dop_operator_3.py took 0.105 seconds
[2025-10-05T23:19:14.908+0000] {processor.py:186} INFO - Started process (PID=1064) to work on /home/airflow/.local/lib/python3.12/site-packages/airflow/example_dags/example_branch_python_dop_operator_3.py
[2025-10-05T23:19:14.909+0000] {processor.py:914} INFO - Processing file /home/airflow/.local/lib/python3.12/site-packages/airflow/example_dags/example_branch_python_dop_operator_3.py for tasks to queue
[2025-10-05T23:19:14.914+0000] {logging_mixin.py:190} INFO - [2025-10-05T23:19:14.913+0000] {dagbag.py:588} INFO - Filling up the DagBag from /home/airflow/.local/lib/python3.12/site-packages/airflow/example_dags/example_branch_python_dop_operator_3.py
[2025-10-05T23:19:14.930+0000] {processor.py:925} INFO - DAG(s) 'example_branch_dop_operator_v3' retrieved from /home/airflow/.local/lib/python3.12/site-packages/airflow/example_dags/example_branch_python_dop_operator_3.py
[2025-10-05T23:19:14.952+0000] {logging_mixin.py:190} INFO - [2025-10-05T23:19:14.952+0000] {dag.py:3239} INFO - Sync 1 DAGs
[2025-10-05T23:19:14.985+0000] {logging_mixin.py:190} INFO - [2025-10-05T23:19:14.985+0000] {dag.py:4180} INFO - Setting next_dagrun for example_branch_dop_operator_v3 to 2025-10-05 23:18:00+00:00, run_after=2025-10-05 23:19:00+00:00
[2025-10-05T23:19:15.010+0000] {processor.py:208} INFO - Processing /home/airflow/.local/lib/python3.12/site-packages/airflow/example_dags/example_branch_python_dop_operator_3.py took 0.109 seconds
[2025-10-05T23:20:07.008+0000] {processor.py:186} INFO - Started process (PID=1138) to work on /home/airflow/.local/lib/python3.12/site-packages/airflow/example_dags/example_branch_python_dop_operator_3.py
[2025-10-05T23:20:07.010+0000] {processor.py:914} INFO - Processing file /home/airflow/.local/lib/python3.12/site-packages/airflow/example_dags/example_branch_python_dop_operator_3.py for tasks to queue
[2025-10-05T23:20:07.014+0000] {logging_mixin.py:190} INFO - [2025-10-05T23:20:07.013+0000] {dagbag.py:588} INFO - Filling up the DagBag from /home/airflow/.local/lib/python3.12/site-packages/airflow/example_dags/example_branch_python_dop_operator_3.py
[2025-10-05T23:20:07.030+0000] {processor.py:925} INFO - DAG(s) 'example_branch_dop_operator_v3' retrieved from /home/airflow/.local/lib/python3.12/site-packages/airflow/example_dags/example_branch_python_dop_operator_3.py
[2025-10-05T23:20:07.061+0000] {logging_mixin.py:190} INFO - [2025-10-05T23:20:07.061+0000] {dag.py:3239} INFO - Sync 1 DAGs
[2025-10-05T23:20:07.101+0000] {logging_mixin.py:190} INFO - [2025-10-05T23:20:07.101+0000] {dag.py:4180} INFO - Setting next_dagrun for example_branch_dop_operator_v3 to 2025-10-05 23:19:00+00:00, run_after=2025-10-05 23:20:00+00:00
[2025-10-05T23:20:07.131+0000] {processor.py:208} INFO - Processing /home/airflow/.local/lib/python3.12/site-packages/airflow/example_dags/example_branch_python_dop_operator_3.py took 0.132 seconds
[2025-10-05T23:20:37.755+0000] {processor.py:186} INFO - Started process (PID=1201) to work on /home/airflow/.local/lib/python3.12/site-packages/airflow/example_dags/example_branch_python_dop_operator_3.py
[2025-10-05T23:20:37.757+0000] {processor.py:914} INFO - Processing file /home/airflow/.local/lib/python3.12/site-packages/airflow/example_dags/example_branch_python_dop_operator_3.py for tasks to queue
[2025-10-05T23:20:37.761+0000] {logging_mixin.py:190} INFO - [2025-10-05T23:20:37.760+0000] {dagbag.py:588} INFO - Filling up the DagBag from /home/airflow/.local/lib/python3.12/site-packages/airflow/example_dags/example_branch_python_dop_operator_3.py
[2025-10-05T23:20:37.779+0000] {processor.py:925} INFO - DAG(s) 'example_branch_dop_operator_v3' retrieved from /home/airflow/.local/lib/python3.12/site-packages/airflow/example_dags/example_branch_python_dop_operator_3.py
[2025-10-05T23:20:37.817+0000] {logging_mixin.py:190} INFO - [2025-10-05T23:20:37.817+0000] {dag.py:3239} INFO - Sync 1 DAGs
[2025-10-05T23:20:37.858+0000] {logging_mixin.py:190} INFO - [2025-10-05T23:20:37.857+0000] {dag.py:4180} INFO - Setting next_dagrun for example_branch_dop_operator_v3 to 2025-10-05 23:19:00+00:00, run_after=2025-10-05 23:20:00+00:00
[2025-10-05T23:20:37.892+0000] {processor.py:208} INFO - Processing /home/airflow/.local/lib/python3.12/site-packages/airflow/example_dags/example_branch_python_dop_operator_3.py took 0.145 seconds
[2025-10-05T23:21:18.771+0000] {processor.py:186} INFO - Started process (PID=1259) to work on /home/airflow/.local/lib/python3.12/site-packages/airflow/example_dags/example_branch_python_dop_operator_3.py
[2025-10-05T23:21:18.773+0000] {processor.py:914} INFO - Processing file /home/airflow/.local/lib/python3.12/site-packages/airflow/example_dags/example_branch_python_dop_operator_3.py for tasks to queue
[2025-10-05T23:21:18.776+0000] {logging_mixin.py:190} INFO - [2025-10-05T23:21:18.776+0000] {dagbag.py:588} INFO - Filling up the DagBag from /home/airflow/.local/lib/python3.12/site-packages/airflow/example_dags/example_branch_python_dop_operator_3.py
[2025-10-05T23:21:18.793+0000] {processor.py:925} INFO - DAG(s) 'example_branch_dop_operator_v3' retrieved from /home/airflow/.local/lib/python3.12/site-packages/airflow/example_dags/example_branch_python_dop_operator_3.py
[2025-10-05T23:21:18.826+0000] {logging_mixin.py:190} INFO - [2025-10-05T23:21:18.826+0000] {dag.py:3239} INFO - Sync 1 DAGs
[2025-10-05T23:21:18.871+0000] {logging_mixin.py:190} INFO - [2025-10-05T23:21:18.871+0000] {dag.py:4180} INFO - Setting next_dagrun for example_branch_dop_operator_v3 to 2025-10-05 23:20:00+00:00, run_after=2025-10-05 23:21:00+00:00
[2025-10-05T23:21:18.898+0000] {processor.py:208} INFO - Processing /home/airflow/.local/lib/python3.12/site-packages/airflow/example_dags/example_branch_python_dop_operator_3.py took 0.136 seconds
[2025-10-05T23:26:44.462+0000] {processor.py:186} INFO - Started process (PID=1353) to work on /home/airflow/.local/lib/python3.12/site-packages/airflow/example_dags/example_branch_python_dop_operator_3.py
[2025-10-05T23:26:44.465+0000] {processor.py:914} INFO - Processing file /home/airflow/.local/lib/python3.12/site-packages/airflow/example_dags/example_branch_python_dop_operator_3.py for tasks to queue
[2025-10-05T23:26:44.468+0000] {logging_mixin.py:190} INFO - [2025-10-05T23:26:44.468+0000] {dagbag.py:588} INFO - Filling up the DagBag from /home/airflow/.local/lib/python3.12/site-packages/airflow/example_dags/example_branch_python_dop_operator_3.py
[2025-10-05T23:26:44.490+0000] {processor.py:925} INFO - DAG(s) 'example_branch_dop_operator_v3' retrieved from /home/airflow/.local/lib/python3.12/site-packages/airflow/example_dags/example_branch_python_dop_operator_3.py
[2025-10-05T23:26:44.530+0000] {logging_mixin.py:190} INFO - [2025-10-05T23:26:44.529+0000] {dag.py:3239} INFO - Sync 1 DAGs
[2025-10-05T23:26:44.579+0000] {logging_mixin.py:190} INFO - [2025-10-05T23:26:44.579+0000] {dag.py:4180} INFO - Setting next_dagrun for example_branch_dop_operator_v3 to 2025-10-05 23:25:00+00:00, run_after=2025-10-05 23:26:00+00:00
[2025-10-05T23:26:44.628+0000] {processor.py:208} INFO - Processing /home/airflow/.local/lib/python3.12/site-packages/airflow/example_dags/example_branch_python_dop_operator_3.py took 0.179 seconds
[2025-10-05T23:28:16.961+0000] {processor.py:186} INFO - Started process (PID=1415) to work on /home/airflow/.local/lib/python3.12/site-packages/airflow/example_dags/example_branch_python_dop_operator_3.py
[2025-10-05T23:28:16.964+0000] {processor.py:914} INFO - Processing file /home/airflow/.local/lib/python3.12/site-packages/airflow/example_dags/example_branch_python_dop_operator_3.py for tasks to queue
[2025-10-05T23:28:16.968+0000] {logging_mixin.py:190} INFO - [2025-10-05T23:28:16.967+0000] {dagbag.py:588} INFO - Filling up the DagBag from /home/airflow/.local/lib/python3.12/site-packages/airflow/example_dags/example_branch_python_dop_operator_3.py
[2025-10-05T23:28:17.021+0000] {processor.py:925} INFO - DAG(s) 'example_branch_dop_operator_v3' retrieved from /home/airflow/.local/lib/python3.12/site-packages/airflow/example_dags/example_branch_python_dop_operator_3.py
[2025-10-05T23:28:17.340+0000] {logging_mixin.py:190} INFO - [2025-10-05T23:28:17.337+0000] {dag.py:3239} INFO - Sync 1 DAGs
[2025-10-05T23:28:17.437+0000] {logging_mixin.py:190} INFO - [2025-10-05T23:28:17.436+0000] {dag.py:4180} INFO - Setting next_dagrun for example_branch_dop_operator_v3 to 2025-10-05 23:27:00+00:00, run_after=2025-10-05 23:28:00+00:00
[2025-10-05T23:28:17.500+0000] {processor.py:208} INFO - Processing /home/airflow/.local/lib/python3.12/site-packages/airflow/example_dags/example_branch_python_dop_operator_3.py took 0.560 seconds
