[2025-10-05T23:10:46.269+0000] {processor.py:186} INFO - Started process (PID=93) to work on /home/airflow/.local/lib/python3.12/site-packages/airflow/example_dags/example_short_circuit_operator.py
[2025-10-05T23:10:46.281+0000] {processor.py:914} INFO - Processing file /home/airflow/.local/lib/python3.12/site-packages/airflow/example_dags/example_short_circuit_operator.py for tasks to queue
[2025-10-05T23:10:46.333+0000] {logging_mixin.py:190} INFO - [2025-10-05T23:10:46.331+0000] {dagbag.py:588} INFO - Filling up the DagBag from /home/airflow/.local/lib/python3.12/site-packages/airflow/example_dags/example_short_circuit_operator.py
[2025-10-05T23:10:46.587+0000] {processor.py:925} INFO - DAG(s) 'example_short_circuit_operator' retrieved from /home/airflow/.local/lib/python3.12/site-packages/airflow/example_dags/example_short_circuit_operator.py
[2025-10-05T23:10:48.655+0000] {logging_mixin.py:190} INFO - [2025-10-05T23:10:48.646+0000] {override.py:1900} INFO - Created Permission View: can edit on DAG:example_short_circuit_operator
[2025-10-05T23:10:48.742+0000] {logging_mixin.py:190} INFO - [2025-10-05T23:10:48.741+0000] {override.py:1900} INFO - Created Permission View: can delete on DAG:example_short_circuit_operator
[2025-10-05T23:10:48.793+0000] {logging_mixin.py:190} INFO - [2025-10-05T23:10:48.792+0000] {override.py:1900} INFO - Created Permission View: can read on DAG:example_short_circuit_operator
[2025-10-05T23:10:48.833+0000] {logging_mixin.py:190} INFO - [2025-10-05T23:10:48.832+0000] {override.py:1900} INFO - Created Permission View: can create on DAG Run:example_short_circuit_operator
[2025-10-05T23:10:48.864+0000] {logging_mixin.py:190} INFO - [2025-10-05T23:10:48.864+0000] {override.py:1900} INFO - Created Permission View: menu access on DAG Run:example_short_circuit_operator
[2025-10-05T23:10:48.899+0000] {logging_mixin.py:190} INFO - [2025-10-05T23:10:48.898+0000] {override.py:1900} INFO - Created Permission View: can delete on DAG Run:example_short_circuit_operator
[2025-10-05T23:10:48.934+0000] {logging_mixin.py:190} INFO - [2025-10-05T23:10:48.933+0000] {override.py:1900} INFO - Created Permission View: can read on DAG Run:example_short_circuit_operator
[2025-10-05T23:10:48.935+0000] {logging_mixin.py:190} INFO - [2025-10-05T23:10:48.935+0000] {dag.py:3239} INFO - Sync 1 DAGs
[2025-10-05T23:10:49.007+0000] {logging_mixin.py:190} INFO - [2025-10-05T23:10:49.006+0000] {dag.py:3262} INFO - Creating ORM DAG for example_short_circuit_operator
[2025-10-05T23:10:49.029+0000] {logging_mixin.py:190} INFO - [2025-10-05T23:10:49.028+0000] {dag.py:4180} INFO - Setting next_dagrun for example_short_circuit_operator to None, run_after=None
[2025-10-05T23:10:49.146+0000] {processor.py:208} INFO - Processing /home/airflow/.local/lib/python3.12/site-packages/airflow/example_dags/example_short_circuit_operator.py took 2.945 seconds
[2025-10-05T23:11:25.810+0000] {processor.py:186} INFO - Started process (PID=156) to work on /home/airflow/.local/lib/python3.12/site-packages/airflow/example_dags/example_short_circuit_operator.py
[2025-10-05T23:11:25.896+0000] {processor.py:914} INFO - Processing file /home/airflow/.local/lib/python3.12/site-packages/airflow/example_dags/example_short_circuit_operator.py for tasks to queue
[2025-10-05T23:11:25.926+0000] {logging_mixin.py:190} INFO - [2025-10-05T23:11:25.924+0000] {dagbag.py:588} INFO - Filling up the DagBag from /home/airflow/.local/lib/python3.12/site-packages/airflow/example_dags/example_short_circuit_operator.py
[2025-10-05T23:11:26.058+0000] {processor.py:925} INFO - DAG(s) 'example_short_circuit_operator' retrieved from /home/airflow/.local/lib/python3.12/site-packages/airflow/example_dags/example_short_circuit_operator.py
[2025-10-05T23:11:26.258+0000] {logging_mixin.py:190} INFO - [2025-10-05T23:11:26.257+0000] {dag.py:3239} INFO - Sync 1 DAGs
[2025-10-05T23:11:26.396+0000] {logging_mixin.py:190} INFO - [2025-10-05T23:11:26.395+0000] {dag.py:4180} INFO - Setting next_dagrun for example_short_circuit_operator to None, run_after=None
[2025-10-05T23:11:26.498+0000] {processor.py:208} INFO - Processing /home/airflow/.local/lib/python3.12/site-packages/airflow/example_dags/example_short_circuit_operator.py took 0.702 seconds
[2025-10-05T23:11:57.194+0000] {processor.py:186} INFO - Started process (PID=219) to work on /home/airflow/.local/lib/python3.12/site-packages/airflow/example_dags/example_short_circuit_operator.py
[2025-10-05T23:11:57.382+0000] {processor.py:914} INFO - Processing file /home/airflow/.local/lib/python3.12/site-packages/airflow/example_dags/example_short_circuit_operator.py for tasks to queue
[2025-10-05T23:11:57.398+0000] {logging_mixin.py:190} INFO - [2025-10-05T23:11:57.396+0000] {dagbag.py:588} INFO - Filling up the DagBag from /home/airflow/.local/lib/python3.12/site-packages/airflow/example_dags/example_short_circuit_operator.py
[2025-10-05T23:11:57.431+0000] {processor.py:925} INFO - DAG(s) 'example_short_circuit_operator' retrieved from /home/airflow/.local/lib/python3.12/site-packages/airflow/example_dags/example_short_circuit_operator.py
[2025-10-05T23:11:57.536+0000] {logging_mixin.py:190} INFO - [2025-10-05T23:11:57.536+0000] {dag.py:3239} INFO - Sync 1 DAGs
[2025-10-05T23:11:57.573+0000] {logging_mixin.py:190} INFO - [2025-10-05T23:11:57.572+0000] {dag.py:4180} INFO - Setting next_dagrun for example_short_circuit_operator to None, run_after=None
[2025-10-05T23:11:58.076+0000] {processor.py:208} INFO - Processing /home/airflow/.local/lib/python3.12/site-packages/airflow/example_dags/example_short_circuit_operator.py took 0.901 seconds
[2025-10-05T23:12:28.373+0000] {processor.py:186} INFO - Started process (PID=282) to work on /home/airflow/.local/lib/python3.12/site-packages/airflow/example_dags/example_short_circuit_operator.py
[2025-10-05T23:12:28.378+0000] {processor.py:914} INFO - Processing file /home/airflow/.local/lib/python3.12/site-packages/airflow/example_dags/example_short_circuit_operator.py for tasks to queue
[2025-10-05T23:12:28.390+0000] {logging_mixin.py:190} INFO - [2025-10-05T23:12:28.389+0000] {dagbag.py:588} INFO - Filling up the DagBag from /home/airflow/.local/lib/python3.12/site-packages/airflow/example_dags/example_short_circuit_operator.py
[2025-10-05T23:12:28.427+0000] {processor.py:925} INFO - DAG(s) 'example_short_circuit_operator' retrieved from /home/airflow/.local/lib/python3.12/site-packages/airflow/example_dags/example_short_circuit_operator.py
[2025-10-05T23:12:28.526+0000] {logging_mixin.py:190} INFO - [2025-10-05T23:12:28.525+0000] {dag.py:3239} INFO - Sync 1 DAGs
[2025-10-05T23:12:28.589+0000] {logging_mixin.py:190} INFO - [2025-10-05T23:12:28.588+0000] {dag.py:4180} INFO - Setting next_dagrun for example_short_circuit_operator to None, run_after=None
[2025-10-05T23:12:28.679+0000] {processor.py:208} INFO - Processing /home/airflow/.local/lib/python3.12/site-packages/airflow/example_dags/example_short_circuit_operator.py took 0.330 seconds
[2025-10-05T23:12:58.857+0000] {processor.py:186} INFO - Started process (PID=345) to work on /home/airflow/.local/lib/python3.12/site-packages/airflow/example_dags/example_short_circuit_operator.py
[2025-10-05T23:12:58.859+0000] {processor.py:914} INFO - Processing file /home/airflow/.local/lib/python3.12/site-packages/airflow/example_dags/example_short_circuit_operator.py for tasks to queue
[2025-10-05T23:12:58.863+0000] {logging_mixin.py:190} INFO - [2025-10-05T23:12:58.862+0000] {dagbag.py:588} INFO - Filling up the DagBag from /home/airflow/.local/lib/python3.12/site-packages/airflow/example_dags/example_short_circuit_operator.py
[2025-10-05T23:12:58.874+0000] {processor.py:925} INFO - DAG(s) 'example_short_circuit_operator' retrieved from /home/airflow/.local/lib/python3.12/site-packages/airflow/example_dags/example_short_circuit_operator.py
[2025-10-05T23:12:58.903+0000] {logging_mixin.py:190} INFO - [2025-10-05T23:12:58.903+0000] {dag.py:3239} INFO - Sync 1 DAGs
[2025-10-05T23:12:58.924+0000] {logging_mixin.py:190} INFO - [2025-10-05T23:12:58.924+0000] {dag.py:4180} INFO - Setting next_dagrun for example_short_circuit_operator to None, run_after=None
[2025-10-05T23:12:58.951+0000] {processor.py:208} INFO - Processing /home/airflow/.local/lib/python3.12/site-packages/airflow/example_dags/example_short_circuit_operator.py took 0.101 seconds
[2025-10-05T23:13:29.649+0000] {processor.py:186} INFO - Started process (PID=409) to work on /home/airflow/.local/lib/python3.12/site-packages/airflow/example_dags/example_short_circuit_operator.py
[2025-10-05T23:13:29.650+0000] {processor.py:914} INFO - Processing file /home/airflow/.local/lib/python3.12/site-packages/airflow/example_dags/example_short_circuit_operator.py for tasks to queue
[2025-10-05T23:13:29.656+0000] {logging_mixin.py:190} INFO - [2025-10-05T23:13:29.656+0000] {dagbag.py:588} INFO - Filling up the DagBag from /home/airflow/.local/lib/python3.12/site-packages/airflow/example_dags/example_short_circuit_operator.py
[2025-10-05T23:13:29.667+0000] {processor.py:925} INFO - DAG(s) 'example_short_circuit_operator' retrieved from /home/airflow/.local/lib/python3.12/site-packages/airflow/example_dags/example_short_circuit_operator.py
[2025-10-05T23:13:29.705+0000] {logging_mixin.py:190} INFO - [2025-10-05T23:13:29.705+0000] {dag.py:3239} INFO - Sync 1 DAGs
[2025-10-05T23:13:29.732+0000] {logging_mixin.py:190} INFO - [2025-10-05T23:13:29.731+0000] {dag.py:4180} INFO - Setting next_dagrun for example_short_circuit_operator to None, run_after=None
[2025-10-05T23:13:29.760+0000] {processor.py:208} INFO - Processing /home/airflow/.local/lib/python3.12/site-packages/airflow/example_dags/example_short_circuit_operator.py took 0.117 seconds
[2025-10-05T23:13:59.845+0000] {processor.py:186} INFO - Started process (PID=471) to work on /home/airflow/.local/lib/python3.12/site-packages/airflow/example_dags/example_short_circuit_operator.py
[2025-10-05T23:13:59.847+0000] {processor.py:914} INFO - Processing file /home/airflow/.local/lib/python3.12/site-packages/airflow/example_dags/example_short_circuit_operator.py for tasks to queue
[2025-10-05T23:13:59.852+0000] {logging_mixin.py:190} INFO - [2025-10-05T23:13:59.852+0000] {dagbag.py:588} INFO - Filling up the DagBag from /home/airflow/.local/lib/python3.12/site-packages/airflow/example_dags/example_short_circuit_operator.py
[2025-10-05T23:13:59.894+0000] {processor.py:925} INFO - DAG(s) 'example_short_circuit_operator' retrieved from /home/airflow/.local/lib/python3.12/site-packages/airflow/example_dags/example_short_circuit_operator.py
[2025-10-05T23:13:59.967+0000] {logging_mixin.py:190} INFO - [2025-10-05T23:13:59.966+0000] {dag.py:3239} INFO - Sync 1 DAGs
[2025-10-05T23:14:00.015+0000] {logging_mixin.py:190} INFO - [2025-10-05T23:14:00.015+0000] {dag.py:4180} INFO - Setting next_dagrun for example_short_circuit_operator to None, run_after=None
[2025-10-05T23:14:00.051+0000] {processor.py:208} INFO - Processing /home/airflow/.local/lib/python3.12/site-packages/airflow/example_dags/example_short_circuit_operator.py took 0.223 seconds
[2025-10-05T23:14:30.406+0000] {processor.py:186} INFO - Started process (PID=533) to work on /home/airflow/.local/lib/python3.12/site-packages/airflow/example_dags/example_short_circuit_operator.py
[2025-10-05T23:14:30.408+0000] {processor.py:914} INFO - Processing file /home/airflow/.local/lib/python3.12/site-packages/airflow/example_dags/example_short_circuit_operator.py for tasks to queue
[2025-10-05T23:14:30.411+0000] {logging_mixin.py:190} INFO - [2025-10-05T23:14:30.411+0000] {dagbag.py:588} INFO - Filling up the DagBag from /home/airflow/.local/lib/python3.12/site-packages/airflow/example_dags/example_short_circuit_operator.py
[2025-10-05T23:14:30.420+0000] {processor.py:925} INFO - DAG(s) 'example_short_circuit_operator' retrieved from /home/airflow/.local/lib/python3.12/site-packages/airflow/example_dags/example_short_circuit_operator.py
[2025-10-05T23:14:30.445+0000] {logging_mixin.py:190} INFO - [2025-10-05T23:14:30.445+0000] {dag.py:3239} INFO - Sync 1 DAGs
[2025-10-05T23:14:30.461+0000] {logging_mixin.py:190} INFO - [2025-10-05T23:14:30.461+0000] {dag.py:4180} INFO - Setting next_dagrun for example_short_circuit_operator to None, run_after=None
[2025-10-05T23:14:30.490+0000] {processor.py:208} INFO - Processing /home/airflow/.local/lib/python3.12/site-packages/airflow/example_dags/example_short_circuit_operator.py took 0.090 seconds
[2025-10-05T23:15:09.884+0000] {processor.py:186} INFO - Started process (PID=590) to work on /home/airflow/.local/lib/python3.12/site-packages/airflow/example_dags/example_short_circuit_operator.py
[2025-10-05T23:15:09.888+0000] {processor.py:914} INFO - Processing file /home/airflow/.local/lib/python3.12/site-packages/airflow/example_dags/example_short_circuit_operator.py for tasks to queue
[2025-10-05T23:15:09.892+0000] {logging_mixin.py:190} INFO - [2025-10-05T23:15:09.892+0000] {dagbag.py:588} INFO - Filling up the DagBag from /home/airflow/.local/lib/python3.12/site-packages/airflow/example_dags/example_short_circuit_operator.py
[2025-10-05T23:15:09.904+0000] {processor.py:925} INFO - DAG(s) 'example_short_circuit_operator' retrieved from /home/airflow/.local/lib/python3.12/site-packages/airflow/example_dags/example_short_circuit_operator.py
[2025-10-05T23:15:09.931+0000] {logging_mixin.py:190} INFO - [2025-10-05T23:15:09.930+0000] {dag.py:3239} INFO - Sync 1 DAGs
[2025-10-05T23:15:09.949+0000] {logging_mixin.py:190} INFO - [2025-10-05T23:15:09.949+0000] {dag.py:4180} INFO - Setting next_dagrun for example_short_circuit_operator to None, run_after=None
[2025-10-05T23:15:09.975+0000] {processor.py:208} INFO - Processing /home/airflow/.local/lib/python3.12/site-packages/airflow/example_dags/example_short_circuit_operator.py took 0.098 seconds
[2025-10-05T23:15:40.086+0000] {processor.py:186} INFO - Started process (PID=652) to work on /home/airflow/.local/lib/python3.12/site-packages/airflow/example_dags/example_short_circuit_operator.py
[2025-10-05T23:15:40.087+0000] {processor.py:914} INFO - Processing file /home/airflow/.local/lib/python3.12/site-packages/airflow/example_dags/example_short_circuit_operator.py for tasks to queue
[2025-10-05T23:15:40.090+0000] {logging_mixin.py:190} INFO - [2025-10-05T23:15:40.090+0000] {dagbag.py:588} INFO - Filling up the DagBag from /home/airflow/.local/lib/python3.12/site-packages/airflow/example_dags/example_short_circuit_operator.py
[2025-10-05T23:15:40.101+0000] {processor.py:925} INFO - DAG(s) 'example_short_circuit_operator' retrieved from /home/airflow/.local/lib/python3.12/site-packages/airflow/example_dags/example_short_circuit_operator.py
[2025-10-05T23:15:40.128+0000] {logging_mixin.py:190} INFO - [2025-10-05T23:15:40.127+0000] {dag.py:3239} INFO - Sync 1 DAGs
[2025-10-05T23:15:40.144+0000] {logging_mixin.py:190} INFO - [2025-10-05T23:15:40.143+0000] {dag.py:4180} INFO - Setting next_dagrun for example_short_circuit_operator to None, run_after=None
[2025-10-05T23:15:40.177+0000] {processor.py:208} INFO - Processing /home/airflow/.local/lib/python3.12/site-packages/airflow/example_dags/example_short_circuit_operator.py took 0.098 seconds
[2025-10-05T23:16:34.961+0000] {processor.py:186} INFO - Started process (PID=716) to work on /home/airflow/.local/lib/python3.12/site-packages/airflow/example_dags/example_short_circuit_operator.py
[2025-10-05T23:16:34.967+0000] {processor.py:914} INFO - Processing file /home/airflow/.local/lib/python3.12/site-packages/airflow/example_dags/example_short_circuit_operator.py for tasks to queue
[2025-10-05T23:16:34.976+0000] {logging_mixin.py:190} INFO - [2025-10-05T23:16:34.975+0000] {dagbag.py:588} INFO - Filling up the DagBag from /home/airflow/.local/lib/python3.12/site-packages/airflow/example_dags/example_short_circuit_operator.py
[2025-10-05T23:16:35.015+0000] {processor.py:925} INFO - DAG(s) 'example_short_circuit_operator' retrieved from /home/airflow/.local/lib/python3.12/site-packages/airflow/example_dags/example_short_circuit_operator.py
[2025-10-05T23:16:35.079+0000] {logging_mixin.py:190} INFO - [2025-10-05T23:16:35.078+0000] {dag.py:3239} INFO - Sync 1 DAGs
[2025-10-05T23:16:35.129+0000] {logging_mixin.py:190} INFO - [2025-10-05T23:16:35.128+0000] {dag.py:4180} INFO - Setting next_dagrun for example_short_circuit_operator to None, run_after=None
[2025-10-05T23:16:34.911+0000] {processor.py:208} INFO - Processing /home/airflow/.local/lib/python3.12/site-packages/airflow/example_dags/example_short_circuit_operator.py took 0.262 seconds
[2025-10-05T23:17:05.097+0000] {processor.py:186} INFO - Started process (PID=777) to work on /home/airflow/.local/lib/python3.12/site-packages/airflow/example_dags/example_short_circuit_operator.py
[2025-10-05T23:17:05.098+0000] {processor.py:914} INFO - Processing file /home/airflow/.local/lib/python3.12/site-packages/airflow/example_dags/example_short_circuit_operator.py for tasks to queue
[2025-10-05T23:17:05.101+0000] {logging_mixin.py:190} INFO - [2025-10-05T23:17:05.101+0000] {dagbag.py:588} INFO - Filling up the DagBag from /home/airflow/.local/lib/python3.12/site-packages/airflow/example_dags/example_short_circuit_operator.py
[2025-10-05T23:17:05.112+0000] {processor.py:925} INFO - DAG(s) 'example_short_circuit_operator' retrieved from /home/airflow/.local/lib/python3.12/site-packages/airflow/example_dags/example_short_circuit_operator.py
[2025-10-05T23:17:05.143+0000] {logging_mixin.py:190} INFO - [2025-10-05T23:17:05.143+0000] {dag.py:3239} INFO - Sync 1 DAGs
[2025-10-05T23:17:05.163+0000] {logging_mixin.py:190} INFO - [2025-10-05T23:17:05.163+0000] {dag.py:4180} INFO - Setting next_dagrun for example_short_circuit_operator to None, run_after=None
[2025-10-05T23:17:05.191+0000] {processor.py:208} INFO - Processing /home/airflow/.local/lib/python3.12/site-packages/airflow/example_dags/example_short_circuit_operator.py took 0.101 seconds
[2025-10-05T23:17:35.850+0000] {processor.py:186} INFO - Started process (PID=842) to work on /home/airflow/.local/lib/python3.12/site-packages/airflow/example_dags/example_short_circuit_operator.py
[2025-10-05T23:17:35.851+0000] {processor.py:914} INFO - Processing file /home/airflow/.local/lib/python3.12/site-packages/airflow/example_dags/example_short_circuit_operator.py for tasks to queue
[2025-10-05T23:17:35.855+0000] {logging_mixin.py:190} INFO - [2025-10-05T23:17:35.855+0000] {dagbag.py:588} INFO - Filling up the DagBag from /home/airflow/.local/lib/python3.12/site-packages/airflow/example_dags/example_short_circuit_operator.py
[2025-10-05T23:17:35.867+0000] {processor.py:925} INFO - DAG(s) 'example_short_circuit_operator' retrieved from /home/airflow/.local/lib/python3.12/site-packages/airflow/example_dags/example_short_circuit_operator.py
[2025-10-05T23:17:35.923+0000] {logging_mixin.py:190} INFO - [2025-10-05T23:17:35.923+0000] {dag.py:3239} INFO - Sync 1 DAGs
[2025-10-05T23:17:35.956+0000] {logging_mixin.py:190} INFO - [2025-10-05T23:17:35.955+0000] {dag.py:4180} INFO - Setting next_dagrun for example_short_circuit_operator to None, run_after=None
[2025-10-05T23:17:35.979+0000] {processor.py:208} INFO - Processing /home/airflow/.local/lib/python3.12/site-packages/airflow/example_dags/example_short_circuit_operator.py took 0.138 seconds
[2025-10-05T23:18:06.824+0000] {processor.py:186} INFO - Started process (PID=905) to work on /home/airflow/.local/lib/python3.12/site-packages/airflow/example_dags/example_short_circuit_operator.py
[2025-10-05T23:18:06.827+0000] {processor.py:914} INFO - Processing file /home/airflow/.local/lib/python3.12/site-packages/airflow/example_dags/example_short_circuit_operator.py for tasks to queue
[2025-10-05T23:18:06.831+0000] {logging_mixin.py:190} INFO - [2025-10-05T23:18:06.830+0000] {dagbag.py:588} INFO - Filling up the DagBag from /home/airflow/.local/lib/python3.12/site-packages/airflow/example_dags/example_short_circuit_operator.py
[2025-10-05T23:18:06.849+0000] {processor.py:925} INFO - DAG(s) 'example_short_circuit_operator' retrieved from /home/airflow/.local/lib/python3.12/site-packages/airflow/example_dags/example_short_circuit_operator.py
[2025-10-05T23:18:06.888+0000] {logging_mixin.py:190} INFO - [2025-10-05T23:18:06.888+0000] {dag.py:3239} INFO - Sync 1 DAGs
[2025-10-05T23:18:06.910+0000] {logging_mixin.py:190} INFO - [2025-10-05T23:18:06.910+0000] {dag.py:4180} INFO - Setting next_dagrun for example_short_circuit_operator to None, run_after=None
[2025-10-05T23:18:06.941+0000] {processor.py:208} INFO - Processing /home/airflow/.local/lib/python3.12/site-packages/airflow/example_dags/example_short_circuit_operator.py took 0.128 seconds
[2025-10-05T23:18:37.119+0000] {processor.py:186} INFO - Started process (PID=967) to work on /home/airflow/.local/lib/python3.12/site-packages/airflow/example_dags/example_short_circuit_operator.py
[2025-10-05T23:18:37.120+0000] {processor.py:914} INFO - Processing file /home/airflow/.local/lib/python3.12/site-packages/airflow/example_dags/example_short_circuit_operator.py for tasks to queue
[2025-10-05T23:18:37.123+0000] {logging_mixin.py:190} INFO - [2025-10-05T23:18:37.123+0000] {dagbag.py:588} INFO - Filling up the DagBag from /home/airflow/.local/lib/python3.12/site-packages/airflow/example_dags/example_short_circuit_operator.py
[2025-10-05T23:18:37.134+0000] {processor.py:925} INFO - DAG(s) 'example_short_circuit_operator' retrieved from /home/airflow/.local/lib/python3.12/site-packages/airflow/example_dags/example_short_circuit_operator.py
[2025-10-05T23:18:37.161+0000] {logging_mixin.py:190} INFO - [2025-10-05T23:18:37.160+0000] {dag.py:3239} INFO - Sync 1 DAGs
[2025-10-05T23:18:37.178+0000] {logging_mixin.py:190} INFO - [2025-10-05T23:18:37.178+0000] {dag.py:4180} INFO - Setting next_dagrun for example_short_circuit_operator to None, run_after=None
[2025-10-05T23:18:37.203+0000] {processor.py:208} INFO - Processing /home/airflow/.local/lib/python3.12/site-packages/airflow/example_dags/example_short_circuit_operator.py took 0.093 seconds
[2025-10-05T23:19:07.965+0000] {processor.py:186} INFO - Started process (PID=1030) to work on /home/airflow/.local/lib/python3.12/site-packages/airflow/example_dags/example_short_circuit_operator.py
[2025-10-05T23:19:07.969+0000] {processor.py:914} INFO - Processing file /home/airflow/.local/lib/python3.12/site-packages/airflow/example_dags/example_short_circuit_operator.py for tasks to queue
[2025-10-05T23:19:07.976+0000] {logging_mixin.py:190} INFO - [2025-10-05T23:19:07.973+0000] {dagbag.py:588} INFO - Filling up the DagBag from /home/airflow/.local/lib/python3.12/site-packages/airflow/example_dags/example_short_circuit_operator.py
[2025-10-05T23:19:08.005+0000] {processor.py:925} INFO - DAG(s) 'example_short_circuit_operator' retrieved from /home/airflow/.local/lib/python3.12/site-packages/airflow/example_dags/example_short_circuit_operator.py
[2025-10-05T23:19:08.307+0000] {logging_mixin.py:190} INFO - [2025-10-05T23:19:08.304+0000] {dag.py:3239} INFO - Sync 1 DAGs
[2025-10-05T23:19:08.329+0000] {logging_mixin.py:190} INFO - [2025-10-05T23:19:08.328+0000] {dag.py:4180} INFO - Setting next_dagrun for example_short_circuit_operator to None, run_after=None
[2025-10-05T23:19:08.357+0000] {processor.py:208} INFO - Processing /home/airflow/.local/lib/python3.12/site-packages/airflow/example_dags/example_short_circuit_operator.py took 0.409 seconds
[2025-10-05T23:19:38.508+0000] {processor.py:186} INFO - Started process (PID=1093) to work on /home/airflow/.local/lib/python3.12/site-packages/airflow/example_dags/example_short_circuit_operator.py
[2025-10-05T23:19:38.509+0000] {processor.py:914} INFO - Processing file /home/airflow/.local/lib/python3.12/site-packages/airflow/example_dags/example_short_circuit_operator.py for tasks to queue
[2025-10-05T23:19:38.513+0000] {logging_mixin.py:190} INFO - [2025-10-05T23:19:38.513+0000] {dagbag.py:588} INFO - Filling up the DagBag from /home/airflow/.local/lib/python3.12/site-packages/airflow/example_dags/example_short_circuit_operator.py
[2025-10-05T23:19:38.525+0000] {processor.py:925} INFO - DAG(s) 'example_short_circuit_operator' retrieved from /home/airflow/.local/lib/python3.12/site-packages/airflow/example_dags/example_short_circuit_operator.py
[2025-10-05T23:19:38.558+0000] {logging_mixin.py:190} INFO - [2025-10-05T23:19:38.557+0000] {dag.py:3239} INFO - Sync 1 DAGs
[2025-10-05T23:19:38.577+0000] {logging_mixin.py:190} INFO - [2025-10-05T23:19:38.576+0000] {dag.py:4180} INFO - Setting next_dagrun for example_short_circuit_operator to None, run_after=None
[2025-10-05T23:19:38.603+0000] {processor.py:208} INFO - Processing /home/airflow/.local/lib/python3.12/site-packages/airflow/example_dags/example_short_circuit_operator.py took 0.103 seconds
[2025-10-05T23:20:09.200+0000] {processor.py:186} INFO - Started process (PID=1156) to work on /home/airflow/.local/lib/python3.12/site-packages/airflow/example_dags/example_short_circuit_operator.py
[2025-10-05T23:20:09.202+0000] {processor.py:914} INFO - Processing file /home/airflow/.local/lib/python3.12/site-packages/airflow/example_dags/example_short_circuit_operator.py for tasks to queue
[2025-10-05T23:20:09.206+0000] {logging_mixin.py:190} INFO - [2025-10-05T23:20:09.205+0000] {dagbag.py:588} INFO - Filling up the DagBag from /home/airflow/.local/lib/python3.12/site-packages/airflow/example_dags/example_short_circuit_operator.py
[2025-10-05T23:20:09.221+0000] {processor.py:925} INFO - DAG(s) 'example_short_circuit_operator' retrieved from /home/airflow/.local/lib/python3.12/site-packages/airflow/example_dags/example_short_circuit_operator.py
[2025-10-05T23:20:09.255+0000] {logging_mixin.py:190} INFO - [2025-10-05T23:20:09.254+0000] {dag.py:3239} INFO - Sync 1 DAGs
[2025-10-05T23:20:09.278+0000] {logging_mixin.py:190} INFO - [2025-10-05T23:20:09.278+0000] {dag.py:4180} INFO - Setting next_dagrun for example_short_circuit_operator to None, run_after=None
[2025-10-05T23:20:09.307+0000] {processor.py:208} INFO - Processing /home/airflow/.local/lib/python3.12/site-packages/airflow/example_dags/example_short_circuit_operator.py took 0.115 seconds
[2025-10-05T23:20:39.506+0000] {processor.py:186} INFO - Started process (PID=1218) to work on /home/airflow/.local/lib/python3.12/site-packages/airflow/example_dags/example_short_circuit_operator.py
[2025-10-05T23:20:39.509+0000] {processor.py:914} INFO - Processing file /home/airflow/.local/lib/python3.12/site-packages/airflow/example_dags/example_short_circuit_operator.py for tasks to queue
[2025-10-05T23:20:39.514+0000] {logging_mixin.py:190} INFO - [2025-10-05T23:20:39.513+0000] {dagbag.py:588} INFO - Filling up the DagBag from /home/airflow/.local/lib/python3.12/site-packages/airflow/example_dags/example_short_circuit_operator.py
[2025-10-05T23:20:39.530+0000] {processor.py:925} INFO - DAG(s) 'example_short_circuit_operator' retrieved from /home/airflow/.local/lib/python3.12/site-packages/airflow/example_dags/example_short_circuit_operator.py
[2025-10-05T23:20:39.573+0000] {logging_mixin.py:190} INFO - [2025-10-05T23:20:39.573+0000] {dag.py:3239} INFO - Sync 1 DAGs
[2025-10-05T23:20:39.606+0000] {logging_mixin.py:190} INFO - [2025-10-05T23:20:39.605+0000] {dag.py:4180} INFO - Setting next_dagrun for example_short_circuit_operator to None, run_after=None
[2025-10-05T23:20:39.646+0000] {processor.py:208} INFO - Processing /home/airflow/.local/lib/python3.12/site-packages/airflow/example_dags/example_short_circuit_operator.py took 0.155 seconds
[2025-10-05T23:21:17.966+0000] {processor.py:186} INFO - Started process (PID=1256) to work on /home/airflow/.local/lib/python3.12/site-packages/airflow/example_dags/example_short_circuit_operator.py
[2025-10-05T23:21:17.971+0000] {processor.py:914} INFO - Processing file /home/airflow/.local/lib/python3.12/site-packages/airflow/example_dags/example_short_circuit_operator.py for tasks to queue
[2025-10-05T23:21:17.976+0000] {logging_mixin.py:190} INFO - [2025-10-05T23:21:17.976+0000] {dagbag.py:588} INFO - Filling up the DagBag from /home/airflow/.local/lib/python3.12/site-packages/airflow/example_dags/example_short_circuit_operator.py
[2025-10-05T23:21:17.994+0000] {processor.py:925} INFO - DAG(s) 'example_short_circuit_operator' retrieved from /home/airflow/.local/lib/python3.12/site-packages/airflow/example_dags/example_short_circuit_operator.py
[2025-10-05T23:21:18.057+0000] {logging_mixin.py:190} INFO - [2025-10-05T23:21:18.056+0000] {dag.py:3239} INFO - Sync 1 DAGs
[2025-10-05T23:21:18.099+0000] {logging_mixin.py:190} INFO - [2025-10-05T23:21:18.098+0000] {dag.py:4180} INFO - Setting next_dagrun for example_short_circuit_operator to None, run_after=None
[2025-10-05T23:21:18.144+0000] {processor.py:208} INFO - Processing /home/airflow/.local/lib/python3.12/site-packages/airflow/example_dags/example_short_circuit_operator.py took 0.191 seconds
[2025-10-05T23:26:41.098+0000] {processor.py:186} INFO - Started process (PID=1337) to work on /home/airflow/.local/lib/python3.12/site-packages/airflow/example_dags/example_short_circuit_operator.py
[2025-10-05T23:26:41.101+0000] {processor.py:914} INFO - Processing file /home/airflow/.local/lib/python3.12/site-packages/airflow/example_dags/example_short_circuit_operator.py for tasks to queue
[2025-10-05T23:26:41.105+0000] {logging_mixin.py:190} INFO - [2025-10-05T23:26:41.103+0000] {dagbag.py:588} INFO - Filling up the DagBag from /home/airflow/.local/lib/python3.12/site-packages/airflow/example_dags/example_short_circuit_operator.py
[2025-10-05T23:26:41.124+0000] {processor.py:925} INFO - DAG(s) 'example_short_circuit_operator' retrieved from /home/airflow/.local/lib/python3.12/site-packages/airflow/example_dags/example_short_circuit_operator.py
[2025-10-05T23:26:41.193+0000] {logging_mixin.py:190} INFO - [2025-10-05T23:26:41.192+0000] {dag.py:3239} INFO - Sync 1 DAGs
[2025-10-05T23:26:41.258+0000] {logging_mixin.py:190} INFO - [2025-10-05T23:26:41.257+0000] {dag.py:4180} INFO - Setting next_dagrun for example_short_circuit_operator to None, run_after=None
[2025-10-05T23:26:41.322+0000] {processor.py:208} INFO - Processing /home/airflow/.local/lib/python3.12/site-packages/airflow/example_dags/example_short_circuit_operator.py took 0.234 seconds
[2025-10-05T23:28:12.957+0000] {processor.py:186} INFO - Started process (PID=1395) to work on /home/airflow/.local/lib/python3.12/site-packages/airflow/example_dags/example_short_circuit_operator.py
[2025-10-05T23:28:12.959+0000] {processor.py:914} INFO - Processing file /home/airflow/.local/lib/python3.12/site-packages/airflow/example_dags/example_short_circuit_operator.py for tasks to queue
[2025-10-05T23:28:12.962+0000] {logging_mixin.py:190} INFO - [2025-10-05T23:28:12.961+0000] {dagbag.py:588} INFO - Filling up the DagBag from /home/airflow/.local/lib/python3.12/site-packages/airflow/example_dags/example_short_circuit_operator.py
[2025-10-05T23:28:12.981+0000] {processor.py:925} INFO - DAG(s) 'example_short_circuit_operator' retrieved from /home/airflow/.local/lib/python3.12/site-packages/airflow/example_dags/example_short_circuit_operator.py
[2025-10-05T23:28:13.025+0000] {logging_mixin.py:190} INFO - [2025-10-05T23:28:13.025+0000] {dag.py:3239} INFO - Sync 1 DAGs
[2025-10-05T23:28:13.071+0000] {logging_mixin.py:190} INFO - [2025-10-05T23:28:13.071+0000] {dag.py:4180} INFO - Setting next_dagrun for example_short_circuit_operator to None, run_after=None
[2025-10-05T23:28:13.121+0000] {processor.py:208} INFO - Processing /home/airflow/.local/lib/python3.12/site-packages/airflow/example_dags/example_short_circuit_operator.py took 0.176 seconds
