[2025-10-05T23:10:31.088+0000] {processor.py:186} INFO - Started process (PID=77) to work on /home/airflow/.local/lib/python3.12/site-packages/airflow/example_dags/example_task_group.py
[2025-10-05T23:10:31.097+0000] {processor.py:914} INFO - Processing file /home/airflow/.local/lib/python3.12/site-packages/airflow/example_dags/example_task_group.py for tasks to queue
[2025-10-05T23:10:31.136+0000] {logging_mixin.py:190} INFO - [2025-10-05T23:10:31.133+0000] {dagbag.py:588} INFO - Filling up the DagBag from /home/airflow/.local/lib/python3.12/site-packages/airflow/example_dags/example_task_group.py
[2025-10-05T23:10:31.287+0000] {processor.py:925} INFO - DAG(s) 'example_task_group' retrieved from /home/airflow/.local/lib/python3.12/site-packages/airflow/example_dags/example_task_group.py
[2025-10-05T23:10:33.070+0000] {logging_mixin.py:190} INFO - [2025-10-05T23:10:33.065+0000] {override.py:1900} INFO - Created Permission View: can edit on DAG:example_task_group
[2025-10-05T23:10:33.205+0000] {logging_mixin.py:190} INFO - [2025-10-05T23:10:33.204+0000] {override.py:1900} INFO - Created Permission View: can delete on DAG:example_task_group
[2025-10-05T23:10:33.240+0000] {logging_mixin.py:190} INFO - [2025-10-05T23:10:33.239+0000] {override.py:1900} INFO - Created Permission View: can read on DAG:example_task_group
[2025-10-05T23:10:33.273+0000] {logging_mixin.py:190} INFO - [2025-10-05T23:10:33.272+0000] {override.py:1900} INFO - Created Permission View: can create on DAG Run:example_task_group
[2025-10-05T23:10:33.311+0000] {logging_mixin.py:190} INFO - [2025-10-05T23:10:33.310+0000] {override.py:1900} INFO - Created Permission View: menu access on DAG Run:example_task_group
[2025-10-05T23:10:33.357+0000] {logging_mixin.py:190} INFO - [2025-10-05T23:10:33.356+0000] {override.py:1900} INFO - Created Permission View: can delete on DAG Run:example_task_group
[2025-10-05T23:10:33.394+0000] {logging_mixin.py:190} INFO - [2025-10-05T23:10:33.393+0000] {override.py:1900} INFO - Created Permission View: can read on DAG Run:example_task_group
[2025-10-05T23:10:33.400+0000] {logging_mixin.py:190} INFO - [2025-10-05T23:10:33.397+0000] {dag.py:3239} INFO - Sync 1 DAGs
[2025-10-05T23:10:33.596+0000] {logging_mixin.py:190} INFO - [2025-10-05T23:10:33.595+0000] {dag.py:3262} INFO - Creating ORM DAG for example_task_group
[2025-10-05T23:10:33.604+0000] {logging_mixin.py:190} INFO - [2025-10-05T23:10:33.603+0000] {dag.py:4180} INFO - Setting next_dagrun for example_task_group to None, run_after=None
[2025-10-05T23:10:33.760+0000] {processor.py:208} INFO - Processing /home/airflow/.local/lib/python3.12/site-packages/airflow/example_dags/example_task_group.py took 2.743 seconds
[2025-10-05T23:11:23.100+0000] {processor.py:186} INFO - Started process (PID=146) to work on /home/airflow/.local/lib/python3.12/site-packages/airflow/example_dags/example_task_group.py
[2025-10-05T23:11:23.104+0000] {processor.py:914} INFO - Processing file /home/airflow/.local/lib/python3.12/site-packages/airflow/example_dags/example_task_group.py for tasks to queue
[2025-10-05T23:11:23.111+0000] {logging_mixin.py:190} INFO - [2025-10-05T23:11:23.110+0000] {dagbag.py:588} INFO - Filling up the DagBag from /home/airflow/.local/lib/python3.12/site-packages/airflow/example_dags/example_task_group.py
[2025-10-05T23:11:23.138+0000] {processor.py:925} INFO - DAG(s) 'example_task_group' retrieved from /home/airflow/.local/lib/python3.12/site-packages/airflow/example_dags/example_task_group.py
[2025-10-05T23:11:23.189+0000] {logging_mixin.py:190} INFO - [2025-10-05T23:11:23.189+0000] {dag.py:3239} INFO - Sync 1 DAGs
[2025-10-05T23:11:23.230+0000] {logging_mixin.py:190} INFO - [2025-10-05T23:11:23.230+0000] {dag.py:4180} INFO - Setting next_dagrun for example_task_group to None, run_after=None
[2025-10-05T23:11:23.285+0000] {processor.py:208} INFO - Processing /home/airflow/.local/lib/python3.12/site-packages/airflow/example_dags/example_task_group.py took 0.204 seconds
[2025-10-05T23:11:53.867+0000] {processor.py:186} INFO - Started process (PID=209) to work on /home/airflow/.local/lib/python3.12/site-packages/airflow/example_dags/example_task_group.py
[2025-10-05T23:11:53.871+0000] {processor.py:914} INFO - Processing file /home/airflow/.local/lib/python3.12/site-packages/airflow/example_dags/example_task_group.py for tasks to queue
[2025-10-05T23:11:53.878+0000] {logging_mixin.py:190} INFO - [2025-10-05T23:11:53.877+0000] {dagbag.py:588} INFO - Filling up the DagBag from /home/airflow/.local/lib/python3.12/site-packages/airflow/example_dags/example_task_group.py
[2025-10-05T23:11:53.907+0000] {processor.py:925} INFO - DAG(s) 'example_task_group' retrieved from /home/airflow/.local/lib/python3.12/site-packages/airflow/example_dags/example_task_group.py
[2025-10-05T23:11:53.971+0000] {logging_mixin.py:190} INFO - [2025-10-05T23:11:53.970+0000] {dag.py:3239} INFO - Sync 1 DAGs
[2025-10-05T23:11:54.021+0000] {logging_mixin.py:190} INFO - [2025-10-05T23:11:54.020+0000] {dag.py:4180} INFO - Setting next_dagrun for example_task_group to None, run_after=None
[2025-10-05T23:11:54.078+0000] {processor.py:208} INFO - Processing /home/airflow/.local/lib/python3.12/site-packages/airflow/example_dags/example_task_group.py took 0.232 seconds
[2025-10-05T23:12:25.502+0000] {processor.py:186} INFO - Started process (PID=272) to work on /home/airflow/.local/lib/python3.12/site-packages/airflow/example_dags/example_task_group.py
[2025-10-05T23:12:25.507+0000] {processor.py:914} INFO - Processing file /home/airflow/.local/lib/python3.12/site-packages/airflow/example_dags/example_task_group.py for tasks to queue
[2025-10-05T23:12:25.522+0000] {logging_mixin.py:190} INFO - [2025-10-05T23:12:25.520+0000] {dagbag.py:588} INFO - Filling up the DagBag from /home/airflow/.local/lib/python3.12/site-packages/airflow/example_dags/example_task_group.py
[2025-10-05T23:12:25.573+0000] {processor.py:925} INFO - DAG(s) 'example_task_group' retrieved from /home/airflow/.local/lib/python3.12/site-packages/airflow/example_dags/example_task_group.py
[2025-10-05T23:12:25.656+0000] {logging_mixin.py:190} INFO - [2025-10-05T23:12:25.655+0000] {dag.py:3239} INFO - Sync 1 DAGs
[2025-10-05T23:12:25.734+0000] {logging_mixin.py:190} INFO - [2025-10-05T23:12:25.733+0000] {dag.py:4180} INFO - Setting next_dagrun for example_task_group to None, run_after=None
[2025-10-05T23:12:25.788+0000] {processor.py:208} INFO - Processing /home/airflow/.local/lib/python3.12/site-packages/airflow/example_dags/example_task_group.py took 0.323 seconds
[2025-10-05T23:12:56.200+0000] {processor.py:186} INFO - Started process (PID=334) to work on /home/airflow/.local/lib/python3.12/site-packages/airflow/example_dags/example_task_group.py
[2025-10-05T23:12:56.205+0000] {processor.py:914} INFO - Processing file /home/airflow/.local/lib/python3.12/site-packages/airflow/example_dags/example_task_group.py for tasks to queue
[2025-10-05T23:12:56.237+0000] {logging_mixin.py:190} INFO - [2025-10-05T23:12:56.236+0000] {dagbag.py:588} INFO - Filling up the DagBag from /home/airflow/.local/lib/python3.12/site-packages/airflow/example_dags/example_task_group.py
[2025-10-05T23:12:56.285+0000] {processor.py:925} INFO - DAG(s) 'example_task_group' retrieved from /home/airflow/.local/lib/python3.12/site-packages/airflow/example_dags/example_task_group.py
[2025-10-05T23:12:56.377+0000] {logging_mixin.py:190} INFO - [2025-10-05T23:12:56.377+0000] {dag.py:3239} INFO - Sync 1 DAGs
[2025-10-05T23:12:56.428+0000] {logging_mixin.py:190} INFO - [2025-10-05T23:12:56.427+0000] {dag.py:4180} INFO - Setting next_dagrun for example_task_group to None, run_after=None
[2025-10-05T23:12:56.541+0000] {processor.py:208} INFO - Processing /home/airflow/.local/lib/python3.12/site-packages/airflow/example_dags/example_task_group.py took 0.349 seconds
[2025-10-05T23:13:27.430+0000] {processor.py:186} INFO - Started process (PID=398) to work on /home/airflow/.local/lib/python3.12/site-packages/airflow/example_dags/example_task_group.py
[2025-10-05T23:13:27.431+0000] {processor.py:914} INFO - Processing file /home/airflow/.local/lib/python3.12/site-packages/airflow/example_dags/example_task_group.py for tasks to queue
[2025-10-05T23:13:27.434+0000] {logging_mixin.py:190} INFO - [2025-10-05T23:13:27.433+0000] {dagbag.py:588} INFO - Filling up the DagBag from /home/airflow/.local/lib/python3.12/site-packages/airflow/example_dags/example_task_group.py
[2025-10-05T23:13:27.444+0000] {processor.py:925} INFO - DAG(s) 'example_task_group' retrieved from /home/airflow/.local/lib/python3.12/site-packages/airflow/example_dags/example_task_group.py
[2025-10-05T23:13:27.470+0000] {logging_mixin.py:190} INFO - [2025-10-05T23:13:27.469+0000] {dag.py:3239} INFO - Sync 1 DAGs
[2025-10-05T23:13:27.548+0000] {logging_mixin.py:190} INFO - [2025-10-05T23:13:27.548+0000] {dag.py:4180} INFO - Setting next_dagrun for example_task_group to None, run_after=None
[2025-10-05T23:13:27.583+0000] {processor.py:208} INFO - Processing /home/airflow/.local/lib/python3.12/site-packages/airflow/example_dags/example_task_group.py took 0.161 seconds
[2025-10-05T23:13:58.248+0000] {processor.py:186} INFO - Started process (PID=461) to work on /home/airflow/.local/lib/python3.12/site-packages/airflow/example_dags/example_task_group.py
[2025-10-05T23:13:58.251+0000] {processor.py:914} INFO - Processing file /home/airflow/.local/lib/python3.12/site-packages/airflow/example_dags/example_task_group.py for tasks to queue
[2025-10-05T23:13:58.262+0000] {logging_mixin.py:190} INFO - [2025-10-05T23:13:58.262+0000] {dagbag.py:588} INFO - Filling up the DagBag from /home/airflow/.local/lib/python3.12/site-packages/airflow/example_dags/example_task_group.py
[2025-10-05T23:13:58.277+0000] {processor.py:925} INFO - DAG(s) 'example_task_group' retrieved from /home/airflow/.local/lib/python3.12/site-packages/airflow/example_dags/example_task_group.py
[2025-10-05T23:13:58.317+0000] {logging_mixin.py:190} INFO - [2025-10-05T23:13:58.317+0000] {dag.py:3239} INFO - Sync 1 DAGs
[2025-10-05T23:13:58.359+0000] {logging_mixin.py:190} INFO - [2025-10-05T23:13:58.359+0000] {dag.py:4180} INFO - Setting next_dagrun for example_task_group to None, run_after=None
[2025-10-05T23:13:58.393+0000] {processor.py:208} INFO - Processing /home/airflow/.local/lib/python3.12/site-packages/airflow/example_dags/example_task_group.py took 0.152 seconds
[2025-10-05T23:14:28.877+0000] {processor.py:186} INFO - Started process (PID=524) to work on /home/airflow/.local/lib/python3.12/site-packages/airflow/example_dags/example_task_group.py
[2025-10-05T23:14:28.878+0000] {processor.py:914} INFO - Processing file /home/airflow/.local/lib/python3.12/site-packages/airflow/example_dags/example_task_group.py for tasks to queue
[2025-10-05T23:14:28.881+0000] {logging_mixin.py:190} INFO - [2025-10-05T23:14:28.880+0000] {dagbag.py:588} INFO - Filling up the DagBag from /home/airflow/.local/lib/python3.12/site-packages/airflow/example_dags/example_task_group.py
[2025-10-05T23:14:28.890+0000] {processor.py:925} INFO - DAG(s) 'example_task_group' retrieved from /home/airflow/.local/lib/python3.12/site-packages/airflow/example_dags/example_task_group.py
[2025-10-05T23:14:28.913+0000] {logging_mixin.py:190} INFO - [2025-10-05T23:14:28.913+0000] {dag.py:3239} INFO - Sync 1 DAGs
[2025-10-05T23:14:28.928+0000] {logging_mixin.py:190} INFO - [2025-10-05T23:14:28.927+0000] {dag.py:4180} INFO - Setting next_dagrun for example_task_group to None, run_after=None
[2025-10-05T23:14:28.950+0000] {processor.py:208} INFO - Processing /home/airflow/.local/lib/python3.12/site-packages/airflow/example_dags/example_task_group.py took 0.080 seconds
[2025-10-05T23:15:08.255+0000] {processor.py:186} INFO - Started process (PID=580) to work on /home/airflow/.local/lib/python3.12/site-packages/airflow/example_dags/example_task_group.py
[2025-10-05T23:15:08.257+0000] {processor.py:914} INFO - Processing file /home/airflow/.local/lib/python3.12/site-packages/airflow/example_dags/example_task_group.py for tasks to queue
[2025-10-05T23:15:08.261+0000] {logging_mixin.py:190} INFO - [2025-10-05T23:15:08.260+0000] {dagbag.py:588} INFO - Filling up the DagBag from /home/airflow/.local/lib/python3.12/site-packages/airflow/example_dags/example_task_group.py
[2025-10-05T23:15:08.279+0000] {processor.py:925} INFO - DAG(s) 'example_task_group' retrieved from /home/airflow/.local/lib/python3.12/site-packages/airflow/example_dags/example_task_group.py
[2025-10-05T23:15:08.315+0000] {logging_mixin.py:190} INFO - [2025-10-05T23:15:08.314+0000] {dag.py:3239} INFO - Sync 1 DAGs
[2025-10-05T23:15:08.338+0000] {logging_mixin.py:190} INFO - [2025-10-05T23:15:08.338+0000] {dag.py:4180} INFO - Setting next_dagrun for example_task_group to None, run_after=None
[2025-10-05T23:15:08.549+0000] {processor.py:208} INFO - Processing /home/airflow/.local/lib/python3.12/site-packages/airflow/example_dags/example_task_group.py took 0.303 seconds
[2025-10-05T23:15:39.431+0000] {processor.py:186} INFO - Started process (PID=643) to work on /home/airflow/.local/lib/python3.12/site-packages/airflow/example_dags/example_task_group.py
[2025-10-05T23:15:39.433+0000] {processor.py:914} INFO - Processing file /home/airflow/.local/lib/python3.12/site-packages/airflow/example_dags/example_task_group.py for tasks to queue
[2025-10-05T23:15:39.435+0000] {logging_mixin.py:190} INFO - [2025-10-05T23:15:39.435+0000] {dagbag.py:588} INFO - Filling up the DagBag from /home/airflow/.local/lib/python3.12/site-packages/airflow/example_dags/example_task_group.py
[2025-10-05T23:15:39.447+0000] {processor.py:925} INFO - DAG(s) 'example_task_group' retrieved from /home/airflow/.local/lib/python3.12/site-packages/airflow/example_dags/example_task_group.py
[2025-10-05T23:15:39.471+0000] {logging_mixin.py:190} INFO - [2025-10-05T23:15:39.471+0000] {dag.py:3239} INFO - Sync 1 DAGs
[2025-10-05T23:15:39.490+0000] {logging_mixin.py:190} INFO - [2025-10-05T23:15:39.489+0000] {dag.py:4180} INFO - Setting next_dagrun for example_task_group to None, run_after=None
[2025-10-05T23:15:39.512+0000] {processor.py:208} INFO - Processing /home/airflow/.local/lib/python3.12/site-packages/airflow/example_dags/example_task_group.py took 0.087 seconds
[2025-10-05T23:16:10.147+0000] {processor.py:186} INFO - Started process (PID=706) to work on /home/airflow/.local/lib/python3.12/site-packages/airflow/example_dags/example_task_group.py
[2025-10-05T23:16:10.148+0000] {processor.py:914} INFO - Processing file /home/airflow/.local/lib/python3.12/site-packages/airflow/example_dags/example_task_group.py for tasks to queue
[2025-10-05T23:16:10.156+0000] {logging_mixin.py:190} INFO - [2025-10-05T23:16:10.156+0000] {dagbag.py:588} INFO - Filling up the DagBag from /home/airflow/.local/lib/python3.12/site-packages/airflow/example_dags/example_task_group.py
[2025-10-05T23:16:10.176+0000] {processor.py:925} INFO - DAG(s) 'example_task_group' retrieved from /home/airflow/.local/lib/python3.12/site-packages/airflow/example_dags/example_task_group.py
[2025-10-05T23:16:10.244+0000] {logging_mixin.py:190} INFO - [2025-10-05T23:16:10.241+0000] {dag.py:3239} INFO - Sync 1 DAGs
[2025-10-05T23:16:10.270+0000] {logging_mixin.py:190} INFO - [2025-10-05T23:16:10.270+0000] {dag.py:4180} INFO - Setting next_dagrun for example_task_group to None, run_after=None
[2025-10-05T23:16:10.315+0000] {processor.py:208} INFO - Processing /home/airflow/.local/lib/python3.12/site-packages/airflow/example_dags/example_task_group.py took 0.177 seconds
[2025-10-05T23:16:42.499+0000] {processor.py:186} INFO - Started process (PID=768) to work on /home/airflow/.local/lib/python3.12/site-packages/airflow/example_dags/example_task_group.py
[2025-10-05T23:16:42.501+0000] {processor.py:914} INFO - Processing file /home/airflow/.local/lib/python3.12/site-packages/airflow/example_dags/example_task_group.py for tasks to queue
[2025-10-05T23:16:42.504+0000] {logging_mixin.py:190} INFO - [2025-10-05T23:16:42.504+0000] {dagbag.py:588} INFO - Filling up the DagBag from /home/airflow/.local/lib/python3.12/site-packages/airflow/example_dags/example_task_group.py
[2025-10-05T23:16:42.521+0000] {processor.py:925} INFO - DAG(s) 'example_task_group' retrieved from /home/airflow/.local/lib/python3.12/site-packages/airflow/example_dags/example_task_group.py
[2025-10-05T23:16:42.552+0000] {logging_mixin.py:190} INFO - [2025-10-05T23:16:42.552+0000] {dag.py:3239} INFO - Sync 1 DAGs
[2025-10-05T23:16:42.578+0000] {logging_mixin.py:190} INFO - [2025-10-05T23:16:42.578+0000] {dag.py:4180} INFO - Setting next_dagrun for example_task_group to None, run_after=None
[2025-10-05T23:16:42.611+0000] {processor.py:208} INFO - Processing /home/airflow/.local/lib/python3.12/site-packages/airflow/example_dags/example_task_group.py took 0.122 seconds
[2025-10-05T23:17:13.261+0000] {processor.py:186} INFO - Started process (PID=830) to work on /home/airflow/.local/lib/python3.12/site-packages/airflow/example_dags/example_task_group.py
[2025-10-05T23:17:13.263+0000] {processor.py:914} INFO - Processing file /home/airflow/.local/lib/python3.12/site-packages/airflow/example_dags/example_task_group.py for tasks to queue
[2025-10-05T23:17:13.267+0000] {logging_mixin.py:190} INFO - [2025-10-05T23:17:13.266+0000] {dagbag.py:588} INFO - Filling up the DagBag from /home/airflow/.local/lib/python3.12/site-packages/airflow/example_dags/example_task_group.py
[2025-10-05T23:17:13.281+0000] {processor.py:925} INFO - DAG(s) 'example_task_group' retrieved from /home/airflow/.local/lib/python3.12/site-packages/airflow/example_dags/example_task_group.py
[2025-10-05T23:17:13.584+0000] {logging_mixin.py:190} INFO - [2025-10-05T23:17:13.571+0000] {dag.py:3239} INFO - Sync 1 DAGs
[2025-10-05T23:17:13.660+0000] {logging_mixin.py:190} INFO - [2025-10-05T23:17:13.652+0000] {dag.py:4180} INFO - Setting next_dagrun for example_task_group to None, run_after=None
[2025-10-05T23:17:14.216+0000] {processor.py:208} INFO - Processing /home/airflow/.local/lib/python3.12/site-packages/airflow/example_dags/example_task_group.py took 0.965 seconds
[2025-10-05T23:17:45.042+0000] {processor.py:186} INFO - Started process (PID=893) to work on /home/airflow/.local/lib/python3.12/site-packages/airflow/example_dags/example_task_group.py
[2025-10-05T23:17:45.043+0000] {processor.py:914} INFO - Processing file /home/airflow/.local/lib/python3.12/site-packages/airflow/example_dags/example_task_group.py for tasks to queue
[2025-10-05T23:17:45.046+0000] {logging_mixin.py:190} INFO - [2025-10-05T23:17:45.046+0000] {dagbag.py:588} INFO - Filling up the DagBag from /home/airflow/.local/lib/python3.12/site-packages/airflow/example_dags/example_task_group.py
[2025-10-05T23:17:45.058+0000] {processor.py:925} INFO - DAG(s) 'example_task_group' retrieved from /home/airflow/.local/lib/python3.12/site-packages/airflow/example_dags/example_task_group.py
[2025-10-05T23:17:45.091+0000] {logging_mixin.py:190} INFO - [2025-10-05T23:17:45.091+0000] {dag.py:3239} INFO - Sync 1 DAGs
[2025-10-05T23:17:45.114+0000] {logging_mixin.py:190} INFO - [2025-10-05T23:17:45.113+0000] {dag.py:4180} INFO - Setting next_dagrun for example_task_group to None, run_after=None
[2025-10-05T23:17:45.150+0000] {processor.py:208} INFO - Processing /home/airflow/.local/lib/python3.12/site-packages/airflow/example_dags/example_task_group.py took 0.115 seconds
[2025-10-05T23:18:15.622+0000] {processor.py:186} INFO - Started process (PID=956) to work on /home/airflow/.local/lib/python3.12/site-packages/airflow/example_dags/example_task_group.py
[2025-10-05T23:18:15.624+0000] {processor.py:914} INFO - Processing file /home/airflow/.local/lib/python3.12/site-packages/airflow/example_dags/example_task_group.py for tasks to queue
[2025-10-05T23:18:15.631+0000] {logging_mixin.py:190} INFO - [2025-10-05T23:18:15.629+0000] {dagbag.py:588} INFO - Filling up the DagBag from /home/airflow/.local/lib/python3.12/site-packages/airflow/example_dags/example_task_group.py
[2025-10-05T23:18:15.654+0000] {processor.py:925} INFO - DAG(s) 'example_task_group' retrieved from /home/airflow/.local/lib/python3.12/site-packages/airflow/example_dags/example_task_group.py
[2025-10-05T23:18:15.712+0000] {logging_mixin.py:190} INFO - [2025-10-05T23:18:15.711+0000] {dag.py:3239} INFO - Sync 1 DAGs
[2025-10-05T23:18:15.749+0000] {logging_mixin.py:190} INFO - [2025-10-05T23:18:15.749+0000] {dag.py:4180} INFO - Setting next_dagrun for example_task_group to None, run_after=None
[2025-10-05T23:18:15.783+0000] {processor.py:208} INFO - Processing /home/airflow/.local/lib/python3.12/site-packages/airflow/example_dags/example_task_group.py took 0.171 seconds
[2025-10-05T23:18:46.800+0000] {processor.py:186} INFO - Started process (PID=1019) to work on /home/airflow/.local/lib/python3.12/site-packages/airflow/example_dags/example_task_group.py
[2025-10-05T23:18:46.802+0000] {processor.py:914} INFO - Processing file /home/airflow/.local/lib/python3.12/site-packages/airflow/example_dags/example_task_group.py for tasks to queue
[2025-10-05T23:18:46.806+0000] {logging_mixin.py:190} INFO - [2025-10-05T23:18:46.805+0000] {dagbag.py:588} INFO - Filling up the DagBag from /home/airflow/.local/lib/python3.12/site-packages/airflow/example_dags/example_task_group.py
[2025-10-05T23:18:46.819+0000] {processor.py:925} INFO - DAG(s) 'example_task_group' retrieved from /home/airflow/.local/lib/python3.12/site-packages/airflow/example_dags/example_task_group.py
[2025-10-05T23:18:46.850+0000] {logging_mixin.py:190} INFO - [2025-10-05T23:18:46.849+0000] {dag.py:3239} INFO - Sync 1 DAGs
[2025-10-05T23:18:46.870+0000] {logging_mixin.py:190} INFO - [2025-10-05T23:18:46.870+0000] {dag.py:4180} INFO - Setting next_dagrun for example_task_group to None, run_after=None
[2025-10-05T23:18:46.905+0000] {processor.py:208} INFO - Processing /home/airflow/.local/lib/python3.12/site-packages/airflow/example_dags/example_task_group.py took 0.112 seconds
[2025-10-05T23:19:17.075+0000] {processor.py:186} INFO - Started process (PID=1082) to work on /home/airflow/.local/lib/python3.12/site-packages/airflow/example_dags/example_task_group.py
[2025-10-05T23:19:17.076+0000] {processor.py:914} INFO - Processing file /home/airflow/.local/lib/python3.12/site-packages/airflow/example_dags/example_task_group.py for tasks to queue
[2025-10-05T23:19:17.081+0000] {logging_mixin.py:190} INFO - [2025-10-05T23:19:17.080+0000] {dagbag.py:588} INFO - Filling up the DagBag from /home/airflow/.local/lib/python3.12/site-packages/airflow/example_dags/example_task_group.py
[2025-10-05T23:19:17.106+0000] {processor.py:925} INFO - DAG(s) 'example_task_group' retrieved from /home/airflow/.local/lib/python3.12/site-packages/airflow/example_dags/example_task_group.py
[2025-10-05T23:19:17.141+0000] {logging_mixin.py:190} INFO - [2025-10-05T23:19:17.141+0000] {dag.py:3239} INFO - Sync 1 DAGs
[2025-10-05T23:19:17.167+0000] {logging_mixin.py:190} INFO - [2025-10-05T23:19:17.166+0000] {dag.py:4180} INFO - Setting next_dagrun for example_task_group to None, run_after=None
[2025-10-05T23:19:17.201+0000] {processor.py:208} INFO - Processing /home/airflow/.local/lib/python3.12/site-packages/airflow/example_dags/example_task_group.py took 0.144 seconds
[2025-10-05T23:20:05.796+0000] {processor.py:186} INFO - Started process (PID=1128) to work on /home/airflow/.local/lib/python3.12/site-packages/airflow/example_dags/example_task_group.py
[2025-10-05T23:20:05.797+0000] {processor.py:914} INFO - Processing file /home/airflow/.local/lib/python3.12/site-packages/airflow/example_dags/example_task_group.py for tasks to queue
[2025-10-05T23:20:05.802+0000] {logging_mixin.py:190} INFO - [2025-10-05T23:20:05.801+0000] {dagbag.py:588} INFO - Filling up the DagBag from /home/airflow/.local/lib/python3.12/site-packages/airflow/example_dags/example_task_group.py
[2025-10-05T23:20:05.822+0000] {processor.py:925} INFO - DAG(s) 'example_task_group' retrieved from /home/airflow/.local/lib/python3.12/site-packages/airflow/example_dags/example_task_group.py
[2025-10-05T23:20:05.854+0000] {logging_mixin.py:190} INFO - [2025-10-05T23:20:05.854+0000] {dag.py:3239} INFO - Sync 1 DAGs
[2025-10-05T23:20:05.875+0000] {logging_mixin.py:190} INFO - [2025-10-05T23:20:05.875+0000] {dag.py:4180} INFO - Setting next_dagrun for example_task_group to None, run_after=None
[2025-10-05T23:20:05.908+0000] {processor.py:208} INFO - Processing /home/airflow/.local/lib/python3.12/site-packages/airflow/example_dags/example_task_group.py took 0.124 seconds
[2025-10-05T23:20:36.641+0000] {processor.py:186} INFO - Started process (PID=1185) to work on /home/airflow/.local/lib/python3.12/site-packages/airflow/example_dags/example_task_group.py
[2025-10-05T23:20:36.643+0000] {processor.py:914} INFO - Processing file /home/airflow/.local/lib/python3.12/site-packages/airflow/example_dags/example_task_group.py for tasks to queue
[2025-10-05T23:20:36.646+0000] {logging_mixin.py:190} INFO - [2025-10-05T23:20:36.645+0000] {dagbag.py:588} INFO - Filling up the DagBag from /home/airflow/.local/lib/python3.12/site-packages/airflow/example_dags/example_task_group.py
[2025-10-05T23:20:36.656+0000] {processor.py:925} INFO - DAG(s) 'example_task_group' retrieved from /home/airflow/.local/lib/python3.12/site-packages/airflow/example_dags/example_task_group.py
[2025-10-05T23:20:36.686+0000] {logging_mixin.py:190} INFO - [2025-10-05T23:20:36.686+0000] {dag.py:3239} INFO - Sync 1 DAGs
[2025-10-05T23:20:36.707+0000] {logging_mixin.py:190} INFO - [2025-10-05T23:20:36.707+0000] {dag.py:4180} INFO - Setting next_dagrun for example_task_group to None, run_after=None
[2025-10-05T23:20:36.737+0000] {processor.py:208} INFO - Processing /home/airflow/.local/lib/python3.12/site-packages/airflow/example_dags/example_task_group.py took 0.103 seconds
[2025-10-05T23:21:16.743+0000] {processor.py:186} INFO - Started process (PID=1247) to work on /home/airflow/.local/lib/python3.12/site-packages/airflow/example_dags/example_task_group.py
[2025-10-05T23:21:16.744+0000] {processor.py:914} INFO - Processing file /home/airflow/.local/lib/python3.12/site-packages/airflow/example_dags/example_task_group.py for tasks to queue
[2025-10-05T23:21:16.750+0000] {logging_mixin.py:190} INFO - [2025-10-05T23:21:16.749+0000] {dagbag.py:588} INFO - Filling up the DagBag from /home/airflow/.local/lib/python3.12/site-packages/airflow/example_dags/example_task_group.py
[2025-10-05T23:21:16.767+0000] {processor.py:925} INFO - DAG(s) 'example_task_group' retrieved from /home/airflow/.local/lib/python3.12/site-packages/airflow/example_dags/example_task_group.py
[2025-10-05T23:21:16.812+0000] {logging_mixin.py:190} INFO - [2025-10-05T23:21:16.811+0000] {dag.py:3239} INFO - Sync 1 DAGs
[2025-10-05T23:21:16.845+0000] {logging_mixin.py:190} INFO - [2025-10-05T23:21:16.845+0000] {dag.py:4180} INFO - Setting next_dagrun for example_task_group to None, run_after=None
[2025-10-05T23:21:16.889+0000] {processor.py:208} INFO - Processing /home/airflow/.local/lib/python3.12/site-packages/airflow/example_dags/example_task_group.py took 0.155 seconds
[2025-10-05T23:21:59.845+0000] {processor.py:186} INFO - Started process (PID=1304) to work on /home/airflow/.local/lib/python3.12/site-packages/airflow/example_dags/example_task_group.py
[2025-10-05T23:21:59.849+0000] {processor.py:914} INFO - Processing file /home/airflow/.local/lib/python3.12/site-packages/airflow/example_dags/example_task_group.py for tasks to queue
[2025-10-05T23:21:59.856+0000] {logging_mixin.py:190} INFO - [2025-10-05T23:21:59.852+0000] {dagbag.py:588} INFO - Filling up the DagBag from /home/airflow/.local/lib/python3.12/site-packages/airflow/example_dags/example_task_group.py
[2025-10-05T23:21:59.904+0000] {processor.py:925} INFO - DAG(s) 'example_task_group' retrieved from /home/airflow/.local/lib/python3.12/site-packages/airflow/example_dags/example_task_group.py
[2025-10-05T23:22:00.184+0000] {logging_mixin.py:190} INFO - [2025-10-05T23:22:00.183+0000] {dag.py:3239} INFO - Sync 1 DAGs
[2025-10-05T23:22:00.215+0000] {logging_mixin.py:190} INFO - [2025-10-05T23:22:00.215+0000] {dag.py:4180} INFO - Setting next_dagrun for example_task_group to None, run_after=None
[2025-10-05T23:22:00.266+0000] {processor.py:208} INFO - Processing /home/airflow/.local/lib/python3.12/site-packages/airflow/example_dags/example_task_group.py took 0.447 seconds
[2025-10-05T23:26:34.361+0000] {processor.py:186} INFO - Started process (PID=1327) to work on /home/airflow/.local/lib/python3.12/site-packages/airflow/example_dags/example_task_group.py
[2025-10-05T23:26:34.364+0000] {processor.py:914} INFO - Processing file /home/airflow/.local/lib/python3.12/site-packages/airflow/example_dags/example_task_group.py for tasks to queue
[2025-10-05T23:26:34.368+0000] {logging_mixin.py:190} INFO - [2025-10-05T23:26:34.367+0000] {dagbag.py:588} INFO - Filling up the DagBag from /home/airflow/.local/lib/python3.12/site-packages/airflow/example_dags/example_task_group.py
[2025-10-05T23:26:34.395+0000] {processor.py:925} INFO - DAG(s) 'example_task_group' retrieved from /home/airflow/.local/lib/python3.12/site-packages/airflow/example_dags/example_task_group.py
[2025-10-05T23:26:34.456+0000] {logging_mixin.py:190} INFO - [2025-10-05T23:26:34.456+0000] {dag.py:3239} INFO - Sync 1 DAGs
[2025-10-05T23:26:34.497+0000] {logging_mixin.py:190} INFO - [2025-10-05T23:26:34.496+0000] {dag.py:4180} INFO - Setting next_dagrun for example_task_group to None, run_after=None
[2025-10-05T23:26:34.566+0000] {processor.py:208} INFO - Processing /home/airflow/.local/lib/python3.12/site-packages/airflow/example_dags/example_task_group.py took 0.222 seconds
[2025-10-05T23:28:10.485+0000] {processor.py:186} INFO - Started process (PID=1379) to work on /home/airflow/.local/lib/python3.12/site-packages/airflow/example_dags/example_task_group.py
[2025-10-05T23:28:10.488+0000] {processor.py:914} INFO - Processing file /home/airflow/.local/lib/python3.12/site-packages/airflow/example_dags/example_task_group.py for tasks to queue
[2025-10-05T23:28:10.492+0000] {logging_mixin.py:190} INFO - [2025-10-05T23:28:10.491+0000] {dagbag.py:588} INFO - Filling up the DagBag from /home/airflow/.local/lib/python3.12/site-packages/airflow/example_dags/example_task_group.py
[2025-10-05T23:28:10.521+0000] {processor.py:925} INFO - DAG(s) 'example_task_group' retrieved from /home/airflow/.local/lib/python3.12/site-packages/airflow/example_dags/example_task_group.py
[2025-10-05T23:28:11.307+0000] {logging_mixin.py:190} INFO - [2025-10-05T23:28:11.307+0000] {dag.py:3239} INFO - Sync 1 DAGs
[2025-10-05T23:28:11.366+0000] {logging_mixin.py:190} INFO - [2025-10-05T23:28:11.365+0000] {dag.py:4180} INFO - Setting next_dagrun for example_task_group to None, run_after=None
[2025-10-05T23:28:11.436+0000] {processor.py:208} INFO - Processing /home/airflow/.local/lib/python3.12/site-packages/airflow/example_dags/example_task_group.py took 0.263 seconds
