[2025-10-05T23:10:27.658+0000] {processor.py:186} INFO - Started process (PID=75) to work on /home/airflow/.local/lib/python3.12/site-packages/airflow/example_dags/example_kubernetes_executor.py
[2025-10-05T23:10:27.671+0000] {processor.py:914} INFO - Processing file /home/airflow/.local/lib/python3.12/site-packages/airflow/example_dags/example_kubernetes_executor.py for tasks to queue
[2025-10-05T23:10:27.796+0000] {logging_mixin.py:190} INFO - [2025-10-05T23:10:27.794+0000] {dagbag.py:588} INFO - Filling up the DagBag from /home/airflow/.local/lib/python3.12/site-packages/airflow/example_dags/example_kubernetes_executor.py
[2025-10-05T23:10:28.074+0000] {processor.py:925} INFO - DAG(s) 'example_kubernetes_executor' retrieved from /home/airflow/.local/lib/python3.12/site-packages/airflow/example_dags/example_kubernetes_executor.py
[2025-10-05T23:10:29.339+0000] {logging_mixin.py:190} INFO - [2025-10-05T23:10:29.335+0000] {override.py:1900} INFO - Created Permission View: can edit on DAG:example_kubernetes_executor
[2025-10-05T23:10:29.585+0000] {logging_mixin.py:190} INFO - [2025-10-05T23:10:29.584+0000] {override.py:1900} INFO - Created Permission View: can delete on DAG:example_kubernetes_executor
[2025-10-05T23:10:29.621+0000] {logging_mixin.py:190} INFO - [2025-10-05T23:10:29.620+0000] {override.py:1900} INFO - Created Permission View: can read on DAG:example_kubernetes_executor
[2025-10-05T23:10:29.681+0000] {logging_mixin.py:190} INFO - [2025-10-05T23:10:29.680+0000] {override.py:1900} INFO - Created Permission View: can create on DAG Run:example_kubernetes_executor
[2025-10-05T23:10:29.729+0000] {logging_mixin.py:190} INFO - [2025-10-05T23:10:29.728+0000] {override.py:1900} INFO - Created Permission View: menu access on DAG Run:example_kubernetes_executor
[2025-10-05T23:10:29.753+0000] {logging_mixin.py:190} INFO - [2025-10-05T23:10:29.753+0000] {override.py:1900} INFO - Created Permission View: can delete on DAG Run:example_kubernetes_executor
[2025-10-05T23:10:29.773+0000] {logging_mixin.py:190} INFO - [2025-10-05T23:10:29.772+0000] {override.py:1900} INFO - Created Permission View: can read on DAG Run:example_kubernetes_executor
[2025-10-05T23:10:29.775+0000] {logging_mixin.py:190} INFO - [2025-10-05T23:10:29.775+0000] {dag.py:3239} INFO - Sync 1 DAGs
[2025-10-05T23:10:29.889+0000] {logging_mixin.py:190} INFO - [2025-10-05T23:10:29.889+0000] {dag.py:3262} INFO - Creating ORM DAG for example_kubernetes_executor
[2025-10-05T23:10:29.894+0000] {logging_mixin.py:190} INFO - [2025-10-05T23:10:29.893+0000] {dag.py:4180} INFO - Setting next_dagrun for example_kubernetes_executor to None, run_after=None
[2025-10-05T23:10:29.985+0000] {processor.py:208} INFO - Processing /home/airflow/.local/lib/python3.12/site-packages/airflow/example_dags/example_kubernetes_executor.py took 2.415 seconds
[2025-10-05T23:11:22.703+0000] {processor.py:186} INFO - Started process (PID=144) to work on /home/airflow/.local/lib/python3.12/site-packages/airflow/example_dags/example_kubernetes_executor.py
[2025-10-05T23:11:22.709+0000] {processor.py:914} INFO - Processing file /home/airflow/.local/lib/python3.12/site-packages/airflow/example_dags/example_kubernetes_executor.py for tasks to queue
[2025-10-05T23:11:22.717+0000] {logging_mixin.py:190} INFO - [2025-10-05T23:11:22.716+0000] {dagbag.py:588} INFO - Filling up the DagBag from /home/airflow/.local/lib/python3.12/site-packages/airflow/example_dags/example_kubernetes_executor.py
[2025-10-05T23:11:22.846+0000] {processor.py:925} INFO - DAG(s) 'example_kubernetes_executor' retrieved from /home/airflow/.local/lib/python3.12/site-packages/airflow/example_dags/example_kubernetes_executor.py
[2025-10-05T23:11:22.960+0000] {logging_mixin.py:190} INFO - [2025-10-05T23:11:22.959+0000] {dag.py:3239} INFO - Sync 1 DAGs
[2025-10-05T23:11:23.010+0000] {logging_mixin.py:190} INFO - [2025-10-05T23:11:23.009+0000] {dag.py:4180} INFO - Setting next_dagrun for example_kubernetes_executor to None, run_after=None
[2025-10-05T23:11:23.070+0000] {processor.py:208} INFO - Processing /home/airflow/.local/lib/python3.12/site-packages/airflow/example_dags/example_kubernetes_executor.py took 0.382 seconds
[2025-10-05T23:11:53.489+0000] {processor.py:186} INFO - Started process (PID=208) to work on /home/airflow/.local/lib/python3.12/site-packages/airflow/example_dags/example_kubernetes_executor.py
[2025-10-05T23:11:53.493+0000] {processor.py:914} INFO - Processing file /home/airflow/.local/lib/python3.12/site-packages/airflow/example_dags/example_kubernetes_executor.py for tasks to queue
[2025-10-05T23:11:53.502+0000] {logging_mixin.py:190} INFO - [2025-10-05T23:11:53.500+0000] {dagbag.py:588} INFO - Filling up the DagBag from /home/airflow/.local/lib/python3.12/site-packages/airflow/example_dags/example_kubernetes_executor.py
[2025-10-05T23:11:53.565+0000] {processor.py:925} INFO - DAG(s) 'example_kubernetes_executor' retrieved from /home/airflow/.local/lib/python3.12/site-packages/airflow/example_dags/example_kubernetes_executor.py
[2025-10-05T23:11:53.675+0000] {logging_mixin.py:190} INFO - [2025-10-05T23:11:53.674+0000] {dag.py:3239} INFO - Sync 1 DAGs
[2025-10-05T23:11:53.717+0000] {logging_mixin.py:190} INFO - [2025-10-05T23:11:53.716+0000] {dag.py:4180} INFO - Setting next_dagrun for example_kubernetes_executor to None, run_after=None
[2025-10-05T23:11:53.774+0000] {processor.py:208} INFO - Processing /home/airflow/.local/lib/python3.12/site-packages/airflow/example_dags/example_kubernetes_executor.py took 0.305 seconds
[2025-10-05T23:12:24.196+0000] {processor.py:186} INFO - Started process (PID=269) to work on /home/airflow/.local/lib/python3.12/site-packages/airflow/example_dags/example_kubernetes_executor.py
[2025-10-05T23:12:24.200+0000] {processor.py:914} INFO - Processing file /home/airflow/.local/lib/python3.12/site-packages/airflow/example_dags/example_kubernetes_executor.py for tasks to queue
[2025-10-05T23:12:24.208+0000] {logging_mixin.py:190} INFO - [2025-10-05T23:12:24.207+0000] {dagbag.py:588} INFO - Filling up the DagBag from /home/airflow/.local/lib/python3.12/site-packages/airflow/example_dags/example_kubernetes_executor.py
[2025-10-05T23:12:24.245+0000] {processor.py:925} INFO - DAG(s) 'example_kubernetes_executor' retrieved from /home/airflow/.local/lib/python3.12/site-packages/airflow/example_dags/example_kubernetes_executor.py
[2025-10-05T23:12:24.336+0000] {logging_mixin.py:190} INFO - [2025-10-05T23:12:24.335+0000] {dag.py:3239} INFO - Sync 1 DAGs
[2025-10-05T23:12:24.374+0000] {logging_mixin.py:190} INFO - [2025-10-05T23:12:24.373+0000] {dag.py:4180} INFO - Setting next_dagrun for example_kubernetes_executor to None, run_after=None
[2025-10-05T23:12:24.419+0000] {processor.py:208} INFO - Processing /home/airflow/.local/lib/python3.12/site-packages/airflow/example_dags/example_kubernetes_executor.py took 0.248 seconds
[2025-10-05T23:12:54.918+0000] {processor.py:186} INFO - Started process (PID=332) to work on /home/airflow/.local/lib/python3.12/site-packages/airflow/example_dags/example_kubernetes_executor.py
[2025-10-05T23:12:54.924+0000] {processor.py:914} INFO - Processing file /home/airflow/.local/lib/python3.12/site-packages/airflow/example_dags/example_kubernetes_executor.py for tasks to queue
[2025-10-05T23:12:54.927+0000] {logging_mixin.py:190} INFO - [2025-10-05T23:12:54.927+0000] {dagbag.py:588} INFO - Filling up the DagBag from /home/airflow/.local/lib/python3.12/site-packages/airflow/example_dags/example_kubernetes_executor.py
[2025-10-05T23:12:54.961+0000] {processor.py:925} INFO - DAG(s) 'example_kubernetes_executor' retrieved from /home/airflow/.local/lib/python3.12/site-packages/airflow/example_dags/example_kubernetes_executor.py
[2025-10-05T23:12:55.033+0000] {logging_mixin.py:190} INFO - [2025-10-05T23:12:55.032+0000] {dag.py:3239} INFO - Sync 1 DAGs
[2025-10-05T23:12:55.067+0000] {logging_mixin.py:190} INFO - [2025-10-05T23:12:55.067+0000] {dag.py:4180} INFO - Setting next_dagrun for example_kubernetes_executor to None, run_after=None
[2025-10-05T23:12:55.123+0000] {processor.py:208} INFO - Processing /home/airflow/.local/lib/python3.12/site-packages/airflow/example_dags/example_kubernetes_executor.py took 0.216 seconds
[2025-10-05T23:13:25.198+0000] {processor.py:186} INFO - Started process (PID=396) to work on /home/airflow/.local/lib/python3.12/site-packages/airflow/example_dags/example_kubernetes_executor.py
[2025-10-05T23:13:25.199+0000] {processor.py:914} INFO - Processing file /home/airflow/.local/lib/python3.12/site-packages/airflow/example_dags/example_kubernetes_executor.py for tasks to queue
[2025-10-05T23:13:25.203+0000] {logging_mixin.py:190} INFO - [2025-10-05T23:13:25.202+0000] {dagbag.py:588} INFO - Filling up the DagBag from /home/airflow/.local/lib/python3.12/site-packages/airflow/example_dags/example_kubernetes_executor.py
[2025-10-05T23:13:25.222+0000] {processor.py:925} INFO - DAG(s) 'example_kubernetes_executor' retrieved from /home/airflow/.local/lib/python3.12/site-packages/airflow/example_dags/example_kubernetes_executor.py
[2025-10-05T23:13:25.287+0000] {logging_mixin.py:190} INFO - [2025-10-05T23:13:25.286+0000] {dag.py:3239} INFO - Sync 1 DAGs
[2025-10-05T23:13:25.306+0000] {logging_mixin.py:190} INFO - [2025-10-05T23:13:25.305+0000] {dag.py:4180} INFO - Setting next_dagrun for example_kubernetes_executor to None, run_after=None
[2025-10-05T23:13:25.331+0000] {processor.py:208} INFO - Processing /home/airflow/.local/lib/python3.12/site-packages/airflow/example_dags/example_kubernetes_executor.py took 0.141 seconds
[2025-10-05T23:13:56.046+0000] {processor.py:186} INFO - Started process (PID=459) to work on /home/airflow/.local/lib/python3.12/site-packages/airflow/example_dags/example_kubernetes_executor.py
[2025-10-05T23:13:56.048+0000] {processor.py:914} INFO - Processing file /home/airflow/.local/lib/python3.12/site-packages/airflow/example_dags/example_kubernetes_executor.py for tasks to queue
[2025-10-05T23:13:56.051+0000] {logging_mixin.py:190} INFO - [2025-10-05T23:13:56.050+0000] {dagbag.py:588} INFO - Filling up the DagBag from /home/airflow/.local/lib/python3.12/site-packages/airflow/example_dags/example_kubernetes_executor.py
[2025-10-05T23:13:56.067+0000] {processor.py:925} INFO - DAG(s) 'example_kubernetes_executor' retrieved from /home/airflow/.local/lib/python3.12/site-packages/airflow/example_dags/example_kubernetes_executor.py
[2025-10-05T23:13:56.110+0000] {logging_mixin.py:190} INFO - [2025-10-05T23:13:56.109+0000] {dag.py:3239} INFO - Sync 1 DAGs
[2025-10-05T23:13:56.125+0000] {logging_mixin.py:190} INFO - [2025-10-05T23:13:56.125+0000] {dag.py:4180} INFO - Setting next_dagrun for example_kubernetes_executor to None, run_after=None
[2025-10-05T23:13:56.151+0000] {processor.py:208} INFO - Processing /home/airflow/.local/lib/python3.12/site-packages/airflow/example_dags/example_kubernetes_executor.py took 0.111 seconds
[2025-10-05T23:14:26.678+0000] {processor.py:186} INFO - Started process (PID=522) to work on /home/airflow/.local/lib/python3.12/site-packages/airflow/example_dags/example_kubernetes_executor.py
[2025-10-05T23:14:26.679+0000] {processor.py:914} INFO - Processing file /home/airflow/.local/lib/python3.12/site-packages/airflow/example_dags/example_kubernetes_executor.py for tasks to queue
[2025-10-05T23:14:26.682+0000] {logging_mixin.py:190} INFO - [2025-10-05T23:14:26.682+0000] {dagbag.py:588} INFO - Filling up the DagBag from /home/airflow/.local/lib/python3.12/site-packages/airflow/example_dags/example_kubernetes_executor.py
[2025-10-05T23:14:26.698+0000] {processor.py:925} INFO - DAG(s) 'example_kubernetes_executor' retrieved from /home/airflow/.local/lib/python3.12/site-packages/airflow/example_dags/example_kubernetes_executor.py
[2025-10-05T23:14:26.739+0000] {logging_mixin.py:190} INFO - [2025-10-05T23:14:26.738+0000] {dag.py:3239} INFO - Sync 1 DAGs
[2025-10-05T23:14:26.755+0000] {logging_mixin.py:190} INFO - [2025-10-05T23:14:26.755+0000] {dag.py:4180} INFO - Setting next_dagrun for example_kubernetes_executor to None, run_after=None
[2025-10-05T23:14:26.778+0000] {processor.py:208} INFO - Processing /home/airflow/.local/lib/python3.12/site-packages/airflow/example_dags/example_kubernetes_executor.py took 0.107 seconds
[2025-10-05T23:15:06.919+0000] {processor.py:186} INFO - Started process (PID=578) to work on /home/airflow/.local/lib/python3.12/site-packages/airflow/example_dags/example_kubernetes_executor.py
[2025-10-05T23:15:06.924+0000] {processor.py:914} INFO - Processing file /home/airflow/.local/lib/python3.12/site-packages/airflow/example_dags/example_kubernetes_executor.py for tasks to queue
[2025-10-05T23:15:06.927+0000] {logging_mixin.py:190} INFO - [2025-10-05T23:15:06.927+0000] {dagbag.py:588} INFO - Filling up the DagBag from /home/airflow/.local/lib/python3.12/site-packages/airflow/example_dags/example_kubernetes_executor.py
[2025-10-05T23:15:06.955+0000] {processor.py:925} INFO - DAG(s) 'example_kubernetes_executor' retrieved from /home/airflow/.local/lib/python3.12/site-packages/airflow/example_dags/example_kubernetes_executor.py
[2025-10-05T23:15:07.076+0000] {logging_mixin.py:190} INFO - [2025-10-05T23:15:07.075+0000] {dag.py:3239} INFO - Sync 1 DAGs
[2025-10-05T23:15:07.451+0000] {logging_mixin.py:190} INFO - [2025-10-05T23:15:07.451+0000] {dag.py:4180} INFO - Setting next_dagrun for example_kubernetes_executor to None, run_after=None
[2025-10-05T23:15:08.040+0000] {processor.py:208} INFO - Processing /home/airflow/.local/lib/python3.12/site-packages/airflow/example_dags/example_kubernetes_executor.py took 1.131 seconds
[2025-10-05T23:15:38.289+0000] {processor.py:186} INFO - Started process (PID=641) to work on /home/airflow/.local/lib/python3.12/site-packages/airflow/example_dags/example_kubernetes_executor.py
[2025-10-05T23:15:38.290+0000] {processor.py:914} INFO - Processing file /home/airflow/.local/lib/python3.12/site-packages/airflow/example_dags/example_kubernetes_executor.py for tasks to queue
[2025-10-05T23:15:38.294+0000] {logging_mixin.py:190} INFO - [2025-10-05T23:15:38.293+0000] {dagbag.py:588} INFO - Filling up the DagBag from /home/airflow/.local/lib/python3.12/site-packages/airflow/example_dags/example_kubernetes_executor.py
[2025-10-05T23:15:38.310+0000] {processor.py:925} INFO - DAG(s) 'example_kubernetes_executor' retrieved from /home/airflow/.local/lib/python3.12/site-packages/airflow/example_dags/example_kubernetes_executor.py
[2025-10-05T23:15:38.352+0000] {logging_mixin.py:190} INFO - [2025-10-05T23:15:38.351+0000] {dag.py:3239} INFO - Sync 1 DAGs
[2025-10-05T23:15:38.368+0000] {logging_mixin.py:190} INFO - [2025-10-05T23:15:38.368+0000] {dag.py:4180} INFO - Setting next_dagrun for example_kubernetes_executor to None, run_after=None
[2025-10-05T23:15:38.395+0000] {processor.py:208} INFO - Processing /home/airflow/.local/lib/python3.12/site-packages/airflow/example_dags/example_kubernetes_executor.py took 0.112 seconds
[2025-10-05T23:16:09.047+0000] {processor.py:186} INFO - Started process (PID=704) to work on /home/airflow/.local/lib/python3.12/site-packages/airflow/example_dags/example_kubernetes_executor.py
[2025-10-05T23:16:09.048+0000] {processor.py:914} INFO - Processing file /home/airflow/.local/lib/python3.12/site-packages/airflow/example_dags/example_kubernetes_executor.py for tasks to queue
[2025-10-05T23:16:09.056+0000] {logging_mixin.py:190} INFO - [2025-10-05T23:16:09.055+0000] {dagbag.py:588} INFO - Filling up the DagBag from /home/airflow/.local/lib/python3.12/site-packages/airflow/example_dags/example_kubernetes_executor.py
[2025-10-05T23:16:09.075+0000] {processor.py:925} INFO - DAG(s) 'example_kubernetes_executor' retrieved from /home/airflow/.local/lib/python3.12/site-packages/airflow/example_dags/example_kubernetes_executor.py
[2025-10-05T23:16:09.147+0000] {logging_mixin.py:190} INFO - [2025-10-05T23:16:09.147+0000] {dag.py:3239} INFO - Sync 1 DAGs
[2025-10-05T23:16:09.176+0000] {logging_mixin.py:190} INFO - [2025-10-05T23:16:09.175+0000] {dag.py:4180} INFO - Setting next_dagrun for example_kubernetes_executor to None, run_after=None
[2025-10-05T23:16:09.211+0000] {processor.py:208} INFO - Processing /home/airflow/.local/lib/python3.12/site-packages/airflow/example_dags/example_kubernetes_executor.py took 0.174 seconds
[2025-10-05T23:16:42.290+0000] {processor.py:186} INFO - Started process (PID=766) to work on /home/airflow/.local/lib/python3.12/site-packages/airflow/example_dags/example_kubernetes_executor.py
[2025-10-05T23:16:42.291+0000] {processor.py:914} INFO - Processing file /home/airflow/.local/lib/python3.12/site-packages/airflow/example_dags/example_kubernetes_executor.py for tasks to queue
[2025-10-05T23:16:42.297+0000] {logging_mixin.py:190} INFO - [2025-10-05T23:16:42.296+0000] {dagbag.py:588} INFO - Filling up the DagBag from /home/airflow/.local/lib/python3.12/site-packages/airflow/example_dags/example_kubernetes_executor.py
[2025-10-05T23:16:42.323+0000] {processor.py:925} INFO - DAG(s) 'example_kubernetes_executor' retrieved from /home/airflow/.local/lib/python3.12/site-packages/airflow/example_dags/example_kubernetes_executor.py
[2025-10-05T23:16:42.379+0000] {logging_mixin.py:190} INFO - [2025-10-05T23:16:42.379+0000] {dag.py:3239} INFO - Sync 1 DAGs
[2025-10-05T23:16:42.405+0000] {logging_mixin.py:190} INFO - [2025-10-05T23:16:42.405+0000] {dag.py:4180} INFO - Setting next_dagrun for example_kubernetes_executor to None, run_after=None
[2025-10-05T23:16:42.439+0000] {processor.py:208} INFO - Processing /home/airflow/.local/lib/python3.12/site-packages/airflow/example_dags/example_kubernetes_executor.py took 0.158 seconds
[2025-10-05T23:17:12.851+0000] {processor.py:186} INFO - Started process (PID=828) to work on /home/airflow/.local/lib/python3.12/site-packages/airflow/example_dags/example_kubernetes_executor.py
[2025-10-05T23:17:12.852+0000] {processor.py:914} INFO - Processing file /home/airflow/.local/lib/python3.12/site-packages/airflow/example_dags/example_kubernetes_executor.py for tasks to queue
[2025-10-05T23:17:12.856+0000] {logging_mixin.py:190} INFO - [2025-10-05T23:17:12.856+0000] {dagbag.py:588} INFO - Filling up the DagBag from /home/airflow/.local/lib/python3.12/site-packages/airflow/example_dags/example_kubernetes_executor.py
[2025-10-05T23:17:12.877+0000] {processor.py:925} INFO - DAG(s) 'example_kubernetes_executor' retrieved from /home/airflow/.local/lib/python3.12/site-packages/airflow/example_dags/example_kubernetes_executor.py
[2025-10-05T23:17:12.970+0000] {logging_mixin.py:190} INFO - [2025-10-05T23:17:12.969+0000] {dag.py:3239} INFO - Sync 1 DAGs
[2025-10-05T23:17:12.995+0000] {logging_mixin.py:190} INFO - [2025-10-05T23:17:12.994+0000] {dag.py:4180} INFO - Setting next_dagrun for example_kubernetes_executor to None, run_after=None
[2025-10-05T23:17:13.128+0000] {processor.py:208} INFO - Processing /home/airflow/.local/lib/python3.12/site-packages/airflow/example_dags/example_kubernetes_executor.py took 0.285 seconds
[2025-10-05T23:17:43.826+0000] {processor.py:186} INFO - Started process (PID=890) to work on /home/airflow/.local/lib/python3.12/site-packages/airflow/example_dags/example_kubernetes_executor.py
[2025-10-05T23:17:43.828+0000] {processor.py:914} INFO - Processing file /home/airflow/.local/lib/python3.12/site-packages/airflow/example_dags/example_kubernetes_executor.py for tasks to queue
[2025-10-05T23:17:43.831+0000] {logging_mixin.py:190} INFO - [2025-10-05T23:17:43.831+0000] {dagbag.py:588} INFO - Filling up the DagBag from /home/airflow/.local/lib/python3.12/site-packages/airflow/example_dags/example_kubernetes_executor.py
[2025-10-05T23:17:43.849+0000] {processor.py:925} INFO - DAG(s) 'example_kubernetes_executor' retrieved from /home/airflow/.local/lib/python3.12/site-packages/airflow/example_dags/example_kubernetes_executor.py
[2025-10-05T23:17:43.893+0000] {logging_mixin.py:190} INFO - [2025-10-05T23:17:43.893+0000] {dag.py:3239} INFO - Sync 1 DAGs
[2025-10-05T23:17:43.910+0000] {logging_mixin.py:190} INFO - [2025-10-05T23:17:43.909+0000] {dag.py:4180} INFO - Setting next_dagrun for example_kubernetes_executor to None, run_after=None
[2025-10-05T23:17:43.933+0000] {processor.py:208} INFO - Processing /home/airflow/.local/lib/python3.12/site-packages/airflow/example_dags/example_kubernetes_executor.py took 0.114 seconds
[2025-10-05T23:18:14.415+0000] {processor.py:186} INFO - Started process (PID=953) to work on /home/airflow/.local/lib/python3.12/site-packages/airflow/example_dags/example_kubernetes_executor.py
[2025-10-05T23:18:14.416+0000] {processor.py:914} INFO - Processing file /home/airflow/.local/lib/python3.12/site-packages/airflow/example_dags/example_kubernetes_executor.py for tasks to queue
[2025-10-05T23:18:14.420+0000] {logging_mixin.py:190} INFO - [2025-10-05T23:18:14.419+0000] {dagbag.py:588} INFO - Filling up the DagBag from /home/airflow/.local/lib/python3.12/site-packages/airflow/example_dags/example_kubernetes_executor.py
[2025-10-05T23:18:14.441+0000] {processor.py:925} INFO - DAG(s) 'example_kubernetes_executor' retrieved from /home/airflow/.local/lib/python3.12/site-packages/airflow/example_dags/example_kubernetes_executor.py
[2025-10-05T23:18:14.490+0000] {logging_mixin.py:190} INFO - [2025-10-05T23:18:14.490+0000] {dag.py:3239} INFO - Sync 1 DAGs
[2025-10-05T23:18:14.508+0000] {logging_mixin.py:190} INFO - [2025-10-05T23:18:14.508+0000] {dag.py:4180} INFO - Setting next_dagrun for example_kubernetes_executor to None, run_after=None
[2025-10-05T23:18:14.535+0000] {processor.py:208} INFO - Processing /home/airflow/.local/lib/python3.12/site-packages/airflow/example_dags/example_kubernetes_executor.py took 0.128 seconds
[2025-10-05T23:18:44.853+0000] {processor.py:186} INFO - Started process (PID=1011) to work on /home/airflow/.local/lib/python3.12/site-packages/airflow/example_dags/example_kubernetes_executor.py
[2025-10-05T23:18:44.855+0000] {processor.py:914} INFO - Processing file /home/airflow/.local/lib/python3.12/site-packages/airflow/example_dags/example_kubernetes_executor.py for tasks to queue
[2025-10-05T23:18:44.859+0000] {logging_mixin.py:190} INFO - [2025-10-05T23:18:44.859+0000] {dagbag.py:588} INFO - Filling up the DagBag from /home/airflow/.local/lib/python3.12/site-packages/airflow/example_dags/example_kubernetes_executor.py
[2025-10-05T23:18:44.878+0000] {processor.py:925} INFO - DAG(s) 'example_kubernetes_executor' retrieved from /home/airflow/.local/lib/python3.12/site-packages/airflow/example_dags/example_kubernetes_executor.py
[2025-10-05T23:18:44.926+0000] {logging_mixin.py:190} INFO - [2025-10-05T23:18:44.926+0000] {dag.py:3239} INFO - Sync 1 DAGs
[2025-10-05T23:18:44.943+0000] {logging_mixin.py:190} INFO - [2025-10-05T23:18:44.943+0000] {dag.py:4180} INFO - Setting next_dagrun for example_kubernetes_executor to None, run_after=None
[2025-10-05T23:18:44.968+0000] {processor.py:208} INFO - Processing /home/airflow/.local/lib/python3.12/site-packages/airflow/example_dags/example_kubernetes_executor.py took 0.123 seconds
[2025-10-05T23:19:15.547+0000] {processor.py:186} INFO - Started process (PID=1071) to work on /home/airflow/.local/lib/python3.12/site-packages/airflow/example_dags/example_kubernetes_executor.py
[2025-10-05T23:19:15.548+0000] {processor.py:914} INFO - Processing file /home/airflow/.local/lib/python3.12/site-packages/airflow/example_dags/example_kubernetes_executor.py for tasks to queue
[2025-10-05T23:19:15.552+0000] {logging_mixin.py:190} INFO - [2025-10-05T23:19:15.551+0000] {dagbag.py:588} INFO - Filling up the DagBag from /home/airflow/.local/lib/python3.12/site-packages/airflow/example_dags/example_kubernetes_executor.py
[2025-10-05T23:19:15.597+0000] {processor.py:925} INFO - DAG(s) 'example_kubernetes_executor' retrieved from /home/airflow/.local/lib/python3.12/site-packages/airflow/example_dags/example_kubernetes_executor.py
[2025-10-05T23:19:15.657+0000] {logging_mixin.py:190} INFO - [2025-10-05T23:19:15.657+0000] {dag.py:3239} INFO - Sync 1 DAGs
[2025-10-05T23:19:15.678+0000] {logging_mixin.py:190} INFO - [2025-10-05T23:19:15.678+0000] {dag.py:4180} INFO - Setting next_dagrun for example_kubernetes_executor to None, run_after=None
[2025-10-05T23:19:15.708+0000] {processor.py:208} INFO - Processing /home/airflow/.local/lib/python3.12/site-packages/airflow/example_dags/example_kubernetes_executor.py took 0.169 seconds
[2025-10-05T23:20:05.456+0000] {processor.py:186} INFO - Started process (PID=1126) to work on /home/airflow/.local/lib/python3.12/site-packages/airflow/example_dags/example_kubernetes_executor.py
[2025-10-05T23:20:05.459+0000] {processor.py:914} INFO - Processing file /home/airflow/.local/lib/python3.12/site-packages/airflow/example_dags/example_kubernetes_executor.py for tasks to queue
[2025-10-05T23:20:05.466+0000] {logging_mixin.py:190} INFO - [2025-10-05T23:20:05.465+0000] {dagbag.py:588} INFO - Filling up the DagBag from /home/airflow/.local/lib/python3.12/site-packages/airflow/example_dags/example_kubernetes_executor.py
[2025-10-05T23:20:05.505+0000] {processor.py:925} INFO - DAG(s) 'example_kubernetes_executor' retrieved from /home/airflow/.local/lib/python3.12/site-packages/airflow/example_dags/example_kubernetes_executor.py
[2025-10-05T23:20:05.639+0000] {logging_mixin.py:190} INFO - [2025-10-05T23:20:05.638+0000] {dag.py:3239} INFO - Sync 1 DAGs
[2025-10-05T23:20:05.678+0000] {logging_mixin.py:190} INFO - [2025-10-05T23:20:05.677+0000] {dag.py:4180} INFO - Setting next_dagrun for example_kubernetes_executor to None, run_after=None
[2025-10-05T23:20:05.727+0000] {processor.py:208} INFO - Processing /home/airflow/.local/lib/python3.12/site-packages/airflow/example_dags/example_kubernetes_executor.py took 0.288 seconds
[2025-10-05T23:20:36.464+0000] {processor.py:186} INFO - Started process (PID=1183) to work on /home/airflow/.local/lib/python3.12/site-packages/airflow/example_dags/example_kubernetes_executor.py
[2025-10-05T23:20:36.465+0000] {processor.py:914} INFO - Processing file /home/airflow/.local/lib/python3.12/site-packages/airflow/example_dags/example_kubernetes_executor.py for tasks to queue
[2025-10-05T23:20:36.468+0000] {logging_mixin.py:190} INFO - [2025-10-05T23:20:36.468+0000] {dagbag.py:588} INFO - Filling up the DagBag from /home/airflow/.local/lib/python3.12/site-packages/airflow/example_dags/example_kubernetes_executor.py
[2025-10-05T23:20:36.487+0000] {processor.py:925} INFO - DAG(s) 'example_kubernetes_executor' retrieved from /home/airflow/.local/lib/python3.12/site-packages/airflow/example_dags/example_kubernetes_executor.py
[2025-10-05T23:20:36.542+0000] {logging_mixin.py:190} INFO - [2025-10-05T23:20:36.542+0000] {dag.py:3239} INFO - Sync 1 DAGs
[2025-10-05T23:20:36.561+0000] {logging_mixin.py:190} INFO - [2025-10-05T23:20:36.561+0000] {dag.py:4180} INFO - Setting next_dagrun for example_kubernetes_executor to None, run_after=None
[2025-10-05T23:20:36.588+0000] {processor.py:208} INFO - Processing /home/airflow/.local/lib/python3.12/site-packages/airflow/example_dags/example_kubernetes_executor.py took 0.130 seconds
[2025-10-05T23:21:16.503+0000] {processor.py:186} INFO - Started process (PID=1245) to work on /home/airflow/.local/lib/python3.12/site-packages/airflow/example_dags/example_kubernetes_executor.py
[2025-10-05T23:21:16.505+0000] {processor.py:914} INFO - Processing file /home/airflow/.local/lib/python3.12/site-packages/airflow/example_dags/example_kubernetes_executor.py for tasks to queue
[2025-10-05T23:21:16.511+0000] {logging_mixin.py:190} INFO - [2025-10-05T23:21:16.510+0000] {dagbag.py:588} INFO - Filling up the DagBag from /home/airflow/.local/lib/python3.12/site-packages/airflow/example_dags/example_kubernetes_executor.py
[2025-10-05T23:21:16.539+0000] {processor.py:925} INFO - DAG(s) 'example_kubernetes_executor' retrieved from /home/airflow/.local/lib/python3.12/site-packages/airflow/example_dags/example_kubernetes_executor.py
[2025-10-05T23:21:16.620+0000] {logging_mixin.py:190} INFO - [2025-10-05T23:21:16.620+0000] {dag.py:3239} INFO - Sync 1 DAGs
[2025-10-05T23:21:16.651+0000] {logging_mixin.py:190} INFO - [2025-10-05T23:21:16.649+0000] {dag.py:4180} INFO - Setting next_dagrun for example_kubernetes_executor to None, run_after=None
[2025-10-05T23:21:16.685+0000] {processor.py:208} INFO - Processing /home/airflow/.local/lib/python3.12/site-packages/airflow/example_dags/example_kubernetes_executor.py took 0.194 seconds
[2025-10-05T23:21:48.426+0000] {processor.py:186} INFO - Started process (PID=1302) to work on /home/airflow/.local/lib/python3.12/site-packages/airflow/example_dags/example_kubernetes_executor.py
[2025-10-05T23:21:48.428+0000] {processor.py:914} INFO - Processing file /home/airflow/.local/lib/python3.12/site-packages/airflow/example_dags/example_kubernetes_executor.py for tasks to queue
[2025-10-05T23:21:48.430+0000] {logging_mixin.py:190} INFO - [2025-10-05T23:21:48.429+0000] {dagbag.py:588} INFO - Filling up the DagBag from /home/airflow/.local/lib/python3.12/site-packages/airflow/example_dags/example_kubernetes_executor.py
[2025-10-05T23:21:48.466+0000] {processor.py:925} INFO - DAG(s) 'example_kubernetes_executor' retrieved from /home/airflow/.local/lib/python3.12/site-packages/airflow/example_dags/example_kubernetes_executor.py
[2025-10-05T23:21:48.608+0000] {logging_mixin.py:190} INFO - [2025-10-05T23:21:48.603+0000] {dag.py:3239} INFO - Sync 1 DAGs
[2025-10-05T23:21:48.700+0000] {logging_mixin.py:190} INFO - [2025-10-05T23:21:48.683+0000] {dag.py:4180} INFO - Setting next_dagrun for example_kubernetes_executor to None, run_after=None
[2025-10-05T23:21:49.560+0000] {processor.py:208} INFO - Processing /home/airflow/.local/lib/python3.12/site-packages/airflow/example_dags/example_kubernetes_executor.py took 1.147 seconds
[2025-10-05T23:26:33.868+0000] {processor.py:186} INFO - Started process (PID=1319) to work on /home/airflow/.local/lib/python3.12/site-packages/airflow/example_dags/example_kubernetes_executor.py
[2025-10-05T23:26:33.871+0000] {processor.py:914} INFO - Processing file /home/airflow/.local/lib/python3.12/site-packages/airflow/example_dags/example_kubernetes_executor.py for tasks to queue
[2025-10-05T23:26:33.876+0000] {logging_mixin.py:190} INFO - [2025-10-05T23:26:33.875+0000] {dagbag.py:588} INFO - Filling up the DagBag from /home/airflow/.local/lib/python3.12/site-packages/airflow/example_dags/example_kubernetes_executor.py
[2025-10-05T23:26:33.939+0000] {processor.py:925} INFO - DAG(s) 'example_kubernetes_executor' retrieved from /home/airflow/.local/lib/python3.12/site-packages/airflow/example_dags/example_kubernetes_executor.py
[2025-10-05T23:26:34.154+0000] {logging_mixin.py:190} INFO - [2025-10-05T23:26:34.153+0000] {dag.py:3239} INFO - Sync 1 DAGs
[2025-10-05T23:26:34.198+0000] {logging_mixin.py:190} INFO - [2025-10-05T23:26:34.198+0000] {dag.py:4180} INFO - Setting next_dagrun for example_kubernetes_executor to None, run_after=None
[2025-10-05T23:26:34.260+0000] {processor.py:208} INFO - Processing /home/airflow/.local/lib/python3.12/site-packages/airflow/example_dags/example_kubernetes_executor.py took 0.427 seconds
[2025-10-05T23:28:06.494+0000] {processor.py:186} INFO - Started process (PID=1377) to work on /home/airflow/.local/lib/python3.12/site-packages/airflow/example_dags/example_kubernetes_executor.py
[2025-10-05T23:28:06.510+0000] {processor.py:914} INFO - Processing file /home/airflow/.local/lib/python3.12/site-packages/airflow/example_dags/example_kubernetes_executor.py for tasks to queue
[2025-10-05T23:28:06.521+0000] {logging_mixin.py:190} INFO - [2025-10-05T23:28:06.514+0000] {dagbag.py:588} INFO - Filling up the DagBag from /home/airflow/.local/lib/python3.12/site-packages/airflow/example_dags/example_kubernetes_executor.py
[2025-10-05T23:28:06.710+0000] {processor.py:925} INFO - DAG(s) 'example_kubernetes_executor' retrieved from /home/airflow/.local/lib/python3.12/site-packages/airflow/example_dags/example_kubernetes_executor.py
[2025-10-05T23:28:09.896+0000] {logging_mixin.py:190} INFO - [2025-10-05T23:28:09.895+0000] {dag.py:3239} INFO - Sync 1 DAGs
[2025-10-05T23:28:09.970+0000] {logging_mixin.py:190} INFO - [2025-10-05T23:28:09.969+0000] {dag.py:4180} INFO - Setting next_dagrun for example_kubernetes_executor to None, run_after=None
[2025-10-05T23:28:10.393+0000] {processor.py:208} INFO - Processing /home/airflow/.local/lib/python3.12/site-packages/airflow/example_dags/example_kubernetes_executor.py took 3.652 seconds
