[2025-10-05T23:10:53.079+0000] {processor.py:186} INFO - Started process (PID=96) to work on /home/airflow/.local/lib/python3.12/site-packages/airflow/example_dags/tutorial.py
[2025-10-05T23:10:53.085+0000] {processor.py:914} INFO - Processing file /home/airflow/.local/lib/python3.12/site-packages/airflow/example_dags/tutorial.py for tasks to queue
[2025-10-05T23:10:53.092+0000] {logging_mixin.py:190} INFO - [2025-10-05T23:10:53.091+0000] {dagbag.py:588} INFO - Filling up the DagBag from /home/airflow/.local/lib/python3.12/site-packages/airflow/example_dags/tutorial.py
[2025-10-05T23:10:53.126+0000] {processor.py:925} INFO - DAG(s) 'tutorial' retrieved from /home/airflow/.local/lib/python3.12/site-packages/airflow/example_dags/tutorial.py
[2025-10-05T23:10:53.781+0000] {logging_mixin.py:190} INFO - [2025-10-05T23:10:53.778+0000] {override.py:1900} INFO - Created Permission View: can edit on DAG:tutorial
[2025-10-05T23:10:53.823+0000] {logging_mixin.py:190} INFO - [2025-10-05T23:10:53.822+0000] {override.py:1900} INFO - Created Permission View: can delete on DAG:tutorial
[2025-10-05T23:10:53.849+0000] {logging_mixin.py:190} INFO - [2025-10-05T23:10:53.848+0000] {override.py:1900} INFO - Created Permission View: can read on DAG:tutorial
[2025-10-05T23:10:53.873+0000] {logging_mixin.py:190} INFO - [2025-10-05T23:10:53.872+0000] {override.py:1900} INFO - Created Permission View: can create on DAG Run:tutorial
[2025-10-05T23:10:53.898+0000] {logging_mixin.py:190} INFO - [2025-10-05T23:10:53.897+0000] {override.py:1900} INFO - Created Permission View: menu access on DAG Run:tutorial
[2025-10-05T23:10:53.921+0000] {logging_mixin.py:190} INFO - [2025-10-05T23:10:53.921+0000] {override.py:1900} INFO - Created Permission View: can delete on DAG Run:tutorial
[2025-10-05T23:10:53.947+0000] {logging_mixin.py:190} INFO - [2025-10-05T23:10:53.946+0000] {override.py:1900} INFO - Created Permission View: can read on DAG Run:tutorial
[2025-10-05T23:10:53.949+0000] {logging_mixin.py:190} INFO - [2025-10-05T23:10:53.949+0000] {dag.py:3239} INFO - Sync 1 DAGs
[2025-10-05T23:10:54.022+0000] {logging_mixin.py:190} INFO - [2025-10-05T23:10:54.022+0000] {dag.py:3262} INFO - Creating ORM DAG for tutorial
[2025-10-05T23:10:54.201+0000] {logging_mixin.py:190} INFO - [2025-10-05T23:10:54.201+0000] {dag.py:4180} INFO - Setting next_dagrun for tutorial to 2025-10-04 00:00:00+00:00, run_after=2025-10-05 00:00:00+00:00
[2025-10-05T23:10:54.288+0000] {processor.py:208} INFO - Processing /home/airflow/.local/lib/python3.12/site-packages/airflow/example_dags/tutorial.py took 1.240 seconds
[2025-10-05T23:11:26.923+0000] {processor.py:186} INFO - Started process (PID=159) to work on /home/airflow/.local/lib/python3.12/site-packages/airflow/example_dags/tutorial.py
[2025-10-05T23:11:26.929+0000] {processor.py:914} INFO - Processing file /home/airflow/.local/lib/python3.12/site-packages/airflow/example_dags/tutorial.py for tasks to queue
[2025-10-05T23:11:26.941+0000] {logging_mixin.py:190} INFO - [2025-10-05T23:11:26.940+0000] {dagbag.py:588} INFO - Filling up the DagBag from /home/airflow/.local/lib/python3.12/site-packages/airflow/example_dags/tutorial.py
[2025-10-05T23:11:26.974+0000] {processor.py:925} INFO - DAG(s) 'tutorial' retrieved from /home/airflow/.local/lib/python3.12/site-packages/airflow/example_dags/tutorial.py
[2025-10-05T23:11:27.045+0000] {logging_mixin.py:190} INFO - [2025-10-05T23:11:27.043+0000] {dag.py:3239} INFO - Sync 1 DAGs
[2025-10-05T23:11:27.116+0000] {logging_mixin.py:190} INFO - [2025-10-05T23:11:27.116+0000] {dag.py:4180} INFO - Setting next_dagrun for tutorial to 2025-10-04 00:00:00+00:00, run_after=2025-10-05 00:00:00+00:00
[2025-10-05T23:11:27.240+0000] {processor.py:208} INFO - Processing /home/airflow/.local/lib/python3.12/site-packages/airflow/example_dags/tutorial.py took 0.339 seconds
[2025-10-05T23:11:58.980+0000] {processor.py:186} INFO - Started process (PID=222) to work on /home/airflow/.local/lib/python3.12/site-packages/airflow/example_dags/tutorial.py
[2025-10-05T23:11:59.002+0000] {processor.py:914} INFO - Processing file /home/airflow/.local/lib/python3.12/site-packages/airflow/example_dags/tutorial.py for tasks to queue
[2025-10-05T23:11:59.010+0000] {logging_mixin.py:190} INFO - [2025-10-05T23:11:59.008+0000] {dagbag.py:588} INFO - Filling up the DagBag from /home/airflow/.local/lib/python3.12/site-packages/airflow/example_dags/tutorial.py
[2025-10-05T23:11:59.104+0000] {processor.py:925} INFO - DAG(s) 'tutorial' retrieved from /home/airflow/.local/lib/python3.12/site-packages/airflow/example_dags/tutorial.py
[2025-10-05T23:11:59.391+0000] {logging_mixin.py:190} INFO - [2025-10-05T23:11:59.390+0000] {dag.py:3239} INFO - Sync 1 DAGs
[2025-10-05T23:11:59.469+0000] {logging_mixin.py:190} INFO - [2025-10-05T23:11:59.468+0000] {dag.py:4180} INFO - Setting next_dagrun for tutorial to 2025-10-04 00:00:00+00:00, run_after=2025-10-05 00:00:00+00:00
[2025-10-05T23:11:59.768+0000] {processor.py:208} INFO - Processing /home/airflow/.local/lib/python3.12/site-packages/airflow/example_dags/tutorial.py took 0.811 seconds
[2025-10-05T23:12:30.385+0000] {processor.py:186} INFO - Started process (PID=285) to work on /home/airflow/.local/lib/python3.12/site-packages/airflow/example_dags/tutorial.py
[2025-10-05T23:12:30.387+0000] {processor.py:914} INFO - Processing file /home/airflow/.local/lib/python3.12/site-packages/airflow/example_dags/tutorial.py for tasks to queue
[2025-10-05T23:12:30.392+0000] {logging_mixin.py:190} INFO - [2025-10-05T23:12:30.391+0000] {dagbag.py:588} INFO - Filling up the DagBag from /home/airflow/.local/lib/python3.12/site-packages/airflow/example_dags/tutorial.py
[2025-10-05T23:12:30.416+0000] {processor.py:925} INFO - DAG(s) 'tutorial' retrieved from /home/airflow/.local/lib/python3.12/site-packages/airflow/example_dags/tutorial.py
[2025-10-05T23:12:30.472+0000] {logging_mixin.py:190} INFO - [2025-10-05T23:12:30.471+0000] {dag.py:3239} INFO - Sync 1 DAGs
[2025-10-05T23:12:30.543+0000] {logging_mixin.py:190} INFO - [2025-10-05T23:12:30.542+0000] {dag.py:4180} INFO - Setting next_dagrun for tutorial to 2025-10-04 00:00:00+00:00, run_after=2025-10-05 00:00:00+00:00
[2025-10-05T23:12:30.595+0000] {processor.py:208} INFO - Processing /home/airflow/.local/lib/python3.12/site-packages/airflow/example_dags/tutorial.py took 0.224 seconds
[2025-10-05T23:13:01.051+0000] {processor.py:186} INFO - Started process (PID=348) to work on /home/airflow/.local/lib/python3.12/site-packages/airflow/example_dags/tutorial.py
[2025-10-05T23:13:01.054+0000] {processor.py:914} INFO - Processing file /home/airflow/.local/lib/python3.12/site-packages/airflow/example_dags/tutorial.py for tasks to queue
[2025-10-05T23:13:01.063+0000] {logging_mixin.py:190} INFO - [2025-10-05T23:13:01.062+0000] {dagbag.py:588} INFO - Filling up the DagBag from /home/airflow/.local/lib/python3.12/site-packages/airflow/example_dags/tutorial.py
[2025-10-05T23:13:01.082+0000] {processor.py:925} INFO - DAG(s) 'tutorial' retrieved from /home/airflow/.local/lib/python3.12/site-packages/airflow/example_dags/tutorial.py
[2025-10-05T23:13:01.135+0000] {logging_mixin.py:190} INFO - [2025-10-05T23:13:01.134+0000] {dag.py:3239} INFO - Sync 1 DAGs
[2025-10-05T23:13:01.192+0000] {logging_mixin.py:190} INFO - [2025-10-05T23:13:01.192+0000] {dag.py:4180} INFO - Setting next_dagrun for tutorial to 2025-10-04 00:00:00+00:00, run_after=2025-10-05 00:00:00+00:00
[2025-10-05T23:13:01.244+0000] {processor.py:208} INFO - Processing /home/airflow/.local/lib/python3.12/site-packages/airflow/example_dags/tutorial.py took 0.204 seconds
[2025-10-05T23:13:31.911+0000] {processor.py:186} INFO - Started process (PID=412) to work on /home/airflow/.local/lib/python3.12/site-packages/airflow/example_dags/tutorial.py
[2025-10-05T23:13:31.912+0000] {processor.py:914} INFO - Processing file /home/airflow/.local/lib/python3.12/site-packages/airflow/example_dags/tutorial.py for tasks to queue
[2025-10-05T23:13:31.915+0000] {logging_mixin.py:190} INFO - [2025-10-05T23:13:31.915+0000] {dagbag.py:588} INFO - Filling up the DagBag from /home/airflow/.local/lib/python3.12/site-packages/airflow/example_dags/tutorial.py
[2025-10-05T23:13:31.925+0000] {processor.py:925} INFO - DAG(s) 'tutorial' retrieved from /home/airflow/.local/lib/python3.12/site-packages/airflow/example_dags/tutorial.py
[2025-10-05T23:13:31.950+0000] {logging_mixin.py:190} INFO - [2025-10-05T23:13:31.950+0000] {dag.py:3239} INFO - Sync 1 DAGs
[2025-10-05T23:13:32.044+0000] {logging_mixin.py:190} INFO - [2025-10-05T23:13:32.043+0000] {dag.py:4180} INFO - Setting next_dagrun for tutorial to 2025-10-04 00:00:00+00:00, run_after=2025-10-05 00:00:00+00:00
[2025-10-05T23:13:32.145+0000] {processor.py:208} INFO - Processing /home/airflow/.local/lib/python3.12/site-packages/airflow/example_dags/tutorial.py took 0.242 seconds
[2025-10-05T23:14:02.305+0000] {processor.py:186} INFO - Started process (PID=475) to work on /home/airflow/.local/lib/python3.12/site-packages/airflow/example_dags/tutorial.py
[2025-10-05T23:14:02.308+0000] {processor.py:914} INFO - Processing file /home/airflow/.local/lib/python3.12/site-packages/airflow/example_dags/tutorial.py for tasks to queue
[2025-10-05T23:14:02.313+0000] {logging_mixin.py:190} INFO - [2025-10-05T23:14:02.312+0000] {dagbag.py:588} INFO - Filling up the DagBag from /home/airflow/.local/lib/python3.12/site-packages/airflow/example_dags/tutorial.py
[2025-10-05T23:14:02.332+0000] {processor.py:925} INFO - DAG(s) 'tutorial' retrieved from /home/airflow/.local/lib/python3.12/site-packages/airflow/example_dags/tutorial.py
[2025-10-05T23:14:02.389+0000] {logging_mixin.py:190} INFO - [2025-10-05T23:14:02.388+0000] {dag.py:3239} INFO - Sync 1 DAGs
[2025-10-05T23:14:02.451+0000] {logging_mixin.py:190} INFO - [2025-10-05T23:14:02.450+0000] {dag.py:4180} INFO - Setting next_dagrun for tutorial to 2025-10-04 00:00:00+00:00, run_after=2025-10-05 00:00:00+00:00
[2025-10-05T23:14:02.518+0000] {processor.py:208} INFO - Processing /home/airflow/.local/lib/python3.12/site-packages/airflow/example_dags/tutorial.py took 0.223 seconds
[2025-10-05T23:14:32.923+0000] {processor.py:186} INFO - Started process (PID=538) to work on /home/airflow/.local/lib/python3.12/site-packages/airflow/example_dags/tutorial.py
[2025-10-05T23:14:32.925+0000] {processor.py:914} INFO - Processing file /home/airflow/.local/lib/python3.12/site-packages/airflow/example_dags/tutorial.py for tasks to queue
[2025-10-05T23:14:32.929+0000] {logging_mixin.py:190} INFO - [2025-10-05T23:14:32.928+0000] {dagbag.py:588} INFO - Filling up the DagBag from /home/airflow/.local/lib/python3.12/site-packages/airflow/example_dags/tutorial.py
[2025-10-05T23:14:32.941+0000] {processor.py:925} INFO - DAG(s) 'tutorial' retrieved from /home/airflow/.local/lib/python3.12/site-packages/airflow/example_dags/tutorial.py
[2025-10-05T23:14:32.968+0000] {logging_mixin.py:190} INFO - [2025-10-05T23:14:32.968+0000] {dag.py:3239} INFO - Sync 1 DAGs
[2025-10-05T23:14:33.000+0000] {logging_mixin.py:190} INFO - [2025-10-05T23:14:33.000+0000] {dag.py:4180} INFO - Setting next_dagrun for tutorial to 2025-10-04 00:00:00+00:00, run_after=2025-10-05 00:00:00+00:00
[2025-10-05T23:14:33.035+0000] {processor.py:208} INFO - Processing /home/airflow/.local/lib/python3.12/site-packages/airflow/example_dags/tutorial.py took 0.121 seconds
[2025-10-05T23:15:10.188+0000] {processor.py:186} INFO - Started process (PID=593) to work on /home/airflow/.local/lib/python3.12/site-packages/airflow/example_dags/tutorial.py
[2025-10-05T23:15:10.191+0000] {processor.py:914} INFO - Processing file /home/airflow/.local/lib/python3.12/site-packages/airflow/example_dags/tutorial.py for tasks to queue
[2025-10-05T23:15:10.195+0000] {logging_mixin.py:190} INFO - [2025-10-05T23:15:10.194+0000] {dagbag.py:588} INFO - Filling up the DagBag from /home/airflow/.local/lib/python3.12/site-packages/airflow/example_dags/tutorial.py
[2025-10-05T23:15:10.206+0000] {processor.py:925} INFO - DAG(s) 'tutorial' retrieved from /home/airflow/.local/lib/python3.12/site-packages/airflow/example_dags/tutorial.py
[2025-10-05T23:15:10.231+0000] {logging_mixin.py:190} INFO - [2025-10-05T23:15:10.231+0000] {dag.py:3239} INFO - Sync 1 DAGs
[2025-10-05T23:15:10.261+0000] {logging_mixin.py:190} INFO - [2025-10-05T23:15:10.260+0000] {dag.py:4180} INFO - Setting next_dagrun for tutorial to 2025-10-04 00:00:00+00:00, run_after=2025-10-05 00:00:00+00:00
[2025-10-05T23:15:10.297+0000] {processor.py:208} INFO - Processing /home/airflow/.local/lib/python3.12/site-packages/airflow/example_dags/tutorial.py took 0.117 seconds
[2025-10-05T23:15:40.491+0000] {processor.py:186} INFO - Started process (PID=656) to work on /home/airflow/.local/lib/python3.12/site-packages/airflow/example_dags/tutorial.py
[2025-10-05T23:15:40.492+0000] {processor.py:914} INFO - Processing file /home/airflow/.local/lib/python3.12/site-packages/airflow/example_dags/tutorial.py for tasks to queue
[2025-10-05T23:15:40.495+0000] {logging_mixin.py:190} INFO - [2025-10-05T23:15:40.495+0000] {dagbag.py:588} INFO - Filling up the DagBag from /home/airflow/.local/lib/python3.12/site-packages/airflow/example_dags/tutorial.py
[2025-10-05T23:15:40.509+0000] {processor.py:925} INFO - DAG(s) 'tutorial' retrieved from /home/airflow/.local/lib/python3.12/site-packages/airflow/example_dags/tutorial.py
[2025-10-05T23:15:40.535+0000] {logging_mixin.py:190} INFO - [2025-10-05T23:15:40.535+0000] {dag.py:3239} INFO - Sync 1 DAGs
[2025-10-05T23:15:40.566+0000] {logging_mixin.py:190} INFO - [2025-10-05T23:15:40.565+0000] {dag.py:4180} INFO - Setting next_dagrun for tutorial to 2025-10-04 00:00:00+00:00, run_after=2025-10-05 00:00:00+00:00
[2025-10-05T23:15:40.588+0000] {processor.py:208} INFO - Processing /home/airflow/.local/lib/python3.12/site-packages/airflow/example_dags/tutorial.py took 0.104 seconds
[2025-10-05T23:16:36.114+0000] {processor.py:186} INFO - Started process (PID=724) to work on /home/airflow/.local/lib/python3.12/site-packages/airflow/example_dags/tutorial.py
[2025-10-05T23:16:36.117+0000] {processor.py:914} INFO - Processing file /home/airflow/.local/lib/python3.12/site-packages/airflow/example_dags/tutorial.py for tasks to queue
[2025-10-05T23:16:36.123+0000] {logging_mixin.py:190} INFO - [2025-10-05T23:16:36.123+0000] {dagbag.py:588} INFO - Filling up the DagBag from /home/airflow/.local/lib/python3.12/site-packages/airflow/example_dags/tutorial.py
[2025-10-05T23:16:36.142+0000] {processor.py:925} INFO - DAG(s) 'tutorial' retrieved from /home/airflow/.local/lib/python3.12/site-packages/airflow/example_dags/tutorial.py
[2025-10-05T23:16:36.195+0000] {logging_mixin.py:190} INFO - [2025-10-05T23:16:36.195+0000] {dag.py:3239} INFO - Sync 1 DAGs
[2025-10-05T23:16:36.262+0000] {logging_mixin.py:190} INFO - [2025-10-05T23:16:36.262+0000] {dag.py:4180} INFO - Setting next_dagrun for tutorial to 2025-10-04 00:00:00+00:00, run_after=2025-10-05 00:00:00+00:00
[2025-10-05T23:16:36.294+0000] {processor.py:208} INFO - Processing /home/airflow/.local/lib/python3.12/site-packages/airflow/example_dags/tutorial.py took 0.193 seconds
[2025-10-05T23:17:07.844+0000] {processor.py:186} INFO - Started process (PID=788) to work on /home/airflow/.local/lib/python3.12/site-packages/airflow/example_dags/tutorial.py
[2025-10-05T23:17:07.846+0000] {processor.py:914} INFO - Processing file /home/airflow/.local/lib/python3.12/site-packages/airflow/example_dags/tutorial.py for tasks to queue
[2025-10-05T23:17:07.851+0000] {logging_mixin.py:190} INFO - [2025-10-05T23:17:07.850+0000] {dagbag.py:588} INFO - Filling up the DagBag from /home/airflow/.local/lib/python3.12/site-packages/airflow/example_dags/tutorial.py
[2025-10-05T23:17:07.868+0000] {processor.py:925} INFO - DAG(s) 'tutorial' retrieved from /home/airflow/.local/lib/python3.12/site-packages/airflow/example_dags/tutorial.py
[2025-10-05T23:17:07.910+0000] {logging_mixin.py:190} INFO - [2025-10-05T23:17:07.909+0000] {dag.py:3239} INFO - Sync 1 DAGs
[2025-10-05T23:17:07.991+0000] {logging_mixin.py:190} INFO - [2025-10-05T23:17:07.990+0000] {dag.py:4180} INFO - Setting next_dagrun for tutorial to 2025-10-04 00:00:00+00:00, run_after=2025-10-05 00:00:00+00:00
[2025-10-05T23:17:08.053+0000] {processor.py:208} INFO - Processing /home/airflow/.local/lib/python3.12/site-packages/airflow/example_dags/tutorial.py took 0.219 seconds
[2025-10-05T23:17:38.450+0000] {processor.py:186} INFO - Started process (PID=845) to work on /home/airflow/.local/lib/python3.12/site-packages/airflow/example_dags/tutorial.py
[2025-10-05T23:17:38.453+0000] {processor.py:914} INFO - Processing file /home/airflow/.local/lib/python3.12/site-packages/airflow/example_dags/tutorial.py for tasks to queue
[2025-10-05T23:17:38.456+0000] {logging_mixin.py:190} INFO - [2025-10-05T23:17:38.456+0000] {dagbag.py:588} INFO - Filling up the DagBag from /home/airflow/.local/lib/python3.12/site-packages/airflow/example_dags/tutorial.py
[2025-10-05T23:17:38.468+0000] {processor.py:925} INFO - DAG(s) 'tutorial' retrieved from /home/airflow/.local/lib/python3.12/site-packages/airflow/example_dags/tutorial.py
[2025-10-05T23:17:38.492+0000] {logging_mixin.py:190} INFO - [2025-10-05T23:17:38.492+0000] {dag.py:3239} INFO - Sync 1 DAGs
[2025-10-05T23:17:38.522+0000] {logging_mixin.py:190} INFO - [2025-10-05T23:17:38.522+0000] {dag.py:4180} INFO - Setting next_dagrun for tutorial to 2025-10-04 00:00:00+00:00, run_after=2025-10-05 00:00:00+00:00
[2025-10-05T23:17:38.545+0000] {processor.py:208} INFO - Processing /home/airflow/.local/lib/python3.12/site-packages/airflow/example_dags/tutorial.py took 0.103 seconds
[2025-10-05T23:18:09.609+0000] {processor.py:186} INFO - Started process (PID=908) to work on /home/airflow/.local/lib/python3.12/site-packages/airflow/example_dags/tutorial.py
[2025-10-05T23:18:09.612+0000] {processor.py:914} INFO - Processing file /home/airflow/.local/lib/python3.12/site-packages/airflow/example_dags/tutorial.py for tasks to queue
[2025-10-05T23:18:09.617+0000] {logging_mixin.py:190} INFO - [2025-10-05T23:18:09.616+0000] {dagbag.py:588} INFO - Filling up the DagBag from /home/airflow/.local/lib/python3.12/site-packages/airflow/example_dags/tutorial.py
[2025-10-05T23:18:09.627+0000] {processor.py:925} INFO - DAG(s) 'tutorial' retrieved from /home/airflow/.local/lib/python3.12/site-packages/airflow/example_dags/tutorial.py
[2025-10-05T23:18:09.651+0000] {logging_mixin.py:190} INFO - [2025-10-05T23:18:09.651+0000] {dag.py:3239} INFO - Sync 1 DAGs
[2025-10-05T23:18:09.682+0000] {logging_mixin.py:190} INFO - [2025-10-05T23:18:09.682+0000] {dag.py:4180} INFO - Setting next_dagrun for tutorial to 2025-10-04 00:00:00+00:00, run_after=2025-10-05 00:00:00+00:00
[2025-10-05T23:18:09.707+0000] {processor.py:208} INFO - Processing /home/airflow/.local/lib/python3.12/site-packages/airflow/example_dags/tutorial.py took 0.106 seconds
[2025-10-05T23:18:40.872+0000] {processor.py:186} INFO - Started process (PID=971) to work on /home/airflow/.local/lib/python3.12/site-packages/airflow/example_dags/tutorial.py
[2025-10-05T23:18:40.873+0000] {processor.py:914} INFO - Processing file /home/airflow/.local/lib/python3.12/site-packages/airflow/example_dags/tutorial.py for tasks to queue
[2025-10-05T23:18:40.877+0000] {logging_mixin.py:190} INFO - [2025-10-05T23:18:40.876+0000] {dagbag.py:588} INFO - Filling up the DagBag from /home/airflow/.local/lib/python3.12/site-packages/airflow/example_dags/tutorial.py
[2025-10-05T23:18:40.889+0000] {processor.py:925} INFO - DAG(s) 'tutorial' retrieved from /home/airflow/.local/lib/python3.12/site-packages/airflow/example_dags/tutorial.py
[2025-10-05T23:18:40.912+0000] {logging_mixin.py:190} INFO - [2025-10-05T23:18:40.912+0000] {dag.py:3239} INFO - Sync 1 DAGs
[2025-10-05T23:18:40.940+0000] {logging_mixin.py:190} INFO - [2025-10-05T23:18:40.939+0000] {dag.py:4180} INFO - Setting next_dagrun for tutorial to 2025-10-04 00:00:00+00:00, run_after=2025-10-05 00:00:00+00:00
[2025-10-05T23:18:40.962+0000] {processor.py:208} INFO - Processing /home/airflow/.local/lib/python3.12/site-packages/airflow/example_dags/tutorial.py took 0.100 seconds
[2025-10-05T23:19:12.150+0000] {processor.py:186} INFO - Started process (PID=1034) to work on /home/airflow/.local/lib/python3.12/site-packages/airflow/example_dags/tutorial.py
[2025-10-05T23:19:12.152+0000] {processor.py:914} INFO - Processing file /home/airflow/.local/lib/python3.12/site-packages/airflow/example_dags/tutorial.py for tasks to queue
[2025-10-05T23:19:12.155+0000] {logging_mixin.py:190} INFO - [2025-10-05T23:19:12.155+0000] {dagbag.py:588} INFO - Filling up the DagBag from /home/airflow/.local/lib/python3.12/site-packages/airflow/example_dags/tutorial.py
[2025-10-05T23:19:12.166+0000] {processor.py:925} INFO - DAG(s) 'tutorial' retrieved from /home/airflow/.local/lib/python3.12/site-packages/airflow/example_dags/tutorial.py
[2025-10-05T23:19:12.188+0000] {logging_mixin.py:190} INFO - [2025-10-05T23:19:12.188+0000] {dag.py:3239} INFO - Sync 1 DAGs
[2025-10-05T23:19:12.215+0000] {logging_mixin.py:190} INFO - [2025-10-05T23:19:12.215+0000] {dag.py:4180} INFO - Setting next_dagrun for tutorial to 2025-10-04 00:00:00+00:00, run_after=2025-10-05 00:00:00+00:00
[2025-10-05T23:19:12.239+0000] {processor.py:208} INFO - Processing /home/airflow/.local/lib/python3.12/site-packages/airflow/example_dags/tutorial.py took 0.097 seconds
[2025-10-05T23:19:42.987+0000] {processor.py:186} INFO - Started process (PID=1097) to work on /home/airflow/.local/lib/python3.12/site-packages/airflow/example_dags/tutorial.py
[2025-10-05T23:19:42.989+0000] {processor.py:914} INFO - Processing file /home/airflow/.local/lib/python3.12/site-packages/airflow/example_dags/tutorial.py for tasks to queue
[2025-10-05T23:19:42.994+0000] {logging_mixin.py:190} INFO - [2025-10-05T23:19:42.993+0000] {dagbag.py:588} INFO - Filling up the DagBag from /home/airflow/.local/lib/python3.12/site-packages/airflow/example_dags/tutorial.py
[2025-10-05T23:19:43.010+0000] {processor.py:925} INFO - DAG(s) 'tutorial' retrieved from /home/airflow/.local/lib/python3.12/site-packages/airflow/example_dags/tutorial.py
[2025-10-05T23:19:43.045+0000] {logging_mixin.py:190} INFO - [2025-10-05T23:19:43.045+0000] {dag.py:3239} INFO - Sync 1 DAGs
[2025-10-05T23:19:43.081+0000] {logging_mixin.py:190} INFO - [2025-10-05T23:19:43.081+0000] {dag.py:4180} INFO - Setting next_dagrun for tutorial to 2025-10-04 00:00:00+00:00, run_after=2025-10-05 00:00:00+00:00
[2025-10-05T23:19:43.110+0000] {processor.py:208} INFO - Processing /home/airflow/.local/lib/python3.12/site-packages/airflow/example_dags/tutorial.py took 0.132 seconds
[2025-10-05T23:20:14.684+0000] {processor.py:186} INFO - Started process (PID=1160) to work on /home/airflow/.local/lib/python3.12/site-packages/airflow/example_dags/tutorial.py
[2025-10-05T23:20:14.685+0000] {processor.py:914} INFO - Processing file /home/airflow/.local/lib/python3.12/site-packages/airflow/example_dags/tutorial.py for tasks to queue
[2025-10-05T23:20:14.688+0000] {logging_mixin.py:190} INFO - [2025-10-05T23:20:14.688+0000] {dagbag.py:588} INFO - Filling up the DagBag from /home/airflow/.local/lib/python3.12/site-packages/airflow/example_dags/tutorial.py
[2025-10-05T23:20:14.699+0000] {processor.py:925} INFO - DAG(s) 'tutorial' retrieved from /home/airflow/.local/lib/python3.12/site-packages/airflow/example_dags/tutorial.py
[2025-10-05T23:20:14.720+0000] {logging_mixin.py:190} INFO - [2025-10-05T23:20:14.719+0000] {dag.py:3239} INFO - Sync 1 DAGs
[2025-10-05T23:20:14.746+0000] {logging_mixin.py:190} INFO - [2025-10-05T23:20:14.746+0000] {dag.py:4180} INFO - Setting next_dagrun for tutorial to 2025-10-04 00:00:00+00:00, run_after=2025-10-05 00:00:00+00:00
[2025-10-05T23:20:14.767+0000] {processor.py:208} INFO - Processing /home/airflow/.local/lib/python3.12/site-packages/airflow/example_dags/tutorial.py took 0.090 seconds
[2025-10-05T23:21:13.342+0000] {processor.py:186} INFO - Started process (PID=1223) to work on /home/airflow/.local/lib/python3.12/site-packages/airflow/example_dags/tutorial.py
[2025-10-05T23:21:13.343+0000] {processor.py:914} INFO - Processing file /home/airflow/.local/lib/python3.12/site-packages/airflow/example_dags/tutorial.py for tasks to queue
[2025-10-05T23:21:13.557+0000] {logging_mixin.py:190} INFO - [2025-10-05T23:21:13.555+0000] {dagbag.py:588} INFO - Filling up the DagBag from /home/airflow/.local/lib/python3.12/site-packages/airflow/example_dags/tutorial.py
[2025-10-05T23:21:13.593+0000] {processor.py:925} INFO - DAG(s) 'tutorial' retrieved from /home/airflow/.local/lib/python3.12/site-packages/airflow/example_dags/tutorial.py
[2025-10-05T23:21:13.637+0000] {logging_mixin.py:190} INFO - [2025-10-05T23:21:13.636+0000] {dag.py:3239} INFO - Sync 1 DAGs
[2025-10-05T23:21:13.720+0000] {logging_mixin.py:190} INFO - [2025-10-05T23:21:13.720+0000] {dag.py:4180} INFO - Setting next_dagrun for tutorial to 2025-10-04 00:00:00+00:00, run_after=2025-10-05 00:00:00+00:00
[2025-10-05T23:21:14.448+0000] {processor.py:208} INFO - Processing /home/airflow/.local/lib/python3.12/site-packages/airflow/example_dags/tutorial.py took 0.240 seconds
[2025-10-05T23:21:45.847+0000] {processor.py:186} INFO - Started process (PID=1285) to work on /home/airflow/.local/lib/python3.12/site-packages/airflow/example_dags/tutorial.py
[2025-10-05T23:21:45.848+0000] {processor.py:914} INFO - Processing file /home/airflow/.local/lib/python3.12/site-packages/airflow/example_dags/tutorial.py for tasks to queue
[2025-10-05T23:21:45.850+0000] {logging_mixin.py:190} INFO - [2025-10-05T23:21:45.849+0000] {dagbag.py:588} INFO - Filling up the DagBag from /home/airflow/.local/lib/python3.12/site-packages/airflow/example_dags/tutorial.py
[2025-10-05T23:21:45.863+0000] {processor.py:925} INFO - DAG(s) 'tutorial' retrieved from /home/airflow/.local/lib/python3.12/site-packages/airflow/example_dags/tutorial.py
[2025-10-05T23:21:45.893+0000] {logging_mixin.py:190} INFO - [2025-10-05T23:21:45.893+0000] {dag.py:3239} INFO - Sync 1 DAGs
[2025-10-05T23:21:45.929+0000] {logging_mixin.py:190} INFO - [2025-10-05T23:21:45.929+0000] {dag.py:4180} INFO - Setting next_dagrun for tutorial to 2025-10-04 00:00:00+00:00, run_after=2025-10-05 00:00:00+00:00
[2025-10-05T23:21:45.957+0000] {processor.py:208} INFO - Processing /home/airflow/.local/lib/python3.12/site-packages/airflow/example_dags/tutorial.py took 0.118 seconds
[2025-10-05T23:26:41.887+0000] {processor.py:186} INFO - Started process (PID=1340) to work on /home/airflow/.local/lib/python3.12/site-packages/airflow/example_dags/tutorial.py
[2025-10-05T23:26:41.889+0000] {processor.py:914} INFO - Processing file /home/airflow/.local/lib/python3.12/site-packages/airflow/example_dags/tutorial.py for tasks to queue
[2025-10-05T23:26:41.892+0000] {logging_mixin.py:190} INFO - [2025-10-05T23:26:41.891+0000] {dagbag.py:588} INFO - Filling up the DagBag from /home/airflow/.local/lib/python3.12/site-packages/airflow/example_dags/tutorial.py
[2025-10-05T23:26:41.911+0000] {processor.py:925} INFO - DAG(s) 'tutorial' retrieved from /home/airflow/.local/lib/python3.12/site-packages/airflow/example_dags/tutorial.py
[2025-10-05T23:26:41.966+0000] {logging_mixin.py:190} INFO - [2025-10-05T23:26:41.966+0000] {dag.py:3239} INFO - Sync 1 DAGs
[2025-10-05T23:26:42.033+0000] {logging_mixin.py:190} INFO - [2025-10-05T23:26:42.032+0000] {dag.py:4180} INFO - Setting next_dagrun for tutorial to 2025-10-04 00:00:00+00:00, run_after=2025-10-05 00:00:00+00:00
[2025-10-05T23:26:42.086+0000] {processor.py:208} INFO - Processing /home/airflow/.local/lib/python3.12/site-packages/airflow/example_dags/tutorial.py took 0.212 seconds
[2025-10-05T23:28:13.496+0000] {processor.py:186} INFO - Started process (PID=1398) to work on /home/airflow/.local/lib/python3.12/site-packages/airflow/example_dags/tutorial.py
[2025-10-05T23:28:13.499+0000] {processor.py:914} INFO - Processing file /home/airflow/.local/lib/python3.12/site-packages/airflow/example_dags/tutorial.py for tasks to queue
[2025-10-05T23:28:13.502+0000] {logging_mixin.py:190} INFO - [2025-10-05T23:28:13.501+0000] {dagbag.py:588} INFO - Filling up the DagBag from /home/airflow/.local/lib/python3.12/site-packages/airflow/example_dags/tutorial.py
[2025-10-05T23:28:13.525+0000] {processor.py:925} INFO - DAG(s) 'tutorial' retrieved from /home/airflow/.local/lib/python3.12/site-packages/airflow/example_dags/tutorial.py
[2025-10-05T23:28:13.567+0000] {logging_mixin.py:190} INFO - [2025-10-05T23:28:13.566+0000] {dag.py:3239} INFO - Sync 1 DAGs
[2025-10-05T23:28:13.620+0000] {logging_mixin.py:190} INFO - [2025-10-05T23:28:13.620+0000] {dag.py:4180} INFO - Setting next_dagrun for tutorial to 2025-10-04 00:00:00+00:00, run_after=2025-10-05 00:00:00+00:00
[2025-10-05T23:28:13.662+0000] {processor.py:208} INFO - Processing /home/airflow/.local/lib/python3.12/site-packages/airflow/example_dags/tutorial.py took 0.183 seconds
