[2025-10-05T23:11:17.744+0000] {processor.py:186} INFO - Started process (PID=133) to work on /home/airflow/.local/lib/python3.12/site-packages/airflow/example_dags/tutorial_dag.py
[2025-10-05T23:11:17.747+0000] {processor.py:914} INFO - Processing file /home/airflow/.local/lib/python3.12/site-packages/airflow/example_dags/tutorial_dag.py for tasks to queue
[2025-10-05T23:11:17.754+0000] {logging_mixin.py:190} INFO - [2025-10-05T23:11:17.753+0000] {dagbag.py:588} INFO - Filling up the DagBag from /home/airflow/.local/lib/python3.12/site-packages/airflow/example_dags/tutorial_dag.py
[2025-10-05T23:11:17.782+0000] {processor.py:925} INFO - DAG(s) 'tutorial_dag' retrieved from /home/airflow/.local/lib/python3.12/site-packages/airflow/example_dags/tutorial_dag.py
[2025-10-05T23:11:18.133+0000] {logging_mixin.py:190} INFO - [2025-10-05T23:11:18.131+0000] {override.py:1900} INFO - Created Permission View: can edit on DAG:tutorial_dag
[2025-10-05T23:11:18.171+0000] {logging_mixin.py:190} INFO - [2025-10-05T23:11:18.170+0000] {override.py:1900} INFO - Created Permission View: can delete on DAG:tutorial_dag
[2025-10-05T23:11:18.189+0000] {logging_mixin.py:190} INFO - [2025-10-05T23:11:18.188+0000] {override.py:1900} INFO - Created Permission View: can read on DAG:tutorial_dag
[2025-10-05T23:11:18.214+0000] {logging_mixin.py:190} INFO - [2025-10-05T23:11:18.213+0000] {override.py:1900} INFO - Created Permission View: can create on DAG Run:tutorial_dag
[2025-10-05T23:11:18.236+0000] {logging_mixin.py:190} INFO - [2025-10-05T23:11:18.235+0000] {override.py:1900} INFO - Created Permission View: menu access on DAG Run:tutorial_dag
[2025-10-05T23:11:18.259+0000] {logging_mixin.py:190} INFO - [2025-10-05T23:11:18.258+0000] {override.py:1900} INFO - Created Permission View: can delete on DAG Run:tutorial_dag
[2025-10-05T23:11:18.287+0000] {logging_mixin.py:190} INFO - [2025-10-05T23:11:18.286+0000] {override.py:1900} INFO - Created Permission View: can read on DAG Run:tutorial_dag
[2025-10-05T23:11:18.292+0000] {logging_mixin.py:190} INFO - [2025-10-05T23:11:18.291+0000] {dag.py:3239} INFO - Sync 1 DAGs
[2025-10-05T23:11:18.358+0000] {logging_mixin.py:190} INFO - [2025-10-05T23:11:18.358+0000] {dag.py:3262} INFO - Creating ORM DAG for tutorial_dag
[2025-10-05T23:11:18.361+0000] {logging_mixin.py:190} INFO - [2025-10-05T23:11:18.361+0000] {dag.py:4180} INFO - Setting next_dagrun for tutorial_dag to None, run_after=None
[2025-10-05T23:11:18.417+0000] {processor.py:208} INFO - Processing /home/airflow/.local/lib/python3.12/site-packages/airflow/example_dags/tutorial_dag.py took 0.688 seconds
[2025-10-05T23:11:49.191+0000] {processor.py:186} INFO - Started process (PID=196) to work on /home/airflow/.local/lib/python3.12/site-packages/airflow/example_dags/tutorial_dag.py
[2025-10-05T23:11:49.204+0000] {processor.py:914} INFO - Processing file /home/airflow/.local/lib/python3.12/site-packages/airflow/example_dags/tutorial_dag.py for tasks to queue
[2025-10-05T23:11:49.222+0000] {logging_mixin.py:190} INFO - [2025-10-05T23:11:49.221+0000] {dagbag.py:588} INFO - Filling up the DagBag from /home/airflow/.local/lib/python3.12/site-packages/airflow/example_dags/tutorial_dag.py
[2025-10-05T23:11:49.276+0000] {processor.py:925} INFO - DAG(s) 'tutorial_dag' retrieved from /home/airflow/.local/lib/python3.12/site-packages/airflow/example_dags/tutorial_dag.py
[2025-10-05T23:11:49.403+0000] {logging_mixin.py:190} INFO - [2025-10-05T23:11:49.402+0000] {dag.py:3239} INFO - Sync 1 DAGs
[2025-10-05T23:11:49.516+0000] {logging_mixin.py:190} INFO - [2025-10-05T23:11:49.515+0000] {dag.py:4180} INFO - Setting next_dagrun for tutorial_dag to None, run_after=None
[2025-10-05T23:11:49.613+0000] {processor.py:208} INFO - Processing /home/airflow/.local/lib/python3.12/site-packages/airflow/example_dags/tutorial_dag.py took 0.461 seconds
[2025-10-05T23:12:19.789+0000] {processor.py:186} INFO - Started process (PID=259) to work on /home/airflow/.local/lib/python3.12/site-packages/airflow/example_dags/tutorial_dag.py
[2025-10-05T23:12:19.792+0000] {processor.py:914} INFO - Processing file /home/airflow/.local/lib/python3.12/site-packages/airflow/example_dags/tutorial_dag.py for tasks to queue
[2025-10-05T23:12:19.798+0000] {logging_mixin.py:190} INFO - [2025-10-05T23:12:19.797+0000] {dagbag.py:588} INFO - Filling up the DagBag from /home/airflow/.local/lib/python3.12/site-packages/airflow/example_dags/tutorial_dag.py
[2025-10-05T23:12:19.816+0000] {processor.py:925} INFO - DAG(s) 'tutorial_dag' retrieved from /home/airflow/.local/lib/python3.12/site-packages/airflow/example_dags/tutorial_dag.py
[2025-10-05T23:12:19.868+0000] {logging_mixin.py:190} INFO - [2025-10-05T23:12:19.868+0000] {dag.py:3239} INFO - Sync 1 DAGs
[2025-10-05T23:12:19.906+0000] {logging_mixin.py:190} INFO - [2025-10-05T23:12:19.906+0000] {dag.py:4180} INFO - Setting next_dagrun for tutorial_dag to None, run_after=None
[2025-10-05T23:12:19.958+0000] {processor.py:208} INFO - Processing /home/airflow/.local/lib/python3.12/site-packages/airflow/example_dags/tutorial_dag.py took 0.182 seconds
[2025-10-05T23:12:51.257+0000] {processor.py:186} INFO - Started process (PID=322) to work on /home/airflow/.local/lib/python3.12/site-packages/airflow/example_dags/tutorial_dag.py
[2025-10-05T23:12:51.260+0000] {processor.py:914} INFO - Processing file /home/airflow/.local/lib/python3.12/site-packages/airflow/example_dags/tutorial_dag.py for tasks to queue
[2025-10-05T23:12:51.273+0000] {logging_mixin.py:190} INFO - [2025-10-05T23:12:51.270+0000] {dagbag.py:588} INFO - Filling up the DagBag from /home/airflow/.local/lib/python3.12/site-packages/airflow/example_dags/tutorial_dag.py
[2025-10-05T23:12:51.309+0000] {processor.py:925} INFO - DAG(s) 'tutorial_dag' retrieved from /home/airflow/.local/lib/python3.12/site-packages/airflow/example_dags/tutorial_dag.py
[2025-10-05T23:12:51.383+0000] {logging_mixin.py:190} INFO - [2025-10-05T23:12:51.382+0000] {dag.py:3239} INFO - Sync 1 DAGs
[2025-10-05T23:12:51.443+0000] {logging_mixin.py:190} INFO - [2025-10-05T23:12:51.443+0000] {dag.py:4180} INFO - Setting next_dagrun for tutorial_dag to None, run_after=None
[2025-10-05T23:12:51.516+0000] {processor.py:208} INFO - Processing /home/airflow/.local/lib/python3.12/site-packages/airflow/example_dags/tutorial_dag.py took 0.273 seconds
[2025-10-05T23:13:21.652+0000] {processor.py:186} INFO - Started process (PID=386) to work on /home/airflow/.local/lib/python3.12/site-packages/airflow/example_dags/tutorial_dag.py
[2025-10-05T23:13:21.654+0000] {processor.py:914} INFO - Processing file /home/airflow/.local/lib/python3.12/site-packages/airflow/example_dags/tutorial_dag.py for tasks to queue
[2025-10-05T23:13:21.659+0000] {logging_mixin.py:190} INFO - [2025-10-05T23:13:21.658+0000] {dagbag.py:588} INFO - Filling up the DagBag from /home/airflow/.local/lib/python3.12/site-packages/airflow/example_dags/tutorial_dag.py
[2025-10-05T23:13:21.676+0000] {processor.py:925} INFO - DAG(s) 'tutorial_dag' retrieved from /home/airflow/.local/lib/python3.12/site-packages/airflow/example_dags/tutorial_dag.py
[2025-10-05T23:13:21.721+0000] {logging_mixin.py:190} INFO - [2025-10-05T23:13:21.720+0000] {dag.py:3239} INFO - Sync 1 DAGs
[2025-10-05T23:13:21.748+0000] {logging_mixin.py:190} INFO - [2025-10-05T23:13:21.748+0000] {dag.py:4180} INFO - Setting next_dagrun for tutorial_dag to None, run_after=None
[2025-10-05T23:13:21.788+0000] {processor.py:208} INFO - Processing /home/airflow/.local/lib/python3.12/site-packages/airflow/example_dags/tutorial_dag.py took 0.147 seconds
[2025-10-05T23:13:52.371+0000] {processor.py:186} INFO - Started process (PID=449) to work on /home/airflow/.local/lib/python3.12/site-packages/airflow/example_dags/tutorial_dag.py
[2025-10-05T23:13:52.376+0000] {processor.py:914} INFO - Processing file /home/airflow/.local/lib/python3.12/site-packages/airflow/example_dags/tutorial_dag.py for tasks to queue
[2025-10-05T23:13:52.381+0000] {logging_mixin.py:190} INFO - [2025-10-05T23:13:52.381+0000] {dagbag.py:588} INFO - Filling up the DagBag from /home/airflow/.local/lib/python3.12/site-packages/airflow/example_dags/tutorial_dag.py
[2025-10-05T23:13:52.411+0000] {processor.py:925} INFO - DAG(s) 'tutorial_dag' retrieved from /home/airflow/.local/lib/python3.12/site-packages/airflow/example_dags/tutorial_dag.py
[2025-10-05T23:13:52.489+0000] {logging_mixin.py:190} INFO - [2025-10-05T23:13:52.489+0000] {dag.py:3239} INFO - Sync 1 DAGs
[2025-10-05T23:13:52.559+0000] {logging_mixin.py:190} INFO - [2025-10-05T23:13:52.559+0000] {dag.py:4180} INFO - Setting next_dagrun for tutorial_dag to None, run_after=None
[2025-10-05T23:13:52.617+0000] {processor.py:208} INFO - Processing /home/airflow/.local/lib/python3.12/site-packages/airflow/example_dags/tutorial_dag.py took 0.254 seconds
[2025-10-05T23:14:23.323+0000] {processor.py:186} INFO - Started process (PID=512) to work on /home/airflow/.local/lib/python3.12/site-packages/airflow/example_dags/tutorial_dag.py
[2025-10-05T23:14:23.324+0000] {processor.py:914} INFO - Processing file /home/airflow/.local/lib/python3.12/site-packages/airflow/example_dags/tutorial_dag.py for tasks to queue
[2025-10-05T23:14:23.328+0000] {logging_mixin.py:190} INFO - [2025-10-05T23:14:23.328+0000] {dagbag.py:588} INFO - Filling up the DagBag from /home/airflow/.local/lib/python3.12/site-packages/airflow/example_dags/tutorial_dag.py
[2025-10-05T23:14:23.338+0000] {processor.py:925} INFO - DAG(s) 'tutorial_dag' retrieved from /home/airflow/.local/lib/python3.12/site-packages/airflow/example_dags/tutorial_dag.py
[2025-10-05T23:14:23.369+0000] {logging_mixin.py:190} INFO - [2025-10-05T23:14:23.369+0000] {dag.py:3239} INFO - Sync 1 DAGs
[2025-10-05T23:14:23.387+0000] {logging_mixin.py:190} INFO - [2025-10-05T23:14:23.387+0000] {dag.py:4180} INFO - Setting next_dagrun for tutorial_dag to None, run_after=None
[2025-10-05T23:14:23.420+0000] {processor.py:208} INFO - Processing /home/airflow/.local/lib/python3.12/site-packages/airflow/example_dags/tutorial_dag.py took 0.106 seconds
[2025-10-05T23:15:06.094+0000] {processor.py:186} INFO - Started process (PID=575) to work on /home/airflow/.local/lib/python3.12/site-packages/airflow/example_dags/tutorial_dag.py
[2025-10-05T23:15:06.097+0000] {processor.py:914} INFO - Processing file /home/airflow/.local/lib/python3.12/site-packages/airflow/example_dags/tutorial_dag.py for tasks to queue
[2025-10-05T23:15:06.192+0000] {logging_mixin.py:190} INFO - [2025-10-05T23:15:06.184+0000] {dagbag.py:588} INFO - Filling up the DagBag from /home/airflow/.local/lib/python3.12/site-packages/airflow/example_dags/tutorial_dag.py
[2025-10-05T23:15:06.317+0000] {processor.py:925} INFO - DAG(s) 'tutorial_dag' retrieved from /home/airflow/.local/lib/python3.12/site-packages/airflow/example_dags/tutorial_dag.py
[2025-10-05T23:15:06.349+0000] {logging_mixin.py:190} INFO - [2025-10-05T23:15:06.349+0000] {dag.py:3239} INFO - Sync 1 DAGs
[2025-10-05T23:15:06.442+0000] {logging_mixin.py:190} INFO - [2025-10-05T23:15:06.441+0000] {dag.py:4180} INFO - Setting next_dagrun for tutorial_dag to None, run_after=None
[2025-10-05T23:15:06.602+0000] {processor.py:208} INFO - Processing /home/airflow/.local/lib/python3.12/site-packages/airflow/example_dags/tutorial_dag.py took 0.517 seconds
[2025-10-05T23:15:36.935+0000] {processor.py:186} INFO - Started process (PID=638) to work on /home/airflow/.local/lib/python3.12/site-packages/airflow/example_dags/tutorial_dag.py
[2025-10-05T23:15:36.936+0000] {processor.py:914} INFO - Processing file /home/airflow/.local/lib/python3.12/site-packages/airflow/example_dags/tutorial_dag.py for tasks to queue
[2025-10-05T23:15:36.939+0000] {logging_mixin.py:190} INFO - [2025-10-05T23:15:36.938+0000] {dagbag.py:588} INFO - Filling up the DagBag from /home/airflow/.local/lib/python3.12/site-packages/airflow/example_dags/tutorial_dag.py
[2025-10-05T23:15:36.948+0000] {processor.py:925} INFO - DAG(s) 'tutorial_dag' retrieved from /home/airflow/.local/lib/python3.12/site-packages/airflow/example_dags/tutorial_dag.py
[2025-10-05T23:15:36.999+0000] {logging_mixin.py:190} INFO - [2025-10-05T23:15:36.998+0000] {dag.py:3239} INFO - Sync 1 DAGs
[2025-10-05T23:15:37.061+0000] {logging_mixin.py:190} INFO - [2025-10-05T23:15:37.061+0000] {dag.py:4180} INFO - Setting next_dagrun for tutorial_dag to None, run_after=None
[2025-10-05T23:15:37.157+0000] {processor.py:208} INFO - Processing /home/airflow/.local/lib/python3.12/site-packages/airflow/example_dags/tutorial_dag.py took 0.228 seconds
[2025-10-05T23:16:07.790+0000] {processor.py:186} INFO - Started process (PID=701) to work on /home/airflow/.local/lib/python3.12/site-packages/airflow/example_dags/tutorial_dag.py
[2025-10-05T23:16:07.791+0000] {processor.py:914} INFO - Processing file /home/airflow/.local/lib/python3.12/site-packages/airflow/example_dags/tutorial_dag.py for tasks to queue
[2025-10-05T23:16:07.795+0000] {logging_mixin.py:190} INFO - [2025-10-05T23:16:07.794+0000] {dagbag.py:588} INFO - Filling up the DagBag from /home/airflow/.local/lib/python3.12/site-packages/airflow/example_dags/tutorial_dag.py
[2025-10-05T23:16:07.808+0000] {processor.py:925} INFO - DAG(s) 'tutorial_dag' retrieved from /home/airflow/.local/lib/python3.12/site-packages/airflow/example_dags/tutorial_dag.py
[2025-10-05T23:16:07.854+0000] {logging_mixin.py:190} INFO - [2025-10-05T23:16:07.851+0000] {dag.py:3239} INFO - Sync 1 DAGs
[2025-10-05T23:16:07.882+0000] {logging_mixin.py:190} INFO - [2025-10-05T23:16:07.881+0000] {dag.py:4180} INFO - Setting next_dagrun for tutorial_dag to None, run_after=None
[2025-10-05T23:16:07.916+0000] {processor.py:208} INFO - Processing /home/airflow/.local/lib/python3.12/site-packages/airflow/example_dags/tutorial_dag.py took 0.136 seconds
[2025-10-05T23:16:41.735+0000] {processor.py:186} INFO - Started process (PID=762) to work on /home/airflow/.local/lib/python3.12/site-packages/airflow/example_dags/tutorial_dag.py
[2025-10-05T23:16:41.737+0000] {processor.py:914} INFO - Processing file /home/airflow/.local/lib/python3.12/site-packages/airflow/example_dags/tutorial_dag.py for tasks to queue
[2025-10-05T23:16:41.741+0000] {logging_mixin.py:190} INFO - [2025-10-05T23:16:41.740+0000] {dagbag.py:588} INFO - Filling up the DagBag from /home/airflow/.local/lib/python3.12/site-packages/airflow/example_dags/tutorial_dag.py
[2025-10-05T23:16:41.753+0000] {processor.py:925} INFO - DAG(s) 'tutorial_dag' retrieved from /home/airflow/.local/lib/python3.12/site-packages/airflow/example_dags/tutorial_dag.py
[2025-10-05T23:16:41.787+0000] {logging_mixin.py:190} INFO - [2025-10-05T23:16:41.787+0000] {dag.py:3239} INFO - Sync 1 DAGs
[2025-10-05T23:16:41.810+0000] {logging_mixin.py:190} INFO - [2025-10-05T23:16:41.810+0000] {dag.py:4180} INFO - Setting next_dagrun for tutorial_dag to None, run_after=None
[2025-10-05T23:16:41.841+0000] {processor.py:208} INFO - Processing /home/airflow/.local/lib/python3.12/site-packages/airflow/example_dags/tutorial_dag.py took 0.117 seconds
[2025-10-05T23:17:12.672+0000] {processor.py:186} INFO - Started process (PID=826) to work on /home/airflow/.local/lib/python3.12/site-packages/airflow/example_dags/tutorial_dag.py
[2025-10-05T23:17:12.674+0000] {processor.py:914} INFO - Processing file /home/airflow/.local/lib/python3.12/site-packages/airflow/example_dags/tutorial_dag.py for tasks to queue
[2025-10-05T23:17:12.678+0000] {logging_mixin.py:190} INFO - [2025-10-05T23:17:12.677+0000] {dagbag.py:588} INFO - Filling up the DagBag from /home/airflow/.local/lib/python3.12/site-packages/airflow/example_dags/tutorial_dag.py
[2025-10-05T23:17:12.692+0000] {processor.py:925} INFO - DAG(s) 'tutorial_dag' retrieved from /home/airflow/.local/lib/python3.12/site-packages/airflow/example_dags/tutorial_dag.py
[2025-10-05T23:17:12.737+0000] {logging_mixin.py:190} INFO - [2025-10-05T23:17:12.736+0000] {dag.py:3239} INFO - Sync 1 DAGs
[2025-10-05T23:17:12.756+0000] {logging_mixin.py:190} INFO - [2025-10-05T23:17:12.756+0000] {dag.py:4180} INFO - Setting next_dagrun for tutorial_dag to None, run_after=None
[2025-10-05T23:17:12.783+0000] {processor.py:208} INFO - Processing /home/airflow/.local/lib/python3.12/site-packages/airflow/example_dags/tutorial_dag.py took 0.120 seconds
[2025-10-05T23:17:43.982+0000] {processor.py:186} INFO - Started process (PID=891) to work on /home/airflow/.local/lib/python3.12/site-packages/airflow/example_dags/tutorial_dag.py
[2025-10-05T23:17:43.984+0000] {processor.py:914} INFO - Processing file /home/airflow/.local/lib/python3.12/site-packages/airflow/example_dags/tutorial_dag.py for tasks to queue
[2025-10-05T23:17:43.987+0000] {logging_mixin.py:190} INFO - [2025-10-05T23:17:43.986+0000] {dagbag.py:588} INFO - Filling up the DagBag from /home/airflow/.local/lib/python3.12/site-packages/airflow/example_dags/tutorial_dag.py
[2025-10-05T23:17:43.998+0000] {processor.py:925} INFO - DAG(s) 'tutorial_dag' retrieved from /home/airflow/.local/lib/python3.12/site-packages/airflow/example_dags/tutorial_dag.py
[2025-10-05T23:17:44.027+0000] {logging_mixin.py:190} INFO - [2025-10-05T23:17:44.026+0000] {dag.py:3239} INFO - Sync 1 DAGs
[2025-10-05T23:17:44.050+0000] {logging_mixin.py:190} INFO - [2025-10-05T23:17:44.049+0000] {dag.py:4180} INFO - Setting next_dagrun for tutorial_dag to None, run_after=None
[2025-10-05T23:17:44.080+0000] {processor.py:208} INFO - Processing /home/airflow/.local/lib/python3.12/site-packages/airflow/example_dags/tutorial_dag.py took 0.105 seconds
[2025-10-05T23:18:14.598+0000] {processor.py:186} INFO - Started process (PID=954) to work on /home/airflow/.local/lib/python3.12/site-packages/airflow/example_dags/tutorial_dag.py
[2025-10-05T23:18:14.599+0000] {processor.py:914} INFO - Processing file /home/airflow/.local/lib/python3.12/site-packages/airflow/example_dags/tutorial_dag.py for tasks to queue
[2025-10-05T23:18:14.604+0000] {logging_mixin.py:190} INFO - [2025-10-05T23:18:14.603+0000] {dagbag.py:588} INFO - Filling up the DagBag from /home/airflow/.local/lib/python3.12/site-packages/airflow/example_dags/tutorial_dag.py
[2025-10-05T23:18:14.613+0000] {processor.py:925} INFO - DAG(s) 'tutorial_dag' retrieved from /home/airflow/.local/lib/python3.12/site-packages/airflow/example_dags/tutorial_dag.py
[2025-10-05T23:18:14.640+0000] {logging_mixin.py:190} INFO - [2025-10-05T23:18:14.640+0000] {dag.py:3239} INFO - Sync 1 DAGs
[2025-10-05T23:18:14.659+0000] {logging_mixin.py:190} INFO - [2025-10-05T23:18:14.659+0000] {dag.py:4180} INFO - Setting next_dagrun for tutorial_dag to None, run_after=None
[2025-10-05T23:18:14.683+0000] {processor.py:208} INFO - Processing /home/airflow/.local/lib/python3.12/site-packages/airflow/example_dags/tutorial_dag.py took 0.092 seconds
[2025-10-05T23:18:45.642+0000] {processor.py:186} INFO - Started process (PID=1017) to work on /home/airflow/.local/lib/python3.12/site-packages/airflow/example_dags/tutorial_dag.py
[2025-10-05T23:18:45.643+0000] {processor.py:914} INFO - Processing file /home/airflow/.local/lib/python3.12/site-packages/airflow/example_dags/tutorial_dag.py for tasks to queue
[2025-10-05T23:18:45.646+0000] {logging_mixin.py:190} INFO - [2025-10-05T23:18:45.646+0000] {dagbag.py:588} INFO - Filling up the DagBag from /home/airflow/.local/lib/python3.12/site-packages/airflow/example_dags/tutorial_dag.py
[2025-10-05T23:18:45.656+0000] {processor.py:925} INFO - DAG(s) 'tutorial_dag' retrieved from /home/airflow/.local/lib/python3.12/site-packages/airflow/example_dags/tutorial_dag.py
[2025-10-05T23:18:45.682+0000] {logging_mixin.py:190} INFO - [2025-10-05T23:18:45.682+0000] {dag.py:3239} INFO - Sync 1 DAGs
[2025-10-05T23:18:45.703+0000] {logging_mixin.py:190} INFO - [2025-10-05T23:18:45.703+0000] {dag.py:4180} INFO - Setting next_dagrun for tutorial_dag to None, run_after=None
[2025-10-05T23:18:45.730+0000] {processor.py:208} INFO - Processing /home/airflow/.local/lib/python3.12/site-packages/airflow/example_dags/tutorial_dag.py took 0.095 seconds
[2025-10-05T23:19:16.841+0000] {processor.py:186} INFO - Started process (PID=1080) to work on /home/airflow/.local/lib/python3.12/site-packages/airflow/example_dags/tutorial_dag.py
[2025-10-05T23:19:16.843+0000] {processor.py:914} INFO - Processing file /home/airflow/.local/lib/python3.12/site-packages/airflow/example_dags/tutorial_dag.py for tasks to queue
[2025-10-05T23:19:16.847+0000] {logging_mixin.py:190} INFO - [2025-10-05T23:19:16.847+0000] {dagbag.py:588} INFO - Filling up the DagBag from /home/airflow/.local/lib/python3.12/site-packages/airflow/example_dags/tutorial_dag.py
[2025-10-05T23:19:16.857+0000] {processor.py:925} INFO - DAG(s) 'tutorial_dag' retrieved from /home/airflow/.local/lib/python3.12/site-packages/airflow/example_dags/tutorial_dag.py
[2025-10-05T23:19:16.895+0000] {logging_mixin.py:190} INFO - [2025-10-05T23:19:16.895+0000] {dag.py:3239} INFO - Sync 1 DAGs
[2025-10-05T23:19:16.918+0000] {logging_mixin.py:190} INFO - [2025-10-05T23:19:16.918+0000] {dag.py:4180} INFO - Setting next_dagrun for tutorial_dag to None, run_after=None
[2025-10-05T23:19:16.958+0000] {processor.py:208} INFO - Processing /home/airflow/.local/lib/python3.12/site-packages/airflow/example_dags/tutorial_dag.py took 0.127 seconds
[2025-10-05T23:20:08.688+0000] {processor.py:186} INFO - Started process (PID=1152) to work on /home/airflow/.local/lib/python3.12/site-packages/airflow/example_dags/tutorial_dag.py
[2025-10-05T23:20:08.690+0000] {processor.py:914} INFO - Processing file /home/airflow/.local/lib/python3.12/site-packages/airflow/example_dags/tutorial_dag.py for tasks to queue
[2025-10-05T23:20:08.695+0000] {logging_mixin.py:190} INFO - [2025-10-05T23:20:08.694+0000] {dagbag.py:588} INFO - Filling up the DagBag from /home/airflow/.local/lib/python3.12/site-packages/airflow/example_dags/tutorial_dag.py
[2025-10-05T23:20:08.709+0000] {processor.py:925} INFO - DAG(s) 'tutorial_dag' retrieved from /home/airflow/.local/lib/python3.12/site-packages/airflow/example_dags/tutorial_dag.py
[2025-10-05T23:20:08.741+0000] {logging_mixin.py:190} INFO - [2025-10-05T23:20:08.741+0000] {dag.py:3239} INFO - Sync 1 DAGs
[2025-10-05T23:20:08.767+0000] {logging_mixin.py:190} INFO - [2025-10-05T23:20:08.767+0000] {dag.py:4180} INFO - Setting next_dagrun for tutorial_dag to None, run_after=None
[2025-10-05T23:20:08.800+0000] {processor.py:208} INFO - Processing /home/airflow/.local/lib/python3.12/site-packages/airflow/example_dags/tutorial_dag.py took 0.121 seconds
[2025-10-05T23:20:39.253+0000] {processor.py:186} INFO - Started process (PID=1215) to work on /home/airflow/.local/lib/python3.12/site-packages/airflow/example_dags/tutorial_dag.py
[2025-10-05T23:20:39.255+0000] {processor.py:914} INFO - Processing file /home/airflow/.local/lib/python3.12/site-packages/airflow/example_dags/tutorial_dag.py for tasks to queue
[2025-10-05T23:20:39.259+0000] {logging_mixin.py:190} INFO - [2025-10-05T23:20:39.259+0000] {dagbag.py:588} INFO - Filling up the DagBag from /home/airflow/.local/lib/python3.12/site-packages/airflow/example_dags/tutorial_dag.py
[2025-10-05T23:20:39.273+0000] {processor.py:925} INFO - DAG(s) 'tutorial_dag' retrieved from /home/airflow/.local/lib/python3.12/site-packages/airflow/example_dags/tutorial_dag.py
[2025-10-05T23:20:39.307+0000] {logging_mixin.py:190} INFO - [2025-10-05T23:20:39.306+0000] {dag.py:3239} INFO - Sync 1 DAGs
[2025-10-05T23:20:39.336+0000] {logging_mixin.py:190} INFO - [2025-10-05T23:20:39.336+0000] {dag.py:4180} INFO - Setting next_dagrun for tutorial_dag to None, run_after=None
[2025-10-05T23:20:39.373+0000] {processor.py:208} INFO - Processing /home/airflow/.local/lib/python3.12/site-packages/airflow/example_dags/tutorial_dag.py took 0.132 seconds
[2025-10-05T23:21:20.258+0000] {processor.py:186} INFO - Started process (PID=1273) to work on /home/airflow/.local/lib/python3.12/site-packages/airflow/example_dags/tutorial_dag.py
[2025-10-05T23:21:20.260+0000] {processor.py:914} INFO - Processing file /home/airflow/.local/lib/python3.12/site-packages/airflow/example_dags/tutorial_dag.py for tasks to queue
[2025-10-05T23:21:20.264+0000] {logging_mixin.py:190} INFO - [2025-10-05T23:21:20.263+0000] {dagbag.py:588} INFO - Filling up the DagBag from /home/airflow/.local/lib/python3.12/site-packages/airflow/example_dags/tutorial_dag.py
[2025-10-05T23:21:20.277+0000] {processor.py:925} INFO - DAG(s) 'tutorial_dag' retrieved from /home/airflow/.local/lib/python3.12/site-packages/airflow/example_dags/tutorial_dag.py
[2025-10-05T23:21:20.304+0000] {logging_mixin.py:190} INFO - [2025-10-05T23:21:20.304+0000] {dag.py:3239} INFO - Sync 1 DAGs
[2025-10-05T23:21:20.324+0000] {logging_mixin.py:190} INFO - [2025-10-05T23:21:20.323+0000] {dag.py:4180} INFO - Setting next_dagrun for tutorial_dag to None, run_after=None
[2025-10-05T23:21:20.356+0000] {processor.py:208} INFO - Processing /home/airflow/.local/lib/python3.12/site-packages/airflow/example_dags/tutorial_dag.py took 0.109 seconds
[2025-10-05T23:26:46.906+0000] {processor.py:186} INFO - Started process (PID=1367) to work on /home/airflow/.local/lib/python3.12/site-packages/airflow/example_dags/tutorial_dag.py
[2025-10-05T23:26:46.909+0000] {processor.py:914} INFO - Processing file /home/airflow/.local/lib/python3.12/site-packages/airflow/example_dags/tutorial_dag.py for tasks to queue
[2025-10-05T23:26:46.912+0000] {logging_mixin.py:190} INFO - [2025-10-05T23:26:46.911+0000] {dagbag.py:588} INFO - Filling up the DagBag from /home/airflow/.local/lib/python3.12/site-packages/airflow/example_dags/tutorial_dag.py
[2025-10-05T23:26:46.928+0000] {processor.py:925} INFO - DAG(s) 'tutorial_dag' retrieved from /home/airflow/.local/lib/python3.12/site-packages/airflow/example_dags/tutorial_dag.py
[2025-10-05T23:26:46.988+0000] {logging_mixin.py:190} INFO - [2025-10-05T23:26:46.987+0000] {dag.py:3239} INFO - Sync 1 DAGs
[2025-10-05T23:26:47.017+0000] {logging_mixin.py:190} INFO - [2025-10-05T23:26:47.016+0000] {dag.py:4180} INFO - Setting next_dagrun for tutorial_dag to None, run_after=None
[2025-10-05T23:26:47.058+0000] {processor.py:208} INFO - Processing /home/airflow/.local/lib/python3.12/site-packages/airflow/example_dags/tutorial_dag.py took 0.167 seconds
