[2025-10-09T11:06:07.471+0000] {local_task_job_runner.py:123} INFO - ::group::Pre task execution logs
[2025-10-09T11:06:07.494+0000] {taskinstance.py:2612} INFO - Dependencies all met for dep_context=non-requeueable deps ti=<TaskInstance: weather_pipeline.get_data scheduled__2025-10-09T06:00:00+00:00 [queued]>
[2025-10-09T11:06:07.512+0000] {taskinstance.py:2612} INFO - Dependencies all met for dep_context=requeueable deps ti=<TaskInstance: weather_pipeline.get_data scheduled__2025-10-09T06:00:00+00:00 [queued]>
[2025-10-09T11:06:07.513+0000] {taskinstance.py:2865} INFO - Starting attempt 1 of 2
[2025-10-09T11:06:07.535+0000] {taskinstance.py:2888} INFO - Executing <Task(PythonOperator): get_data> on 2025-10-09 06:00:00+00:00
[2025-10-09T11:06:07.557+0000] {standard_task_runner.py:104} INFO - Running: ['***', 'tasks', 'run', 'weather_pipeline', 'get_data', 'scheduled__2025-10-09T06:00:00+00:00', '--job-id', '300', '--raw', '--subdir', 'DAGS_FOLDER/Weather.py', '--cfg-path', '/tmp/tmp3lxrpe9g']
[2025-10-09T11:06:07.554+0000] {warnings.py:112} WARNING - /home/***/.local/lib/python3.12/site-packages/***/task/task_runner/standard_task_runner.py:70: DeprecationWarning: This process (pid=95) is multi-threaded, use of fork() may lead to deadlocks in the child.
  pid = os.fork()

[2025-10-09T11:06:07.559+0000] {standard_task_runner.py:105} INFO - Job 300: Subtask get_data
[2025-10-09T11:06:07.559+0000] {standard_task_runner.py:72} INFO - Started process 97 to run task
[2025-10-09T11:06:07.665+0000] {task_command.py:467} INFO - Running <TaskInstance: weather_pipeline.get_data scheduled__2025-10-09T06:00:00+00:00 [running]> on host afef8cd523eb
[2025-10-09T11:06:07.762+0000] {taskinstance.py:3131} INFO - Exporting env vars: AIRFLOW_CTX_DAG_OWNER='omar' AIRFLOW_CTX_DAG_ID='weather_pipeline' AIRFLOW_CTX_TASK_ID='get_data' AIRFLOW_CTX_EXECUTION_DATE='2025-10-09T06:00:00+00:00' AIRFLOW_CTX_TRY_NUMBER='1' AIRFLOW_CTX_DAG_RUN_ID='scheduled__2025-10-09T06:00:00+00:00'
[2025-10-09T11:06:07.763+0000] {logging_mixin.py:190} INFO - Task instance is in running state
[2025-10-09T11:06:07.764+0000] {logging_mixin.py:190} INFO -  Previous state of the Task instance: queued
[2025-10-09T11:06:07.764+0000] {logging_mixin.py:190} INFO - Current task name:get_data state:running start_date:2025-10-09 11:06:07.495475+00:00
[2025-10-09T11:06:07.765+0000] {logging_mixin.py:190} INFO - Dag name:weather_pipeline and current dag run status:running
[2025-10-09T11:06:07.765+0000] {taskinstance.py:731} INFO - ::endgroup::
[2025-10-09T11:06:08.273+0000] {taskinstance.py:3310} ERROR - Task failed with exception
Traceback (most recent call last):
  File "/home/airflow/.local/lib/python3.12/site-packages/airflow/models/taskinstance.py", line 767, in _execute_task
    result = _execute_callable(context=context, **execute_callable_kwargs)
             ^^^^^^^^^^^^^^^^^^^^^^^^^^^^^^^^^^^^^^^^^^^^^^^^^^^^^^^^^^^^^
  File "/home/airflow/.local/lib/python3.12/site-packages/airflow/models/taskinstance.py", line 733, in _execute_callable
    return ExecutionCallableRunner(
           ^^^^^^^^^^^^^^^^^^^^^^^^
  File "/home/airflow/.local/lib/python3.12/site-packages/airflow/utils/operator_helpers.py", line 252, in run
    return self.func(*args, **kwargs)
           ^^^^^^^^^^^^^^^^^^^^^^^^^^
  File "/home/airflow/.local/lib/python3.12/site-packages/airflow/models/baseoperator.py", line 406, in wrapper
    return func(self, *args, **kwargs)
           ^^^^^^^^^^^^^^^^^^^^^^^^^^^
  File "/home/airflow/.local/lib/python3.12/site-packages/airflow/operators/python.py", line 238, in execute
    return_value = self.execute_callable()
                   ^^^^^^^^^^^^^^^^^^^^^^^
  File "/home/airflow/.local/lib/python3.12/site-packages/airflow/operators/python.py", line 256, in execute_callable
    return runner.run(*self.op_args, **self.op_kwargs)
           ^^^^^^^^^^^^^^^^^^^^^^^^^^^^^^^^^^^^^^^^^^^
  File "/home/airflow/.local/lib/python3.12/site-packages/airflow/utils/operator_helpers.py", line 252, in run
    return self.func(*args, **kwargs)
           ^^^^^^^^^^^^^^^^^^^^^^^^^^
  File "/opt/airflow/dags/Weather.py", line 242, in get_data
    insert_FactWeatherObservation(fact_data, conn, cursor)
  File "/opt/airflow/dags/Weather.py", line 199, in insert_FactWeatherObservation
    cursor.execute("""
pyodbc.ProgrammingError: ('42000', "[42000] [Microsoft][ODBC Driver 18 for SQL Server][SQL Server]Incorrect syntax near ')'. (102) (SQLExecDirectW)")
[2025-10-09T11:06:08.294+0000] {logging_mixin.py:190} INFO - Task instance in failure state
[2025-10-09T11:06:08.295+0000] {logging_mixin.py:190} INFO - Task start:2025-10-09 11:06:07.495475+00:00 end:2025-10-09 11:06:08.293826+00:00 duration:0.798351
[2025-10-09T11:06:08.295+0000] {logging_mixin.py:190} INFO - Task:<Task(PythonOperator): get_data> dag:<DAG: weather_pipeline> dagrun:<DagRun weather_pipeline @ 2025-10-09 06:00:00+00:00: scheduled__2025-10-09T06:00:00+00:00, state:running, queued_at: 2025-10-09 11:06:02.013323+00:00. externally triggered: False>
[2025-10-09T11:06:08.296+0000] {logging_mixin.py:190} INFO - Failure caused by ('42000', "[42000] [Microsoft][ODBC Driver 18 for SQL Server][SQL Server]Incorrect syntax near ')'. (102) (SQLExecDirectW)")
[2025-10-09T11:06:08.297+0000] {taskinstance.py:1225} INFO - Marking task as UP_FOR_RETRY. dag_id=weather_pipeline, task_id=get_data, run_id=scheduled__2025-10-09T06:00:00+00:00, execution_date=20251009T060000, start_date=20251009T110607, end_date=20251009T110608
[2025-10-09T11:06:08.320+0000] {taskinstance.py:340} INFO - ::group::Post task execution logs
[2025-10-09T11:06:08.321+0000] {standard_task_runner.py:124} ERROR - Failed to execute job 300 for task get_data (('42000', "[42000] [Microsoft][ODBC Driver 18 for SQL Server][SQL Server]Incorrect syntax near ')'. (102) (SQLExecDirectW)"); 97)
Traceback (most recent call last):
  File "/home/airflow/.local/lib/python3.12/site-packages/airflow/task/task_runner/standard_task_runner.py", line 117, in _start_by_fork
    ret = args.func(args, dag=self.dag)
          ^^^^^^^^^^^^^^^^^^^^^^^^^^^^^
  File "/home/airflow/.local/lib/python3.12/site-packages/airflow/cli/cli_config.py", line 49, in command
    return func(*args, **kwargs)
           ^^^^^^^^^^^^^^^^^^^^^
  File "/home/airflow/.local/lib/python3.12/site-packages/airflow/utils/cli.py", line 115, in wrapper
    return f(*args, **kwargs)
           ^^^^^^^^^^^^^^^^^^
  File "/home/airflow/.local/lib/python3.12/site-packages/airflow/cli/commands/task_command.py", line 483, in task_run
    task_return_code = _run_task_by_selected_method(args, _dag, ti)
                       ^^^^^^^^^^^^^^^^^^^^^^^^^^^^^^^^^^^^^^^^^^^^
  File "/home/airflow/.local/lib/python3.12/site-packages/airflow/cli/commands/task_command.py", line 256, in _run_task_by_selected_method
    return _run_raw_task(args, ti)
           ^^^^^^^^^^^^^^^^^^^^^^^
  File "/home/airflow/.local/lib/python3.12/site-packages/airflow/cli/commands/task_command.py", line 341, in _run_raw_task
    return ti._run_raw_task(
           ^^^^^^^^^^^^^^^^^
  File "/home/airflow/.local/lib/python3.12/site-packages/airflow/utils/session.py", line 97, in wrapper
    return func(*args, session=session, **kwargs)
           ^^^^^^^^^^^^^^^^^^^^^^^^^^^^^^^^^^^^^^
  File "/home/airflow/.local/lib/python3.12/site-packages/airflow/models/taskinstance.py", line 3004, in _run_raw_task
    return _run_raw_task(
           ^^^^^^^^^^^^^^
  File "/home/airflow/.local/lib/python3.12/site-packages/airflow/models/taskinstance.py", line 273, in _run_raw_task
    TaskInstance._execute_task_with_callbacks(
  File "/home/airflow/.local/lib/python3.12/site-packages/airflow/models/taskinstance.py", line 3158, in _execute_task_with_callbacks
    result = self._execute_task(context, task_orig)
             ^^^^^^^^^^^^^^^^^^^^^^^^^^^^^^^^^^^^^^
  File "/home/airflow/.local/lib/python3.12/site-packages/airflow/models/taskinstance.py", line 3182, in _execute_task
    return _execute_task(self, context, task_orig)
           ^^^^^^^^^^^^^^^^^^^^^^^^^^^^^^^^^^^^^^^
  File "/home/airflow/.local/lib/python3.12/site-packages/airflow/models/taskinstance.py", line 767, in _execute_task
    result = _execute_callable(context=context, **execute_callable_kwargs)
             ^^^^^^^^^^^^^^^^^^^^^^^^^^^^^^^^^^^^^^^^^^^^^^^^^^^^^^^^^^^^^
  File "/home/airflow/.local/lib/python3.12/site-packages/airflow/models/taskinstance.py", line 733, in _execute_callable
    return ExecutionCallableRunner(
           ^^^^^^^^^^^^^^^^^^^^^^^^
  File "/home/airflow/.local/lib/python3.12/site-packages/airflow/utils/operator_helpers.py", line 252, in run
    return self.func(*args, **kwargs)
           ^^^^^^^^^^^^^^^^^^^^^^^^^^
  File "/home/airflow/.local/lib/python3.12/site-packages/airflow/models/baseoperator.py", line 406, in wrapper
    return func(self, *args, **kwargs)
           ^^^^^^^^^^^^^^^^^^^^^^^^^^^
  File "/home/airflow/.local/lib/python3.12/site-packages/airflow/operators/python.py", line 238, in execute
    return_value = self.execute_callable()
                   ^^^^^^^^^^^^^^^^^^^^^^^
  File "/home/airflow/.local/lib/python3.12/site-packages/airflow/operators/python.py", line 256, in execute_callable
    return runner.run(*self.op_args, **self.op_kwargs)
           ^^^^^^^^^^^^^^^^^^^^^^^^^^^^^^^^^^^^^^^^^^^
  File "/home/airflow/.local/lib/python3.12/site-packages/airflow/utils/operator_helpers.py", line 252, in run
    return self.func(*args, **kwargs)
           ^^^^^^^^^^^^^^^^^^^^^^^^^^
  File "/opt/airflow/dags/Weather.py", line 242, in get_data
    insert_FactWeatherObservation(fact_data, conn, cursor)
  File "/opt/airflow/dags/Weather.py", line 199, in insert_FactWeatherObservation
    cursor.execute("""
pyodbc.ProgrammingError: ('42000', "[42000] [Microsoft][ODBC Driver 18 for SQL Server][SQL Server]Incorrect syntax near ')'. (102) (SQLExecDirectW)")
[2025-10-09T11:06:08.381+0000] {local_task_job_runner.py:266} INFO - Task exited with return code 1
[2025-10-09T11:06:08.403+0000] {taskinstance.py:3900} INFO - 0 downstream tasks scheduled from follow-on schedule check
[2025-10-09T11:06:08.406+0000] {local_task_job_runner.py:245} INFO - ::endgroup::
