[2025-10-05T23:10:27.190+0000] {processor.py:186} INFO - Started process (PID=74) to work on /opt/airflow/dags/Weather.py
[2025-10-05T23:10:27.199+0000] {processor.py:914} INFO - Processing file /opt/airflow/dags/Weather.py for tasks to queue
[2025-10-05T23:10:27.228+0000] {logging_mixin.py:190} INFO - [2025-10-05T23:10:27.225+0000] {dagbag.py:588} INFO - Filling up the DagBag from /opt/airflow/dags/Weather.py
[2025-10-05T23:10:27.602+0000] {processor.py:925} INFO - DAG(s) 'weather_pipeline' retrieved from /opt/airflow/dags/Weather.py
[2025-10-05T23:10:29.219+0000] {logging_mixin.py:190} INFO - [2025-10-05T23:10:29.216+0000] {override.py:1900} INFO - Created Permission View: can edit on DAG:weather_pipeline
[2025-10-05T23:10:29.269+0000] {logging_mixin.py:190} INFO - [2025-10-05T23:10:29.267+0000] {override.py:1900} INFO - Created Permission View: can delete on DAG:weather_pipeline
[2025-10-05T23:10:29.301+0000] {logging_mixin.py:190} INFO - [2025-10-05T23:10:29.299+0000] {override.py:1900} INFO - Created Permission View: can read on DAG:weather_pipeline
[2025-10-05T23:10:29.326+0000] {logging_mixin.py:190} INFO - [2025-10-05T23:10:29.325+0000] {override.py:1900} INFO - Created Permission View: can create on DAG Run:weather_pipeline
[2025-10-05T23:10:29.344+0000] {logging_mixin.py:190} INFO - [2025-10-05T23:10:29.343+0000] {override.py:1900} INFO - Created Permission View: menu access on DAG Run:weather_pipeline
[2025-10-05T23:10:29.374+0000] {logging_mixin.py:190} INFO - [2025-10-05T23:10:29.372+0000] {override.py:1900} INFO - Created Permission View: can delete on DAG Run:weather_pipeline
[2025-10-05T23:10:29.488+0000] {logging_mixin.py:190} INFO - [2025-10-05T23:10:29.488+0000] {override.py:1900} INFO - Created Permission View: can read on DAG Run:weather_pipeline
[2025-10-05T23:10:29.571+0000] {logging_mixin.py:190} INFO - [2025-10-05T23:10:29.570+0000] {dag.py:3239} INFO - Sync 1 DAGs
[2025-10-05T23:10:29.778+0000] {logging_mixin.py:190} INFO - [2025-10-05T23:10:29.778+0000] {dag.py:3262} INFO - Creating ORM DAG for weather_pipeline
[2025-10-05T23:10:29.920+0000] {logging_mixin.py:190} INFO - [2025-10-05T23:10:29.919+0000] {dag.py:4180} INFO - Setting next_dagrun for weather_pipeline to 2025-10-05 23:06:00+00:00, run_after=2025-10-05 23:09:00+00:00
[2025-10-05T23:10:30.014+0000] {processor.py:208} INFO - Processing /opt/airflow/dags/Weather.py took 2.950 seconds
[2025-10-05T23:11:22.177+0000] {processor.py:186} INFO - Started process (PID=143) to work on /opt/airflow/dags/Weather.py
[2025-10-05T23:11:22.186+0000] {processor.py:914} INFO - Processing file /opt/airflow/dags/Weather.py for tasks to queue
[2025-10-05T23:11:22.195+0000] {logging_mixin.py:190} INFO - [2025-10-05T23:11:22.194+0000] {dagbag.py:588} INFO - Filling up the DagBag from /opt/airflow/dags/Weather.py
[2025-10-05T23:11:22.371+0000] {processor.py:925} INFO - DAG(s) 'weather_pipeline' retrieved from /opt/airflow/dags/Weather.py
[2025-10-05T23:11:22.436+0000] {logging_mixin.py:190} INFO - [2025-10-05T23:11:22.435+0000] {dag.py:3239} INFO - Sync 1 DAGs
[2025-10-05T23:11:22.565+0000] {logging_mixin.py:190} INFO - [2025-10-05T23:11:22.565+0000] {dag.py:4180} INFO - Setting next_dagrun for weather_pipeline to 2025-10-05 23:06:00+00:00, run_after=2025-10-05 23:09:00+00:00
[2025-10-05T23:11:22.613+0000] {processor.py:208} INFO - Processing /opt/airflow/dags/Weather.py took 0.503 seconds
[2025-10-05T23:11:52.735+0000] {processor.py:186} INFO - Started process (PID=205) to work on /opt/airflow/dags/Weather.py
[2025-10-05T23:11:52.737+0000] {processor.py:914} INFO - Processing file /opt/airflow/dags/Weather.py for tasks to queue
[2025-10-05T23:11:52.743+0000] {logging_mixin.py:190} INFO - [2025-10-05T23:11:52.742+0000] {dagbag.py:588} INFO - Filling up the DagBag from /opt/airflow/dags/Weather.py
[2025-10-05T23:11:52.825+0000] {processor.py:925} INFO - DAG(s) 'weather_pipeline' retrieved from /opt/airflow/dags/Weather.py
[2025-10-05T23:11:52.880+0000] {logging_mixin.py:190} INFO - [2025-10-05T23:11:52.879+0000] {dag.py:3239} INFO - Sync 1 DAGs
[2025-10-05T23:11:52.955+0000] {logging_mixin.py:190} INFO - [2025-10-05T23:11:52.955+0000] {dag.py:4180} INFO - Setting next_dagrun for weather_pipeline to 2025-10-05 23:06:00+00:00, run_after=2025-10-05 23:09:00+00:00
[2025-10-05T23:11:53.012+0000] {processor.py:208} INFO - Processing /opt/airflow/dags/Weather.py took 0.292 seconds
[2025-10-05T23:12:23.402+0000] {processor.py:186} INFO - Started process (PID=268) to work on /opt/airflow/dags/Weather.py
[2025-10-05T23:12:23.404+0000] {processor.py:914} INFO - Processing file /opt/airflow/dags/Weather.py for tasks to queue
[2025-10-05T23:12:23.411+0000] {logging_mixin.py:190} INFO - [2025-10-05T23:12:23.410+0000] {dagbag.py:588} INFO - Filling up the DagBag from /opt/airflow/dags/Weather.py
[2025-10-05T23:12:23.529+0000] {processor.py:925} INFO - DAG(s) 'weather_pipeline' retrieved from /opt/airflow/dags/Weather.py
[2025-10-05T23:12:23.664+0000] {logging_mixin.py:190} INFO - [2025-10-05T23:12:23.663+0000] {dag.py:3239} INFO - Sync 1 DAGs
[2025-10-05T23:12:23.815+0000] {logging_mixin.py:190} INFO - [2025-10-05T23:12:23.814+0000] {dag.py:4180} INFO - Setting next_dagrun for weather_pipeline to 2025-10-05 23:09:00+00:00, run_after=2025-10-05 23:12:00+00:00
[2025-10-05T23:12:23.987+0000] {processor.py:208} INFO - Processing /opt/airflow/dags/Weather.py took 0.602 seconds
[2025-10-05T23:12:54.902+0000] {processor.py:186} INFO - Started process (PID=331) to work on /opt/airflow/dags/Weather.py
[2025-10-05T23:12:54.904+0000] {processor.py:914} INFO - Processing file /opt/airflow/dags/Weather.py for tasks to queue
[2025-10-05T23:12:54.908+0000] {logging_mixin.py:190} INFO - [2025-10-05T23:12:54.908+0000] {dagbag.py:588} INFO - Filling up the DagBag from /opt/airflow/dags/Weather.py
[2025-10-05T23:12:54.954+0000] {processor.py:925} INFO - DAG(s) 'weather_pipeline' retrieved from /opt/airflow/dags/Weather.py
[2025-10-05T23:12:54.987+0000] {logging_mixin.py:190} INFO - [2025-10-05T23:12:54.986+0000] {dag.py:3239} INFO - Sync 1 DAGs
[2025-10-05T23:12:55.034+0000] {logging_mixin.py:190} INFO - [2025-10-05T23:12:55.033+0000] {dag.py:4180} INFO - Setting next_dagrun for weather_pipeline to 2025-10-05 23:09:00+00:00, run_after=2025-10-05 23:12:00+00:00
[2025-10-05T23:12:55.079+0000] {processor.py:208} INFO - Processing /opt/airflow/dags/Weather.py took 0.186 seconds
[2025-10-05T23:13:25.188+0000] {processor.py:186} INFO - Started process (PID=395) to work on /opt/airflow/dags/Weather.py
[2025-10-05T23:13:25.190+0000] {processor.py:914} INFO - Processing file /opt/airflow/dags/Weather.py for tasks to queue
[2025-10-05T23:13:25.195+0000] {logging_mixin.py:190} INFO - [2025-10-05T23:13:25.194+0000] {dagbag.py:588} INFO - Filling up the DagBag from /opt/airflow/dags/Weather.py
[2025-10-05T23:13:25.230+0000] {processor.py:925} INFO - DAG(s) 'weather_pipeline' retrieved from /opt/airflow/dags/Weather.py
[2025-10-05T23:13:25.264+0000] {logging_mixin.py:190} INFO - [2025-10-05T23:13:25.263+0000] {dag.py:3239} INFO - Sync 1 DAGs
[2025-10-05T23:13:25.305+0000] {logging_mixin.py:190} INFO - [2025-10-05T23:13:25.305+0000] {dag.py:4180} INFO - Setting next_dagrun for weather_pipeline to 2025-10-05 23:09:00+00:00, run_after=2025-10-05 23:12:00+00:00
[2025-10-05T23:13:25.330+0000] {processor.py:208} INFO - Processing /opt/airflow/dags/Weather.py took 0.150 seconds
[2025-10-05T23:13:56.035+0000] {processor.py:186} INFO - Started process (PID=458) to work on /opt/airflow/dags/Weather.py
[2025-10-05T23:13:56.036+0000] {processor.py:914} INFO - Processing file /opt/airflow/dags/Weather.py for tasks to queue
[2025-10-05T23:13:56.039+0000] {logging_mixin.py:190} INFO - [2025-10-05T23:13:56.039+0000] {dagbag.py:588} INFO - Filling up the DagBag from /opt/airflow/dags/Weather.py
[2025-10-05T23:13:56.068+0000] {processor.py:925} INFO - DAG(s) 'weather_pipeline' retrieved from /opt/airflow/dags/Weather.py
[2025-10-05T23:13:56.090+0000] {logging_mixin.py:190} INFO - [2025-10-05T23:13:56.090+0000] {dag.py:3239} INFO - Sync 1 DAGs
[2025-10-05T23:13:56.125+0000] {logging_mixin.py:190} INFO - [2025-10-05T23:13:56.124+0000] {dag.py:4180} INFO - Setting next_dagrun for weather_pipeline to 2025-10-05 23:09:00+00:00, run_after=2025-10-05 23:12:00+00:00
[2025-10-05T23:13:56.150+0000] {processor.py:208} INFO - Processing /opt/airflow/dags/Weather.py took 0.124 seconds
[2025-10-05T23:14:26.672+0000] {processor.py:186} INFO - Started process (PID=521) to work on /opt/airflow/dags/Weather.py
[2025-10-05T23:14:26.673+0000] {processor.py:914} INFO - Processing file /opt/airflow/dags/Weather.py for tasks to queue
[2025-10-05T23:14:26.676+0000] {logging_mixin.py:190} INFO - [2025-10-05T23:14:26.676+0000] {dagbag.py:588} INFO - Filling up the DagBag from /opt/airflow/dags/Weather.py
[2025-10-05T23:14:26.703+0000] {processor.py:925} INFO - DAG(s) 'weather_pipeline' retrieved from /opt/airflow/dags/Weather.py
[2025-10-05T23:14:26.724+0000] {logging_mixin.py:190} INFO - [2025-10-05T23:14:26.724+0000] {dag.py:3239} INFO - Sync 1 DAGs
[2025-10-05T23:14:26.752+0000] {logging_mixin.py:190} INFO - [2025-10-05T23:14:26.751+0000] {dag.py:4180} INFO - Setting next_dagrun for weather_pipeline to 2025-10-05 23:09:00+00:00, run_after=2025-10-05 23:12:00+00:00
[2025-10-05T23:14:26.776+0000] {processor.py:208} INFO - Processing /opt/airflow/dags/Weather.py took 0.110 seconds
[2025-10-05T23:15:06.910+0000] {processor.py:186} INFO - Started process (PID=577) to work on /opt/airflow/dags/Weather.py
[2025-10-05T23:15:06.912+0000] {processor.py:914} INFO - Processing file /opt/airflow/dags/Weather.py for tasks to queue
[2025-10-05T23:15:06.915+0000] {logging_mixin.py:190} INFO - [2025-10-05T23:15:06.915+0000] {dagbag.py:588} INFO - Filling up the DagBag from /opt/airflow/dags/Weather.py
[2025-10-05T23:15:08.029+0000] {processor.py:925} INFO - DAG(s) 'weather_pipeline' retrieved from /opt/airflow/dags/Weather.py
[2025-10-05T23:15:08.087+0000] {logging_mixin.py:190} INFO - [2025-10-05T23:15:08.087+0000] {dag.py:3239} INFO - Sync 1 DAGs
[2025-10-05T23:15:08.136+0000] {logging_mixin.py:190} INFO - [2025-10-05T23:15:08.136+0000] {dag.py:4180} INFO - Setting next_dagrun for weather_pipeline to 2025-10-05 23:12:00+00:00, run_after=2025-10-05 23:15:00+00:00
[2025-10-05T23:15:08.179+0000] {processor.py:208} INFO - Processing /opt/airflow/dags/Weather.py took 1.277 seconds
[2025-10-05T23:15:38.277+0000] {processor.py:186} INFO - Started process (PID=640) to work on /opt/airflow/dags/Weather.py
[2025-10-05T23:15:38.278+0000] {processor.py:914} INFO - Processing file /opt/airflow/dags/Weather.py for tasks to queue
[2025-10-05T23:15:38.281+0000] {logging_mixin.py:190} INFO - [2025-10-05T23:15:38.281+0000] {dagbag.py:588} INFO - Filling up the DagBag from /opt/airflow/dags/Weather.py
[2025-10-05T23:15:38.325+0000] {processor.py:925} INFO - DAG(s) 'weather_pipeline' retrieved from /opt/airflow/dags/Weather.py
[2025-10-05T23:15:38.346+0000] {logging_mixin.py:190} INFO - [2025-10-05T23:15:38.345+0000] {dag.py:3239} INFO - Sync 1 DAGs
[2025-10-05T23:15:38.373+0000] {logging_mixin.py:190} INFO - [2025-10-05T23:15:38.372+0000] {dag.py:4180} INFO - Setting next_dagrun for weather_pipeline to 2025-10-05 23:12:00+00:00, run_after=2025-10-05 23:15:00+00:00
[2025-10-05T23:15:38.396+0000] {processor.py:208} INFO - Processing /opt/airflow/dags/Weather.py took 0.125 seconds
[2025-10-05T23:16:09.033+0000] {processor.py:186} INFO - Started process (PID=703) to work on /opt/airflow/dags/Weather.py
[2025-10-05T23:16:09.035+0000] {processor.py:914} INFO - Processing file /opt/airflow/dags/Weather.py for tasks to queue
[2025-10-05T23:16:09.038+0000] {logging_mixin.py:190} INFO - [2025-10-05T23:16:09.037+0000] {dagbag.py:588} INFO - Filling up the DagBag from /opt/airflow/dags/Weather.py
[2025-10-05T23:16:09.086+0000] {processor.py:925} INFO - DAG(s) 'weather_pipeline' retrieved from /opt/airflow/dags/Weather.py
[2025-10-05T23:16:09.127+0000] {logging_mixin.py:190} INFO - [2025-10-05T23:16:09.127+0000] {dag.py:3239} INFO - Sync 1 DAGs
[2025-10-05T23:16:09.176+0000] {logging_mixin.py:190} INFO - [2025-10-05T23:16:09.176+0000] {dag.py:4180} INFO - Setting next_dagrun for weather_pipeline to 2025-10-05 23:12:00+00:00, run_after=2025-10-05 23:15:00+00:00
[2025-10-05T23:16:09.208+0000] {processor.py:208} INFO - Processing /opt/airflow/dags/Weather.py took 0.186 seconds
[2025-10-05T23:16:42.082+0000] {processor.py:186} INFO - Started process (PID=765) to work on /opt/airflow/dags/Weather.py
[2025-10-05T23:16:42.083+0000] {processor.py:914} INFO - Processing file /opt/airflow/dags/Weather.py for tasks to queue
[2025-10-05T23:16:42.088+0000] {logging_mixin.py:190} INFO - [2025-10-05T23:16:42.087+0000] {dagbag.py:588} INFO - Filling up the DagBag from /opt/airflow/dags/Weather.py
[2025-10-05T23:16:42.140+0000] {processor.py:925} INFO - DAG(s) 'weather_pipeline' retrieved from /opt/airflow/dags/Weather.py
[2025-10-05T23:16:42.172+0000] {logging_mixin.py:190} INFO - [2025-10-05T23:16:42.171+0000] {dag.py:3239} INFO - Sync 1 DAGs
[2025-10-05T23:16:42.211+0000] {logging_mixin.py:190} INFO - [2025-10-05T23:16:42.211+0000] {dag.py:4180} INFO - Setting next_dagrun for weather_pipeline to 2025-10-05 23:15:00+00:00, run_after=2025-10-05 23:18:00+00:00
[2025-10-05T23:16:42.240+0000] {processor.py:208} INFO - Processing /opt/airflow/dags/Weather.py took 0.170 seconds
[2025-10-05T23:17:12.840+0000] {processor.py:186} INFO - Started process (PID=827) to work on /opt/airflow/dags/Weather.py
[2025-10-05T23:17:12.842+0000] {processor.py:914} INFO - Processing file /opt/airflow/dags/Weather.py for tasks to queue
[2025-10-05T23:17:12.845+0000] {logging_mixin.py:190} INFO - [2025-10-05T23:17:12.844+0000] {dagbag.py:588} INFO - Filling up the DagBag from /opt/airflow/dags/Weather.py
[2025-10-05T23:17:12.907+0000] {processor.py:925} INFO - DAG(s) 'weather_pipeline' retrieved from /opt/airflow/dags/Weather.py
[2025-10-05T23:17:12.957+0000] {logging_mixin.py:190} INFO - [2025-10-05T23:17:12.955+0000] {dag.py:3239} INFO - Sync 1 DAGs
[2025-10-05T23:17:13.128+0000] {logging_mixin.py:190} INFO - [2025-10-05T23:17:13.121+0000] {dag.py:4180} INFO - Setting next_dagrun for weather_pipeline to 2025-10-05 23:15:00+00:00, run_after=2025-10-05 23:18:00+00:00
[2025-10-05T23:17:13.199+0000] {processor.py:208} INFO - Processing /opt/airflow/dags/Weather.py took 0.366 seconds
[2025-10-05T23:17:43.816+0000] {processor.py:186} INFO - Started process (PID=889) to work on /opt/airflow/dags/Weather.py
[2025-10-05T23:17:43.817+0000] {processor.py:914} INFO - Processing file /opt/airflow/dags/Weather.py for tasks to queue
[2025-10-05T23:17:43.820+0000] {logging_mixin.py:190} INFO - [2025-10-05T23:17:43.820+0000] {dagbag.py:588} INFO - Filling up the DagBag from /opt/airflow/dags/Weather.py
[2025-10-05T23:17:43.862+0000] {processor.py:925} INFO - DAG(s) 'weather_pipeline' retrieved from /opt/airflow/dags/Weather.py
[2025-10-05T23:17:43.884+0000] {logging_mixin.py:190} INFO - [2025-10-05T23:17:43.884+0000] {dag.py:3239} INFO - Sync 1 DAGs
[2025-10-05T23:17:43.915+0000] {logging_mixin.py:190} INFO - [2025-10-05T23:17:43.915+0000] {dag.py:4180} INFO - Setting next_dagrun for weather_pipeline to 2025-10-05 23:15:00+00:00, run_after=2025-10-05 23:18:00+00:00
[2025-10-05T23:17:43.941+0000] {processor.py:208} INFO - Processing /opt/airflow/dags/Weather.py took 0.133 seconds
[2025-10-05T23:18:14.407+0000] {processor.py:186} INFO - Started process (PID=952) to work on /opt/airflow/dags/Weather.py
[2025-10-05T23:18:14.410+0000] {processor.py:914} INFO - Processing file /opt/airflow/dags/Weather.py for tasks to queue
[2025-10-05T23:18:14.413+0000] {logging_mixin.py:190} INFO - [2025-10-05T23:18:14.413+0000] {dagbag.py:588} INFO - Filling up the DagBag from /opt/airflow/dags/Weather.py
[2025-10-05T23:18:14.456+0000] {processor.py:925} INFO - DAG(s) 'weather_pipeline' retrieved from /opt/airflow/dags/Weather.py
[2025-10-05T23:18:14.483+0000] {logging_mixin.py:190} INFO - [2025-10-05T23:18:14.482+0000] {dag.py:3239} INFO - Sync 1 DAGs
[2025-10-05T23:18:14.517+0000] {logging_mixin.py:190} INFO - [2025-10-05T23:18:14.517+0000] {dag.py:4180} INFO - Setting next_dagrun for weather_pipeline to 2025-10-05 23:18:00+00:00, run_after=2025-10-05 23:21:00+00:00
[2025-10-05T23:18:14.547+0000] {processor.py:208} INFO - Processing /opt/airflow/dags/Weather.py took 0.148 seconds
[2025-10-05T23:18:44.841+0000] {processor.py:186} INFO - Started process (PID=1010) to work on /opt/airflow/dags/Weather.py
[2025-10-05T23:18:44.843+0000] {processor.py:914} INFO - Processing file /opt/airflow/dags/Weather.py for tasks to queue
[2025-10-05T23:18:44.846+0000] {logging_mixin.py:190} INFO - [2025-10-05T23:18:44.845+0000] {dagbag.py:588} INFO - Filling up the DagBag from /opt/airflow/dags/Weather.py
[2025-10-05T23:18:44.891+0000] {processor.py:925} INFO - DAG(s) 'weather_pipeline' retrieved from /opt/airflow/dags/Weather.py
[2025-10-05T23:18:44.918+0000] {logging_mixin.py:190} INFO - [2025-10-05T23:18:44.917+0000] {dag.py:3239} INFO - Sync 1 DAGs
[2025-10-05T23:18:44.951+0000] {logging_mixin.py:190} INFO - [2025-10-05T23:18:44.950+0000] {dag.py:4180} INFO - Setting next_dagrun for weather_pipeline to 2025-10-05 23:18:00+00:00, run_after=2025-10-05 23:21:00+00:00
[2025-10-05T23:18:44.975+0000] {processor.py:208} INFO - Processing /opt/airflow/dags/Weather.py took 0.141 seconds
[2025-10-05T23:19:15.536+0000] {processor.py:186} INFO - Started process (PID=1070) to work on /opt/airflow/dags/Weather.py
[2025-10-05T23:19:15.538+0000] {processor.py:914} INFO - Processing file /opt/airflow/dags/Weather.py for tasks to queue
[2025-10-05T23:19:15.541+0000] {logging_mixin.py:190} INFO - [2025-10-05T23:19:15.541+0000] {dagbag.py:588} INFO - Filling up the DagBag from /opt/airflow/dags/Weather.py
[2025-10-05T23:19:15.609+0000] {processor.py:925} INFO - DAG(s) 'weather_pipeline' retrieved from /opt/airflow/dags/Weather.py
[2025-10-05T23:19:15.640+0000] {logging_mixin.py:190} INFO - [2025-10-05T23:19:15.640+0000] {dag.py:3239} INFO - Sync 1 DAGs
[2025-10-05T23:19:15.678+0000] {logging_mixin.py:190} INFO - [2025-10-05T23:19:15.678+0000] {dag.py:4180} INFO - Setting next_dagrun for weather_pipeline to 2025-10-05 23:18:00+00:00, run_after=2025-10-05 23:21:00+00:00
[2025-10-05T23:19:15.705+0000] {processor.py:208} INFO - Processing /opt/airflow/dags/Weather.py took 0.178 seconds
[2025-10-05T23:20:05.087+0000] {processor.py:186} INFO - Started process (PID=1119) to work on /opt/airflow/dags/Weather.py
[2025-10-05T23:20:05.089+0000] {processor.py:914} INFO - Processing file /opt/airflow/dags/Weather.py for tasks to queue
[2025-10-05T23:20:05.095+0000] {logging_mixin.py:190} INFO - [2025-10-05T23:20:05.092+0000] {dagbag.py:588} INFO - Filling up the DagBag from /opt/airflow/dags/Weather.py
[2025-10-05T23:20:05.195+0000] {processor.py:925} INFO - DAG(s) 'weather_pipeline' retrieved from /opt/airflow/dags/Weather.py
[2025-10-05T23:20:05.236+0000] {logging_mixin.py:190} INFO - [2025-10-05T23:20:05.235+0000] {dag.py:3239} INFO - Sync 1 DAGs
[2025-10-05T23:20:05.298+0000] {logging_mixin.py:190} INFO - [2025-10-05T23:20:05.298+0000] {dag.py:4180} INFO - Setting next_dagrun for weather_pipeline to 2025-10-05 23:18:00+00:00, run_after=2025-10-05 23:21:00+00:00
[2025-10-05T23:20:05.343+0000] {processor.py:208} INFO - Processing /opt/airflow/dags/Weather.py took 0.271 seconds
[2025-10-05T23:20:35.440+0000] {processor.py:186} INFO - Started process (PID=1182) to work on /opt/airflow/dags/Weather.py
[2025-10-05T23:20:35.441+0000] {processor.py:914} INFO - Processing file /opt/airflow/dags/Weather.py for tasks to queue
[2025-10-05T23:20:35.444+0000] {logging_mixin.py:190} INFO - [2025-10-05T23:20:35.444+0000] {dagbag.py:588} INFO - Filling up the DagBag from /opt/airflow/dags/Weather.py
[2025-10-05T23:20:35.478+0000] {processor.py:925} INFO - DAG(s) 'weather_pipeline' retrieved from /opt/airflow/dags/Weather.py
[2025-10-05T23:20:35.498+0000] {logging_mixin.py:190} INFO - [2025-10-05T23:20:35.498+0000] {dag.py:3239} INFO - Sync 1 DAGs
[2025-10-05T23:20:35.526+0000] {logging_mixin.py:190} INFO - [2025-10-05T23:20:35.526+0000] {dag.py:4180} INFO - Setting next_dagrun for weather_pipeline to 2025-10-05 23:18:00+00:00, run_after=2025-10-05 23:21:00+00:00
[2025-10-05T23:20:35.551+0000] {processor.py:208} INFO - Processing /opt/airflow/dags/Weather.py took 0.118 seconds
[2025-10-05T23:21:16.400+0000] {processor.py:186} INFO - Started process (PID=1244) to work on /opt/airflow/dags/Weather.py
[2025-10-05T23:21:16.403+0000] {processor.py:914} INFO - Processing file /opt/airflow/dags/Weather.py for tasks to queue
[2025-10-05T23:21:16.414+0000] {logging_mixin.py:190} INFO - [2025-10-05T23:21:16.411+0000] {dagbag.py:588} INFO - Filling up the DagBag from /opt/airflow/dags/Weather.py
[2025-10-05T23:21:16.505+0000] {processor.py:925} INFO - DAG(s) 'weather_pipeline' retrieved from /opt/airflow/dags/Weather.py
[2025-10-05T23:21:16.538+0000] {logging_mixin.py:190} INFO - [2025-10-05T23:21:16.537+0000] {dag.py:3239} INFO - Sync 1 DAGs
[2025-10-05T23:21:16.584+0000] {logging_mixin.py:190} INFO - [2025-10-05T23:21:16.584+0000] {dag.py:4180} INFO - Setting next_dagrun for weather_pipeline to 2025-10-05 23:21:00+00:00, run_after=2025-10-05 23:24:00+00:00
[2025-10-05T23:21:16.621+0000] {processor.py:208} INFO - Processing /opt/airflow/dags/Weather.py took 0.231 seconds
[2025-10-05T23:21:48.104+0000] {processor.py:186} INFO - Started process (PID=1301) to work on /opt/airflow/dags/Weather.py
[2025-10-05T23:21:48.106+0000] {processor.py:914} INFO - Processing file /opt/airflow/dags/Weather.py for tasks to queue
[2025-10-05T23:21:48.107+0000] {logging_mixin.py:190} INFO - [2025-10-05T23:21:48.107+0000] {dagbag.py:588} INFO - Filling up the DagBag from /opt/airflow/dags/Weather.py
[2025-10-05T23:21:48.184+0000] {processor.py:925} INFO - DAG(s) 'weather_pipeline' retrieved from /opt/airflow/dags/Weather.py
[2025-10-05T23:21:48.257+0000] {logging_mixin.py:190} INFO - [2025-10-05T23:21:48.256+0000] {dag.py:3239} INFO - Sync 1 DAGs
[2025-10-05T23:21:48.312+0000] {logging_mixin.py:190} INFO - [2025-10-05T23:21:48.310+0000] {dag.py:4180} INFO - Setting next_dagrun for weather_pipeline to 2025-10-05 23:21:00+00:00, run_after=2025-10-05 23:24:00+00:00
[2025-10-05T23:21:48.351+0000] {processor.py:208} INFO - Processing /opt/airflow/dags/Weather.py took 0.258 seconds
[2025-10-05T23:26:33.735+0000] {processor.py:186} INFO - Started process (PID=1318) to work on /opt/airflow/dags/Weather.py
[2025-10-05T23:26:33.738+0000] {processor.py:914} INFO - Processing file /opt/airflow/dags/Weather.py for tasks to queue
[2025-10-05T23:26:33.742+0000] {logging_mixin.py:190} INFO - [2025-10-05T23:26:33.741+0000] {dagbag.py:588} INFO - Filling up the DagBag from /opt/airflow/dags/Weather.py
[2025-10-05T23:26:33.942+0000] {processor.py:925} INFO - DAG(s) 'weather_pipeline' retrieved from /opt/airflow/dags/Weather.py
[2025-10-05T23:26:34.057+0000] {logging_mixin.py:190} INFO - [2025-10-05T23:26:34.056+0000] {dag.py:3239} INFO - Sync 1 DAGs
[2025-10-05T23:26:34.146+0000] {logging_mixin.py:190} INFO - [2025-10-05T23:26:34.145+0000] {dag.py:4180} INFO - Setting next_dagrun for weather_pipeline to 2025-10-05 23:24:00+00:00, run_after=2025-10-05 23:27:00+00:00
[2025-10-05T23:26:34.195+0000] {processor.py:208} INFO - Processing /opt/airflow/dags/Weather.py took 0.482 seconds
[2025-10-05T23:27:56.457+0000] {processor.py:186} INFO - Started process (PID=1376) to work on /opt/airflow/dags/Weather.py
[2025-10-05T23:27:56.463+0000] {processor.py:914} INFO - Processing file /opt/airflow/dags/Weather.py for tasks to queue
[2025-10-05T23:27:56.471+0000] {logging_mixin.py:190} INFO - [2025-10-05T23:27:56.466+0000] {dagbag.py:588} INFO - Filling up the DagBag from /opt/airflow/dags/Weather.py
[2025-10-05T23:27:56.975+0000] {processor.py:925} INFO - DAG(s) 'weather_pipeline' retrieved from /opt/airflow/dags/Weather.py
[2025-10-05T23:28:09.819+0000] {logging_mixin.py:190} INFO - [2025-10-05T23:28:09.817+0000] {dag.py:3239} INFO - Sync 1 DAGs
[2025-10-05T23:28:09.907+0000] {logging_mixin.py:190} INFO - [2025-10-05T23:28:09.906+0000] {dag.py:4180} INFO - Setting next_dagrun for weather_pipeline to 2025-10-05 23:27:00+00:00, run_after=2025-10-05 23:30:00+00:00
[2025-10-05T23:28:09.972+0000] {processor.py:208} INFO - Processing /opt/airflow/dags/Weather.py took 13.545 seconds
