[2025-10-08T22:33:33.744+0000] {local_task_job_runner.py:123} INFO - ::group::Pre task execution logs
[2025-10-08T22:33:33.836+0000] {taskinstance.py:2612} INFO - Dependencies all met for dep_context=non-requeueable deps ti=<TaskInstance: weather_pipeline.fetch_and_store_weather_data manual__2025-10-08T22:32:59.702038+00:00 [queued]>
[2025-10-08T22:33:33.862+0000] {taskinstance.py:2612} INFO - Dependencies all met for dep_context=requeueable deps ti=<TaskInstance: weather_pipeline.fetch_and_store_weather_data manual__2025-10-08T22:32:59.702038+00:00 [queued]>
[2025-10-08T22:33:33.864+0000] {taskinstance.py:2865} INFO - Starting attempt 1 of 2
[2025-10-08T22:33:33.908+0000] {taskinstance.py:2888} INFO - Executing <Task(PythonOperator): fetch_and_store_weather_data> on 2025-10-08 22:32:59.702038+00:00
[2025-10-08T22:33:33.975+0000] {warnings.py:112} WARNING - /home/***/.local/lib/python3.12/site-packages/***/task/task_runner/standard_task_runner.py:70: DeprecationWarning: This process (pid=1128) is multi-threaded, use of fork() may lead to deadlocks in the child.
  pid = os.fork()

[2025-10-08T22:33:33.998+0000] {standard_task_runner.py:72} INFO - Started process 1137 to run task
[2025-10-08T22:33:33.993+0000] {standard_task_runner.py:104} INFO - Running: ['***', 'tasks', 'run', 'weather_pipeline', 'fetch_and_store_weather_data', 'manual__2025-10-08T22:32:59.702038+00:00', '--job-id', '255', '--raw', '--subdir', 'DAGS_FOLDER/Weather.py', '--cfg-path', '/tmp/tmpa7mv33ot']
[2025-10-08T22:33:34.005+0000] {standard_task_runner.py:105} INFO - Job 255: Subtask fetch_and_store_weather_data
[2025-10-08T22:33:34.169+0000] {task_command.py:467} INFO - Running <TaskInstance: weather_pipeline.fetch_and_store_weather_data manual__2025-10-08T22:32:59.702038+00:00 [running]> on host afef8cd523eb
[2025-10-08T22:33:34.344+0000] {taskinstance.py:3131} INFO - Exporting env vars: AIRFLOW_CTX_DAG_OWNER='omar' AIRFLOW_CTX_DAG_ID='weather_pipeline' AIRFLOW_CTX_TASK_ID='fetch_and_store_weather_data' AIRFLOW_CTX_EXECUTION_DATE='2025-10-08T22:32:59.702038+00:00' AIRFLOW_CTX_TRY_NUMBER='1' AIRFLOW_CTX_DAG_RUN_ID='manual__2025-10-08T22:32:59.702038+00:00'
[2025-10-08T22:33:34.347+0000] {logging_mixin.py:190} INFO - Task instance is in running state
[2025-10-08T22:33:34.348+0000] {logging_mixin.py:190} INFO -  Previous state of the Task instance: queued
[2025-10-08T22:33:34.349+0000] {logging_mixin.py:190} INFO - Current task name:fetch_and_store_weather_data state:running start_date:2025-10-08 22:33:33.837750+00:00
[2025-10-08T22:33:34.350+0000] {logging_mixin.py:190} INFO - Dag name:weather_pipeline and current dag run status:running
[2025-10-08T22:33:34.350+0000] {taskinstance.py:731} INFO - ::endgroup::
[2025-10-08T22:33:39.201+0000] {logging_mixin.py:190} INFO - Inserted OpenWeather data for Cairo
[2025-10-08T22:33:39.226+0000] {logging_mixin.py:190} INFO - Inserted VisualCrossing data for Cairo
[2025-10-08T22:33:41.941+0000] {logging_mixin.py:190} INFO - Inserted OpenWeather data for Alexandria
[2025-10-08T22:33:42.046+0000] {logging_mixin.py:190} INFO - Inserted VisualCrossing data for Alexandria
[2025-10-08T22:33:43.900+0000] {logging_mixin.py:190} INFO - Inserted OpenWeather data for London
[2025-10-08T22:33:43.908+0000] {logging_mixin.py:190} INFO - Inserted VisualCrossing data for London
[2025-10-08T22:33:44.969+0000] {logging_mixin.py:190} INFO - Inserted OpenWeather data for Paris
[2025-10-08T22:33:44.974+0000] {logging_mixin.py:190} INFO - Inserted VisualCrossing data for Paris
[2025-10-08T22:33:46.036+0000] {logging_mixin.py:190} INFO - Inserted OpenWeather data for Berlin
[2025-10-08T22:33:46.042+0000] {logging_mixin.py:190} INFO - Inserted VisualCrossing data for Berlin
[2025-10-08T22:33:47.044+0000] {logging_mixin.py:190} INFO - Inserted OpenWeather data for Tokyo
[2025-10-08T22:33:47.051+0000] {logging_mixin.py:190} INFO - Inserted VisualCrossing data for Tokyo
[2025-10-08T22:33:47.066+0000] {logging_mixin.py:190} INFO - ✅ Weather data from both APIs inserted successfully.
[2025-10-08T22:33:47.068+0000] {python.py:240} INFO - Done. Returned value was: None
[2025-10-08T22:33:47.106+0000] {taskinstance.py:340} INFO - ::group::Post task execution logs
[2025-10-08T22:33:47.108+0000] {taskinstance.py:352} INFO - Marking task as SUCCESS. dag_id=weather_pipeline, task_id=fetch_and_store_weather_data, run_id=manual__2025-10-08T22:32:59.702038+00:00, execution_date=20251008T223259, start_date=20251008T223333, end_date=20251008T223347
[2025-10-08T22:33:47.150+0000] {logging_mixin.py:190} INFO - Task instance in success state
[2025-10-08T22:33:47.152+0000] {logging_mixin.py:190} INFO -  Previous state of the Task instance: running
[2025-10-08T22:33:47.154+0000] {logging_mixin.py:190} INFO - Dag name:weather_pipeline queued_at:2025-10-08 22:33:07.407851+00:00
[2025-10-08T22:33:47.155+0000] {logging_mixin.py:190} INFO - Task hostname:afef8cd523eb operator:PythonOperator
[2025-10-08T22:33:47.229+0000] {local_task_job_runner.py:266} INFO - Task exited with return code 0
[2025-10-08T22:33:47.274+0000] {taskinstance.py:3900} INFO - 0 downstream tasks scheduled from follow-on schedule check
[2025-10-08T22:33:47.281+0000] {local_task_job_runner.py:245} INFO - ::endgroup::
